Compilazione avviata 29/12/2025 22:36:18.
Il livello di dettaglio della registrazione è impostato su: Detailed.     0>Processo = "C:\Program Files\dotnet\dotnet.exe"
       Percorso dell'eseguibile di MSBuild = "C:\Program Files\dotnet\sdk\9.0.305\MSBuild.dll"
       Argomenti della riga di comando = "C:\Program Files\dotnet\sdk\9.0.305\MSBuild.dll -maxcpucount -verbosity:m -tlp:default=auto -nologo -nologo -consoleloggerparameters:Summary -property:TargetFramework=net8.0-android -property:Configuration=Debug /flp:v=d /flp:logfile=build_error.log -distributedlogger:Microsoft.DotNet.Tools.MSBuild.MSBuildLogger,C:\Program Files\dotnet\sdk\9.0.305\dotnet.dll*Microsoft.DotNet.Tools.MSBuild.MSBuildForwardingLogger,C:\Program Files\dotnet\sdk\9.0.305\dotnet.dll"
       Directory corrente = "C:\Users\rober\Documents\MoneyMindApp"
       Versione di MSBuild = "17.14.21+8929ca9e3"
       In base alla chiave del Registro di sistema di Windows LongPathsEnabled, la funzionalità LongPaths è abilitata.
       In base alla chiave del Registro di sistema di Windows VerifiedAndReputablePolicyState, stato SAC = 0: disattivato.
       L'SDK "Microsoft.NET.Sdk" è stato correttamente risolto dal resolver "DefaultSdkResolver" nel percorso "C:\Program Files\dotnet\sdk\9.0.305\Sdks\Microsoft.NET.Sdk\Sdk" e nella versione "".
       C:\Program Files\dotnet\sdk\9.0.305\Sdks\Microsoft.NET.Sdk\Sdk\Sdk.props(49,11): message : La proprietà 'MSBuildExtensionsPath' con valore 'C:\Program Files\dotnet\sdk\9.0.305\' espansa dall'ambiente.
       C:\Program Files\dotnet\sdk\9.0.305\Current\Microsoft.Common.props(60,5): message : Riassegnazione della proprietà: $(MSBuildProjectExtensionsPath)="C:\Users\rober\Documents\MoneyMindApp\obj\" (valore precedente: "obj\") in C:\Program Files\dotnet\sdk\9.0.305\Current\Microsoft.Common.props (60,5)
       C:\Users\rober\Documents\MoneyMindApp\obj\MoneyMindApp.csproj.nuget.g.props(7,5): message : La proprietà 'USERPROFILE' con valore 'C:\Users\rober' espansa dall'ambiente.
       C:\Program Files\dotnet\sdk\9.0.305\Current\Microsoft.Common.props(84,119): message : La proprietà 'MSBuildUserExtensionsPath' con valore 'C:\Users\rober\AppData\Local\Microsoft\MSBuild' espansa dall'ambiente.
       Non è possibile modificare la proprietà "Configuration" perché è globale.
       Non è possibile modificare la proprietà "Configuration" perché è globale.
       C:\Program Files\dotnet\sdk\9.0.305\Sdks\Microsoft.NET.Sdk\targets\Microsoft.NET.Sdk.props(90,5): message : Riassegnazione della proprietà: $(AssemblySearchPaths)="{CandidateAssemblyFiles};{HintPathFromItem}" (valore precedente: "{CandidateAssemblyFiles}") in C:\Program Files\dotnet\sdk\9.0.305\Sdks\Microsoft.NET.Sdk\targets\Microsoft.NET.Sdk.props (90,5)
       C:\Program Files\dotnet\sdk\9.0.305\Sdks\Microsoft.NET.Sdk\targets\Microsoft.NET.Sdk.props(91,5): message : Riassegnazione della proprietà: $(AssemblySearchPaths)="{CandidateAssemblyFiles};{HintPathFromItem};{TargetFrameworkDirectory}" (valore precedente: "{CandidateAssemblyFiles};{HintPathFromItem}") in C:\Program Files\dotnet\sdk\9.0.305\Sdks\Microsoft.NET.Sdk\targets\Microsoft.NET.Sdk.props (91,5)
       C:\Program Files\dotnet\sdk\9.0.305\Sdks\Microsoft.NET.Sdk\targets\Microsoft.NET.Sdk.props(92,5): message : Riassegnazione della proprietà: $(AssemblySearchPaths)="{CandidateAssemblyFiles};{HintPathFromItem};{TargetFrameworkDirectory};{RawFileName}" (valore precedente: "{CandidateAssemblyFiles};{HintPathFromItem};{TargetFrameworkDirectory}") in C:\Program Files\dotnet\sdk\9.0.305\Sdks\Microsoft.NET.Sdk\targets\Microsoft.NET.Sdk.props (92,5)
       Il resolver "DefaultSdkResolver" ha tentato di risolvere l'SDK "Microsoft.NET.SDK.WorkloadAutoImportPropsLocator".
       Avvisi: null
       Errori: MSB4276: il resolver SDK predefinito non è riuscito a risolvere l'SDK "Microsoft.NET.SDK.WorkloadAutoImportPropsLocator" perché la directory "C:\Program Files\dotnet\sdk\9.0.305\Sdks\Microsoft.NET.SDK.WorkloadAutoImportPropsLocator\Sdk" non esiste.
       L'SDK "Microsoft.NET.SDK.WorkloadAutoImportPropsLocator" è stato correttamente risolto dal resolver "Microsoft.DotNet.MSBuildWorkloadSdkResolver" nel percorso "C:\Program Files\dotnet\packs\Microsoft.Android.Sdk.Windows\35.0.78\Sdk" e nella versione "null".
       C:\Program Files\dotnet\sdk\9.0.305\Sdks\Microsoft.NET.Sdk\targets\Microsoft.NET.PackProjectTool.props(15,5): message : Riassegnazione della proprietà: $(TargetsForTfmSpecificContentInPackage)=";PackTool;_PackProjectToolValidation" (valore precedente: ";PackTool") in C:\Program Files\dotnet\sdk\9.0.305\Sdks\Microsoft.NET.Sdk\targets\Microsoft.NET.PackProjectTool.props (15,5)
       C:\Users\rober\Documents\MoneyMindApp\MoneyMindApp.csproj(5,3): message : Riassegnazione della proprietà: $(TargetFrameworks)="net8.0-android;net8.0-ios;net8.0-maccatalyst;net8.0-windows10.0.19041.0" (valore precedente: "net8.0-android;net8.0-ios;net8.0-maccatalyst") in C:\Users\rober\Documents\MoneyMindApp\MoneyMindApp.csproj (5,3)
       C:\Users\rober\Documents\MoneyMindApp\MoneyMindApp.csproj(19,3): message : Riassegnazione della proprietà: $(OutputType)="Exe" (valore precedente: "Library") in C:\Users\rober\Documents\MoneyMindApp\MoneyMindApp.csproj (19,3)
       Non è possibile modificare la proprietà "Configuration" perché è globale.
       C:\Program Files\dotnet\sdk\9.0.305\Sdks\Microsoft.NET.Sdk\targets\Microsoft.NET.Sdk.ImportPublishProfile.targets(28,5): message : Riassegnazione della proprietà: $(PublishProfileImported)="false" (valore precedente: "true") in C:\Program Files\dotnet\sdk\9.0.305\Sdks\Microsoft.NET.Sdk\targets\Microsoft.NET.Sdk.ImportPublishProfile.targets (28,5)
       C:\Program Files\dotnet\sdk\9.0.305\Sdks\Microsoft.NET.Sdk\targets\Microsoft.NET.TargetFrameworkInference.targets(69,5): message : Riassegnazione della proprietà: $(TargetPlatformVersion)="" (valore precedente: "0.0") in C:\Program Files\dotnet\sdk\9.0.305\Sdks\Microsoft.NET.Sdk\targets\Microsoft.NET.TargetFrameworkInference.targets (69,5)
       C:\Program Files\dotnet\sdk\9.0.305\Sdks\Microsoft.NET.Sdk\targets\Microsoft.NET.DefaultOutputPaths.targets(122,5): message : Riassegnazione della proprietà: $(DefaultItemExcludes)=";bin\Debug\/**;obj\Debug\/**" (valore precedente: ";bin\Debug\/**") in C:\Program Files\dotnet\sdk\9.0.305\Sdks\Microsoft.NET.Sdk\targets\Microsoft.NET.DefaultOutputPaths.targets (122,5)
       C:\Program Files\dotnet\sdk\9.0.305\Sdks\Microsoft.NET.Sdk\targets\Microsoft.NET.DefaultOutputPaths.targets(137,5): message : Riassegnazione della proprietà: $(OutputPath)="bin\Debug\net8.0-android\" (valore precedente: "bin\Debug\") in C:\Program Files\dotnet\sdk\9.0.305\Sdks\Microsoft.NET.Sdk\targets\Microsoft.NET.DefaultOutputPaths.targets (137,5)
       C:\Program Files\dotnet\sdk\9.0.305\Sdks\Microsoft.NET.Sdk\targets\Microsoft.NET.DefaultOutputPaths.targets(142,5): message : Riassegnazione della proprietà: $(IntermediateOutputPath)="obj\Debug\net8.0-android\" (valore precedente: "obj\Debug\") in C:\Program Files\dotnet\sdk\9.0.305\Sdks\Microsoft.NET.Sdk\targets\Microsoft.NET.DefaultOutputPaths.targets (142,5)
       Il resolver "DefaultSdkResolver" ha tentato di risolvere l'SDK "Microsoft.NET.SDK.WorkloadManifestTargetsLocator".
       Avvisi: null
       Errori: MSB4276: il resolver SDK predefinito non è riuscito a risolvere l'SDK "Microsoft.NET.SDK.WorkloadManifestTargetsLocator" perché la directory "C:\Program Files\dotnet\sdk\9.0.305\Sdks\Microsoft.NET.SDK.WorkloadManifestTargetsLocator\Sdk" non esiste.
       L'SDK "Microsoft.NET.SDK.WorkloadManifestTargetsLocator" è stato correttamente risolto dal resolver "Microsoft.DotNet.MSBuildWorkloadSdkResolver" nel percorso "C:\Program Files\dotnet\sdk-manifests\9.0.100\microsoft.net.sdk.android\35.0.78" e nella versione "null".
       Il resolver "DefaultSdkResolver" ha tentato di risolvere l'SDK "Microsoft.Android.Sdk.net8".
       Avvisi: null
       Errori: MSB4276: il resolver SDK predefinito non è riuscito a risolvere l'SDK "Microsoft.Android.Sdk.net8" perché la directory "C:\Program Files\dotnet\sdk\9.0.305\Sdks\Microsoft.Android.Sdk.net8\Sdk" non esiste.
       L'SDK "Microsoft.Android.Sdk.net8" è stato correttamente risolto dal resolver "Microsoft.DotNet.MSBuildWorkloadSdkResolver" nel percorso "C:\Program Files\dotnet\packs\Microsoft.Android.Sdk.Windows\34.0.154\Sdk" e nella versione "null".
       C:\Program Files\dotnet\packs\Microsoft.Android.Sdk.Windows\34.0.154\targets\Microsoft.Android.Sdk.targets(6,5): message : Riassegnazione della proprietà: $(TargetPlatformIdentifier)="Android" (valore precedente: "android") in C:\Program Files\dotnet\packs\Microsoft.Android.Sdk.Windows\34.0.154\targets\Microsoft.Android.Sdk.targets (6,5)
       C:\Program Files\dotnet\packs\Microsoft.Android.Sdk.Windows\34.0.154\targets\Microsoft.Android.Sdk.SupportedPlatforms.targets(12,5): message : Riassegnazione della proprietà: $(TargetPlatformVersion)="34.0" (valore precedente: "") in C:\Program Files\dotnet\packs\Microsoft.Android.Sdk.Windows\34.0.154\targets\Microsoft.Android.Sdk.SupportedPlatforms.targets (12,5)
       C:\Program Files\dotnet\packs\Microsoft.Android.Sdk.Windows\34.0.154\targets\Microsoft.Android.Sdk.DefaultProperties.targets(69,5): message : Riassegnazione della proprietà: $(OutputType)="Library" (valore precedente: "Exe") in C:\Program Files\dotnet\packs\Microsoft.Android.Sdk.Windows\34.0.154\targets\Microsoft.Android.Sdk.DefaultProperties.targets (69,5)
       C:\Program Files\dotnet\packs\Microsoft.Android.Sdk.Windows\34.0.154\targets\Microsoft.Android.Sdk.DefaultProperties.targets(72,5): message : Riassegnazione della proprietà: $(ProduceReferenceAssembly)="false" (valore precedente: "true") in C:\Program Files\dotnet\packs\Microsoft.Android.Sdk.Windows\34.0.154\targets\Microsoft.Android.Sdk.DefaultProperties.targets (72,5)
       C:\Program Files\dotnet\packs\Microsoft.Android.Sdk.Windows\34.0.154\targets\Microsoft.Android.Sdk.DefaultProperties.targets(123,5): message : Riassegnazione della proprietà: $(AndroidAvoidEmitForPerformance)="true" (valore precedente: "") in C:\Program Files\dotnet\packs\Microsoft.Android.Sdk.Windows\34.0.154\targets\Microsoft.Android.Sdk.DefaultProperties.targets (123,5)
       C:\Program Files\dotnet\packs\Microsoft.Android.Sdk.Windows\34.0.154\targets\Microsoft.Android.Sdk.DefaultProperties.targets(139,5): message : Riassegnazione della proprietà: $(Version)="1.0" (valore precedente: "1.0.0") in C:\Program Files\dotnet\packs\Microsoft.Android.Sdk.Windows\34.0.154\targets\Microsoft.Android.Sdk.DefaultProperties.targets (139,5)
       Il resolver "DefaultSdkResolver" ha tentato di risolvere l'SDK "Microsoft.Maui.Sdk.net8".
       Avvisi: null
       Errori: MSB4276: il resolver SDK predefinito non è riuscito a risolvere l'SDK "Microsoft.Maui.Sdk.net8" perché la directory "C:\Program Files\dotnet\sdk\9.0.305\Sdks\Microsoft.Maui.Sdk.net8\Sdk" non esiste.
       L'SDK "Microsoft.Maui.Sdk.net8" è stato correttamente risolto dal resolver "Microsoft.DotNet.MSBuildWorkloadSdkResolver" nel percorso "C:\Program Files\dotnet\packs\Microsoft.Maui.Sdk\8.0.100\Sdk" e nella versione "null".
       C:\Program Files\dotnet\packs\Microsoft.Maui.Sdk\8.0.100\Sdk\Microsoft.Maui.Sdk.targets(13,5): message : Riassegnazione della proprietà: $(AfterMicrosoftNETSdkTargets)=";C:\Program Files\dotnet\packs\Microsoft.Android.Sdk.Windows\34.0.154\targets\Microsoft.Android.Sdk.After.targets;C:\Program Files\dotnet\packs\Microsoft.Maui.Sdk\8.0.100\Sdk\Microsoft.Maui.Sdk.After.targets" (valore precedente: ";C:\Program Files\dotnet\packs\Microsoft.Android.Sdk.Windows\34.0.154\targets\Microsoft.Android.Sdk.After.targets") in C:\Program Files\dotnet\packs\Microsoft.Maui.Sdk\8.0.100\Sdk\Microsoft.Maui.Sdk.targets (13,5)
       Il resolver "DefaultSdkResolver" ha tentato di risolvere l'SDK "Microsoft.NET.Runtime.MonoTargets.Sdk.net8".
       Avvisi: null
       Errori: MSB4276: il resolver SDK predefinito non è riuscito a risolvere l'SDK "Microsoft.NET.Runtime.MonoTargets.Sdk.net8" perché la directory "C:\Program Files\dotnet\sdk\9.0.305\Sdks\Microsoft.NET.Runtime.MonoTargets.Sdk.net8\Sdk" non esiste.
       L'SDK "Microsoft.NET.Runtime.MonoTargets.Sdk.net8" è stato correttamente risolto dal resolver "Microsoft.DotNet.MSBuildWorkloadSdkResolver" nel percorso "C:\Program Files\dotnet\packs\Microsoft.NET.Runtime.MonoTargets.Sdk\8.0.20\Sdk" e nella versione "null".
       C:\Program Files\dotnet\sdk-manifests\9.0.100\microsoft.net.workload.mono.toolchain.net8\9.0.9\WorkloadManifest.targets(60,5): message : Riassegnazione della proprietà: $(_MonoWorkloadRuntimePackPackageVersion)="8.0.20" (valore precedente: "9.0.9") in C:\Program Files\dotnet\sdk-manifests\9.0.100\microsoft.net.workload.mono.toolchain.net8\9.0.9\WorkloadManifest.targets (60,5)
       C:\Program Files\dotnet\sdk\9.0.305\Sdks\Microsoft.NET.Sdk\targets\Microsoft.NET.Sdk.BeforeCommon.targets(187,5): message : Riassegnazione della proprietà: $(_FrameworkIdentifierForImplicitDefine)="NET" (valore precedente: "NETCOREAPP") in C:\Program Files\dotnet\sdk\9.0.305\Sdks\Microsoft.NET.Sdk\targets\Microsoft.NET.Sdk.BeforeCommon.targets (187,5)
       C:\Program Files\dotnet\sdk\9.0.305\Sdks\Microsoft.NET.Sdk\targets\Microsoft.NET.Sdk.BeforeCommon.targets(192,5): message : Riassegnazione della proprietà: $(_FrameworkVersionForImplicitDefine)="8_0" (valore precedente: "8.0") in C:\Program Files\dotnet\sdk\9.0.305\Sdks\Microsoft.NET.Sdk\targets\Microsoft.NET.Sdk.BeforeCommon.targets (192,5)
       C:\Program Files\dotnet\sdk\9.0.305\Roslyn\Microsoft.CSharp.Core.targets(200,5): message : Riassegnazione della proprietà: $(CommandLineArgsForDesignTimeEvaluation)="-langversion:12.0 -define:TRACE" (valore precedente: "-langversion:12.0") in C:\Program Files\dotnet\sdk\9.0.305\Roslyn\Microsoft.CSharp.Core.targets (200,5)
       Non è possibile modificare la proprietà "Configuration" perché è globale.
       C:\Program Files\dotnet\sdk\9.0.305\Microsoft.Common.CurrentVersion.targets(175,5): message : Riassegnazione della proprietà: $(_DebugSymbolsProduced)="true" (valore precedente: "false") in C:\Program Files\dotnet\sdk\9.0.305\Microsoft.Common.CurrentVersion.targets (175,5)
       C:\Program Files\dotnet\sdk\9.0.305\Microsoft.Common.CurrentVersion.targets(185,5): message : Riassegnazione della proprietà: $(_DocumentationFileProduced)="false" (valore precedente: "true") in C:\Program Files\dotnet\sdk\9.0.305\Microsoft.Common.CurrentVersion.targets (185,5)
       C:\Program Files\dotnet\sdk\9.0.305\Microsoft.Common.CurrentVersion.targets(392,5): message : Riassegnazione della proprietà: $(MSBuildCopyMarkerName)="MoneyMin.04813522" (valore precedente: "MoneyMindApp.csproj") in C:\Program Files\dotnet\sdk\9.0.305\Microsoft.Common.CurrentVersion.targets (392,5)
       C:\Program Files\dotnet\sdk\9.0.305\Microsoft.Common.CurrentVersion.targets(393,5): message : Riassegnazione della proprietà: $(MSBuildCopyMarkerName)="MoneyMin.04813522.Up2Date" (valore precedente: "MoneyMin.04813522") in C:\Program Files\dotnet\sdk\9.0.305\Microsoft.Common.CurrentVersion.targets (393,5)
       C:\Program Files\dotnet\sdk\9.0.305\Microsoft.Common.CurrentVersion.targets(541,5): message : Riassegnazione della proprietà: $(ProcessorArchitecture)="msil" (valore precedente: "") in C:\Program Files\dotnet\sdk\9.0.305\Microsoft.Common.CurrentVersion.targets (541,5)
       C:\Program Files\dotnet\sdk\9.0.305\Microsoft.Common.CurrentVersion.targets(580,5): message : Riassegnazione della proprietà: $(DelaySign)="" (valore precedente: "false") in C:\Program Files\dotnet\sdk\9.0.305\Microsoft.Common.CurrentVersion.targets (580,5)
       C:\Program Files\dotnet\sdk\9.0.305\Microsoft.Common.CurrentVersion.targets(2619,5): message : La proprietà 'LOCALAPPDATA' con valore 'C:\Users\rober\AppData\Local' espansa dall'ambiente.
       C:\Program Files\dotnet\sdk\9.0.305\Microsoft.Common.CurrentVersion.targets(3947,5): message : Riassegnazione della proprietà: $(_SGenGenerateSerializationAssembliesConfig)="Auto" (valore precedente: "") in C:\Program Files\dotnet\sdk\9.0.305\Microsoft.Common.CurrentVersion.targets (3947,5)
       C:\Program Files\dotnet\sdk\9.0.305\Microsoft.Common.CurrentVersion.targets(3948,5): message : Riassegnazione della proprietà: $(_SGenGenerateSerializationAssembliesConfig)="Off" (valore precedente: "Auto") in C:\Program Files\dotnet\sdk\9.0.305\Microsoft.Common.CurrentVersion.targets (3948,5)
       C:\Program Files\dotnet\sdk\9.0.305\Microsoft.Common.CurrentVersion.targets(5159,5): message : Riassegnazione della proprietà: $(_TargetsThatPrepareProjectReferences)="
       C:\Program Files\dotnet\sdk\9.0.305\Microsoft.Common.CurrentVersion.targets(5159,5): message :       AssignProjectConfiguration;
       C:\Program Files\dotnet\sdk\9.0.305\Microsoft.Common.CurrentVersion.targets(5159,5): message :       _SplitProjectReferencesByFileExistence
       C:\Program Files\dotnet\sdk\9.0.305\Microsoft.Common.CurrentVersion.targets(5159,5): message :     " (valore precedente: "_SplitProjectReferencesByFileExistence") in C:\Program Files\dotnet\sdk\9.0.305\Microsoft.Common.CurrentVersion.targets (5159,5)
       C:\Program Files\dotnet\sdk\9.0.305\Microsoft.Common.CurrentVersion.targets(6954,5): message : La proprietà 'MSBuildExtensionsPath32' con valore 'C:\Program Files\dotnet\sdk\9.0.305' espansa dall'ambiente.
       C:\Users\rober\.nuget\packages\microsoft.maui.resizetizer\8.0.90\buildTransitive\Microsoft.Maui.Resizetizer.targets(10,5): message : Riassegnazione della proprietà: $(AfterMicrosoftNETSdkTargets)=";C:\Program Files\dotnet\packs\Microsoft.Android.Sdk.Windows\34.0.154\targets\Microsoft.Android.Sdk.After.targets;C:\Program Files\dotnet\packs\Microsoft.Maui.Sdk\8.0.100\Sdk\Microsoft.Maui.Sdk.After.targets;C:\Users\rober\.nuget\packages\microsoft.maui.resizetizer\8.0.90\buildTransitive\Microsoft.Maui.Resizetizer.After.targets" (valore precedente: ";C:\Program Files\dotnet\packs\Microsoft.Android.Sdk.Windows\34.0.154\targets\Microsoft.Android.Sdk.After.targets;C:\Program Files\dotnet\packs\Microsoft.Maui.Sdk\8.0.100\Sdk\Microsoft.Maui.Sdk.After.targets") in C:\Users\rober\.nuget\packages\microsoft.maui.resizetizer\8.0.90\buildTransitive\Microsoft.Maui.Resizetizer.targets (10,5)
       C:\Users\rober\.nuget\packages\microsoft.maui.core\8.0.90\buildTransitive\Microsoft.Maui.Core.targets(10,5): message : Riassegnazione della proprietà: $(AfterMicrosoftNETSdkTargets)=";C:\Program Files\dotnet\packs\Microsoft.Android.Sdk.Windows\34.0.154\targets\Microsoft.Android.Sdk.After.targets;C:\Program Files\dotnet\packs\Microsoft.Maui.Sdk\8.0.100\Sdk\Microsoft.Maui.Sdk.After.targets;C:\Users\rober\.nuget\packages\microsoft.maui.resizetizer\8.0.90\buildTransitive\Microsoft.Maui.Resizetizer.After.targets;C:\Users\rober\.nuget\packages\microsoft.maui.core\8.0.90\buildTransitive\Microsoft.Maui.Core.After.targets" (valore precedente: ";C:\Program Files\dotnet\packs\Microsoft.Android.Sdk.Windows\34.0.154\targets\Microsoft.Android.Sdk.After.targets;C:\Program Files\dotnet\packs\Microsoft.Maui.Sdk\8.0.100\Sdk\Microsoft.Maui.Sdk.After.targets;C:\Users\rober\.nuget\packages\microsoft.maui.resizetizer\8.0.90\buildTransitive\Microsoft.Maui.Resizetizer.After.targets") in C:\Users\rober\.nuget\packages\microsoft.maui.core\8.0.90\buildTransitive\Microsoft.Maui.Core.targets (10,5)
       C:\Users\rober\.nuget\packages\microsoft.maui.controls.build.tasks\8.0.90\buildTransitive\netstandard2.0\Microsoft.Maui.Controls.SingleProject.Before.targets(40,5): message : Riassegnazione della proprietà: $(AndroidManifest)="Platforms\Android\AndroidManifest.xml" (valore precedente: "AndroidManifest.xml") in C:\Users\rober\.nuget\packages\microsoft.maui.controls.build.tasks\8.0.90\buildTransitive\netstandard2.0\Microsoft.Maui.Controls.SingleProject.Before.targets (40,5)
       C:\Users\rober\.nuget\packages\microsoft.maui.controls.build.tasks\8.0.90\buildTransitive\netstandard2.0\Microsoft.Maui.Controls.SingleProject.Before.targets(41,5): message : Riassegnazione della proprietà: $(MonoAndroidResourcePrefix)="Platforms\Android\Resources" (valore precedente: "Resources") in C:\Users\rober\.nuget\packages\microsoft.maui.controls.build.tasks\8.0.90\buildTransitive\netstandard2.0\Microsoft.Maui.Controls.SingleProject.Before.targets (41,5)
       C:\Users\rober\.nuget\packages\microsoft.maui.controls.build.tasks\8.0.90\buildTransitive\netstandard2.0\Microsoft.Maui.Controls.SingleProject.Before.targets(42,5): message : Riassegnazione della proprietà: $(MonoAndroidAssetsPrefix)="Platforms\Android\Assets" (valore precedente: "Assets") in C:\Users\rober\.nuget\packages\microsoft.maui.controls.build.tasks\8.0.90\buildTransitive\netstandard2.0\Microsoft.Maui.Controls.SingleProject.Before.targets (42,5)
       C:\Users\rober\.nuget\packages\microsoft.maui.controls.build.tasks\8.0.90\buildTransitive\netstandard2.0\Microsoft.Maui.Controls.Build.Tasks.targets(10,5): message : Riassegnazione della proprietà: $(AfterMicrosoftNETSdkTargets)=";C:\Program Files\dotnet\packs\Microsoft.Android.Sdk.Windows\34.0.154\targets\Microsoft.Android.Sdk.After.targets;C:\Program Files\dotnet\packs\Microsoft.Maui.Sdk\8.0.100\Sdk\Microsoft.Maui.Sdk.After.targets;C:\Users\rober\.nuget\packages\microsoft.maui.resizetizer\8.0.90\buildTransitive\Microsoft.Maui.Resizetizer.After.targets;C:\Users\rober\.nuget\packages\microsoft.maui.core\8.0.90\buildTransitive\Microsoft.Maui.Core.After.targets;C:\Users\rober\.nuget\packages\microsoft.maui.controls.build.tasks\8.0.90\buildTransitive\netstandard2.0\Microsoft.Maui.Controls.Build.Tasks.After.targets" (valore precedente: ";C:\Program Files\dotnet\packs\Microsoft.Android.Sdk.Windows\34.0.154\targets\Microsoft.Android.Sdk.After.targets;C:\Program Files\dotnet\packs\Microsoft.Maui.Sdk\8.0.100\Sdk\Microsoft.Maui.Sdk.After.targets;C:\Users\rober\.nuget\packages\microsoft.maui.resizetizer\8.0.90\buildTransitive\Microsoft.Maui.Resizetizer.After.targets;C:\Users\rober\.nuget\packages\microsoft.maui.core\8.0.90\buildTransitive\Microsoft.Maui.Core.After.targets") in C:\Users\rober\.nuget\packages\microsoft.maui.controls.build.tasks\8.0.90\buildTransitive\netstandard2.0\Microsoft.Maui.Controls.Build.Tasks.targets (10,5)
       C:\Program Files\dotnet\sdk\9.0.305\Sdks\Microsoft.NET.Sdk\targets\Microsoft.PackageDependencyResolution.targets(29,5): message : Riassegnazione della proprietà: $(ProjectAssetsCacheFile)="C:\Users\rober\Documents\MoneyMindApp\obj\Debug\net8.0-android\MoneyMindApp.assets.cache" (valore precedente: "obj\Debug\net8.0-android\MoneyMindApp.assets.cache") in C:\Program Files\dotnet\sdk\9.0.305\Sdks\Microsoft.NET.Sdk\targets\Microsoft.PackageDependencyResolution.targets (29,5)
       C:\Program Files\dotnet\sdk\9.0.305\Sdks\Microsoft.NET.Sdk\targets\Microsoft.PackageDependencyResolution.targets(80,5): message : Riassegnazione della proprietà: $(ResolveAssemblyReferencesDependsOn)="
       C:\Program Files\dotnet\sdk\9.0.305\Sdks\Microsoft.NET.Sdk\targets\Microsoft.PackageDependencyResolution.targets(80,5): message :       
       C:\Program Files\dotnet\sdk\9.0.305\Sdks\Microsoft.NET.Sdk\targets\Microsoft.PackageDependencyResolution.targets(80,5): message :       ResolveProjectReferences;
       C:\Program Files\dotnet\sdk\9.0.305\Sdks\Microsoft.NET.Sdk\targets\Microsoft.PackageDependencyResolution.targets(80,5): message :       FindInvalidProjectReferences;
       C:\Program Files\dotnet\sdk\9.0.305\Sdks\Microsoft.NET.Sdk\targets\Microsoft.PackageDependencyResolution.targets(80,5): message :       GetFrameworkPaths;
       C:\Program Files\dotnet\sdk\9.0.305\Sdks\Microsoft.NET.Sdk\targets\Microsoft.PackageDependencyResolution.targets(80,5): message :       GetReferenceAssemblyPaths;
       C:\Program Files\dotnet\sdk\9.0.305\Sdks\Microsoft.NET.Sdk\targets\Microsoft.PackageDependencyResolution.targets(80,5): message :       PrepareForBuild;
       C:\Program Files\dotnet\sdk\9.0.305\Sdks\Microsoft.NET.Sdk\targets\Microsoft.PackageDependencyResolution.targets(80,5): message :       ResolveSDKReferences;
       C:\Program Files\dotnet\sdk\9.0.305\Sdks\Microsoft.NET.Sdk\targets\Microsoft.PackageDependencyResolution.targets(80,5): message :       ExpandSDKReferences;
       C:\Program Files\dotnet\sdk\9.0.305\Sdks\Microsoft.NET.Sdk\targets\Microsoft.PackageDependencyResolution.targets(80,5): message :     ;
       C:\Program Files\dotnet\sdk\9.0.305\Sdks\Microsoft.NET.Sdk\targets\Microsoft.PackageDependencyResolution.targets(80,5): message :       ResolvePackageDependenciesForBuild;
       C:\Program Files\dotnet\sdk\9.0.305\Sdks\Microsoft.NET.Sdk\targets\Microsoft.PackageDependencyResolution.targets(80,5): message :       _HandlePackageFileConflicts;
       C:\Program Files\dotnet\sdk\9.0.305\Sdks\Microsoft.NET.Sdk\targets\Microsoft.PackageDependencyResolution.targets(80,5): message :     " (valore precedente: "
       C:\Program Files\dotnet\sdk\9.0.305\Sdks\Microsoft.NET.Sdk\targets\Microsoft.PackageDependencyResolution.targets(80,5): message :       ResolveProjectReferences;
       C:\Program Files\dotnet\sdk\9.0.305\Sdks\Microsoft.NET.Sdk\targets\Microsoft.PackageDependencyResolution.targets(80,5): message :       FindInvalidProjectReferences;
       C:\Program Files\dotnet\sdk\9.0.305\Sdks\Microsoft.NET.Sdk\targets\Microsoft.PackageDependencyResolution.targets(80,5): message :       GetFrameworkPaths;
       C:\Program Files\dotnet\sdk\9.0.305\Sdks\Microsoft.NET.Sdk\targets\Microsoft.PackageDependencyResolution.targets(80,5): message :       GetReferenceAssemblyPaths;
       C:\Program Files\dotnet\sdk\9.0.305\Sdks\Microsoft.NET.Sdk\targets\Microsoft.PackageDependencyResolution.targets(80,5): message :       PrepareForBuild;
       C:\Program Files\dotnet\sdk\9.0.305\Sdks\Microsoft.NET.Sdk\targets\Microsoft.PackageDependencyResolution.targets(80,5): message :       ResolveSDKReferences;
       C:\Program Files\dotnet\sdk\9.0.305\Sdks\Microsoft.NET.Sdk\targets\Microsoft.PackageDependencyResolution.targets(80,5): message :       ExpandSDKReferences;
       C:\Program Files\dotnet\sdk\9.0.305\Sdks\Microsoft.NET.Sdk\targets\Microsoft.PackageDependencyResolution.targets(80,5): message :     ") in C:\Program Files\dotnet\sdk\9.0.305\Sdks\Microsoft.NET.Sdk\targets\Microsoft.PackageDependencyResolution.targets (80,5)
       C:\Program Files\dotnet\sdk\9.0.305\Sdks\Microsoft.NET.Sdk\targets\Microsoft.PackageDependencyResolution.targets(86,5): message : Riassegnazione della proprietà: $(PrepareResourcesDependsOn)="
       C:\Program Files\dotnet\sdk\9.0.305\Sdks\Microsoft.NET.Sdk\targets\Microsoft.PackageDependencyResolution.targets(86,5): message :       ResolvePackageDependenciesForBuild;
       C:\Program Files\dotnet\sdk\9.0.305\Sdks\Microsoft.NET.Sdk\targets\Microsoft.PackageDependencyResolution.targets(86,5): message :       _HandlePackageFileConflicts;
       C:\Program Files\dotnet\sdk\9.0.305\Sdks\Microsoft.NET.Sdk\targets\Microsoft.PackageDependencyResolution.targets(86,5): message :       
       C:\Program Files\dotnet\sdk\9.0.305\Sdks\Microsoft.NET.Sdk\targets\Microsoft.PackageDependencyResolution.targets(86,5): message :       ;
       C:\Program Files\dotnet\sdk\9.0.305\Sdks\Microsoft.NET.Sdk\targets\Microsoft.PackageDependencyResolution.targets(86,5): message :       PrepareResourceNames;
       C:\Program Files\dotnet\sdk\9.0.305\Sdks\Microsoft.NET.Sdk\targets\Microsoft.PackageDependencyResolution.targets(86,5): message :       ResGen;
       C:\Program Files\dotnet\sdk\9.0.305\Sdks\Microsoft.NET.Sdk\targets\Microsoft.PackageDependencyResolution.targets(86,5): message :       CompileLicxFiles
       C:\Program Files\dotnet\sdk\9.0.305\Sdks\Microsoft.NET.Sdk\targets\Microsoft.PackageDependencyResolution.targets(86,5): message :     
       C:\Program Files\dotnet\sdk\9.0.305\Sdks\Microsoft.NET.Sdk\targets\Microsoft.PackageDependencyResolution.targets(86,5): message :     " (valore precedente: "
       C:\Program Files\dotnet\sdk\9.0.305\Sdks\Microsoft.NET.Sdk\targets\Microsoft.PackageDependencyResolution.targets(86,5): message :       ;
       C:\Program Files\dotnet\sdk\9.0.305\Sdks\Microsoft.NET.Sdk\targets\Microsoft.PackageDependencyResolution.targets(86,5): message :       PrepareResourceNames;
       C:\Program Files\dotnet\sdk\9.0.305\Sdks\Microsoft.NET.Sdk\targets\Microsoft.PackageDependencyResolution.targets(86,5): message :       ResGen;
       C:\Program Files\dotnet\sdk\9.0.305\Sdks\Microsoft.NET.Sdk\targets\Microsoft.PackageDependencyResolution.targets(86,5): message :       CompileLicxFiles
       C:\Program Files\dotnet\sdk\9.0.305\Sdks\Microsoft.NET.Sdk\targets\Microsoft.PackageDependencyResolution.targets(86,5): message :     ") in C:\Program Files\dotnet\sdk\9.0.305\Sdks\Microsoft.NET.Sdk\targets\Microsoft.PackageDependencyResolution.targets (86,5)
       C:\Program Files\dotnet\sdk\9.0.305\Sdks\Microsoft.NET.Sdk\targets\Microsoft.NET.Sdk.DefaultItems.targets(27,5): message : Riassegnazione della proprietà: $(DefaultItemExcludes)=";bin\Debug\/**;obj\Debug\/**;bin\/**" (valore precedente: ";bin\Debug\/**;obj\Debug\/**") in C:\Program Files\dotnet\sdk\9.0.305\Sdks\Microsoft.NET.Sdk\targets\Microsoft.NET.Sdk.DefaultItems.targets (27,5)
       C:\Program Files\dotnet\sdk\9.0.305\Sdks\Microsoft.NET.Sdk\targets\Microsoft.NET.Sdk.DefaultItems.targets(29,5): message : Riassegnazione della proprietà: $(DefaultItemExcludes)=";bin\Debug\/**;obj\Debug\/**;bin\/**;obj\/**" (valore precedente: ";bin\Debug\/**;obj\Debug\/**;bin\/**") in C:\Program Files\dotnet\sdk\9.0.305\Sdks\Microsoft.NET.Sdk\targets\Microsoft.NET.Sdk.DefaultItems.targets (29,5)
       C:\Program Files\dotnet\sdk\9.0.305\Sdks\Microsoft.NET.Sdk\targets\Microsoft.NET.Sdk.DefaultItems.targets(32,5): message : Riassegnazione della proprietà: $(DefaultItemExcludes)=";bin\Debug\/**;obj\Debug\/**;bin\/**;obj\/**;**/*.user" (valore precedente: ";bin\Debug\/**;obj\Debug\/**;bin\/**;obj\/**") in C:\Program Files\dotnet\sdk\9.0.305\Sdks\Microsoft.NET.Sdk\targets\Microsoft.NET.Sdk.DefaultItems.targets (32,5)
       C:\Program Files\dotnet\sdk\9.0.305\Sdks\Microsoft.NET.Sdk\targets\Microsoft.NET.Sdk.DefaultItems.targets(33,5): message : Riassegnazione della proprietà: $(DefaultItemExcludes)=";bin\Debug\/**;obj\Debug\/**;bin\/**;obj\/**;**/*.user;**/*.*proj" (valore precedente: ";bin\Debug\/**;obj\Debug\/**;bin\/**;obj\/**;**/*.user") in C:\Program Files\dotnet\sdk\9.0.305\Sdks\Microsoft.NET.Sdk\targets\Microsoft.NET.Sdk.DefaultItems.targets (33,5)
       C:\Program Files\dotnet\sdk\9.0.305\Sdks\Microsoft.NET.Sdk\targets\Microsoft.NET.Sdk.DefaultItems.targets(34,5): message : Riassegnazione della proprietà: $(DefaultItemExcludes)=";bin\Debug\/**;obj\Debug\/**;bin\/**;obj\/**;**/*.user;**/*.*proj;**/*.sln" (valore precedente: ";bin\Debug\/**;obj\Debug\/**;bin\/**;obj\/**;**/*.user;**/*.*proj") in C:\Program Files\dotnet\sdk\9.0.305\Sdks\Microsoft.NET.Sdk\targets\Microsoft.NET.Sdk.DefaultItems.targets (34,5)
       C:\Program Files\dotnet\sdk\9.0.305\Sdks\Microsoft.NET.Sdk\targets\Microsoft.NET.Sdk.DefaultItems.targets(35,5): message : Riassegnazione della proprietà: $(DefaultItemExcludes)=";bin\Debug\/**;obj\Debug\/**;bin\/**;obj\/**;**/*.user;**/*.*proj;**/*.sln;**/*.slnx" (valore precedente: ";bin\Debug\/**;obj\Debug\/**;bin\/**;obj\/**;**/*.user;**/*.*proj;**/*.sln") in C:\Program Files\dotnet\sdk\9.0.305\Sdks\Microsoft.NET.Sdk\targets\Microsoft.NET.Sdk.DefaultItems.targets (35,5)
       C:\Program Files\dotnet\sdk\9.0.305\Sdks\Microsoft.NET.Sdk\targets\Microsoft.NET.Sdk.DefaultItems.targets(36,5): message : Riassegnazione della proprietà: $(DefaultItemExcludes)=";bin\Debug\/**;obj\Debug\/**;bin\/**;obj\/**;**/*.user;**/*.*proj;**/*.sln;**/*.slnx;**/*.vssscc" (valore precedente: ";bin\Debug\/**;obj\Debug\/**;bin\/**;obj\/**;**/*.user;**/*.*proj;**/*.sln;**/*.slnx") in C:\Program Files\dotnet\sdk\9.0.305\Sdks\Microsoft.NET.Sdk\targets\Microsoft.NET.Sdk.DefaultItems.targets (36,5)
       C:\Program Files\dotnet\sdk\9.0.305\Sdks\Microsoft.NET.Sdk\targets\Microsoft.NET.Sdk.DefaultItems.targets(37,5): message : Riassegnazione della proprietà: $(DefaultItemExcludes)=";bin\Debug\/**;obj\Debug\/**;bin\/**;obj\/**;**/*.user;**/*.*proj;**/*.sln;**/*.slnx;**/*.vssscc;**/.DS_Store" (valore precedente: ";bin\Debug\/**;obj\Debug\/**;bin\/**;obj\/**;**/*.user;**/*.*proj;**/*.sln;**/*.slnx;**/*.vssscc") in C:\Program Files\dotnet\sdk\9.0.305\Sdks\Microsoft.NET.Sdk\targets\Microsoft.NET.Sdk.DefaultItems.targets (37,5)
       C:\Program Files\dotnet\sdk\9.0.305\Sdks\Microsoft.NET.Sdk\targets\Microsoft.NET.Sdk.FrameworkReferenceResolution.targets(14,5): message : Riassegnazione della proprietà: $(ResolveAssemblyReferencesDependsOn)="
       C:\Program Files\dotnet\sdk\9.0.305\Sdks\Microsoft.NET.Sdk\targets\Microsoft.NET.Sdk.FrameworkReferenceResolution.targets(14,5): message :       
       C:\Program Files\dotnet\sdk\9.0.305\Sdks\Microsoft.NET.Sdk\targets\Microsoft.NET.Sdk.FrameworkReferenceResolution.targets(14,5): message :       
       C:\Program Files\dotnet\sdk\9.0.305\Sdks\Microsoft.NET.Sdk\targets\Microsoft.NET.Sdk.FrameworkReferenceResolution.targets(14,5): message :       ResolveProjectReferences;
       C:\Program Files\dotnet\sdk\9.0.305\Sdks\Microsoft.NET.Sdk\targets\Microsoft.NET.Sdk.FrameworkReferenceResolution.targets(14,5): message :       FindInvalidProjectReferences;
       C:\Program Files\dotnet\sdk\9.0.305\Sdks\Microsoft.NET.Sdk\targets\Microsoft.NET.Sdk.FrameworkReferenceResolution.targets(14,5): message :       GetFrameworkPaths;
       C:\Program Files\dotnet\sdk\9.0.305\Sdks\Microsoft.NET.Sdk\targets\Microsoft.NET.Sdk.FrameworkReferenceResolution.targets(14,5): message :       GetReferenceAssemblyPaths;
       C:\Program Files\dotnet\sdk\9.0.305\Sdks\Microsoft.NET.Sdk\targets\Microsoft.NET.Sdk.FrameworkReferenceResolution.targets(14,5): message :       PrepareForBuild;
       C:\Program Files\dotnet\sdk\9.0.305\Sdks\Microsoft.NET.Sdk\targets\Microsoft.NET.Sdk.FrameworkReferenceResolution.targets(14,5): message :       ResolveSDKReferences;
       C:\Program Files\dotnet\sdk\9.0.305\Sdks\Microsoft.NET.Sdk\targets\Microsoft.NET.Sdk.FrameworkReferenceResolution.targets(14,5): message :       ExpandSDKReferences;
       C:\Program Files\dotnet\sdk\9.0.305\Sdks\Microsoft.NET.Sdk\targets\Microsoft.NET.Sdk.FrameworkReferenceResolution.targets(14,5): message :     ;
       C:\Program Files\dotnet\sdk\9.0.305\Sdks\Microsoft.NET.Sdk\targets\Microsoft.NET.Sdk.FrameworkReferenceResolution.targets(14,5): message :       ResolvePackageDependenciesForBuild;
       C:\Program Files\dotnet\sdk\9.0.305\Sdks\Microsoft.NET.Sdk\targets\Microsoft.NET.Sdk.FrameworkReferenceResolution.targets(14,5): message :       _HandlePackageFileConflicts;
       C:\Program Files\dotnet\sdk\9.0.305\Sdks\Microsoft.NET.Sdk\targets\Microsoft.NET.Sdk.FrameworkReferenceResolution.targets(14,5): message :     ;
       C:\Program Files\dotnet\sdk\9.0.305\Sdks\Microsoft.NET.Sdk\targets\Microsoft.NET.Sdk.FrameworkReferenceResolution.targets(14,5): message :       ResolveTargetingPackAssets;
       C:\Program Files\dotnet\sdk\9.0.305\Sdks\Microsoft.NET.Sdk\targets\Microsoft.NET.Sdk.FrameworkReferenceResolution.targets(14,5): message :     " (valore precedente: "
       C:\Program Files\dotnet\sdk\9.0.305\Sdks\Microsoft.NET.Sdk\targets\Microsoft.NET.Sdk.FrameworkReferenceResolution.targets(14,5): message :       
       C:\Program Files\dotnet\sdk\9.0.305\Sdks\Microsoft.NET.Sdk\targets\Microsoft.NET.Sdk.FrameworkReferenceResolution.targets(14,5): message :       ResolveProjectReferences;
       C:\Program Files\dotnet\sdk\9.0.305\Sdks\Microsoft.NET.Sdk\targets\Microsoft.NET.Sdk.FrameworkReferenceResolution.targets(14,5): message :       FindInvalidProjectReferences;
       C:\Program Files\dotnet\sdk\9.0.305\Sdks\Microsoft.NET.Sdk\targets\Microsoft.NET.Sdk.FrameworkReferenceResolution.targets(14,5): message :       GetFrameworkPaths;
       C:\Program Files\dotnet\sdk\9.0.305\Sdks\Microsoft.NET.Sdk\targets\Microsoft.NET.Sdk.FrameworkReferenceResolution.targets(14,5): message :       GetReferenceAssemblyPaths;
       C:\Program Files\dotnet\sdk\9.0.305\Sdks\Microsoft.NET.Sdk\targets\Microsoft.NET.Sdk.FrameworkReferenceResolution.targets(14,5): message :       PrepareForBuild;
       C:\Program Files\dotnet\sdk\9.0.305\Sdks\Microsoft.NET.Sdk\targets\Microsoft.NET.Sdk.FrameworkReferenceResolution.targets(14,5): message :       ResolveSDKReferences;
       C:\Program Files\dotnet\sdk\9.0.305\Sdks\Microsoft.NET.Sdk\targets\Microsoft.NET.Sdk.FrameworkReferenceResolution.targets(14,5): message :       ExpandSDKReferences;
       C:\Program Files\dotnet\sdk\9.0.305\Sdks\Microsoft.NET.Sdk\targets\Microsoft.NET.Sdk.FrameworkReferenceResolution.targets(14,5): message :     ;
       C:\Program Files\dotnet\sdk\9.0.305\Sdks\Microsoft.NET.Sdk\targets\Microsoft.NET.Sdk.FrameworkReferenceResolution.targets(14,5): message :       ResolvePackageDependenciesForBuild;
       C:\Program Files\dotnet\sdk\9.0.305\Sdks\Microsoft.NET.Sdk\targets\Microsoft.NET.Sdk.FrameworkReferenceResolution.targets(14,5): message :       _HandlePackageFileConflicts;
       C:\Program Files\dotnet\sdk\9.0.305\Sdks\Microsoft.NET.Sdk\targets\Microsoft.NET.Sdk.FrameworkReferenceResolution.targets(14,5): message :     ") in C:\Program Files\dotnet\sdk\9.0.305\Sdks\Microsoft.NET.Sdk\targets\Microsoft.NET.Sdk.FrameworkReferenceResolution.targets (14,5)
       C:\Program Files\dotnet\sdk\9.0.305\Sdks\Microsoft.NET.Sdk\targets\Microsoft.NET.Sdk.targets(44,5): message : Riassegnazione della proprietà: $(_GenerateRuntimeConfigurationPropertyInputsCache)="C:\Users\rober\Documents\MoneyMindApp\obj\Debug\net8.0-android\MoneyMindApp.genruntimeconfig.cache" (valore precedente: "obj\Debug\net8.0-android\MoneyMindApp.genruntimeconfig.cache") in C:\Program Files\dotnet\sdk\9.0.305\Sdks\Microsoft.NET.Sdk\targets\Microsoft.NET.Sdk.targets (44,5)
       C:\Program Files\dotnet\sdk\9.0.305\Sdks\Microsoft.NET.Sdk\targets\Microsoft.NET.Sdk.targets(46,5): message : Riassegnazione della proprietà: $(_GeneratePublishDependencyFilePropertyInputsCache)="C:\Users\rober\Documents\MoneyMindApp\obj\Debug\net8.0-android\MoneyMindApp.genpublishdeps.cache" (valore precedente: "obj\Debug\net8.0-android\MoneyMindApp.genpublishdeps.cache") in C:\Program Files\dotnet\sdk\9.0.305\Sdks\Microsoft.NET.Sdk\targets\Microsoft.NET.Sdk.targets (46,5)
       C:\Program Files\dotnet\sdk\9.0.305\Sdks\Microsoft.NET.Sdk\targets\Microsoft.NET.Sdk.targets(48,5): message : Riassegnazione della proprietà: $(_GenerateSingleFileBundlePropertyInputsCache)="C:\Users\rober\Documents\MoneyMindApp\obj\Debug\net8.0-android\MoneyMindApp.genbundle.cache" (valore precedente: "obj\Debug\net8.0-android\MoneyMindApp.genbundle.cache") in C:\Program Files\dotnet\sdk\9.0.305\Sdks\Microsoft.NET.Sdk\targets\Microsoft.NET.Sdk.targets (48,5)
       C:\Program Files\dotnet\sdk\9.0.305\Sdks\Microsoft.NET.Sdk\targets\Microsoft.NET.Sdk.targets(81,5): message : Riassegnazione della proprietà: $(GenerateRuntimeConfigDevFile)="false" (valore precedente: "true") in C:\Program Files\dotnet\sdk\9.0.305\Sdks\Microsoft.NET.Sdk\targets\Microsoft.NET.Sdk.targets (81,5)
       C:\Program Files\dotnet\sdk\9.0.305\Sdks\Microsoft.NET.Sdk\targets\Microsoft.NET.Sdk.targets(97,5): message : Riassegnazione della proprietà: $(_DefaultUserProfileRuntimeStorePath)="C:\Users\rober" (valore precedente: "") in C:\Program Files\dotnet\sdk\9.0.305\Sdks\Microsoft.NET.Sdk\targets\Microsoft.NET.Sdk.targets (97,5)
       C:\Program Files\dotnet\sdk\9.0.305\Sdks\Microsoft.NET.Sdk\targets\Microsoft.NET.Sdk.targets(98,5): message : Riassegnazione della proprietà: $(_DefaultUserProfileRuntimeStorePath)="C:\Users\rober\.dotnet\store" (valore precedente: "C:\Users\rober") in C:\Program Files\dotnet\sdk\9.0.305\Sdks\Microsoft.NET.Sdk\targets\Microsoft.NET.Sdk.targets (98,5)
       C:\Program Files\dotnet\sdk\9.0.305\Sdks\Microsoft.NET.Sdk\targets\Microsoft.NET.Sdk.targets(140,5): message : Riassegnazione della proprietà: $(AvailablePlatforms)="Any CPU,x86,x64,ARM32" (valore precedente: "Any CPU,x86,x64") in C:\Program Files\dotnet\sdk\9.0.305\Sdks\Microsoft.NET.Sdk\targets\Microsoft.NET.Sdk.targets (140,5)
       C:\Program Files\dotnet\sdk\9.0.305\Sdks\Microsoft.NET.Sdk\targets\Microsoft.NET.Sdk.targets(144,5): message : Riassegnazione della proprietà: $(AvailablePlatforms)="Any CPU,x86,x64,ARM32,ARM64" (valore precedente: "Any CPU,x86,x64,ARM32") in C:\Program Files\dotnet\sdk\9.0.305\Sdks\Microsoft.NET.Sdk\targets\Microsoft.NET.Sdk.targets (144,5)
       C:\Program Files\dotnet\sdk\9.0.305\Sdks\Microsoft.NET.Sdk\targets\Microsoft.NET.Sdk.targets(201,5): message : Riassegnazione della proprietà: $(CoreBuildDependsOn)="
       C:\Program Files\dotnet\sdk\9.0.305\Sdks\Microsoft.NET.Sdk\targets\Microsoft.NET.Sdk.targets(201,5): message :       _CheckForBuildWithNoBuild;
       C:\Program Files\dotnet\sdk\9.0.305\Sdks\Microsoft.NET.Sdk\targets\Microsoft.NET.Sdk.targets(201,5): message :       
       C:\Program Files\dotnet\sdk\9.0.305\Sdks\Microsoft.NET.Sdk\targets\Microsoft.NET.Sdk.targets(201,5): message :       BuildOnlySettings;
       C:\Program Files\dotnet\sdk\9.0.305\Sdks\Microsoft.NET.Sdk\targets\Microsoft.NET.Sdk.targets(201,5): message :       PrepareForBuild;
       C:\Program Files\dotnet\sdk\9.0.305\Sdks\Microsoft.NET.Sdk\targets\Microsoft.NET.Sdk.targets(201,5): message :       PreBuildEvent;
       C:\Program Files\dotnet\sdk\9.0.305\Sdks\Microsoft.NET.Sdk\targets\Microsoft.NET.Sdk.targets(201,5): message :       ResolveReferences;
       C:\Program Files\dotnet\sdk\9.0.305\Sdks\Microsoft.NET.Sdk\targets\Microsoft.NET.Sdk.targets(201,5): message :       PrepareResources;
       C:\Program Files\dotnet\sdk\9.0.305\Sdks\Microsoft.NET.Sdk\targets\Microsoft.NET.Sdk.targets(201,5): message :       ResolveKeySource;
       C:\Program Files\dotnet\sdk\9.0.305\Sdks\Microsoft.NET.Sdk\targets\Microsoft.NET.Sdk.targets(201,5): message :       Compile;
       C:\Program Files\dotnet\sdk\9.0.305\Sdks\Microsoft.NET.Sdk\targets\Microsoft.NET.Sdk.targets(201,5): message :       ExportWindowsMDFile;
       C:\Program Files\dotnet\sdk\9.0.305\Sdks\Microsoft.NET.Sdk\targets\Microsoft.NET.Sdk.targets(201,5): message :       UnmanagedUnregistration;
       C:\Program Files\dotnet\sdk\9.0.305\Sdks\Microsoft.NET.Sdk\targets\Microsoft.NET.Sdk.targets(201,5): message :       GenerateSerializationAssemblies;
       C:\Program Files\dotnet\sdk\9.0.305\Sdks\Microsoft.NET.Sdk\targets\Microsoft.NET.Sdk.targets(201,5): message :       CreateSatelliteAssemblies;
       C:\Program Files\dotnet\sdk\9.0.305\Sdks\Microsoft.NET.Sdk\targets\Microsoft.NET.Sdk.targets(201,5): message :       GenerateManifests;
       C:\Program Files\dotnet\sdk\9.0.305\Sdks\Microsoft.NET.Sdk\targets\Microsoft.NET.Sdk.targets(201,5): message :       GetTargetPath;
       C:\Program Files\dotnet\sdk\9.0.305\Sdks\Microsoft.NET.Sdk\targets\Microsoft.NET.Sdk.targets(201,5): message :       PrepareForRun;
       C:\Program Files\dotnet\sdk\9.0.305\Sdks\Microsoft.NET.Sdk\targets\Microsoft.NET.Sdk.targets(201,5): message :       UnmanagedRegistration;
       C:\Program Files\dotnet\sdk\9.0.305\Sdks\Microsoft.NET.Sdk\targets\Microsoft.NET.Sdk.targets(201,5): message :       IncrementalClean;
       C:\Program Files\dotnet\sdk\9.0.305\Sdks\Microsoft.NET.Sdk\targets\Microsoft.NET.Sdk.targets(201,5): message :       PostBuildEvent
       C:\Program Files\dotnet\sdk\9.0.305\Sdks\Microsoft.NET.Sdk\targets\Microsoft.NET.Sdk.targets(201,5): message :     ;
       C:\Program Files\dotnet\sdk\9.0.305\Sdks\Microsoft.NET.Sdk\targets\Microsoft.NET.Sdk.targets(201,5): message :       GenerateBuildDependencyFile;
       C:\Program Files\dotnet\sdk\9.0.305\Sdks\Microsoft.NET.Sdk\targets\Microsoft.NET.Sdk.targets(201,5): message :       GenerateBuildRuntimeConfigurationFiles
       C:\Program Files\dotnet\sdk\9.0.305\Sdks\Microsoft.NET.Sdk\targets\Microsoft.NET.Sdk.targets(201,5): message :     " (valore precedente: "
       C:\Program Files\dotnet\sdk\9.0.305\Sdks\Microsoft.NET.Sdk\targets\Microsoft.NET.Sdk.targets(201,5): message :       BuildOnlySettings;
       C:\Program Files\dotnet\sdk\9.0.305\Sdks\Microsoft.NET.Sdk\targets\Microsoft.NET.Sdk.targets(201,5): message :       PrepareForBuild;
       C:\Program Files\dotnet\sdk\9.0.305\Sdks\Microsoft.NET.Sdk\targets\Microsoft.NET.Sdk.targets(201,5): message :       PreBuildEvent;
       C:\Program Files\dotnet\sdk\9.0.305\Sdks\Microsoft.NET.Sdk\targets\Microsoft.NET.Sdk.targets(201,5): message :       ResolveReferences;
       C:\Program Files\dotnet\sdk\9.0.305\Sdks\Microsoft.NET.Sdk\targets\Microsoft.NET.Sdk.targets(201,5): message :       PrepareResources;
       C:\Program Files\dotnet\sdk\9.0.305\Sdks\Microsoft.NET.Sdk\targets\Microsoft.NET.Sdk.targets(201,5): message :       ResolveKeySource;
       C:\Program Files\dotnet\sdk\9.0.305\Sdks\Microsoft.NET.Sdk\targets\Microsoft.NET.Sdk.targets(201,5): message :       Compile;
       C:\Program Files\dotnet\sdk\9.0.305\Sdks\Microsoft.NET.Sdk\targets\Microsoft.NET.Sdk.targets(201,5): message :       ExportWindowsMDFile;
       C:\Program Files\dotnet\sdk\9.0.305\Sdks\Microsoft.NET.Sdk\targets\Microsoft.NET.Sdk.targets(201,5): message :       UnmanagedUnregistration;
       C:\Program Files\dotnet\sdk\9.0.305\Sdks\Microsoft.NET.Sdk\targets\Microsoft.NET.Sdk.targets(201,5): message :       GenerateSerializationAssemblies;
       C:\Program Files\dotnet\sdk\9.0.305\Sdks\Microsoft.NET.Sdk\targets\Microsoft.NET.Sdk.targets(201,5): message :       CreateSatelliteAssemblies;
       C:\Program Files\dotnet\sdk\9.0.305\Sdks\Microsoft.NET.Sdk\targets\Microsoft.NET.Sdk.targets(201,5): message :       GenerateManifests;
       C:\Program Files\dotnet\sdk\9.0.305\Sdks\Microsoft.NET.Sdk\targets\Microsoft.NET.Sdk.targets(201,5): message :       GetTargetPath;
       C:\Program Files\dotnet\sdk\9.0.305\Sdks\Microsoft.NET.Sdk\targets\Microsoft.NET.Sdk.targets(201,5): message :       PrepareForRun;
       C:\Program Files\dotnet\sdk\9.0.305\Sdks\Microsoft.NET.Sdk\targets\Microsoft.NET.Sdk.targets(201,5): message :       UnmanagedRegistration;
       C:\Program Files\dotnet\sdk\9.0.305\Sdks\Microsoft.NET.Sdk\targets\Microsoft.NET.Sdk.targets(201,5): message :       IncrementalClean;
       C:\Program Files\dotnet\sdk\9.0.305\Sdks\Microsoft.NET.Sdk\targets\Microsoft.NET.Sdk.targets(201,5): message :       PostBuildEvent
       C:\Program Files\dotnet\sdk\9.0.305\Sdks\Microsoft.NET.Sdk\targets\Microsoft.NET.Sdk.targets(201,5): message :     ") in C:\Program Files\dotnet\sdk\9.0.305\Sdks\Microsoft.NET.Sdk\targets\Microsoft.NET.Sdk.targets (201,5)
       C:\Program Files\dotnet\sdk\9.0.305\Sdks\Microsoft.NET.Sdk\targets\Microsoft.NET.Sdk.targets(210,5): message : Riassegnazione della proprietà: $(CoreCleanDependsOn)="
       C:\Program Files\dotnet\sdk\9.0.305\Sdks\Microsoft.NET.Sdk\targets\Microsoft.NET.Sdk.targets(210,5): message :       _SdkBeforeClean;
       C:\Program Files\dotnet\sdk\9.0.305\Sdks\Microsoft.NET.Sdk\targets\Microsoft.NET.Sdk.targets(210,5): message :       
       C:\Program Files\dotnet\sdk\9.0.305\Sdks\Microsoft.NET.Sdk\targets\Microsoft.NET.Sdk.targets(210,5): message :     " (valore precedente: "") in C:\Program Files\dotnet\sdk\9.0.305\Sdks\Microsoft.NET.Sdk\targets\Microsoft.NET.Sdk.targets (210,5)
       C:\Program Files\dotnet\sdk\9.0.305\Sdks\Microsoft.NET.Sdk\targets\Microsoft.NET.Sdk.targets(217,5): message : Riassegnazione della proprietà: $(RebuildDependsOn)="
       C:\Program Files\dotnet\sdk\9.0.305\Sdks\Microsoft.NET.Sdk\targets\Microsoft.NET.Sdk.targets(217,5): message :       _SdkBeforeRebuild;
       C:\Program Files\dotnet\sdk\9.0.305\Sdks\Microsoft.NET.Sdk\targets\Microsoft.NET.Sdk.targets(217,5): message :       
       C:\Program Files\dotnet\sdk\9.0.305\Sdks\Microsoft.NET.Sdk\targets\Microsoft.NET.Sdk.targets(217,5): message :       BeforeRebuild;
       C:\Program Files\dotnet\sdk\9.0.305\Sdks\Microsoft.NET.Sdk\targets\Microsoft.NET.Sdk.targets(217,5): message :       Clean;
       C:\Program Files\dotnet\sdk\9.0.305\Sdks\Microsoft.NET.Sdk\targets\Microsoft.NET.Sdk.targets(217,5): message :       Build;
       C:\Program Files\dotnet\sdk\9.0.305\Sdks\Microsoft.NET.Sdk\targets\Microsoft.NET.Sdk.targets(217,5): message :       AfterRebuild;
       C:\Program Files\dotnet\sdk\9.0.305\Sdks\Microsoft.NET.Sdk\targets\Microsoft.NET.Sdk.targets(217,5): message :     
       C:\Program Files\dotnet\sdk\9.0.305\Sdks\Microsoft.NET.Sdk\targets\Microsoft.NET.Sdk.targets(217,5): message :     " (valore precedente: "
       C:\Program Files\dotnet\sdk\9.0.305\Sdks\Microsoft.NET.Sdk\targets\Microsoft.NET.Sdk.targets(217,5): message :       BeforeRebuild;
       C:\Program Files\dotnet\sdk\9.0.305\Sdks\Microsoft.NET.Sdk\targets\Microsoft.NET.Sdk.targets(217,5): message :       Clean;
       C:\Program Files\dotnet\sdk\9.0.305\Sdks\Microsoft.NET.Sdk\targets\Microsoft.NET.Sdk.targets(217,5): message :       Build;
       C:\Program Files\dotnet\sdk\9.0.305\Sdks\Microsoft.NET.Sdk\targets\Microsoft.NET.Sdk.targets(217,5): message :       AfterRebuild;
       C:\Program Files\dotnet\sdk\9.0.305\Sdks\Microsoft.NET.Sdk\targets\Microsoft.NET.Sdk.targets(217,5): message :     ") in C:\Program Files\dotnet\sdk\9.0.305\Sdks\Microsoft.NET.Sdk\targets\Microsoft.NET.Sdk.targets (217,5)
       C:\Program Files\dotnet\sdk\9.0.305\Sdks\Microsoft.NET.Sdk\targets\Microsoft.NET.Sdk.targets(784,5): message : Riassegnazione della proprietà: $(CompileDependsOn)="
       C:\Program Files\dotnet\sdk\9.0.305\Sdks\Microsoft.NET.Sdk\targets\Microsoft.NET.Sdk.targets(784,5): message :       
       C:\Program Files\dotnet\sdk\9.0.305\Sdks\Microsoft.NET.Sdk\targets\Microsoft.NET.Sdk.targets(784,5): message :       ResolveReferences;
       C:\Program Files\dotnet\sdk\9.0.305\Sdks\Microsoft.NET.Sdk\targets\Microsoft.NET.Sdk.targets(784,5): message :       ResolveKeySource;
       C:\Program Files\dotnet\sdk\9.0.305\Sdks\Microsoft.NET.Sdk\targets\Microsoft.NET.Sdk.targets(784,5): message :       SetWin32ManifestProperties;
       C:\Program Files\dotnet\sdk\9.0.305\Sdks\Microsoft.NET.Sdk\targets\Microsoft.NET.Sdk.targets(784,5): message :       _SetPreferNativeArm64Win32ManifestProperties;
       C:\Program Files\dotnet\sdk\9.0.305\Sdks\Microsoft.NET.Sdk\targets\Microsoft.NET.Sdk.targets(784,5): message :       FindReferenceAssembliesForReferences;
       C:\Program Files\dotnet\sdk\9.0.305\Sdks\Microsoft.NET.Sdk\targets\Microsoft.NET.Sdk.targets(784,5): message :       _GenerateCompileInputs;
       C:\Program Files\dotnet\sdk\9.0.305\Sdks\Microsoft.NET.Sdk\targets\Microsoft.NET.Sdk.targets(784,5): message :       BeforeCompile;
       C:\Program Files\dotnet\sdk\9.0.305\Sdks\Microsoft.NET.Sdk\targets\Microsoft.NET.Sdk.targets(784,5): message :       _TimeStampBeforeCompile;
       C:\Program Files\dotnet\sdk\9.0.305\Sdks\Microsoft.NET.Sdk\targets\Microsoft.NET.Sdk.targets(784,5): message :       _GenerateCompileDependencyCache;
       C:\Program Files\dotnet\sdk\9.0.305\Sdks\Microsoft.NET.Sdk\targets\Microsoft.NET.Sdk.targets(784,5): message :       CoreCompile;
       C:\Program Files\dotnet\sdk\9.0.305\Sdks\Microsoft.NET.Sdk\targets\Microsoft.NET.Sdk.targets(784,5): message :       _TimeStampAfterCompile;
       C:\Program Files\dotnet\sdk\9.0.305\Sdks\Microsoft.NET.Sdk\targets\Microsoft.NET.Sdk.targets(784,5): message :       AfterCompile;
       C:\Program Files\dotnet\sdk\9.0.305\Sdks\Microsoft.NET.Sdk\targets\Microsoft.NET.Sdk.targets(784,5): message :     ;
       C:\Program Files\dotnet\sdk\9.0.305\Sdks\Microsoft.NET.Sdk\targets\Microsoft.NET.Sdk.targets(784,5): message :       _CreateAppHost;
       C:\Program Files\dotnet\sdk\9.0.305\Sdks\Microsoft.NET.Sdk\targets\Microsoft.NET.Sdk.targets(784,5): message :       _CreateComHost;
       C:\Program Files\dotnet\sdk\9.0.305\Sdks\Microsoft.NET.Sdk\targets\Microsoft.NET.Sdk.targets(784,5): message :       _GetIjwHostPaths;
       C:\Program Files\dotnet\sdk\9.0.305\Sdks\Microsoft.NET.Sdk\targets\Microsoft.NET.Sdk.targets(784,5): message :     " (valore precedente: "
       C:\Program Files\dotnet\sdk\9.0.305\Sdks\Microsoft.NET.Sdk\targets\Microsoft.NET.Sdk.targets(784,5): message :       ResolveReferences;
       C:\Program Files\dotnet\sdk\9.0.305\Sdks\Microsoft.NET.Sdk\targets\Microsoft.NET.Sdk.targets(784,5): message :       ResolveKeySource;
       C:\Program Files\dotnet\sdk\9.0.305\Sdks\Microsoft.NET.Sdk\targets\Microsoft.NET.Sdk.targets(784,5): message :       SetWin32ManifestProperties;
       C:\Program Files\dotnet\sdk\9.0.305\Sdks\Microsoft.NET.Sdk\targets\Microsoft.NET.Sdk.targets(784,5): message :       _SetPreferNativeArm64Win32ManifestProperties;
       C:\Program Files\dotnet\sdk\9.0.305\Sdks\Microsoft.NET.Sdk\targets\Microsoft.NET.Sdk.targets(784,5): message :       FindReferenceAssembliesForReferences;
       C:\Program Files\dotnet\sdk\9.0.305\Sdks\Microsoft.NET.Sdk\targets\Microsoft.NET.Sdk.targets(784,5): message :       _GenerateCompileInputs;
       C:\Program Files\dotnet\sdk\9.0.305\Sdks\Microsoft.NET.Sdk\targets\Microsoft.NET.Sdk.targets(784,5): message :       BeforeCompile;
       C:\Program Files\dotnet\sdk\9.0.305\Sdks\Microsoft.NET.Sdk\targets\Microsoft.NET.Sdk.targets(784,5): message :       _TimeStampBeforeCompile;
       C:\Program Files\dotnet\sdk\9.0.305\Sdks\Microsoft.NET.Sdk\targets\Microsoft.NET.Sdk.targets(784,5): message :       _GenerateCompileDependencyCache;
       C:\Program Files\dotnet\sdk\9.0.305\Sdks\Microsoft.NET.Sdk\targets\Microsoft.NET.Sdk.targets(784,5): message :       CoreCompile;
       C:\Program Files\dotnet\sdk\9.0.305\Sdks\Microsoft.NET.Sdk\targets\Microsoft.NET.Sdk.targets(784,5): message :       _TimeStampAfterCompile;
       C:\Program Files\dotnet\sdk\9.0.305\Sdks\Microsoft.NET.Sdk\targets\Microsoft.NET.Sdk.targets(784,5): message :       AfterCompile;
       C:\Program Files\dotnet\sdk\9.0.305\Sdks\Microsoft.NET.Sdk\targets\Microsoft.NET.Sdk.targets(784,5): message :     ") in C:\Program Files\dotnet\sdk\9.0.305\Sdks\Microsoft.NET.Sdk\targets\Microsoft.NET.Sdk.targets (784,5)
       C:\Program Files\dotnet\sdk\9.0.305\Sdks\Microsoft.NET.Sdk\targets\Microsoft.NET.Sdk.targets(1184,5): message : Riassegnazione della proprietà: $(CreateSatelliteAssembliesDependsOn)="
       C:\Program Files\dotnet\sdk\9.0.305\Sdks\Microsoft.NET.Sdk\targets\Microsoft.NET.Sdk.targets(1184,5): message :       
       C:\Program Files\dotnet\sdk\9.0.305\Sdks\Microsoft.NET.Sdk\targets\Microsoft.NET.Sdk.targets(1184,5): message :       ;
       C:\Program Files\dotnet\sdk\9.0.305\Sdks\Microsoft.NET.Sdk\targets\Microsoft.NET.Sdk.targets(1184,5): message :       _GenerateSatelliteAssemblyInputs;
       C:\Program Files\dotnet\sdk\9.0.305\Sdks\Microsoft.NET.Sdk\targets\Microsoft.NET.Sdk.targets(1184,5): message :       ComputeIntermediateSatelliteAssemblies;
       C:\Program Files\dotnet\sdk\9.0.305\Sdks\Microsoft.NET.Sdk\targets\Microsoft.NET.Sdk.targets(1184,5): message :       GenerateSatelliteAssemblies
       C:\Program Files\dotnet\sdk\9.0.305\Sdks\Microsoft.NET.Sdk\targets\Microsoft.NET.Sdk.targets(1184,5): message :     ;
       C:\Program Files\dotnet\sdk\9.0.305\Sdks\Microsoft.NET.Sdk\targets\Microsoft.NET.Sdk.targets(1184,5): message :       CoreGenerateSatelliteAssemblies
       C:\Program Files\dotnet\sdk\9.0.305\Sdks\Microsoft.NET.Sdk\targets\Microsoft.NET.Sdk.targets(1184,5): message :     " (valore precedente: "
       C:\Program Files\dotnet\sdk\9.0.305\Sdks\Microsoft.NET.Sdk\targets\Microsoft.NET.Sdk.targets(1184,5): message :       ;
       C:\Program Files\dotnet\sdk\9.0.305\Sdks\Microsoft.NET.Sdk\targets\Microsoft.NET.Sdk.targets(1184,5): message :       _GenerateSatelliteAssemblyInputs;
       C:\Program Files\dotnet\sdk\9.0.305\Sdks\Microsoft.NET.Sdk\targets\Microsoft.NET.Sdk.targets(1184,5): message :       ComputeIntermediateSatelliteAssemblies;
       C:\Program Files\dotnet\sdk\9.0.305\Sdks\Microsoft.NET.Sdk\targets\Microsoft.NET.Sdk.targets(1184,5): message :       GenerateSatelliteAssemblies
       C:\Program Files\dotnet\sdk\9.0.305\Sdks\Microsoft.NET.Sdk\targets\Microsoft.NET.Sdk.targets(1184,5): message :     ") in C:\Program Files\dotnet\sdk\9.0.305\Sdks\Microsoft.NET.Sdk\targets\Microsoft.NET.Sdk.targets (1184,5)
       C:\Program Files\dotnet\sdk\9.0.305\Sdks\Microsoft.SourceLink.GitLab\build\Microsoft.SourceLink.GitLab.targets(12,5): message : Riassegnazione della proprietà: $(SourceLinkUrlInitializerTargets)=";_InitializeGitHubSourceLinkUrl;_InitializeGitLabSourceLinkUrl" (valore precedente: ";_InitializeGitHubSourceLinkUrl") in C:\Program Files\dotnet\sdk\9.0.305\Sdks\Microsoft.SourceLink.GitLab\build\Microsoft.SourceLink.GitLab.targets (12,5)
       C:\Program Files\dotnet\sdk\9.0.305\Sdks\Microsoft.SourceLink.GitLab\build\Microsoft.SourceLink.GitLab.targets(13,5): message : Riassegnazione della proprietà: $(SourceControlManagerUrlTranslationTargets)=";TranslateGitHubUrlsInSourceControlInformation;TranslateGitLabUrlsInSourceControlInformation" (valore precedente: ";TranslateGitHubUrlsInSourceControlInformation") in C:\Program Files\dotnet\sdk\9.0.305\Sdks\Microsoft.SourceLink.GitLab\build\Microsoft.SourceLink.GitLab.targets (13,5)
       C:\Program Files\dotnet\sdk\9.0.305\Sdks\Microsoft.SourceLink.AzureRepos.Git\build\Microsoft.SourceLink.AzureRepos.Git.targets(12,5): message : Riassegnazione della proprietà: $(SourceLinkUrlInitializerTargets)=";_InitializeGitHubSourceLinkUrl;_InitializeGitLabSourceLinkUrl;_InitializeAzureReposGitSourceLinkUrl" (valore precedente: ";_InitializeGitHubSourceLinkUrl;_InitializeGitLabSourceLinkUrl") in C:\Program Files\dotnet\sdk\9.0.305\Sdks\Microsoft.SourceLink.AzureRepos.Git\build\Microsoft.SourceLink.AzureRepos.Git.targets (12,5)
       C:\Program Files\dotnet\sdk\9.0.305\Sdks\Microsoft.SourceLink.AzureRepos.Git\build\Microsoft.SourceLink.AzureRepos.Git.targets(13,5): message : Riassegnazione della proprietà: $(SourceControlManagerUrlTranslationTargets)=";TranslateGitHubUrlsInSourceControlInformation;TranslateGitLabUrlsInSourceControlInformation;TranslateAzureReposGitUrlsInSourceControlInformation" (valore precedente: ";TranslateGitHubUrlsInSourceControlInformation;TranslateGitLabUrlsInSourceControlInformation") in C:\Program Files\dotnet\sdk\9.0.305\Sdks\Microsoft.SourceLink.AzureRepos.Git\build\Microsoft.SourceLink.AzureRepos.Git.targets (13,5)
       C:\Program Files\dotnet\sdk\9.0.305\Sdks\Microsoft.SourceLink.Bitbucket.Git\build\Microsoft.SourceLink.Bitbucket.Git.targets(12,5): message : Riassegnazione della proprietà: $(SourceLinkUrlInitializerTargets)=";_InitializeGitHubSourceLinkUrl;_InitializeGitLabSourceLinkUrl;_InitializeAzureReposGitSourceLinkUrl;_InitializeBitbucketGitSourceLinkUrl" (valore precedente: ";_InitializeGitHubSourceLinkUrl;_InitializeGitLabSourceLinkUrl;_InitializeAzureReposGitSourceLinkUrl") in C:\Program Files\dotnet\sdk\9.0.305\Sdks\Microsoft.SourceLink.Bitbucket.Git\build\Microsoft.SourceLink.Bitbucket.Git.targets (12,5)
       C:\Program Files\dotnet\sdk\9.0.305\Sdks\Microsoft.SourceLink.Bitbucket.Git\build\Microsoft.SourceLink.Bitbucket.Git.targets(13,5): message : Riassegnazione della proprietà: $(SourceControlManagerUrlTranslationTargets)=";TranslateGitHubUrlsInSourceControlInformation;TranslateGitLabUrlsInSourceControlInformation;TranslateAzureReposGitUrlsInSourceControlInformation;TranslateBitbucketGitUrlsInSourceControlInformation" (valore precedente: ";TranslateGitHubUrlsInSourceControlInformation;TranslateGitLabUrlsInSourceControlInformation;TranslateAzureReposGitUrlsInSourceControlInformation") in C:\Program Files\dotnet\sdk\9.0.305\Sdks\Microsoft.SourceLink.Bitbucket.Git\build\Microsoft.SourceLink.Bitbucket.Git.targets (13,5)
       C:\Program Files\dotnet\sdk\9.0.305\Sdks\Microsoft.NET.Sdk\targets\Microsoft.NET.DesignerSupport.targets(21,5): message : Riassegnazione della proprietà: $(DesignerRuntimeImplementationProjectOutputGroupDependsOn)="
       C:\Program Files\dotnet\sdk\9.0.305\Sdks\Microsoft.NET.Sdk\targets\Microsoft.NET.DesignerSupport.targets(21,5): message :       
       C:\Program Files\dotnet\sdk\9.0.305\Sdks\Microsoft.NET.Sdk\targets\Microsoft.NET.DesignerSupport.targets(21,5): message :       ;
       C:\Program Files\dotnet\sdk\9.0.305\Sdks\Microsoft.NET.Sdk\targets\Microsoft.NET.DesignerSupport.targets(21,5): message :       
       C:\Program Files\dotnet\sdk\9.0.305\Sdks\Microsoft.NET.Sdk\targets\Microsoft.NET.DesignerSupport.targets(21,5): message :       ;
       C:\Program Files\dotnet\sdk\9.0.305\Sdks\Microsoft.NET.Sdk\targets\Microsoft.NET.DesignerSupport.targets(21,5): message :       BuildOnlySettings;
       C:\Program Files\dotnet\sdk\9.0.305\Sdks\Microsoft.NET.Sdk\targets\Microsoft.NET.DesignerSupport.targets(21,5): message :       PrepareForBuild;
       C:\Program Files\dotnet\sdk\9.0.305\Sdks\Microsoft.NET.Sdk\targets\Microsoft.NET.DesignerSupport.targets(21,5): message :       AssignTargetPaths;
       C:\Program Files\dotnet\sdk\9.0.305\Sdks\Microsoft.NET.Sdk\targets\Microsoft.NET.DesignerSupport.targets(21,5): message :       ResolveReferences
       C:\Program Files\dotnet\sdk\9.0.305\Sdks\Microsoft.NET.Sdk\targets\Microsoft.NET.DesignerSupport.targets(21,5): message :     
       C:\Program Files\dotnet\sdk\9.0.305\Sdks\Microsoft.NET.Sdk\targets\Microsoft.NET.DesignerSupport.targets(21,5): message :     ;
       C:\Program Files\dotnet\sdk\9.0.305\Sdks\Microsoft.NET.Sdk\targets\Microsoft.NET.DesignerSupport.targets(21,5): message :       _GenerateDesignerDepsFile;
       C:\Program Files\dotnet\sdk\9.0.305\Sdks\Microsoft.NET.Sdk\targets\Microsoft.NET.DesignerSupport.targets(21,5): message :       _GenerateDesignerRuntimeConfigFile;
       C:\Program Files\dotnet\sdk\9.0.305\Sdks\Microsoft.NET.Sdk\targets\Microsoft.NET.DesignerSupport.targets(21,5): message :       GetCopyToOutputDirectoryItems;
       C:\Program Files\dotnet\sdk\9.0.305\Sdks\Microsoft.NET.Sdk\targets\Microsoft.NET.DesignerSupport.targets(21,5): message :       _GatherDesignerShadowCopyFiles;
       C:\Program Files\dotnet\sdk\9.0.305\Sdks\Microsoft.NET.Sdk\targets\Microsoft.NET.DesignerSupport.targets(21,5): message :     " (valore precedente: "
       C:\Program Files\dotnet\sdk\9.0.305\Sdks\Microsoft.NET.Sdk\targets\Microsoft.NET.DesignerSupport.targets(21,5): message :       ;
       C:\Program Files\dotnet\sdk\9.0.305\Sdks\Microsoft.NET.Sdk\targets\Microsoft.NET.DesignerSupport.targets(21,5): message :       
       C:\Program Files\dotnet\sdk\9.0.305\Sdks\Microsoft.NET.Sdk\targets\Microsoft.NET.DesignerSupport.targets(21,5): message :       ;
       C:\Program Files\dotnet\sdk\9.0.305\Sdks\Microsoft.NET.Sdk\targets\Microsoft.NET.DesignerSupport.targets(21,5): message :       BuildOnlySettings;
       C:\Program Files\dotnet\sdk\9.0.305\Sdks\Microsoft.NET.Sdk\targets\Microsoft.NET.DesignerSupport.targets(21,5): message :       PrepareForBuild;
       C:\Program Files\dotnet\sdk\9.0.305\Sdks\Microsoft.NET.Sdk\targets\Microsoft.NET.DesignerSupport.targets(21,5): message :       AssignTargetPaths;
       C:\Program Files\dotnet\sdk\9.0.305\Sdks\Microsoft.NET.Sdk\targets\Microsoft.NET.DesignerSupport.targets(21,5): message :       ResolveReferences
       C:\Program Files\dotnet\sdk\9.0.305\Sdks\Microsoft.NET.Sdk\targets\Microsoft.NET.DesignerSupport.targets(21,5): message :     
       C:\Program Files\dotnet\sdk\9.0.305\Sdks\Microsoft.NET.Sdk\targets\Microsoft.NET.DesignerSupport.targets(21,5): message :     ") in C:\Program Files\dotnet\sdk\9.0.305\Sdks\Microsoft.NET.Sdk\targets\Microsoft.NET.DesignerSupport.targets (21,5)
       C:\Program Files\dotnet\sdk\9.0.305\Sdks\Microsoft.NET.Sdk\targets\Microsoft.NET.PackTool.targets(68,5): message : Riassegnazione della proprietà: $(_GenerateToolsSettingsFileCacheFile)="C:\Users\rober\Documents\MoneyMindApp\obj\Debug\net8.0-android\MoneyMindApp.toolssettingsinput.cache" (valore precedente: "obj\Debug\net8.0-android\MoneyMindApp.toolssettingsinput.cache") in C:\Program Files\dotnet\sdk\9.0.305\Sdks\Microsoft.NET.Sdk\targets\Microsoft.NET.PackTool.targets (68,5)
       C:\Program Files\dotnet\sdk\9.0.305\Sdks\Microsoft.NET.Sdk\targets\Microsoft.NET.PackTool.targets(137,5): message : Riassegnazione della proprietà: $(_ShimInputCacheFile)="C:\Users\rober\Documents\MoneyMindApp\obj\Debug\net8.0-android\MoneyMindApp.shiminput.cache" (valore precedente: "obj\Debug\net8.0-android\MoneyMindApp.shiminput.cache") in C:\Program Files\dotnet\sdk\9.0.305\Sdks\Microsoft.NET.Sdk\targets\Microsoft.NET.PackTool.targets (137,5)
       C:\Program Files\dotnet\sdk\9.0.305\Sdks\Microsoft.NET.Sdk\targets\Microsoft.NET.PackTool.targets(139,5): message : Riassegnazione della proprietà: $(_ShimCreatedSentinelFile)="C:\Users\rober\Documents\MoneyMindApp\obj\Debug\net8.0-android\MoneyMindApp.shimcreated.sentinel" (valore precedente: "obj\Debug\net8.0-android\MoneyMindApp.shimcreated.sentinel") in C:\Program Files\dotnet\sdk\9.0.305\Sdks\Microsoft.NET.Sdk\targets\Microsoft.NET.PackTool.targets (139,5)
       C:\Program Files\dotnet\sdk\9.0.305\Sdks\Microsoft.NET.Sdk\targets\Microsoft.NET.Sdk.CSharp.targets(31,5): message : Riassegnazione della proprietà: $(DefineConstants)="TRACE;DEBUG" (valore precedente: "TRACE") in C:\Program Files\dotnet\sdk\9.0.305\Sdks\Microsoft.NET.Sdk\targets\Microsoft.NET.Sdk.CSharp.targets (31,5)
       C:\Program Files\dotnet\sdk\9.0.305\Sdks\Microsoft.NET.Sdk\targets\Microsoft.NET.Sdk.CSharp.targets(34,5): message : Riassegnazione della proprietà: $(DefineConstants)="TRACE;DEBUG;NET;NET8_0;NETCOREAPP" (valore precedente: "TRACE;DEBUG") in C:\Program Files\dotnet\sdk\9.0.305\Sdks\Microsoft.NET.Sdk\targets\Microsoft.NET.Sdk.CSharp.targets (34,5)
       C:\Program Files\dotnet\sdk\9.0.305\Sdks\Microsoft.NET.Sdk\targets\Microsoft.NET.Sdk.CSharp.targets(48,5): message : Riassegnazione della proprietà: $(WarningsAsErrors)=";NU1605;SYSLIB0011" (valore precedente: ";NU1605") in C:\Program Files\dotnet\sdk\9.0.305\Sdks\Microsoft.NET.Sdk\targets\Microsoft.NET.Sdk.CSharp.targets (48,5)
       C:\Program Files\dotnet\packs\Microsoft.Android.Sdk.Windows\34.0.154\targets\Microsoft.Android.Sdk.BuildOrder.targets(14,5): message : Riassegnazione della proprietà: $(BuildDependsOn)="
       C:\Program Files\dotnet\packs\Microsoft.Android.Sdk.Windows\34.0.154\targets\Microsoft.Android.Sdk.BuildOrder.targets(14,5): message :       _ValidateLinkMode;
       C:\Program Files\dotnet\packs\Microsoft.Android.Sdk.Windows\34.0.154\targets\Microsoft.Android.Sdk.BuildOrder.targets(14,5): message :       _CheckNonIdealConfigurations;
       C:\Program Files\dotnet\packs\Microsoft.Android.Sdk.Windows\34.0.154\targets\Microsoft.Android.Sdk.BuildOrder.targets(14,5): message :       _SetupMSBuildAllProjects;
       C:\Program Files\dotnet\packs\Microsoft.Android.Sdk.Windows\34.0.154\targets\Microsoft.Android.Sdk.BuildOrder.targets(14,5): message :       _SetupDesignTimeBuildForBuild;
       C:\Program Files\dotnet\packs\Microsoft.Android.Sdk.Windows\34.0.154\targets\Microsoft.Android.Sdk.BuildOrder.targets(14,5): message :       _CategorizeAndroidLibraries;
       C:\Program Files\dotnet\packs\Microsoft.Android.Sdk.Windows\34.0.154\targets\Microsoft.Android.Sdk.BuildOrder.targets(14,5): message :       _CreatePropertiesCache;
       C:\Program Files\dotnet\packs\Microsoft.Android.Sdk.Windows\34.0.154\targets\Microsoft.Android.Sdk.BuildOrder.targets(14,5): message :       _CleanIntermediateIfNeeded;
       C:\Program Files\dotnet\packs\Microsoft.Android.Sdk.Windows\34.0.154\targets\Microsoft.Android.Sdk.BuildOrder.targets(14,5): message :       _CheckProjectItems;
       C:\Program Files\dotnet\packs\Microsoft.Android.Sdk.Windows\34.0.154\targets\Microsoft.Android.Sdk.BuildOrder.targets(14,5): message :       _CheckForContent;
       C:\Program Files\dotnet\packs\Microsoft.Android.Sdk.Windows\34.0.154\targets\Microsoft.Android.Sdk.BuildOrder.targets(14,5): message :       _CheckForObsoleteFrameworkAssemblies;
       C:\Program Files\dotnet\packs\Microsoft.Android.Sdk.Windows\34.0.154\targets\Microsoft.Android.Sdk.BuildOrder.targets(14,5): message :       _ValidateAndroidPackageProperties;
       C:\Program Files\dotnet\packs\Microsoft.Android.Sdk.Windows\34.0.154\targets\Microsoft.Android.Sdk.BuildOrder.targets(14,5): message :       AddLibraryJarsToBind;
       C:\Program Files\dotnet\packs\Microsoft.Android.Sdk.Windows\34.0.154\targets\Microsoft.Android.Sdk.BuildOrder.targets(14,5): message :       _CollectJavaSourceForBinding;
       C:\Program Files\dotnet\packs\Microsoft.Android.Sdk.Windows\34.0.154\targets\Microsoft.Android.Sdk.BuildOrder.targets(14,5): message :       _CompileBindingJava;
       C:\Program Files\dotnet\packs\Microsoft.Android.Sdk.Windows\34.0.154\targets\Microsoft.Android.Sdk.BuildOrder.targets(14,5): message :       
       C:\Program Files\dotnet\packs\Microsoft.Android.Sdk.Windows\34.0.154\targets\Microsoft.Android.Sdk.BuildOrder.targets(14,5): message :       BeforeBuild;
       C:\Program Files\dotnet\packs\Microsoft.Android.Sdk.Windows\34.0.154\targets\Microsoft.Android.Sdk.BuildOrder.targets(14,5): message :       CoreBuild;
       C:\Program Files\dotnet\packs\Microsoft.Android.Sdk.Windows\34.0.154\targets\Microsoft.Android.Sdk.BuildOrder.targets(14,5): message :       AfterBuild
       C:\Program Files\dotnet\packs\Microsoft.Android.Sdk.Windows\34.0.154\targets\Microsoft.Android.Sdk.BuildOrder.targets(14,5): message :     ;
       C:\Program Files\dotnet\packs\Microsoft.Android.Sdk.Windows\34.0.154\targets\Microsoft.Android.Sdk.BuildOrder.targets(14,5): message :       _CompileDex;
       C:\Program Files\dotnet\packs\Microsoft.Android.Sdk.Windows\34.0.154\targets\Microsoft.Android.Sdk.BuildOrder.targets(14,5): message :       
       C:\Program Files\dotnet\packs\Microsoft.Android.Sdk.Windows\34.0.154\targets\Microsoft.Android.Sdk.BuildOrder.targets(14,5): message : 		;
       C:\Program Files\dotnet\packs\Microsoft.Android.Sdk.Windows\34.0.154\targets\Microsoft.Android.Sdk.BuildOrder.targets(14,5): message : 		_CompileFastDevDex
       C:\Program Files\dotnet\packs\Microsoft.Android.Sdk.Windows\34.0.154\targets\Microsoft.Android.Sdk.BuildOrder.targets(14,5): message : 		;_CompileToDalvikLibraryJars
       C:\Program Files\dotnet\packs\Microsoft.Android.Sdk.Windows\34.0.154\targets\Microsoft.Android.Sdk.BuildOrder.targets(14,5): message : 		;_RemoveFastDevDex
       C:\Program Files\dotnet\packs\Microsoft.Android.Sdk.Windows\34.0.154\targets\Microsoft.Android.Sdk.BuildOrder.targets(14,5): message : 	;
       C:\Program Files\dotnet\packs\Microsoft.Android.Sdk.Windows\34.0.154\targets\Microsoft.Android.Sdk.BuildOrder.targets(14,5): message :     " (valore precedente: "
       C:\Program Files\dotnet\packs\Microsoft.Android.Sdk.Windows\34.0.154\targets\Microsoft.Android.Sdk.BuildOrder.targets(14,5): message :       BeforeBuild;
       C:\Program Files\dotnet\packs\Microsoft.Android.Sdk.Windows\34.0.154\targets\Microsoft.Android.Sdk.BuildOrder.targets(14,5): message :       CoreBuild;
       C:\Program Files\dotnet\packs\Microsoft.Android.Sdk.Windows\34.0.154\targets\Microsoft.Android.Sdk.BuildOrder.targets(14,5): message :       AfterBuild
       C:\Program Files\dotnet\packs\Microsoft.Android.Sdk.Windows\34.0.154\targets\Microsoft.Android.Sdk.BuildOrder.targets(14,5): message :     ") in C:\Program Files\dotnet\packs\Microsoft.Android.Sdk.Windows\34.0.154\targets\Microsoft.Android.Sdk.BuildOrder.targets (14,5)
       C:\Program Files\dotnet\packs\Microsoft.Android.Sdk.Windows\34.0.154\targets\Microsoft.Android.Sdk.BuildOrder.targets(37,5): message : Riassegnazione della proprietà: $(BuildDependsOn)="
       C:\Program Files\dotnet\packs\Microsoft.Android.Sdk.Windows\34.0.154\targets\Microsoft.Android.Sdk.BuildOrder.targets(37,5): message :       
       C:\Program Files\dotnet\packs\Microsoft.Android.Sdk.Windows\34.0.154\targets\Microsoft.Android.Sdk.BuildOrder.targets(37,5): message :       _ValidateLinkMode;
       C:\Program Files\dotnet\packs\Microsoft.Android.Sdk.Windows\34.0.154\targets\Microsoft.Android.Sdk.BuildOrder.targets(37,5): message :       _CheckNonIdealConfigurations;
       C:\Program Files\dotnet\packs\Microsoft.Android.Sdk.Windows\34.0.154\targets\Microsoft.Android.Sdk.BuildOrder.targets(37,5): message :       _SetupMSBuildAllProjects;
       C:\Program Files\dotnet\packs\Microsoft.Android.Sdk.Windows\34.0.154\targets\Microsoft.Android.Sdk.BuildOrder.targets(37,5): message :       _SetupDesignTimeBuildForBuild;
       C:\Program Files\dotnet\packs\Microsoft.Android.Sdk.Windows\34.0.154\targets\Microsoft.Android.Sdk.BuildOrder.targets(37,5): message :       _CategorizeAndroidLibraries;
       C:\Program Files\dotnet\packs\Microsoft.Android.Sdk.Windows\34.0.154\targets\Microsoft.Android.Sdk.BuildOrder.targets(37,5): message :       _CreatePropertiesCache;
       C:\Program Files\dotnet\packs\Microsoft.Android.Sdk.Windows\34.0.154\targets\Microsoft.Android.Sdk.BuildOrder.targets(37,5): message :       _CleanIntermediateIfNeeded;
       C:\Program Files\dotnet\packs\Microsoft.Android.Sdk.Windows\34.0.154\targets\Microsoft.Android.Sdk.BuildOrder.targets(37,5): message :       _CheckProjectItems;
       C:\Program Files\dotnet\packs\Microsoft.Android.Sdk.Windows\34.0.154\targets\Microsoft.Android.Sdk.BuildOrder.targets(37,5): message :       _CheckForContent;
       C:\Program Files\dotnet\packs\Microsoft.Android.Sdk.Windows\34.0.154\targets\Microsoft.Android.Sdk.BuildOrder.targets(37,5): message :       _CheckForObsoleteFrameworkAssemblies;
       C:\Program Files\dotnet\packs\Microsoft.Android.Sdk.Windows\34.0.154\targets\Microsoft.Android.Sdk.BuildOrder.targets(37,5): message :       _ValidateAndroidPackageProperties;
       C:\Program Files\dotnet\packs\Microsoft.Android.Sdk.Windows\34.0.154\targets\Microsoft.Android.Sdk.BuildOrder.targets(37,5): message :       AddLibraryJarsToBind;
       C:\Program Files\dotnet\packs\Microsoft.Android.Sdk.Windows\34.0.154\targets\Microsoft.Android.Sdk.BuildOrder.targets(37,5): message :       _CollectJavaSourceForBinding;
       C:\Program Files\dotnet\packs\Microsoft.Android.Sdk.Windows\34.0.154\targets\Microsoft.Android.Sdk.BuildOrder.targets(37,5): message :       _CompileBindingJava;
       C:\Program Files\dotnet\packs\Microsoft.Android.Sdk.Windows\34.0.154\targets\Microsoft.Android.Sdk.BuildOrder.targets(37,5): message :       
       C:\Program Files\dotnet\packs\Microsoft.Android.Sdk.Windows\34.0.154\targets\Microsoft.Android.Sdk.BuildOrder.targets(37,5): message :       BeforeBuild;
       C:\Program Files\dotnet\packs\Microsoft.Android.Sdk.Windows\34.0.154\targets\Microsoft.Android.Sdk.BuildOrder.targets(37,5): message :       CoreBuild;
       C:\Program Files\dotnet\packs\Microsoft.Android.Sdk.Windows\34.0.154\targets\Microsoft.Android.Sdk.BuildOrder.targets(37,5): message :       AfterBuild
       C:\Program Files\dotnet\packs\Microsoft.Android.Sdk.Windows\34.0.154\targets\Microsoft.Android.Sdk.BuildOrder.targets(37,5): message :     ;
       C:\Program Files\dotnet\packs\Microsoft.Android.Sdk.Windows\34.0.154\targets\Microsoft.Android.Sdk.BuildOrder.targets(37,5): message :       _CompileDex;
       C:\Program Files\dotnet\packs\Microsoft.Android.Sdk.Windows\34.0.154\targets\Microsoft.Android.Sdk.BuildOrder.targets(37,5): message :       
       C:\Program Files\dotnet\packs\Microsoft.Android.Sdk.Windows\34.0.154\targets\Microsoft.Android.Sdk.BuildOrder.targets(37,5): message : 		;
       C:\Program Files\dotnet\packs\Microsoft.Android.Sdk.Windows\34.0.154\targets\Microsoft.Android.Sdk.BuildOrder.targets(37,5): message : 		_CompileFastDevDex
       C:\Program Files\dotnet\packs\Microsoft.Android.Sdk.Windows\34.0.154\targets\Microsoft.Android.Sdk.BuildOrder.targets(37,5): message : 		;_CompileToDalvikLibraryJars
       C:\Program Files\dotnet\packs\Microsoft.Android.Sdk.Windows\34.0.154\targets\Microsoft.Android.Sdk.BuildOrder.targets(37,5): message : 		;_RemoveFastDevDex
       C:\Program Files\dotnet\packs\Microsoft.Android.Sdk.Windows\34.0.154\targets\Microsoft.Android.Sdk.BuildOrder.targets(37,5): message : 	;
       C:\Program Files\dotnet\packs\Microsoft.Android.Sdk.Windows\34.0.154\targets\Microsoft.Android.Sdk.BuildOrder.targets(37,5): message :     ;
       C:\Program Files\dotnet\packs\Microsoft.Android.Sdk.Windows\34.0.154\targets\Microsoft.Android.Sdk.BuildOrder.targets(37,5): message :       _CopyPackage;
       C:\Program Files\dotnet\packs\Microsoft.Android.Sdk.Windows\34.0.154\targets\Microsoft.Android.Sdk.BuildOrder.targets(37,5): message :       _Sign;
       C:\Program Files\dotnet\packs\Microsoft.Android.Sdk.Windows\34.0.154\targets\Microsoft.Android.Sdk.BuildOrder.targets(37,5): message :       _CreateUniversalApkFromBundle;
       C:\Program Files\dotnet\packs\Microsoft.Android.Sdk.Windows\34.0.154\targets\Microsoft.Android.Sdk.BuildOrder.targets(37,5): message :     " (valore precedente: "
       C:\Program Files\dotnet\packs\Microsoft.Android.Sdk.Windows\34.0.154\targets\Microsoft.Android.Sdk.BuildOrder.targets(37,5): message :       _ValidateLinkMode;
       C:\Program Files\dotnet\packs\Microsoft.Android.Sdk.Windows\34.0.154\targets\Microsoft.Android.Sdk.BuildOrder.targets(37,5): message :       _CheckNonIdealConfigurations;
       C:\Program Files\dotnet\packs\Microsoft.Android.Sdk.Windows\34.0.154\targets\Microsoft.Android.Sdk.BuildOrder.targets(37,5): message :       _SetupMSBuildAllProjects;
       C:\Program Files\dotnet\packs\Microsoft.Android.Sdk.Windows\34.0.154\targets\Microsoft.Android.Sdk.BuildOrder.targets(37,5): message :       _SetupDesignTimeBuildForBuild;
       C:\Program Files\dotnet\packs\Microsoft.Android.Sdk.Windows\34.0.154\targets\Microsoft.Android.Sdk.BuildOrder.targets(37,5): message :       _CategorizeAndroidLibraries;
       C:\Program Files\dotnet\packs\Microsoft.Android.Sdk.Windows\34.0.154\targets\Microsoft.Android.Sdk.BuildOrder.targets(37,5): message :       _CreatePropertiesCache;
       C:\Program Files\dotnet\packs\Microsoft.Android.Sdk.Windows\34.0.154\targets\Microsoft.Android.Sdk.BuildOrder.targets(37,5): message :       _CleanIntermediateIfNeeded;
       C:\Program Files\dotnet\packs\Microsoft.Android.Sdk.Windows\34.0.154\targets\Microsoft.Android.Sdk.BuildOrder.targets(37,5): message :       _CheckProjectItems;
       C:\Program Files\dotnet\packs\Microsoft.Android.Sdk.Windows\34.0.154\targets\Microsoft.Android.Sdk.BuildOrder.targets(37,5): message :       _CheckForContent;
       C:\Program Files\dotnet\packs\Microsoft.Android.Sdk.Windows\34.0.154\targets\Microsoft.Android.Sdk.BuildOrder.targets(37,5): message :       _CheckForObsoleteFrameworkAssemblies;
       C:\Program Files\dotnet\packs\Microsoft.Android.Sdk.Windows\34.0.154\targets\Microsoft.Android.Sdk.BuildOrder.targets(37,5): message :       _ValidateAndroidPackageProperties;
       C:\Program Files\dotnet\packs\Microsoft.Android.Sdk.Windows\34.0.154\targets\Microsoft.Android.Sdk.BuildOrder.targets(37,5): message :       AddLibraryJarsToBind;
       C:\Program Files\dotnet\packs\Microsoft.Android.Sdk.Windows\34.0.154\targets\Microsoft.Android.Sdk.BuildOrder.targets(37,5): message :       _CollectJavaSourceForBinding;
       C:\Program Files\dotnet\packs\Microsoft.Android.Sdk.Windows\34.0.154\targets\Microsoft.Android.Sdk.BuildOrder.targets(37,5): message :       _CompileBindingJava;
       C:\Program Files\dotnet\packs\Microsoft.Android.Sdk.Windows\34.0.154\targets\Microsoft.Android.Sdk.BuildOrder.targets(37,5): message :       
       C:\Program Files\dotnet\packs\Microsoft.Android.Sdk.Windows\34.0.154\targets\Microsoft.Android.Sdk.BuildOrder.targets(37,5): message :       BeforeBuild;
       C:\Program Files\dotnet\packs\Microsoft.Android.Sdk.Windows\34.0.154\targets\Microsoft.Android.Sdk.BuildOrder.targets(37,5): message :       CoreBuild;
       C:\Program Files\dotnet\packs\Microsoft.Android.Sdk.Windows\34.0.154\targets\Microsoft.Android.Sdk.BuildOrder.targets(37,5): message :       AfterBuild
       C:\Program Files\dotnet\packs\Microsoft.Android.Sdk.Windows\34.0.154\targets\Microsoft.Android.Sdk.BuildOrder.targets(37,5): message :     ;
       C:\Program Files\dotnet\packs\Microsoft.Android.Sdk.Windows\34.0.154\targets\Microsoft.Android.Sdk.BuildOrder.targets(37,5): message :       _CompileDex;
       C:\Program Files\dotnet\packs\Microsoft.Android.Sdk.Windows\34.0.154\targets\Microsoft.Android.Sdk.BuildOrder.targets(37,5): message :       
       C:\Program Files\dotnet\packs\Microsoft.Android.Sdk.Windows\34.0.154\targets\Microsoft.Android.Sdk.BuildOrder.targets(37,5): message : 		;
       C:\Program Files\dotnet\packs\Microsoft.Android.Sdk.Windows\34.0.154\targets\Microsoft.Android.Sdk.BuildOrder.targets(37,5): message : 		_CompileFastDevDex
       C:\Program Files\dotnet\packs\Microsoft.Android.Sdk.Windows\34.0.154\targets\Microsoft.Android.Sdk.BuildOrder.targets(37,5): message : 		;_CompileToDalvikLibraryJars
       C:\Program Files\dotnet\packs\Microsoft.Android.Sdk.Windows\34.0.154\targets\Microsoft.Android.Sdk.BuildOrder.targets(37,5): message : 		;_RemoveFastDevDex
       C:\Program Files\dotnet\packs\Microsoft.Android.Sdk.Windows\34.0.154\targets\Microsoft.Android.Sdk.BuildOrder.targets(37,5): message : 	;
       C:\Program Files\dotnet\packs\Microsoft.Android.Sdk.Windows\34.0.154\targets\Microsoft.Android.Sdk.BuildOrder.targets(37,5): message :     ") in C:\Program Files\dotnet\packs\Microsoft.Android.Sdk.Windows\34.0.154\targets\Microsoft.Android.Sdk.BuildOrder.targets (37,5)
       C:\Program Files\dotnet\packs\Microsoft.Android.Sdk.Windows\34.0.154\targets\Microsoft.Android.Sdk.BuildOrder.targets(115,5): message : Riassegnazione della proprietà: $(ResolveReferencesDependsOn)="
       C:\Program Files\dotnet\packs\Microsoft.Android.Sdk.Windows\34.0.154\targets\Microsoft.Android.Sdk.BuildOrder.targets(115,5): message :       
       C:\Program Files\dotnet\packs\Microsoft.Android.Sdk.Windows\34.0.154\targets\Microsoft.Android.Sdk.BuildOrder.targets(115,5): message :       _CreatePropertiesCache;
       C:\Program Files\dotnet\packs\Microsoft.Android.Sdk.Windows\34.0.154\targets\Microsoft.Android.Sdk.BuildOrder.targets(115,5): message :       _SeparateAppExtensionReferences;
       C:\Program Files\dotnet\packs\Microsoft.Android.Sdk.Windows\34.0.154\targets\Microsoft.Android.Sdk.BuildOrder.targets(115,5): message :       
       C:\Program Files\dotnet\packs\Microsoft.Android.Sdk.Windows\34.0.154\targets\Microsoft.Android.Sdk.BuildOrder.targets(115,5): message :       BeforeResolveReferences;
       C:\Program Files\dotnet\packs\Microsoft.Android.Sdk.Windows\34.0.154\targets\Microsoft.Android.Sdk.BuildOrder.targets(115,5): message :       AssignProjectConfiguration;
       C:\Program Files\dotnet\packs\Microsoft.Android.Sdk.Windows\34.0.154\targets\Microsoft.Android.Sdk.BuildOrder.targets(115,5): message :       ResolveProjectReferences;
       C:\Program Files\dotnet\packs\Microsoft.Android.Sdk.Windows\34.0.154\targets\Microsoft.Android.Sdk.BuildOrder.targets(115,5): message :       FindInvalidProjectReferences;
       C:\Program Files\dotnet\packs\Microsoft.Android.Sdk.Windows\34.0.154\targets\Microsoft.Android.Sdk.BuildOrder.targets(115,5): message :       ResolveNativeReferences;
       C:\Program Files\dotnet\packs\Microsoft.Android.Sdk.Windows\34.0.154\targets\Microsoft.Android.Sdk.BuildOrder.targets(115,5): message :       ResolveAssemblyReferences;
       C:\Program Files\dotnet\packs\Microsoft.Android.Sdk.Windows\34.0.154\targets\Microsoft.Android.Sdk.BuildOrder.targets(115,5): message :       GenerateBindingRedirects;
       C:\Program Files\dotnet\packs\Microsoft.Android.Sdk.Windows\34.0.154\targets\Microsoft.Android.Sdk.BuildOrder.targets(115,5): message :       GenerateBindingRedirectsUpdateAppConfig;
       C:\Program Files\dotnet\packs\Microsoft.Android.Sdk.Windows\34.0.154\targets\Microsoft.Android.Sdk.BuildOrder.targets(115,5): message :       ResolveComReferences;
       C:\Program Files\dotnet\packs\Microsoft.Android.Sdk.Windows\34.0.154\targets\Microsoft.Android.Sdk.BuildOrder.targets(115,5): message :       AfterResolveReferences
       C:\Program Files\dotnet\packs\Microsoft.Android.Sdk.Windows\34.0.154\targets\Microsoft.Android.Sdk.BuildOrder.targets(115,5): message :     ;
       C:\Program Files\dotnet\packs\Microsoft.Android.Sdk.Windows\34.0.154\targets\Microsoft.Android.Sdk.BuildOrder.targets(115,5): message :       _AddAndroidCustomMetaData;
       C:\Program Files\dotnet\packs\Microsoft.Android.Sdk.Windows\34.0.154\targets\Microsoft.Android.Sdk.BuildOrder.targets(115,5): message :       _ResolveAars;
       C:\Program Files\dotnet\packs\Microsoft.Android.Sdk.Windows\34.0.154\targets\Microsoft.Android.Sdk.BuildOrder.targets(115,5): message :     ;
       C:\Program Files\dotnet\packs\Microsoft.Android.Sdk.Windows\34.0.154\targets\Microsoft.Android.Sdk.BuildOrder.targets(115,5): message :       UpdateAndroidResources;
       C:\Program Files\dotnet\packs\Microsoft.Android.Sdk.Windows\34.0.154\targets\Microsoft.Android.Sdk.BuildOrder.targets(115,5): message :       _BuildResourceDesigner;
       C:\Program Files\dotnet\packs\Microsoft.Android.Sdk.Windows\34.0.154\targets\Microsoft.Android.Sdk.BuildOrder.targets(115,5): message :       UpdateAndroidInterfaceProxies;
       C:\Program Files\dotnet\packs\Microsoft.Android.Sdk.Windows\34.0.154\targets\Microsoft.Android.Sdk.BuildOrder.targets(115,5): message :       _CheckForInvalidDesignerConfig;
       C:\Program Files\dotnet\packs\Microsoft.Android.Sdk.Windows\34.0.154\targets\Microsoft.Android.Sdk.BuildOrder.targets(115,5): message :     " (valore precedente: "
       C:\Program Files\dotnet\packs\Microsoft.Android.Sdk.Windows\34.0.154\targets\Microsoft.Android.Sdk.BuildOrder.targets(115,5): message :       BeforeResolveReferences;
       C:\Program Files\dotnet\packs\Microsoft.Android.Sdk.Windows\34.0.154\targets\Microsoft.Android.Sdk.BuildOrder.targets(115,5): message :       AssignProjectConfiguration;
       C:\Program Files\dotnet\packs\Microsoft.Android.Sdk.Windows\34.0.154\targets\Microsoft.Android.Sdk.BuildOrder.targets(115,5): message :       ResolveProjectReferences;
       C:\Program Files\dotnet\packs\Microsoft.Android.Sdk.Windows\34.0.154\targets\Microsoft.Android.Sdk.BuildOrder.targets(115,5): message :       FindInvalidProjectReferences;
       C:\Program Files\dotnet\packs\Microsoft.Android.Sdk.Windows\34.0.154\targets\Microsoft.Android.Sdk.BuildOrder.targets(115,5): message :       ResolveNativeReferences;
       C:\Program Files\dotnet\packs\Microsoft.Android.Sdk.Windows\34.0.154\targets\Microsoft.Android.Sdk.BuildOrder.targets(115,5): message :       ResolveAssemblyReferences;
       C:\Program Files\dotnet\packs\Microsoft.Android.Sdk.Windows\34.0.154\targets\Microsoft.Android.Sdk.BuildOrder.targets(115,5): message :       GenerateBindingRedirects;
       C:\Program Files\dotnet\packs\Microsoft.Android.Sdk.Windows\34.0.154\targets\Microsoft.Android.Sdk.BuildOrder.targets(115,5): message :       GenerateBindingRedirectsUpdateAppConfig;
       C:\Program Files\dotnet\packs\Microsoft.Android.Sdk.Windows\34.0.154\targets\Microsoft.Android.Sdk.BuildOrder.targets(115,5): message :       ResolveComReferences;
       C:\Program Files\dotnet\packs\Microsoft.Android.Sdk.Windows\34.0.154\targets\Microsoft.Android.Sdk.BuildOrder.targets(115,5): message :       AfterResolveReferences
       C:\Program Files\dotnet\packs\Microsoft.Android.Sdk.Windows\34.0.154\targets\Microsoft.Android.Sdk.BuildOrder.targets(115,5): message :     ") in C:\Program Files\dotnet\packs\Microsoft.Android.Sdk.Windows\34.0.154\targets\Microsoft.Android.Sdk.BuildOrder.targets (115,5)
       C:\Program Files\dotnet\packs\Microsoft.Android.Sdk.Windows\34.0.154\targets\Microsoft.Android.Sdk.BuildOrder.targets(122,5): message : Riassegnazione della proprietà: $(DesignTimeResolveAssemblyReferencesDependsOn)="
       C:\Program Files\dotnet\packs\Microsoft.Android.Sdk.Windows\34.0.154\targets\Microsoft.Android.Sdk.BuildOrder.targets(122,5): message :       
       C:\Program Files\dotnet\packs\Microsoft.Android.Sdk.Windows\34.0.154\targets\Microsoft.Android.Sdk.BuildOrder.targets(122,5): message :       GetFrameworkPaths;
       C:\Program Files\dotnet\packs\Microsoft.Android.Sdk.Windows\34.0.154\targets\Microsoft.Android.Sdk.BuildOrder.targets(122,5): message :       GetReferenceAssemblyPaths;
       C:\Program Files\dotnet\packs\Microsoft.Android.Sdk.Windows\34.0.154\targets\Microsoft.Android.Sdk.BuildOrder.targets(122,5): message :       ResolveReferences
       C:\Program Files\dotnet\packs\Microsoft.Android.Sdk.Windows\34.0.154\targets\Microsoft.Android.Sdk.BuildOrder.targets(122,5): message :     ;
       C:\Program Files\dotnet\packs\Microsoft.Android.Sdk.Windows\34.0.154\targets\Microsoft.Android.Sdk.BuildOrder.targets(122,5): message :       _BuildResourceDesigner;
       C:\Program Files\dotnet\packs\Microsoft.Android.Sdk.Windows\34.0.154\targets\Microsoft.Android.Sdk.BuildOrder.targets(122,5): message :     " (valore precedente: "
       C:\Program Files\dotnet\packs\Microsoft.Android.Sdk.Windows\34.0.154\targets\Microsoft.Android.Sdk.BuildOrder.targets(122,5): message :       GetFrameworkPaths;
       C:\Program Files\dotnet\packs\Microsoft.Android.Sdk.Windows\34.0.154\targets\Microsoft.Android.Sdk.BuildOrder.targets(122,5): message :       GetReferenceAssemblyPaths;
       C:\Program Files\dotnet\packs\Microsoft.Android.Sdk.Windows\34.0.154\targets\Microsoft.Android.Sdk.BuildOrder.targets(122,5): message :       ResolveReferences
       C:\Program Files\dotnet\packs\Microsoft.Android.Sdk.Windows\34.0.154\targets\Microsoft.Android.Sdk.BuildOrder.targets(122,5): message :     ") in C:\Program Files\dotnet\packs\Microsoft.Android.Sdk.Windows\34.0.154\targets\Microsoft.Android.Sdk.BuildOrder.targets (122,5)
       C:\Program Files\dotnet\packs\Microsoft.Android.Sdk.Windows\34.0.154\targets\Microsoft.Android.Sdk.BuildOrder.targets(135,5): message : Riassegnazione della proprietà: $(CompileDependsOn)="
       C:\Program Files\dotnet\packs\Microsoft.Android.Sdk.Windows\34.0.154\targets\Microsoft.Android.Sdk.BuildOrder.targets(135,5): message :       _SetupMSBuildAllProjects;
       C:\Program Files\dotnet\packs\Microsoft.Android.Sdk.Windows\34.0.154\targets\Microsoft.Android.Sdk.BuildOrder.targets(135,5): message :       _SetupDesignTimeBuildForCompile;
       C:\Program Files\dotnet\packs\Microsoft.Android.Sdk.Windows\34.0.154\targets\Microsoft.Android.Sdk.BuildOrder.targets(135,5): message :       _AddAndroidDefines;
       C:\Program Files\dotnet\packs\Microsoft.Android.Sdk.Windows\34.0.154\targets\Microsoft.Android.Sdk.BuildOrder.targets(135,5): message :       _IncludeLayoutBindingSources;
       C:\Program Files\dotnet\packs\Microsoft.Android.Sdk.Windows\34.0.154\targets\Microsoft.Android.Sdk.BuildOrder.targets(135,5): message :       AddLibraryJarsToBind;
       C:\Program Files\dotnet\packs\Microsoft.Android.Sdk.Windows\34.0.154\targets\Microsoft.Android.Sdk.BuildOrder.targets(135,5): message :       _CollectLibrariesToBind;
       C:\Program Files\dotnet\packs\Microsoft.Android.Sdk.Windows\34.0.154\targets\Microsoft.Android.Sdk.BuildOrder.targets(135,5): message :       _SetAndroidGenerateManagedBindings;
       C:\Program Files\dotnet\packs\Microsoft.Android.Sdk.Windows\34.0.154\targets\Microsoft.Android.Sdk.BuildOrder.targets(135,5): message :       ExportJarToXml;
       C:\Program Files\dotnet\packs\Microsoft.Android.Sdk.Windows\34.0.154\targets\Microsoft.Android.Sdk.BuildOrder.targets(135,5): message :       GenerateBindings;
       C:\Program Files\dotnet\packs\Microsoft.Android.Sdk.Windows\34.0.154\targets\Microsoft.Android.Sdk.BuildOrder.targets(135,5): message :       _CollectGeneratedManagedBindingFiles;
       C:\Program Files\dotnet\packs\Microsoft.Android.Sdk.Windows\34.0.154\targets\Microsoft.Android.Sdk.BuildOrder.targets(135,5): message :       _ClearGeneratedManagedBindings;
       C:\Program Files\dotnet\packs\Microsoft.Android.Sdk.Windows\34.0.154\targets\Microsoft.Android.Sdk.BuildOrder.targets(135,5): message :       AddBindingsToCompile;
       C:\Program Files\dotnet\packs\Microsoft.Android.Sdk.Windows\34.0.154\targets\Microsoft.Android.Sdk.BuildOrder.targets(135,5): message :       _BuildResourceDesigner;
       C:\Program Files\dotnet\packs\Microsoft.Android.Sdk.Windows\34.0.154\targets\Microsoft.Android.Sdk.BuildOrder.targets(135,5): message :       _AddResourceDesignerFiles;
       C:\Program Files\dotnet\packs\Microsoft.Android.Sdk.Windows\34.0.154\targets\Microsoft.Android.Sdk.BuildOrder.targets(135,5): message :       
       C:\Program Files\dotnet\packs\Microsoft.Android.Sdk.Windows\34.0.154\targets\Microsoft.Android.Sdk.BuildOrder.targets(135,5): message :       
       C:\Program Files\dotnet\packs\Microsoft.Android.Sdk.Windows\34.0.154\targets\Microsoft.Android.Sdk.BuildOrder.targets(135,5): message :       ResolveReferences;
       C:\Program Files\dotnet\packs\Microsoft.Android.Sdk.Windows\34.0.154\targets\Microsoft.Android.Sdk.BuildOrder.targets(135,5): message :       ResolveKeySource;
       C:\Program Files\dotnet\packs\Microsoft.Android.Sdk.Windows\34.0.154\targets\Microsoft.Android.Sdk.BuildOrder.targets(135,5): message :       SetWin32ManifestProperties;
       C:\Program Files\dotnet\packs\Microsoft.Android.Sdk.Windows\34.0.154\targets\Microsoft.Android.Sdk.BuildOrder.targets(135,5): message :       _SetPreferNativeArm64Win32ManifestProperties;
       C:\Program Files\dotnet\packs\Microsoft.Android.Sdk.Windows\34.0.154\targets\Microsoft.Android.Sdk.BuildOrder.targets(135,5): message :       FindReferenceAssembliesForReferences;
       C:\Program Files\dotnet\packs\Microsoft.Android.Sdk.Windows\34.0.154\targets\Microsoft.Android.Sdk.BuildOrder.targets(135,5): message :       _GenerateCompileInputs;
       C:\Program Files\dotnet\packs\Microsoft.Android.Sdk.Windows\34.0.154\targets\Microsoft.Android.Sdk.BuildOrder.targets(135,5): message :       BeforeCompile;
       C:\Program Files\dotnet\packs\Microsoft.Android.Sdk.Windows\34.0.154\targets\Microsoft.Android.Sdk.BuildOrder.targets(135,5): message :       _TimeStampBeforeCompile;
       C:\Program Files\dotnet\packs\Microsoft.Android.Sdk.Windows\34.0.154\targets\Microsoft.Android.Sdk.BuildOrder.targets(135,5): message :       _GenerateCompileDependencyCache;
       C:\Program Files\dotnet\packs\Microsoft.Android.Sdk.Windows\34.0.154\targets\Microsoft.Android.Sdk.BuildOrder.targets(135,5): message :       CoreCompile;
       C:\Program Files\dotnet\packs\Microsoft.Android.Sdk.Windows\34.0.154\targets\Microsoft.Android.Sdk.BuildOrder.targets(135,5): message :       _TimeStampAfterCompile;
       C:\Program Files\dotnet\packs\Microsoft.Android.Sdk.Windows\34.0.154\targets\Microsoft.Android.Sdk.BuildOrder.targets(135,5): message :       AfterCompile;
       C:\Program Files\dotnet\packs\Microsoft.Android.Sdk.Windows\34.0.154\targets\Microsoft.Android.Sdk.BuildOrder.targets(135,5): message :     ;
       C:\Program Files\dotnet\packs\Microsoft.Android.Sdk.Windows\34.0.154\targets\Microsoft.Android.Sdk.BuildOrder.targets(135,5): message :       _CreateAppHost;
       C:\Program Files\dotnet\packs\Microsoft.Android.Sdk.Windows\34.0.154\targets\Microsoft.Android.Sdk.BuildOrder.targets(135,5): message :       _CreateComHost;
       C:\Program Files\dotnet\packs\Microsoft.Android.Sdk.Windows\34.0.154\targets\Microsoft.Android.Sdk.BuildOrder.targets(135,5): message :       _GetIjwHostPaths;
       C:\Program Files\dotnet\packs\Microsoft.Android.Sdk.Windows\34.0.154\targets\Microsoft.Android.Sdk.BuildOrder.targets(135,5): message :     ;
       C:\Program Files\dotnet\packs\Microsoft.Android.Sdk.Windows\34.0.154\targets\Microsoft.Android.Sdk.BuildOrder.targets(135,5): message :       _CheckAndroidHttpClientHandlerType;
       C:\Program Files\dotnet\packs\Microsoft.Android.Sdk.Windows\34.0.154\targets\Microsoft.Android.Sdk.BuildOrder.targets(135,5): message :     " (valore precedente: "
       C:\Program Files\dotnet\packs\Microsoft.Android.Sdk.Windows\34.0.154\targets\Microsoft.Android.Sdk.BuildOrder.targets(135,5): message :       
       C:\Program Files\dotnet\packs\Microsoft.Android.Sdk.Windows\34.0.154\targets\Microsoft.Android.Sdk.BuildOrder.targets(135,5): message :       ResolveReferences;
       C:\Program Files\dotnet\packs\Microsoft.Android.Sdk.Windows\34.0.154\targets\Microsoft.Android.Sdk.BuildOrder.targets(135,5): message :       ResolveKeySource;
       C:\Program Files\dotnet\packs\Microsoft.Android.Sdk.Windows\34.0.154\targets\Microsoft.Android.Sdk.BuildOrder.targets(135,5): message :       SetWin32ManifestProperties;
       C:\Program Files\dotnet\packs\Microsoft.Android.Sdk.Windows\34.0.154\targets\Microsoft.Android.Sdk.BuildOrder.targets(135,5): message :       _SetPreferNativeArm64Win32ManifestProperties;
       C:\Program Files\dotnet\packs\Microsoft.Android.Sdk.Windows\34.0.154\targets\Microsoft.Android.Sdk.BuildOrder.targets(135,5): message :       FindReferenceAssembliesForReferences;
       C:\Program Files\dotnet\packs\Microsoft.Android.Sdk.Windows\34.0.154\targets\Microsoft.Android.Sdk.BuildOrder.targets(135,5): message :       _GenerateCompileInputs;
       C:\Program Files\dotnet\packs\Microsoft.Android.Sdk.Windows\34.0.154\targets\Microsoft.Android.Sdk.BuildOrder.targets(135,5): message :       BeforeCompile;
       C:\Program Files\dotnet\packs\Microsoft.Android.Sdk.Windows\34.0.154\targets\Microsoft.Android.Sdk.BuildOrder.targets(135,5): message :       _TimeStampBeforeCompile;
       C:\Program Files\dotnet\packs\Microsoft.Android.Sdk.Windows\34.0.154\targets\Microsoft.Android.Sdk.BuildOrder.targets(135,5): message :       _GenerateCompileDependencyCache;
       C:\Program Files\dotnet\packs\Microsoft.Android.Sdk.Windows\34.0.154\targets\Microsoft.Android.Sdk.BuildOrder.targets(135,5): message :       CoreCompile;
       C:\Program Files\dotnet\packs\Microsoft.Android.Sdk.Windows\34.0.154\targets\Microsoft.Android.Sdk.BuildOrder.targets(135,5): message :       _TimeStampAfterCompile;
       C:\Program Files\dotnet\packs\Microsoft.Android.Sdk.Windows\34.0.154\targets\Microsoft.Android.Sdk.BuildOrder.targets(135,5): message :       AfterCompile;
       C:\Program Files\dotnet\packs\Microsoft.Android.Sdk.Windows\34.0.154\targets\Microsoft.Android.Sdk.BuildOrder.targets(135,5): message :     ;
       C:\Program Files\dotnet\packs\Microsoft.Android.Sdk.Windows\34.0.154\targets\Microsoft.Android.Sdk.BuildOrder.targets(135,5): message :       _CreateAppHost;
       C:\Program Files\dotnet\packs\Microsoft.Android.Sdk.Windows\34.0.154\targets\Microsoft.Android.Sdk.BuildOrder.targets(135,5): message :       _CreateComHost;
       C:\Program Files\dotnet\packs\Microsoft.Android.Sdk.Windows\34.0.154\targets\Microsoft.Android.Sdk.BuildOrder.targets(135,5): message :       _GetIjwHostPaths;
       C:\Program Files\dotnet\packs\Microsoft.Android.Sdk.Windows\34.0.154\targets\Microsoft.Android.Sdk.BuildOrder.targets(135,5): message :     ") in C:\Program Files\dotnet\packs\Microsoft.Android.Sdk.Windows\34.0.154\targets\Microsoft.Android.Sdk.BuildOrder.targets (135,5)
       C:\Program Files\dotnet\packs\Microsoft.Android.Sdk.Windows\34.0.154\targets\Microsoft.Android.Sdk.BuildOrder.targets(153,5): message : Riassegnazione della proprietà: $(CoreCompileDependsOn)="
       C:\Program Files\dotnet\packs\Microsoft.Android.Sdk.Windows\34.0.154\targets\Microsoft.Android.Sdk.BuildOrder.targets(153,5): message :       UpdateGeneratedFiles;
       C:\Program Files\dotnet\packs\Microsoft.Android.Sdk.Windows\34.0.154\targets\Microsoft.Android.Sdk.BuildOrder.targets(153,5): message :       ;_ComputeNonExistentFileProperty;ResolveCodeAnalysisRuleSet;
       C:\Program Files\dotnet\packs\Microsoft.Android.Sdk.Windows\34.0.154\targets\Microsoft.Android.Sdk.BuildOrder.targets(153,5): message :     " (valore precedente: ";_ComputeNonExistentFileProperty;ResolveCodeAnalysisRuleSet") in C:\Program Files\dotnet\packs\Microsoft.Android.Sdk.Windows\34.0.154\targets\Microsoft.Android.Sdk.BuildOrder.targets (153,5)
       C:\Program Files\dotnet\packs\Microsoft.Android.Sdk.Windows\34.0.154\targets\Microsoft.Android.Sdk.BuildOrder.targets(161,5): message : Riassegnazione della proprietà: $(PrepareForRunDependsOn)="
       C:\Program Files\dotnet\packs\Microsoft.Android.Sdk.Windows\34.0.154\targets\Microsoft.Android.Sdk.BuildOrder.targets(161,5): message :       
       C:\Program Files\dotnet\packs\Microsoft.Android.Sdk.Windows\34.0.154\targets\Microsoft.Android.Sdk.BuildOrder.targets(161,5): message :       CopyFilesToOutputDirectory
       C:\Program Files\dotnet\packs\Microsoft.Android.Sdk.Windows\34.0.154\targets\Microsoft.Android.Sdk.BuildOrder.targets(161,5): message :     ;
       C:\Program Files\dotnet\packs\Microsoft.Android.Sdk.Windows\34.0.154\targets\Microsoft.Android.Sdk.BuildOrder.targets(161,5): message :       _CollectMonoAndroidOutputs;
       C:\Program Files\dotnet\packs\Microsoft.Android.Sdk.Windows\34.0.154\targets\Microsoft.Android.Sdk.BuildOrder.targets(161,5): message :     " (valore precedente: "
       C:\Program Files\dotnet\packs\Microsoft.Android.Sdk.Windows\34.0.154\targets\Microsoft.Android.Sdk.BuildOrder.targets(161,5): message :       CopyFilesToOutputDirectory
       C:\Program Files\dotnet\packs\Microsoft.Android.Sdk.Windows\34.0.154\targets\Microsoft.Android.Sdk.BuildOrder.targets(161,5): message :     ") in C:\Program Files\dotnet\packs\Microsoft.Android.Sdk.Windows\34.0.154\targets\Microsoft.Android.Sdk.BuildOrder.targets (161,5)
       C:\Program Files\dotnet\packs\Microsoft.Android.Sdk.Windows\34.0.154\targets\Microsoft.Android.Sdk.BuildOrder.targets(165,5): message : Riassegnazione della proprietà: $(CleanDependsOn)="
       C:\Program Files\dotnet\packs\Microsoft.Android.Sdk.Windows\34.0.154\targets\Microsoft.Android.Sdk.BuildOrder.targets(165,5): message :       
       C:\Program Files\dotnet\packs\Microsoft.Android.Sdk.Windows\34.0.154\targets\Microsoft.Android.Sdk.BuildOrder.targets(165,5): message :       BeforeClean;
       C:\Program Files\dotnet\packs\Microsoft.Android.Sdk.Windows\34.0.154\targets\Microsoft.Android.Sdk.BuildOrder.targets(165,5): message :       UnmanagedUnregistration;
       C:\Program Files\dotnet\packs\Microsoft.Android.Sdk.Windows\34.0.154\targets\Microsoft.Android.Sdk.BuildOrder.targets(165,5): message :       CoreClean;
       C:\Program Files\dotnet\packs\Microsoft.Android.Sdk.Windows\34.0.154\targets\Microsoft.Android.Sdk.BuildOrder.targets(165,5): message :       CleanReferencedProjects;
       C:\Program Files\dotnet\packs\Microsoft.Android.Sdk.Windows\34.0.154\targets\Microsoft.Android.Sdk.BuildOrder.targets(165,5): message :       CleanPublishFolder;
       C:\Program Files\dotnet\packs\Microsoft.Android.Sdk.Windows\34.0.154\targets\Microsoft.Android.Sdk.BuildOrder.targets(165,5): message :       AfterClean
       C:\Program Files\dotnet\packs\Microsoft.Android.Sdk.Windows\34.0.154\targets\Microsoft.Android.Sdk.BuildOrder.targets(165,5): message :     ;
       C:\Program Files\dotnet\packs\Microsoft.Android.Sdk.Windows\34.0.154\targets\Microsoft.Android.Sdk.BuildOrder.targets(165,5): message :       _CleanMonoAndroidIntermediateDir;
       C:\Program Files\dotnet\packs\Microsoft.Android.Sdk.Windows\34.0.154\targets\Microsoft.Android.Sdk.BuildOrder.targets(165,5): message :       _CleanAndroidBuildPropertiesCache;
       C:\Program Files\dotnet\packs\Microsoft.Android.Sdk.Windows\34.0.154\targets\Microsoft.Android.Sdk.BuildOrder.targets(165,5): message :       _CleanAarCache;
       C:\Program Files\dotnet\packs\Microsoft.Android.Sdk.Windows\34.0.154\targets\Microsoft.Android.Sdk.BuildOrder.targets(165,5): message :       CleanBindingsOutput;
       C:\Program Files\dotnet\packs\Microsoft.Android.Sdk.Windows\34.0.154\targets\Microsoft.Android.Sdk.BuildOrder.targets(165,5): message :       CleanLibraryProjectIntermediaries;
       C:\Program Files\dotnet\packs\Microsoft.Android.Sdk.Windows\34.0.154\targets\Microsoft.Android.Sdk.BuildOrder.targets(165,5): message :       CleanNativeLibraryIntermediaries;
       C:\Program Files\dotnet\packs\Microsoft.Android.Sdk.Windows\34.0.154\targets\Microsoft.Android.Sdk.BuildOrder.targets(165,5): message :     " (valore precedente: "
       C:\Program Files\dotnet\packs\Microsoft.Android.Sdk.Windows\34.0.154\targets\Microsoft.Android.Sdk.BuildOrder.targets(165,5): message :       BeforeClean;
       C:\Program Files\dotnet\packs\Microsoft.Android.Sdk.Windows\34.0.154\targets\Microsoft.Android.Sdk.BuildOrder.targets(165,5): message :       UnmanagedUnregistration;
       C:\Program Files\dotnet\packs\Microsoft.Android.Sdk.Windows\34.0.154\targets\Microsoft.Android.Sdk.BuildOrder.targets(165,5): message :       CoreClean;
       C:\Program Files\dotnet\packs\Microsoft.Android.Sdk.Windows\34.0.154\targets\Microsoft.Android.Sdk.BuildOrder.targets(165,5): message :       CleanReferencedProjects;
       C:\Program Files\dotnet\packs\Microsoft.Android.Sdk.Windows\34.0.154\targets\Microsoft.Android.Sdk.BuildOrder.targets(165,5): message :       CleanPublishFolder;
       C:\Program Files\dotnet\packs\Microsoft.Android.Sdk.Windows\34.0.154\targets\Microsoft.Android.Sdk.BuildOrder.targets(165,5): message :       AfterClean
       C:\Program Files\dotnet\packs\Microsoft.Android.Sdk.Windows\34.0.154\targets\Microsoft.Android.Sdk.BuildOrder.targets(165,5): message :     ") in C:\Program Files\dotnet\packs\Microsoft.Android.Sdk.Windows\34.0.154\targets\Microsoft.Android.Sdk.BuildOrder.targets (165,5)
       C:\Program Files\dotnet\packs\Microsoft.Android.Sdk.Windows\34.0.154\tools\Xamarin.Android.Common.props(27,49): message : La proprietà 'OS' con valore 'Windows_NT' espansa dall'ambiente.
       C:\Program Files\dotnet\packs\Microsoft.Android.Sdk.Windows\34.0.154\tools\Xamarin.Android.Common.targets(349,2): message : Riassegnazione della proprietà: $(AssemblySearchPaths)="
       C:\Program Files\dotnet\packs\Microsoft.Android.Sdk.Windows\34.0.154\tools\Xamarin.Android.Common.targets(349,2): message : 		{HintPathFromItem};
       C:\Program Files\dotnet\packs\Microsoft.Android.Sdk.Windows\34.0.154\tools\Xamarin.Android.Common.targets(349,2): message : 		{TargetFrameworkDirectory};
       C:\Program Files\dotnet\packs\Microsoft.Android.Sdk.Windows\34.0.154\tools\Xamarin.Android.Common.targets(349,2): message : 		{RawFileName};
       C:\Program Files\dotnet\packs\Microsoft.Android.Sdk.Windows\34.0.154\tools\Xamarin.Android.Common.targets(349,2): message : 	" (valore precedente: "{CandidateAssemblyFiles};{HintPathFromItem};{TargetFrameworkDirectory};{RawFileName}") in C:\Program Files\dotnet\packs\Microsoft.Android.Sdk.Windows\34.0.154\tools\Xamarin.Android.Common.targets (349,2)
       C:\Program Files\dotnet\packs\Microsoft.Android.Sdk.Windows\34.0.154\tools\Xamarin.Android.Common.targets(354,2): message : Riassegnazione della proprietà: $(AllowedReferenceAssemblyFileExtensions)="
       C:\Program Files\dotnet\packs\Microsoft.Android.Sdk.Windows\34.0.154\tools\Xamarin.Android.Common.targets(354,2): message : 		.dll;
       C:\Program Files\dotnet\packs\Microsoft.Android.Sdk.Windows\34.0.154\tools\Xamarin.Android.Common.targets(354,2): message : 	" (valore precedente: "
       C:\Program Files\dotnet\packs\Microsoft.Android.Sdk.Windows\34.0.154\tools\Xamarin.Android.Common.targets(354,2): message :       .winmd;
       C:\Program Files\dotnet\packs\Microsoft.Android.Sdk.Windows\34.0.154\tools\Xamarin.Android.Common.targets(354,2): message :       .dll;
       C:\Program Files\dotnet\packs\Microsoft.Android.Sdk.Windows\34.0.154\tools\Xamarin.Android.Common.targets(354,2): message :       .exe
       C:\Program Files\dotnet\packs\Microsoft.Android.Sdk.Windows\34.0.154\tools\Xamarin.Android.Common.targets(354,2): message :     ") in C:\Program Files\dotnet\packs\Microsoft.Android.Sdk.Windows\34.0.154\tools\Xamarin.Android.Common.targets (354,2)
       C:\Program Files\dotnet\packs\Microsoft.Android.Sdk.Windows\34.0.154\tools\Xamarin.Android.Common.targets(357,2): message : Riassegnazione della proprietà: $(AllowedReferenceRelatedFileExtensions)="
       C:\Program Files\dotnet\packs\Microsoft.Android.Sdk.Windows\34.0.154\tools\Xamarin.Android.Common.targets(357,2): message : 		.pdb;
       C:\Program Files\dotnet\packs\Microsoft.Android.Sdk.Windows\34.0.154\tools\Xamarin.Android.Common.targets(357,2): message : 		.xml;
       C:\Program Files\dotnet\packs\Microsoft.Android.Sdk.Windows\34.0.154\tools\Xamarin.Android.Common.targets(357,2): message : 		.dll.config;
       C:\Program Files\dotnet\packs\Microsoft.Android.Sdk.Windows\34.0.154\tools\Xamarin.Android.Common.targets(357,2): message : 	" (valore precedente: "
       C:\Program Files\dotnet\packs\Microsoft.Android.Sdk.Windows\34.0.154\tools\Xamarin.Android.Common.targets(357,2): message :       .pdb;
       C:\Program Files\dotnet\packs\Microsoft.Android.Sdk.Windows\34.0.154\tools\Xamarin.Android.Common.targets(357,2): message :       .xml;
       C:\Program Files\dotnet\packs\Microsoft.Android.Sdk.Windows\34.0.154\tools\Xamarin.Android.Common.targets(357,2): message :       .pri;
       C:\Program Files\dotnet\packs\Microsoft.Android.Sdk.Windows\34.0.154\tools\Xamarin.Android.Common.targets(357,2): message :       .dll.config;
       C:\Program Files\dotnet\packs\Microsoft.Android.Sdk.Windows\34.0.154\tools\Xamarin.Android.Common.targets(357,2): message :       .exe.config
       C:\Program Files\dotnet\packs\Microsoft.Android.Sdk.Windows\34.0.154\tools\Xamarin.Android.Common.targets(357,2): message :     ") in C:\Program Files\dotnet\packs\Microsoft.Android.Sdk.Windows\34.0.154\tools\Xamarin.Android.Common.targets (357,2)
       C:\Program Files\dotnet\packs\Microsoft.Android.Sdk.Windows\34.0.154\tools\Xamarin.Android.Common.targets(667,2): message : Riassegnazione della proprietà: $(_ResolveMonoAndroidSdksDependsOn)="
       C:\Program Files\dotnet\packs\Microsoft.Android.Sdk.Windows\34.0.154\tools\Xamarin.Android.Common.targets(667,2): message : 		GetReferenceAssemblyPaths;
       C:\Program Files\dotnet\packs\Microsoft.Android.Sdk.Windows\34.0.154\tools\Xamarin.Android.Common.targets(667,2): message : 		_ResolveSdks;
       C:\Program Files\dotnet\packs\Microsoft.Android.Sdk.Windows\34.0.154\tools\Xamarin.Android.Common.targets(667,2): message : 		_ResolveAndroidTooling;
       C:\Program Files\dotnet\packs\Microsoft.Android.Sdk.Windows\34.0.154\tools\Xamarin.Android.Common.targets(667,2): message : 		
       C:\Program Files\dotnet\packs\Microsoft.Android.Sdk.Windows\34.0.154\tools\Xamarin.Android.Common.targets(667,2): message : 		;
       C:\Program Files\dotnet\packs\Microsoft.Android.Sdk.Windows\34.0.154\tools\Xamarin.Android.Common.targets(667,2): message : 		_SetupInstantRun
       C:\Program Files\dotnet\packs\Microsoft.Android.Sdk.Windows\34.0.154\tools\Xamarin.Android.Common.targets(667,2): message : 	;
       C:\Program Files\dotnet\packs\Microsoft.Android.Sdk.Windows\34.0.154\tools\Xamarin.Android.Common.targets(667,2): message : 	" (valore precedente: "
       C:\Program Files\dotnet\packs\Microsoft.Android.Sdk.Windows\34.0.154\tools\Xamarin.Android.Common.targets(667,2): message : 		;
       C:\Program Files\dotnet\packs\Microsoft.Android.Sdk.Windows\34.0.154\tools\Xamarin.Android.Common.targets(667,2): message : 		_SetupInstantRun
       C:\Program Files\dotnet\packs\Microsoft.Android.Sdk.Windows\34.0.154\tools\Xamarin.Android.Common.targets(667,2): message : 	") in C:\Program Files\dotnet\packs\Microsoft.Android.Sdk.Windows\34.0.154\tools\Xamarin.Android.Common.targets (667,2)
       C:\Program Files\dotnet\packs\Microsoft.Android.Sdk.Windows\34.0.154\tools\Xamarin.Android.Common.targets(1920,5): message : Riassegnazione della proprietà: $(_CompileJavaDependsOnTargets)="
       C:\Program Files\dotnet\packs\Microsoft.Android.Sdk.Windows\34.0.154\tools\Xamarin.Android.Common.targets(1920,5): message : 		_AdjustJavacVersionArguments;
       C:\Program Files\dotnet\packs\Microsoft.Android.Sdk.Windows\34.0.154\tools\Xamarin.Android.Common.targets(1920,5): message : 		_GeneratePackageManagerJava;
       C:\Program Files\dotnet\packs\Microsoft.Android.Sdk.Windows\34.0.154\tools\Xamarin.Android.Common.targets(1920,5): message : 		_FindJavaStubFiles;
       C:\Program Files\dotnet\packs\Microsoft.Android.Sdk.Windows\34.0.154\tools\Xamarin.Android.Common.targets(1920,5): message : 		_AddStaticResources;
       C:\Program Files\dotnet\packs\Microsoft.Android.Sdk.Windows\34.0.154\tools\Xamarin.Android.Common.targets(1920,5): message : 		;
       C:\Program Files\dotnet\packs\Microsoft.Android.Sdk.Windows\34.0.154\tools\Xamarin.Android.Common.targets(1920,5): message : 		_GetMonoPlatformJarPath;
       C:\Program Files\dotnet\packs\Microsoft.Android.Sdk.Windows\34.0.154\tools\Xamarin.Android.Common.targets(1920,5): message : 		
       C:\Program Files\dotnet\packs\Microsoft.Android.Sdk.Windows\34.0.154\tools\Xamarin.Android.Common.targets(1920,5): message : 		_ResolveMonoAndroidSdks
       C:\Program Files\dotnet\packs\Microsoft.Android.Sdk.Windows\34.0.154\tools\Xamarin.Android.Common.targets(1920,5): message : 		;_ValidateAndroidPackageProperties
       C:\Program Files\dotnet\packs\Microsoft.Android.Sdk.Windows\34.0.154\tools\Xamarin.Android.Common.targets(1920,5): message : 		;
       C:\Program Files\dotnet\packs\Microsoft.Android.Sdk.Windows\34.0.154\tools\Xamarin.Android.Common.targets(1920,5): message : 		;
       C:\Program Files\dotnet\packs\Microsoft.Android.Sdk.Windows\34.0.154\tools\Xamarin.Android.Common.targets(1920,5): message : 		_ResolveMonoAndroidSdks
       C:\Program Files\dotnet\packs\Microsoft.Android.Sdk.Windows\34.0.154\tools\Xamarin.Android.Common.targets(1920,5): message : 	
       C:\Program Files\dotnet\packs\Microsoft.Android.Sdk.Windows\34.0.154\tools\Xamarin.Android.Common.targets(1920,5): message : 	;
       C:\Program Files\dotnet\packs\Microsoft.Android.Sdk.Windows\34.0.154\tools\Xamarin.Android.Common.targets(1920,5): message : 		_GetLibraryImports;
       C:\Program Files\dotnet\packs\Microsoft.Android.Sdk.Windows\34.0.154\tools\Xamarin.Android.Common.targets(1920,5): message : 		_CheckDuplicateJavaLibraries;
       C:\Program Files\dotnet\packs\Microsoft.Android.Sdk.Windows\34.0.154\tools\Xamarin.Android.Common.targets(1920,5): message : 		_CreateBaseApk;
       C:\Program Files\dotnet\packs\Microsoft.Android.Sdk.Windows\34.0.154\tools\Xamarin.Android.Common.targets(1920,5): message : 		_DetermineJavaLibrariesToCompile;
       C:\Program Files\dotnet\packs\Microsoft.Android.Sdk.Windows\34.0.154\tools\Xamarin.Android.Common.targets(1920,5): message : 		
       C:\Program Files\dotnet\packs\Microsoft.Android.Sdk.Windows\34.0.154\tools\Xamarin.Android.Common.targets(1920,5): message : 		;
       C:\Program Files\dotnet\packs\Microsoft.Android.Sdk.Windows\34.0.154\tools\Xamarin.Android.Common.targets(1920,5): message : 		_CopyPlatformDex
       C:\Program Files\dotnet\packs\Microsoft.Android.Sdk.Windows\34.0.154\tools\Xamarin.Android.Common.targets(1920,5): message : 		;_IncludeFastDevJar
       C:\Program Files\dotnet\packs\Microsoft.Android.Sdk.Windows\34.0.154\tools\Xamarin.Android.Common.targets(1920,5): message : 	
       C:\Program Files\dotnet\packs\Microsoft.Android.Sdk.Windows\34.0.154\tools\Xamarin.Android.Common.targets(1920,5): message : 	" (valore precedente: "
       C:\Program Files\dotnet\packs\Microsoft.Android.Sdk.Windows\34.0.154\tools\Xamarin.Android.Common.targets(1920,5): message : 		;
       C:\Program Files\dotnet\packs\Microsoft.Android.Sdk.Windows\34.0.154\tools\Xamarin.Android.Common.targets(1920,5): message : 		_CopyPlatformDex
       C:\Program Files\dotnet\packs\Microsoft.Android.Sdk.Windows\34.0.154\tools\Xamarin.Android.Common.targets(1920,5): message : 		;_IncludeFastDevJar
       C:\Program Files\dotnet\packs\Microsoft.Android.Sdk.Windows\34.0.154\tools\Xamarin.Android.Common.targets(1920,5): message : 	") in C:\Program Files\dotnet\packs\Microsoft.Android.Sdk.Windows\34.0.154\tools\Xamarin.Android.Common.targets (1920,5)
       C:\Program Files\dotnet\packs\Microsoft.Android.Sdk.Windows\34.0.154\tools\Xamarin.Android.Common.Debugging.targets(67,2): message : Riassegnazione della proprietà: $(_BuildApkDependsOnTargets)="
       C:\Program Files\dotnet\packs\Microsoft.Android.Sdk.Windows\34.0.154\tools\Xamarin.Android.Common.Debugging.targets(67,2): message : 		
       C:\Program Files\dotnet\packs\Microsoft.Android.Sdk.Windows\34.0.154\tools\Xamarin.Android.Common.Debugging.targets(67,2): message : 		Build
       C:\Program Files\dotnet\packs\Microsoft.Android.Sdk.Windows\34.0.154\tools\Xamarin.Android.Common.Debugging.targets(67,2): message : 		;
       C:\Program Files\dotnet\packs\Microsoft.Android.Sdk.Windows\34.0.154\tools\Xamarin.Android.Common.Debugging.targets(67,2): message : 		_ResolveMonoAndroidSdks
       C:\Program Files\dotnet\packs\Microsoft.Android.Sdk.Windows\34.0.154\tools\Xamarin.Android.Common.Debugging.targets(67,2): message : 		;_ValidateAndroidPackageProperties
       C:\Program Files\dotnet\packs\Microsoft.Android.Sdk.Windows\34.0.154\tools\Xamarin.Android.Common.Debugging.targets(67,2): message : 		;
       C:\Program Files\dotnet\packs\Microsoft.Android.Sdk.Windows\34.0.154\tools\Xamarin.Android.Common.Debugging.targets(67,2): message : 		;
       C:\Program Files\dotnet\packs\Microsoft.Android.Sdk.Windows\34.0.154\tools\Xamarin.Android.Common.Debugging.targets(67,2): message : 		_ResolveMonoAndroidSdks
       C:\Program Files\dotnet\packs\Microsoft.Android.Sdk.Windows\34.0.154\tools\Xamarin.Android.Common.Debugging.targets(67,2): message : 	
       C:\Program Files\dotnet\packs\Microsoft.Android.Sdk.Windows\34.0.154\tools\Xamarin.Android.Common.Debugging.targets(67,2): message : 	
       C:\Program Files\dotnet\packs\Microsoft.Android.Sdk.Windows\34.0.154\tools\Xamarin.Android.Common.Debugging.targets(67,2): message : 		;_BuildApkEmbed
       C:\Program Files\dotnet\packs\Microsoft.Android.Sdk.Windows\34.0.154\tools\Xamarin.Android.Common.Debugging.targets(67,2): message : 	
       C:\Program Files\dotnet\packs\Microsoft.Android.Sdk.Windows\34.0.154\tools\Xamarin.Android.Common.Debugging.targets(67,2): message : 		;_BuildApkFastDev
       C:\Program Files\dotnet\packs\Microsoft.Android.Sdk.Windows\34.0.154\tools\Xamarin.Android.Common.Debugging.targets(67,2): message : 	" (valore precedente: "
       C:\Program Files\dotnet\packs\Microsoft.Android.Sdk.Windows\34.0.154\tools\Xamarin.Android.Common.Debugging.targets(67,2): message : 		Build
       C:\Program Files\dotnet\packs\Microsoft.Android.Sdk.Windows\34.0.154\tools\Xamarin.Android.Common.Debugging.targets(67,2): message : 		;
       C:\Program Files\dotnet\packs\Microsoft.Android.Sdk.Windows\34.0.154\tools\Xamarin.Android.Common.Debugging.targets(67,2): message : 		_ResolveMonoAndroidSdks
       C:\Program Files\dotnet\packs\Microsoft.Android.Sdk.Windows\34.0.154\tools\Xamarin.Android.Common.Debugging.targets(67,2): message : 		;_ValidateAndroidPackageProperties
       C:\Program Files\dotnet\packs\Microsoft.Android.Sdk.Windows\34.0.154\tools\Xamarin.Android.Common.Debugging.targets(67,2): message : 		;
       C:\Program Files\dotnet\packs\Microsoft.Android.Sdk.Windows\34.0.154\tools\Xamarin.Android.Common.Debugging.targets(67,2): message : 		;
       C:\Program Files\dotnet\packs\Microsoft.Android.Sdk.Windows\34.0.154\tools\Xamarin.Android.Common.Debugging.targets(67,2): message : 		_ResolveMonoAndroidSdks
       C:\Program Files\dotnet\packs\Microsoft.Android.Sdk.Windows\34.0.154\tools\Xamarin.Android.Common.Debugging.targets(67,2): message : 	
       C:\Program Files\dotnet\packs\Microsoft.Android.Sdk.Windows\34.0.154\tools\Xamarin.Android.Common.Debugging.targets(67,2): message : 	
       C:\Program Files\dotnet\packs\Microsoft.Android.Sdk.Windows\34.0.154\tools\Xamarin.Android.Common.Debugging.targets(67,2): message : 		;_BuildApkEmbed
       C:\Program Files\dotnet\packs\Microsoft.Android.Sdk.Windows\34.0.154\tools\Xamarin.Android.Common.Debugging.targets(67,2): message : 	") in C:\Program Files\dotnet\packs\Microsoft.Android.Sdk.Windows\34.0.154\tools\Xamarin.Android.Common.Debugging.targets (67,2)
       C:\Program Files\dotnet\packs\Microsoft.Android.Sdk.Windows\34.0.154\tools\Xamarin.Android.Common.Debugging.targets(74,2): message : Riassegnazione della proprietà: $(_OnResolveMonoAndroidSdks)="
       C:\Program Files\dotnet\packs\Microsoft.Android.Sdk.Windows\34.0.154\tools\Xamarin.Android.Common.Debugging.targets(74,2): message : 		
       C:\Program Files\dotnet\packs\Microsoft.Android.Sdk.Windows\34.0.154\tools\Xamarin.Android.Common.Debugging.targets(74,2): message : 		_ResolveMonoAndroidSdks
       C:\Program Files\dotnet\packs\Microsoft.Android.Sdk.Windows\34.0.154\tools\Xamarin.Android.Common.Debugging.targets(74,2): message : 		;_ValidateAndroidPackageProperties
       C:\Program Files\dotnet\packs\Microsoft.Android.Sdk.Windows\34.0.154\tools\Xamarin.Android.Common.Debugging.targets(74,2): message : 		;
       C:\Program Files\dotnet\packs\Microsoft.Android.Sdk.Windows\34.0.154\tools\Xamarin.Android.Common.Debugging.targets(74,2): message : 		;
       C:\Program Files\dotnet\packs\Microsoft.Android.Sdk.Windows\34.0.154\tools\Xamarin.Android.Common.Debugging.targets(74,2): message : 		_ResolveMonoAndroidSdks
       C:\Program Files\dotnet\packs\Microsoft.Android.Sdk.Windows\34.0.154\tools\Xamarin.Android.Common.Debugging.targets(74,2): message : 	
       C:\Program Files\dotnet\packs\Microsoft.Android.Sdk.Windows\34.0.154\tools\Xamarin.Android.Common.Debugging.targets(74,2): message : 	
       C:\Program Files\dotnet\packs\Microsoft.Android.Sdk.Windows\34.0.154\tools\Xamarin.Android.Common.Debugging.targets(74,2): message : 		;_ResolveXamarinAndroidTools
       C:\Program Files\dotnet\packs\Microsoft.Android.Sdk.Windows\34.0.154\tools\Xamarin.Android.Common.Debugging.targets(74,2): message : 	" (valore precedente: "
       C:\Program Files\dotnet\packs\Microsoft.Android.Sdk.Windows\34.0.154\tools\Xamarin.Android.Common.Debugging.targets(74,2): message : 		_ResolveMonoAndroidSdks
       C:\Program Files\dotnet\packs\Microsoft.Android.Sdk.Windows\34.0.154\tools\Xamarin.Android.Common.Debugging.targets(74,2): message : 		;_ValidateAndroidPackageProperties
       C:\Program Files\dotnet\packs\Microsoft.Android.Sdk.Windows\34.0.154\tools\Xamarin.Android.Common.Debugging.targets(74,2): message : 		;
       C:\Program Files\dotnet\packs\Microsoft.Android.Sdk.Windows\34.0.154\tools\Xamarin.Android.Common.Debugging.targets(74,2): message : 		;
       C:\Program Files\dotnet\packs\Microsoft.Android.Sdk.Windows\34.0.154\tools\Xamarin.Android.Common.Debugging.targets(74,2): message : 		_ResolveMonoAndroidSdks
       C:\Program Files\dotnet\packs\Microsoft.Android.Sdk.Windows\34.0.154\tools\Xamarin.Android.Common.Debugging.targets(74,2): message : 	
       C:\Program Files\dotnet\packs\Microsoft.Android.Sdk.Windows\34.0.154\tools\Xamarin.Android.Common.Debugging.targets(74,2): message : 	") in C:\Program Files\dotnet\packs\Microsoft.Android.Sdk.Windows\34.0.154\tools\Xamarin.Android.Common.Debugging.targets (74,2)
       C:\Program Files\dotnet\packs\Microsoft.Android.Sdk.Windows\34.0.154\tools\Xamarin.Android.Common.Debugging.targets(81,2): message : Riassegnazione della proprietà: $(_CompileJavaDependsOnTargets)="
       C:\Program Files\dotnet\packs\Microsoft.Android.Sdk.Windows\34.0.154\tools\Xamarin.Android.Common.Debugging.targets(81,2): message : 		
       C:\Program Files\dotnet\packs\Microsoft.Android.Sdk.Windows\34.0.154\tools\Xamarin.Android.Common.Debugging.targets(81,2): message : 		_AdjustJavacVersionArguments;
       C:\Program Files\dotnet\packs\Microsoft.Android.Sdk.Windows\34.0.154\tools\Xamarin.Android.Common.Debugging.targets(81,2): message : 		_GeneratePackageManagerJava;
       C:\Program Files\dotnet\packs\Microsoft.Android.Sdk.Windows\34.0.154\tools\Xamarin.Android.Common.Debugging.targets(81,2): message : 		_FindJavaStubFiles;
       C:\Program Files\dotnet\packs\Microsoft.Android.Sdk.Windows\34.0.154\tools\Xamarin.Android.Common.Debugging.targets(81,2): message : 		_AddStaticResources;
       C:\Program Files\dotnet\packs\Microsoft.Android.Sdk.Windows\34.0.154\tools\Xamarin.Android.Common.Debugging.targets(81,2): message : 		;
       C:\Program Files\dotnet\packs\Microsoft.Android.Sdk.Windows\34.0.154\tools\Xamarin.Android.Common.Debugging.targets(81,2): message : 		_GetMonoPlatformJarPath;
       C:\Program Files\dotnet\packs\Microsoft.Android.Sdk.Windows\34.0.154\tools\Xamarin.Android.Common.Debugging.targets(81,2): message : 		
       C:\Program Files\dotnet\packs\Microsoft.Android.Sdk.Windows\34.0.154\tools\Xamarin.Android.Common.Debugging.targets(81,2): message : 		_ResolveMonoAndroidSdks
       C:\Program Files\dotnet\packs\Microsoft.Android.Sdk.Windows\34.0.154\tools\Xamarin.Android.Common.Debugging.targets(81,2): message : 		;_ValidateAndroidPackageProperties
       C:\Program Files\dotnet\packs\Microsoft.Android.Sdk.Windows\34.0.154\tools\Xamarin.Android.Common.Debugging.targets(81,2): message : 		;
       C:\Program Files\dotnet\packs\Microsoft.Android.Sdk.Windows\34.0.154\tools\Xamarin.Android.Common.Debugging.targets(81,2): message : 		;
       C:\Program Files\dotnet\packs\Microsoft.Android.Sdk.Windows\34.0.154\tools\Xamarin.Android.Common.Debugging.targets(81,2): message : 		_ResolveMonoAndroidSdks
       C:\Program Files\dotnet\packs\Microsoft.Android.Sdk.Windows\34.0.154\tools\Xamarin.Android.Common.Debugging.targets(81,2): message : 	
       C:\Program Files\dotnet\packs\Microsoft.Android.Sdk.Windows\34.0.154\tools\Xamarin.Android.Common.Debugging.targets(81,2): message : 	;
       C:\Program Files\dotnet\packs\Microsoft.Android.Sdk.Windows\34.0.154\tools\Xamarin.Android.Common.Debugging.targets(81,2): message : 		_GetLibraryImports;
       C:\Program Files\dotnet\packs\Microsoft.Android.Sdk.Windows\34.0.154\tools\Xamarin.Android.Common.Debugging.targets(81,2): message : 		_CheckDuplicateJavaLibraries;
       C:\Program Files\dotnet\packs\Microsoft.Android.Sdk.Windows\34.0.154\tools\Xamarin.Android.Common.Debugging.targets(81,2): message : 		_CreateBaseApk;
       C:\Program Files\dotnet\packs\Microsoft.Android.Sdk.Windows\34.0.154\tools\Xamarin.Android.Common.Debugging.targets(81,2): message : 		_DetermineJavaLibrariesToCompile;
       C:\Program Files\dotnet\packs\Microsoft.Android.Sdk.Windows\34.0.154\tools\Xamarin.Android.Common.Debugging.targets(81,2): message : 		
       C:\Program Files\dotnet\packs\Microsoft.Android.Sdk.Windows\34.0.154\tools\Xamarin.Android.Common.Debugging.targets(81,2): message : 		;
       C:\Program Files\dotnet\packs\Microsoft.Android.Sdk.Windows\34.0.154\tools\Xamarin.Android.Common.Debugging.targets(81,2): message : 		_CopyPlatformDex
       C:\Program Files\dotnet\packs\Microsoft.Android.Sdk.Windows\34.0.154\tools\Xamarin.Android.Common.Debugging.targets(81,2): message : 		;_IncludeFastDevJar
       C:\Program Files\dotnet\packs\Microsoft.Android.Sdk.Windows\34.0.154\tools\Xamarin.Android.Common.Debugging.targets(81,2): message : 	
       C:\Program Files\dotnet\packs\Microsoft.Android.Sdk.Windows\34.0.154\tools\Xamarin.Android.Common.Debugging.targets(81,2): message : 	
       C:\Program Files\dotnet\packs\Microsoft.Android.Sdk.Windows\34.0.154\tools\Xamarin.Android.Common.Debugging.targets(81,2): message : 		;_IncludeInstanceRunReference
       C:\Program Files\dotnet\packs\Microsoft.Android.Sdk.Windows\34.0.154\tools\Xamarin.Android.Common.Debugging.targets(81,2): message : 	" (valore precedente: "
       C:\Program Files\dotnet\packs\Microsoft.Android.Sdk.Windows\34.0.154\tools\Xamarin.Android.Common.Debugging.targets(81,2): message : 		_AdjustJavacVersionArguments;
       C:\Program Files\dotnet\packs\Microsoft.Android.Sdk.Windows\34.0.154\tools\Xamarin.Android.Common.Debugging.targets(81,2): message : 		_GeneratePackageManagerJava;
       C:\Program Files\dotnet\packs\Microsoft.Android.Sdk.Windows\34.0.154\tools\Xamarin.Android.Common.Debugging.targets(81,2): message : 		_FindJavaStubFiles;
       C:\Program Files\dotnet\packs\Microsoft.Android.Sdk.Windows\34.0.154\tools\Xamarin.Android.Common.Debugging.targets(81,2): message : 		_AddStaticResources;
       C:\Program Files\dotnet\packs\Microsoft.Android.Sdk.Windows\34.0.154\tools\Xamarin.Android.Common.Debugging.targets(81,2): message : 		;
       C:\Program Files\dotnet\packs\Microsoft.Android.Sdk.Windows\34.0.154\tools\Xamarin.Android.Common.Debugging.targets(81,2): message : 		_GetMonoPlatformJarPath;
       C:\Program Files\dotnet\packs\Microsoft.Android.Sdk.Windows\34.0.154\tools\Xamarin.Android.Common.Debugging.targets(81,2): message : 		
       C:\Program Files\dotnet\packs\Microsoft.Android.Sdk.Windows\34.0.154\tools\Xamarin.Android.Common.Debugging.targets(81,2): message : 		_ResolveMonoAndroidSdks
       C:\Program Files\dotnet\packs\Microsoft.Android.Sdk.Windows\34.0.154\tools\Xamarin.Android.Common.Debugging.targets(81,2): message : 		;_ValidateAndroidPackageProperties
       C:\Program Files\dotnet\packs\Microsoft.Android.Sdk.Windows\34.0.154\tools\Xamarin.Android.Common.Debugging.targets(81,2): message : 		;
       C:\Program Files\dotnet\packs\Microsoft.Android.Sdk.Windows\34.0.154\tools\Xamarin.Android.Common.Debugging.targets(81,2): message : 		;
       C:\Program Files\dotnet\packs\Microsoft.Android.Sdk.Windows\34.0.154\tools\Xamarin.Android.Common.Debugging.targets(81,2): message : 		_ResolveMonoAndroidSdks
       C:\Program Files\dotnet\packs\Microsoft.Android.Sdk.Windows\34.0.154\tools\Xamarin.Android.Common.Debugging.targets(81,2): message : 	
       C:\Program Files\dotnet\packs\Microsoft.Android.Sdk.Windows\34.0.154\tools\Xamarin.Android.Common.Debugging.targets(81,2): message : 	;
       C:\Program Files\dotnet\packs\Microsoft.Android.Sdk.Windows\34.0.154\tools\Xamarin.Android.Common.Debugging.targets(81,2): message : 		_GetLibraryImports;
       C:\Program Files\dotnet\packs\Microsoft.Android.Sdk.Windows\34.0.154\tools\Xamarin.Android.Common.Debugging.targets(81,2): message : 		_CheckDuplicateJavaLibraries;
       C:\Program Files\dotnet\packs\Microsoft.Android.Sdk.Windows\34.0.154\tools\Xamarin.Android.Common.Debugging.targets(81,2): message : 		_CreateBaseApk;
       C:\Program Files\dotnet\packs\Microsoft.Android.Sdk.Windows\34.0.154\tools\Xamarin.Android.Common.Debugging.targets(81,2): message : 		_DetermineJavaLibrariesToCompile;
       C:\Program Files\dotnet\packs\Microsoft.Android.Sdk.Windows\34.0.154\tools\Xamarin.Android.Common.Debugging.targets(81,2): message : 		
       C:\Program Files\dotnet\packs\Microsoft.Android.Sdk.Windows\34.0.154\tools\Xamarin.Android.Common.Debugging.targets(81,2): message : 		;
       C:\Program Files\dotnet\packs\Microsoft.Android.Sdk.Windows\34.0.154\tools\Xamarin.Android.Common.Debugging.targets(81,2): message : 		_CopyPlatformDex
       C:\Program Files\dotnet\packs\Microsoft.Android.Sdk.Windows\34.0.154\tools\Xamarin.Android.Common.Debugging.targets(81,2): message : 		;_IncludeFastDevJar
       C:\Program Files\dotnet\packs\Microsoft.Android.Sdk.Windows\34.0.154\tools\Xamarin.Android.Common.Debugging.targets(81,2): message : 	
       C:\Program Files\dotnet\packs\Microsoft.Android.Sdk.Windows\34.0.154\tools\Xamarin.Android.Common.Debugging.targets(81,2): message : 	") in C:\Program Files\dotnet\packs\Microsoft.Android.Sdk.Windows\34.0.154\tools\Xamarin.Android.Common.Debugging.targets (81,2)
       C:\Program Files\dotnet\packs\Microsoft.Android.Sdk.Windows\34.0.154\tools\Xamarin.Android.Common.Debugging.targets(85,2): message : Riassegnazione della proprietà: $(_CopyPackageDependsOn)="
       C:\Program Files\dotnet\packs\Microsoft.Android.Sdk.Windows\34.0.154\tools\Xamarin.Android.Common.Debugging.targets(85,2): message : 		_BuildApkFastDev
       C:\Program Files\dotnet\packs\Microsoft.Android.Sdk.Windows\34.0.154\tools\Xamarin.Android.Common.Debugging.targets(85,2): message : 		;
       C:\Program Files\dotnet\packs\Microsoft.Android.Sdk.Windows\34.0.154\tools\Xamarin.Android.Common.Debugging.targets(85,2): message : 		_DefineBuildTargetAbis
       C:\Program Files\dotnet\packs\Microsoft.Android.Sdk.Windows\34.0.154\tools\Xamarin.Android.Common.Debugging.targets(85,2): message : 		;_BuildApkEmbed
       C:\Program Files\dotnet\packs\Microsoft.Android.Sdk.Windows\34.0.154\tools\Xamarin.Android.Common.Debugging.targets(85,2): message : 		;_ResolveCopyPackageInputs
       C:\Program Files\dotnet\packs\Microsoft.Android.Sdk.Windows\34.0.154\tools\Xamarin.Android.Common.Debugging.targets(85,2): message : 	
       C:\Program Files\dotnet\packs\Microsoft.Android.Sdk.Windows\34.0.154\tools\Xamarin.Android.Common.Debugging.targets(85,2): message : 		;_DefineBuildTargetAbis
       C:\Program Files\dotnet\packs\Microsoft.Android.Sdk.Windows\34.0.154\tools\Xamarin.Android.Common.Debugging.targets(85,2): message : 	" (valore precedente: "
       C:\Program Files\dotnet\packs\Microsoft.Android.Sdk.Windows\34.0.154\tools\Xamarin.Android.Common.Debugging.targets(85,2): message : 		_DefineBuildTargetAbis
       C:\Program Files\dotnet\packs\Microsoft.Android.Sdk.Windows\34.0.154\tools\Xamarin.Android.Common.Debugging.targets(85,2): message : 		;_BuildApkEmbed
       C:\Program Files\dotnet\packs\Microsoft.Android.Sdk.Windows\34.0.154\tools\Xamarin.Android.Common.Debugging.targets(85,2): message : 		;_ResolveCopyPackageInputs
       C:\Program Files\dotnet\packs\Microsoft.Android.Sdk.Windows\34.0.154\tools\Xamarin.Android.Common.Debugging.targets(85,2): message : 	") in C:\Program Files\dotnet\packs\Microsoft.Android.Sdk.Windows\34.0.154\tools\Xamarin.Android.Common.Debugging.targets (85,2)
       C:\Program Files\dotnet\packs\Microsoft.Android.Sdk.Windows\34.0.154\tools\Xamarin.Android.Common.Debugging.targets(90,2): message : Riassegnazione della proprietà: $(_CreateBaseApkDependsOnTargets)="
       C:\Program Files\dotnet\packs\Microsoft.Android.Sdk.Windows\34.0.154\tools\Xamarin.Android.Common.Debugging.targets(90,2): message : 		
       C:\Program Files\dotnet\packs\Microsoft.Android.Sdk.Windows\34.0.154\tools\Xamarin.Android.Common.Debugging.targets(90,2): message : 		_GenerateJavaStubs;
       C:\Program Files\dotnet\packs\Microsoft.Android.Sdk.Windows\34.0.154\tools\Xamarin.Android.Common.Debugging.targets(90,2): message : 		_ManifestMerger;
       C:\Program Files\dotnet\packs\Microsoft.Android.Sdk.Windows\34.0.154\tools\Xamarin.Android.Common.Debugging.targets(90,2): message : 		_ConvertCustomView;
       C:\Program Files\dotnet\packs\Microsoft.Android.Sdk.Windows\34.0.154\tools\Xamarin.Android.Common.Debugging.targets(90,2): message : 		;
       C:\Program Files\dotnet\packs\Microsoft.Android.Sdk.Windows\34.0.154\tools\Xamarin.Android.Common.Debugging.targets(90,2): message : 		_GenerateEnvironmentFiles;
       C:\Program Files\dotnet\packs\Microsoft.Android.Sdk.Windows\34.0.154\tools\Xamarin.Android.Common.Debugging.targets(90,2): message : 		_GetLibraryImports;
       C:\Program Files\dotnet\packs\Microsoft.Android.Sdk.Windows\34.0.154\tools\Xamarin.Android.Common.Debugging.targets(90,2): message : 		_CheckDuplicateJavaLibraries;
       C:\Program Files\dotnet\packs\Microsoft.Android.Sdk.Windows\34.0.154\tools\Xamarin.Android.Common.Debugging.targets(90,2): message : 		UpdateAndroidAssets;
       C:\Program Files\dotnet\packs\Microsoft.Android.Sdk.Windows\34.0.154\tools\Xamarin.Android.Common.Debugging.targets(90,2): message : 		;
       C:\Program Files\dotnet\packs\Microsoft.Android.Sdk.Windows\34.0.154\tools\Xamarin.Android.Common.Debugging.targets(90,2): message : 	
       C:\Program Files\dotnet\packs\Microsoft.Android.Sdk.Windows\34.0.154\tools\Xamarin.Android.Common.Debugging.targets(90,2): message : 		;_DefineBuildTargetAbis
       C:\Program Files\dotnet\packs\Microsoft.Android.Sdk.Windows\34.0.154\tools\Xamarin.Android.Common.Debugging.targets(90,2): message : 	" (valore precedente: "
       C:\Program Files\dotnet\packs\Microsoft.Android.Sdk.Windows\34.0.154\tools\Xamarin.Android.Common.Debugging.targets(90,2): message : 		_GenerateJavaStubs;
       C:\Program Files\dotnet\packs\Microsoft.Android.Sdk.Windows\34.0.154\tools\Xamarin.Android.Common.Debugging.targets(90,2): message : 		_ManifestMerger;
       C:\Program Files\dotnet\packs\Microsoft.Android.Sdk.Windows\34.0.154\tools\Xamarin.Android.Common.Debugging.targets(90,2): message : 		_ConvertCustomView;
       C:\Program Files\dotnet\packs\Microsoft.Android.Sdk.Windows\34.0.154\tools\Xamarin.Android.Common.Debugging.targets(90,2): message : 		;
       C:\Program Files\dotnet\packs\Microsoft.Android.Sdk.Windows\34.0.154\tools\Xamarin.Android.Common.Debugging.targets(90,2): message : 		_GenerateEnvironmentFiles;
       C:\Program Files\dotnet\packs\Microsoft.Android.Sdk.Windows\34.0.154\tools\Xamarin.Android.Common.Debugging.targets(90,2): message : 		_GetLibraryImports;
       C:\Program Files\dotnet\packs\Microsoft.Android.Sdk.Windows\34.0.154\tools\Xamarin.Android.Common.Debugging.targets(90,2): message : 		_CheckDuplicateJavaLibraries;
       C:\Program Files\dotnet\packs\Microsoft.Android.Sdk.Windows\34.0.154\tools\Xamarin.Android.Common.Debugging.targets(90,2): message : 		UpdateAndroidAssets;
       C:\Program Files\dotnet\packs\Microsoft.Android.Sdk.Windows\34.0.154\tools\Xamarin.Android.Common.Debugging.targets(90,2): message : 		;
       C:\Program Files\dotnet\packs\Microsoft.Android.Sdk.Windows\34.0.154\tools\Xamarin.Android.Common.Debugging.targets(90,2): message : 	") in C:\Program Files\dotnet\packs\Microsoft.Android.Sdk.Windows\34.0.154\tools\Xamarin.Android.Common.Debugging.targets (90,2)
       C:\Program Files\dotnet\packs\Microsoft.Android.Sdk.Windows\34.0.154\tools\Xamarin.Android.Common.Debugging.targets(708,2): message : Riassegnazione della proprietà: $(InstallDependsOnTargets)="
       C:\Program Files\dotnet\packs\Microsoft.Android.Sdk.Windows\34.0.154\tools\Xamarin.Android.Common.Debugging.targets(708,2): message : 		SignAndroidPackage;
       C:\Program Files\dotnet\packs\Microsoft.Android.Sdk.Windows\34.0.154\tools\Xamarin.Android.Common.Debugging.targets(708,2): message : 		_Upload
       C:\Program Files\dotnet\packs\Microsoft.Android.Sdk.Windows\34.0.154\tools\Xamarin.Android.Common.Debugging.targets(708,2): message : 	" (valore precedente: "
       C:\Program Files\dotnet\packs\Microsoft.Android.Sdk.Windows\34.0.154\tools\Xamarin.Android.Common.Debugging.targets(708,2): message :     SignAndroidPackage;
       C:\Program Files\dotnet\packs\Microsoft.Android.Sdk.Windows\34.0.154\tools\Xamarin.Android.Common.Debugging.targets(708,2): message :     _DeployApk;
       C:\Program Files\dotnet\packs\Microsoft.Android.Sdk.Windows\34.0.154\tools\Xamarin.Android.Common.Debugging.targets(708,2): message :     _DeployAppBundle;
       C:\Program Files\dotnet\packs\Microsoft.Android.Sdk.Windows\34.0.154\tools\Xamarin.Android.Common.Debugging.targets(708,2): message :   ") in C:\Program Files\dotnet\packs\Microsoft.Android.Sdk.Windows\34.0.154\tools\Xamarin.Android.Common.Debugging.targets (708,2)
       C:\Program Files\dotnet\packs\Microsoft.Android.Sdk.Windows\34.0.154\tools\Xamarin.Android.Common.Debugging.targets(742,2): message : Riassegnazione della proprietà: $(CleanDependsOn)="
       C:\Program Files\dotnet\packs\Microsoft.Android.Sdk.Windows\34.0.154\tools\Xamarin.Android.Common.Debugging.targets(742,2): message : 		
       C:\Program Files\dotnet\packs\Microsoft.Android.Sdk.Windows\34.0.154\tools\Xamarin.Android.Common.Debugging.targets(742,2): message :       
       C:\Program Files\dotnet\packs\Microsoft.Android.Sdk.Windows\34.0.154\tools\Xamarin.Android.Common.Debugging.targets(742,2): message :       BeforeClean;
       C:\Program Files\dotnet\packs\Microsoft.Android.Sdk.Windows\34.0.154\tools\Xamarin.Android.Common.Debugging.targets(742,2): message :       UnmanagedUnregistration;
       C:\Program Files\dotnet\packs\Microsoft.Android.Sdk.Windows\34.0.154\tools\Xamarin.Android.Common.Debugging.targets(742,2): message :       CoreClean;
       C:\Program Files\dotnet\packs\Microsoft.Android.Sdk.Windows\34.0.154\tools\Xamarin.Android.Common.Debugging.targets(742,2): message :       CleanReferencedProjects;
       C:\Program Files\dotnet\packs\Microsoft.Android.Sdk.Windows\34.0.154\tools\Xamarin.Android.Common.Debugging.targets(742,2): message :       CleanPublishFolder;
       C:\Program Files\dotnet\packs\Microsoft.Android.Sdk.Windows\34.0.154\tools\Xamarin.Android.Common.Debugging.targets(742,2): message :       AfterClean
       C:\Program Files\dotnet\packs\Microsoft.Android.Sdk.Windows\34.0.154\tools\Xamarin.Android.Common.Debugging.targets(742,2): message :     ;
       C:\Program Files\dotnet\packs\Microsoft.Android.Sdk.Windows\34.0.154\tools\Xamarin.Android.Common.Debugging.targets(742,2): message :       _CleanMonoAndroidIntermediateDir;
       C:\Program Files\dotnet\packs\Microsoft.Android.Sdk.Windows\34.0.154\tools\Xamarin.Android.Common.Debugging.targets(742,2): message :       _CleanAndroidBuildPropertiesCache;
       C:\Program Files\dotnet\packs\Microsoft.Android.Sdk.Windows\34.0.154\tools\Xamarin.Android.Common.Debugging.targets(742,2): message :       _CleanAarCache;
       C:\Program Files\dotnet\packs\Microsoft.Android.Sdk.Windows\34.0.154\tools\Xamarin.Android.Common.Debugging.targets(742,2): message :       CleanBindingsOutput;
       C:\Program Files\dotnet\packs\Microsoft.Android.Sdk.Windows\34.0.154\tools\Xamarin.Android.Common.Debugging.targets(742,2): message :       CleanLibraryProjectIntermediaries;
       C:\Program Files\dotnet\packs\Microsoft.Android.Sdk.Windows\34.0.154\tools\Xamarin.Android.Common.Debugging.targets(742,2): message :       CleanNativeLibraryIntermediaries;
       C:\Program Files\dotnet\packs\Microsoft.Android.Sdk.Windows\34.0.154\tools\Xamarin.Android.Common.Debugging.targets(742,2): message :     ;
       C:\Program Files\dotnet\packs\Microsoft.Android.Sdk.Windows\34.0.154\tools\Xamarin.Android.Common.Debugging.targets(742,2): message : 		_CleanDebuggingCaches;
       C:\Program Files\dotnet\packs\Microsoft.Android.Sdk.Windows\34.0.154\tools\Xamarin.Android.Common.Debugging.targets(742,2): message : 		_CleanMultiDexFiles;
       C:\Program Files\dotnet\packs\Microsoft.Android.Sdk.Windows\34.0.154\tools\Xamarin.Android.Common.Debugging.targets(742,2): message : 	" (valore precedente: "
       C:\Program Files\dotnet\packs\Microsoft.Android.Sdk.Windows\34.0.154\tools\Xamarin.Android.Common.Debugging.targets(742,2): message :       
       C:\Program Files\dotnet\packs\Microsoft.Android.Sdk.Windows\34.0.154\tools\Xamarin.Android.Common.Debugging.targets(742,2): message :       BeforeClean;
       C:\Program Files\dotnet\packs\Microsoft.Android.Sdk.Windows\34.0.154\tools\Xamarin.Android.Common.Debugging.targets(742,2): message :       UnmanagedUnregistration;
       C:\Program Files\dotnet\packs\Microsoft.Android.Sdk.Windows\34.0.154\tools\Xamarin.Android.Common.Debugging.targets(742,2): message :       CoreClean;
       C:\Program Files\dotnet\packs\Microsoft.Android.Sdk.Windows\34.0.154\tools\Xamarin.Android.Common.Debugging.targets(742,2): message :       CleanReferencedProjects;
       C:\Program Files\dotnet\packs\Microsoft.Android.Sdk.Windows\34.0.154\tools\Xamarin.Android.Common.Debugging.targets(742,2): message :       CleanPublishFolder;
       C:\Program Files\dotnet\packs\Microsoft.Android.Sdk.Windows\34.0.154\tools\Xamarin.Android.Common.Debugging.targets(742,2): message :       AfterClean
       C:\Program Files\dotnet\packs\Microsoft.Android.Sdk.Windows\34.0.154\tools\Xamarin.Android.Common.Debugging.targets(742,2): message :     ;
       C:\Program Files\dotnet\packs\Microsoft.Android.Sdk.Windows\34.0.154\tools\Xamarin.Android.Common.Debugging.targets(742,2): message :       _CleanMonoAndroidIntermediateDir;
       C:\Program Files\dotnet\packs\Microsoft.Android.Sdk.Windows\34.0.154\tools\Xamarin.Android.Common.Debugging.targets(742,2): message :       _CleanAndroidBuildPropertiesCache;
       C:\Program Files\dotnet\packs\Microsoft.Android.Sdk.Windows\34.0.154\tools\Xamarin.Android.Common.Debugging.targets(742,2): message :       _CleanAarCache;
       C:\Program Files\dotnet\packs\Microsoft.Android.Sdk.Windows\34.0.154\tools\Xamarin.Android.Common.Debugging.targets(742,2): message :       CleanBindingsOutput;
       C:\Program Files\dotnet\packs\Microsoft.Android.Sdk.Windows\34.0.154\tools\Xamarin.Android.Common.Debugging.targets(742,2): message :       CleanLibraryProjectIntermediaries;
       C:\Program Files\dotnet\packs\Microsoft.Android.Sdk.Windows\34.0.154\tools\Xamarin.Android.Common.Debugging.targets(742,2): message :       CleanNativeLibraryIntermediaries;
       C:\Program Files\dotnet\packs\Microsoft.Android.Sdk.Windows\34.0.154\tools\Xamarin.Android.Common.Debugging.targets(742,2): message :     ") in C:\Program Files\dotnet\packs\Microsoft.Android.Sdk.Windows\34.0.154\tools\Xamarin.Android.Common.Debugging.targets (742,2)
       C:\Program Files\dotnet\packs\Microsoft.Android.Sdk.Windows\34.0.154\tools\Xamarin.Android.Bindings.Core.targets(32,5): message : Riassegnazione della proprietà: $(DocumentationFile)="bin\Debug\net8.0-android\MoneyMindApp.xml" (valore precedente: "") in C:\Program Files\dotnet\packs\Microsoft.Android.Sdk.Windows\34.0.154\tools\Xamarin.Android.Bindings.Core.targets (32,5)
       C:\Program Files\dotnet\packs\Microsoft.Android.Sdk.Windows\34.0.154\tools\Xamarin.Android.Bindings.Core.targets(33,5): message : Riassegnazione della proprietà: $(NoWarn)="1701;1702;CS1573;CS1591" (valore precedente: "1701;1702") in C:\Program Files\dotnet\packs\Microsoft.Android.Sdk.Windows\34.0.154\tools\Xamarin.Android.Bindings.Core.targets (33,5)
       C:\Program Files\dotnet\packs\Microsoft.Android.Sdk.Windows\34.0.154\targets\Microsoft.Android.Sdk.AndroidLibraries.targets(93,5): message : Riassegnazione della proprietà: $(TargetsForTfmSpecificContentInPackage)=";PackTool;_PackProjectToolValidation;_IncludeAarInNuGetPackage" (valore precedente: ";PackTool;_PackProjectToolValidation") in C:\Program Files\dotnet\packs\Microsoft.Android.Sdk.Windows\34.0.154\targets\Microsoft.Android.Sdk.AndroidLibraries.targets (93,5)
       C:\Program Files\dotnet\packs\Microsoft.Android.Sdk.Windows\34.0.154\targets\Microsoft.Android.Sdk.Application.targets(14,5): message : Riassegnazione della proprietà: $(UseAppHost)="false" (valore precedente: "true") in C:\Program Files\dotnet\packs\Microsoft.Android.Sdk.Windows\34.0.154\targets\Microsoft.Android.Sdk.Application.targets (14,5)
       C:\Program Files\dotnet\packs\Microsoft.Android.Sdk.Windows\34.0.154\targets\Microsoft.Android.Sdk.Application.targets(16,5): message : Riassegnazione della proprietà: $(_RuntimeIdentifierUsesAppHost)="false" (valore precedente: "true") in C:\Program Files\dotnet\packs\Microsoft.Android.Sdk.Windows\34.0.154\targets\Microsoft.Android.Sdk.Application.targets (16,5)
       C:\Program Files\dotnet\packs\Microsoft.Android.Sdk.Windows\34.0.154\targets\Microsoft.Android.Sdk.Application.targets(17,5): message : Riassegnazione della proprietà: $(RunCommand)="dotnet" (valore precedente: "C:\Users\rober\Documents\MoneyMindApp\bin\Debug\net8.0-android\MoneyMindApp.exe") in C:\Program Files\dotnet\packs\Microsoft.Android.Sdk.Windows\34.0.154\targets\Microsoft.Android.Sdk.Application.targets (17,5)
       C:\Program Files\dotnet\packs\Microsoft.Android.Sdk.Windows\34.0.154\targets\Microsoft.Android.Sdk.Application.targets(18,5): message : Riassegnazione della proprietà: $(RunArguments)="build "C:\Users\rober\Documents\MoneyMindApp\MoneyMindApp.csproj" -target:Run --configuration "Debug"" (valore precedente: "") in C:\Program Files\dotnet\packs\Microsoft.Android.Sdk.Windows\34.0.154\targets\Microsoft.Android.Sdk.Application.targets (18,5)
       C:\Users\rober\.nuget\packages\microsoft.maui.resizetizer\8.0.90\buildTransitive\Microsoft.Maui.Resizetizer.After.targets(57,9): message : Riassegnazione della proprietà: $(CleanDependsOn)="
       C:\Users\rober\.nuget\packages\microsoft.maui.resizetizer\8.0.90\buildTransitive\Microsoft.Maui.Resizetizer.After.targets(57,9): message :             
       C:\Users\rober\.nuget\packages\microsoft.maui.resizetizer\8.0.90\buildTransitive\Microsoft.Maui.Resizetizer.After.targets(57,9): message : 		
       C:\Users\rober\.nuget\packages\microsoft.maui.resizetizer\8.0.90\buildTransitive\Microsoft.Maui.Resizetizer.After.targets(57,9): message :       
       C:\Users\rober\.nuget\packages\microsoft.maui.resizetizer\8.0.90\buildTransitive\Microsoft.Maui.Resizetizer.After.targets(57,9): message :       BeforeClean;
       C:\Users\rober\.nuget\packages\microsoft.maui.resizetizer\8.0.90\buildTransitive\Microsoft.Maui.Resizetizer.After.targets(57,9): message :       UnmanagedUnregistration;
       C:\Users\rober\.nuget\packages\microsoft.maui.resizetizer\8.0.90\buildTransitive\Microsoft.Maui.Resizetizer.After.targets(57,9): message :       CoreClean;
       C:\Users\rober\.nuget\packages\microsoft.maui.resizetizer\8.0.90\buildTransitive\Microsoft.Maui.Resizetizer.After.targets(57,9): message :       CleanReferencedProjects;
       C:\Users\rober\.nuget\packages\microsoft.maui.resizetizer\8.0.90\buildTransitive\Microsoft.Maui.Resizetizer.After.targets(57,9): message :       CleanPublishFolder;
       C:\Users\rober\.nuget\packages\microsoft.maui.resizetizer\8.0.90\buildTransitive\Microsoft.Maui.Resizetizer.After.targets(57,9): message :       AfterClean
       C:\Users\rober\.nuget\packages\microsoft.maui.resizetizer\8.0.90\buildTransitive\Microsoft.Maui.Resizetizer.After.targets(57,9): message :     ;
       C:\Users\rober\.nuget\packages\microsoft.maui.resizetizer\8.0.90\buildTransitive\Microsoft.Maui.Resizetizer.After.targets(57,9): message :       _CleanMonoAndroidIntermediateDir;
       C:\Users\rober\.nuget\packages\microsoft.maui.resizetizer\8.0.90\buildTransitive\Microsoft.Maui.Resizetizer.After.targets(57,9): message :       _CleanAndroidBuildPropertiesCache;
       C:\Users\rober\.nuget\packages\microsoft.maui.resizetizer\8.0.90\buildTransitive\Microsoft.Maui.Resizetizer.After.targets(57,9): message :       _CleanAarCache;
       C:\Users\rober\.nuget\packages\microsoft.maui.resizetizer\8.0.90\buildTransitive\Microsoft.Maui.Resizetizer.After.targets(57,9): message :       CleanBindingsOutput;
       C:\Users\rober\.nuget\packages\microsoft.maui.resizetizer\8.0.90\buildTransitive\Microsoft.Maui.Resizetizer.After.targets(57,9): message :       CleanLibraryProjectIntermediaries;
       C:\Users\rober\.nuget\packages\microsoft.maui.resizetizer\8.0.90\buildTransitive\Microsoft.Maui.Resizetizer.After.targets(57,9): message :       CleanNativeLibraryIntermediaries;
       C:\Users\rober\.nuget\packages\microsoft.maui.resizetizer\8.0.90\buildTransitive\Microsoft.Maui.Resizetizer.After.targets(57,9): message :     ;
       C:\Users\rober\.nuget\packages\microsoft.maui.resizetizer\8.0.90\buildTransitive\Microsoft.Maui.Resizetizer.After.targets(57,9): message : 		_CleanDebuggingCaches;
       C:\Users\rober\.nuget\packages\microsoft.maui.resizetizer\8.0.90\buildTransitive\Microsoft.Maui.Resizetizer.After.targets(57,9): message : 		_CleanMultiDexFiles;
       C:\Users\rober\.nuget\packages\microsoft.maui.resizetizer\8.0.90\buildTransitive\Microsoft.Maui.Resizetizer.After.targets(57,9): message : 	;
       C:\Users\rober\.nuget\packages\microsoft.maui.resizetizer\8.0.90\buildTransitive\Microsoft.Maui.Resizetizer.After.targets(57,9): message :             _CleanResizetizer;
       C:\Users\rober\.nuget\packages\microsoft.maui.resizetizer\8.0.90\buildTransitive\Microsoft.Maui.Resizetizer.After.targets(57,9): message :         " (valore precedente: "
       C:\Users\rober\.nuget\packages\microsoft.maui.resizetizer\8.0.90\buildTransitive\Microsoft.Maui.Resizetizer.After.targets(57,9): message : 		
       C:\Users\rober\.nuget\packages\microsoft.maui.resizetizer\8.0.90\buildTransitive\Microsoft.Maui.Resizetizer.After.targets(57,9): message :       
       C:\Users\rober\.nuget\packages\microsoft.maui.resizetizer\8.0.90\buildTransitive\Microsoft.Maui.Resizetizer.After.targets(57,9): message :       BeforeClean;
       C:\Users\rober\.nuget\packages\microsoft.maui.resizetizer\8.0.90\buildTransitive\Microsoft.Maui.Resizetizer.After.targets(57,9): message :       UnmanagedUnregistration;
       C:\Users\rober\.nuget\packages\microsoft.maui.resizetizer\8.0.90\buildTransitive\Microsoft.Maui.Resizetizer.After.targets(57,9): message :       CoreClean;
       C:\Users\rober\.nuget\packages\microsoft.maui.resizetizer\8.0.90\buildTransitive\Microsoft.Maui.Resizetizer.After.targets(57,9): message :       CleanReferencedProjects;
       C:\Users\rober\.nuget\packages\microsoft.maui.resizetizer\8.0.90\buildTransitive\Microsoft.Maui.Resizetizer.After.targets(57,9): message :       CleanPublishFolder;
       C:\Users\rober\.nuget\packages\microsoft.maui.resizetizer\8.0.90\buildTransitive\Microsoft.Maui.Resizetizer.After.targets(57,9): message :       AfterClean
       C:\Users\rober\.nuget\packages\microsoft.maui.resizetizer\8.0.90\buildTransitive\Microsoft.Maui.Resizetizer.After.targets(57,9): message :     ;
       C:\Users\rober\.nuget\packages\microsoft.maui.resizetizer\8.0.90\buildTransitive\Microsoft.Maui.Resizetizer.After.targets(57,9): message :       _CleanMonoAndroidIntermediateDir;
       C:\Users\rober\.nuget\packages\microsoft.maui.resizetizer\8.0.90\buildTransitive\Microsoft.Maui.Resizetizer.After.targets(57,9): message :       _CleanAndroidBuildPropertiesCache;
       C:\Users\rober\.nuget\packages\microsoft.maui.resizetizer\8.0.90\buildTransitive\Microsoft.Maui.Resizetizer.After.targets(57,9): message :       _CleanAarCache;
       C:\Users\rober\.nuget\packages\microsoft.maui.resizetizer\8.0.90\buildTransitive\Microsoft.Maui.Resizetizer.After.targets(57,9): message :       CleanBindingsOutput;
       C:\Users\rober\.nuget\packages\microsoft.maui.resizetizer\8.0.90\buildTransitive\Microsoft.Maui.Resizetizer.After.targets(57,9): message :       CleanLibraryProjectIntermediaries;
       C:\Users\rober\.nuget\packages\microsoft.maui.resizetizer\8.0.90\buildTransitive\Microsoft.Maui.Resizetizer.After.targets(57,9): message :       CleanNativeLibraryIntermediaries;
       C:\Users\rober\.nuget\packages\microsoft.maui.resizetizer\8.0.90\buildTransitive\Microsoft.Maui.Resizetizer.After.targets(57,9): message :     ;
       C:\Users\rober\.nuget\packages\microsoft.maui.resizetizer\8.0.90\buildTransitive\Microsoft.Maui.Resizetizer.After.targets(57,9): message : 		_CleanDebuggingCaches;
       C:\Users\rober\.nuget\packages\microsoft.maui.resizetizer\8.0.90\buildTransitive\Microsoft.Maui.Resizetizer.After.targets(57,9): message : 		_CleanMultiDexFiles;
       C:\Users\rober\.nuget\packages\microsoft.maui.resizetizer\8.0.90\buildTransitive\Microsoft.Maui.Resizetizer.After.targets(57,9): message : 	") in C:\Users\rober\.nuget\packages\microsoft.maui.resizetizer\8.0.90\buildTransitive\Microsoft.Maui.Resizetizer.After.targets (57,9)
       C:\Users\rober\.nuget\packages\microsoft.maui.core\8.0.90\buildTransitive\Microsoft.Maui.Core.After.targets(5,5): message : Riassegnazione della proprietà: $(MSBuildWarningsAsMessages)="1701;1702;XA4218" (valore precedente: "1701;1702") in C:\Users\rober\.nuget\packages\microsoft.maui.core\8.0.90\buildTransitive\Microsoft.Maui.Core.After.targets (5,5)
       C:\Users\rober\.nuget\packages\microsoft.maui.controls.build.tasks\8.0.90\buildTransitive\netstandard2.0\Microsoft.Maui.Controls.targets(124,5): message : Riassegnazione della proprietà: $(PrepareResourcesDependsOn)="
       C:\Users\rober\.nuget\packages\microsoft.maui.controls.build.tasks\8.0.90\buildTransitive\netstandard2.0\Microsoft.Maui.Controls.targets(124,5): message :       _MauiAddXamlEmbeddedResources;
       C:\Users\rober\.nuget\packages\microsoft.maui.controls.build.tasks\8.0.90\buildTransitive\netstandard2.0\Microsoft.Maui.Controls.targets(124,5): message :       
       C:\Users\rober\.nuget\packages\microsoft.maui.controls.build.tasks\8.0.90\buildTransitive\netstandard2.0\Microsoft.Maui.Controls.targets(124,5): message :       ResolvePackageDependenciesForBuild;
       C:\Users\rober\.nuget\packages\microsoft.maui.controls.build.tasks\8.0.90\buildTransitive\netstandard2.0\Microsoft.Maui.Controls.targets(124,5): message :       _HandlePackageFileConflicts;
       C:\Users\rober\.nuget\packages\microsoft.maui.controls.build.tasks\8.0.90\buildTransitive\netstandard2.0\Microsoft.Maui.Controls.targets(124,5): message :       
       C:\Users\rober\.nuget\packages\microsoft.maui.controls.build.tasks\8.0.90\buildTransitive\netstandard2.0\Microsoft.Maui.Controls.targets(124,5): message :       ;
       C:\Users\rober\.nuget\packages\microsoft.maui.controls.build.tasks\8.0.90\buildTransitive\netstandard2.0\Microsoft.Maui.Controls.targets(124,5): message :       PrepareResourceNames;
       C:\Users\rober\.nuget\packages\microsoft.maui.controls.build.tasks\8.0.90\buildTransitive\netstandard2.0\Microsoft.Maui.Controls.targets(124,5): message :       ResGen;
       C:\Users\rober\.nuget\packages\microsoft.maui.controls.build.tasks\8.0.90\buildTransitive\netstandard2.0\Microsoft.Maui.Controls.targets(124,5): message :       CompileLicxFiles
       C:\Users\rober\.nuget\packages\microsoft.maui.controls.build.tasks\8.0.90\buildTransitive\netstandard2.0\Microsoft.Maui.Controls.targets(124,5): message :     
       C:\Users\rober\.nuget\packages\microsoft.maui.controls.build.tasks\8.0.90\buildTransitive\netstandard2.0\Microsoft.Maui.Controls.targets(124,5): message :     ;
       C:\Users\rober\.nuget\packages\microsoft.maui.controls.build.tasks\8.0.90\buildTransitive\netstandard2.0\Microsoft.Maui.Controls.targets(124,5): message :     " (valore precedente: "
       C:\Users\rober\.nuget\packages\microsoft.maui.controls.build.tasks\8.0.90\buildTransitive\netstandard2.0\Microsoft.Maui.Controls.targets(124,5): message :       ResolvePackageDependenciesForBuild;
       C:\Users\rober\.nuget\packages\microsoft.maui.controls.build.tasks\8.0.90\buildTransitive\netstandard2.0\Microsoft.Maui.Controls.targets(124,5): message :       _HandlePackageFileConflicts;
       C:\Users\rober\.nuget\packages\microsoft.maui.controls.build.tasks\8.0.90\buildTransitive\netstandard2.0\Microsoft.Maui.Controls.targets(124,5): message :       
       C:\Users\rober\.nuget\packages\microsoft.maui.controls.build.tasks\8.0.90\buildTransitive\netstandard2.0\Microsoft.Maui.Controls.targets(124,5): message :       ;
       C:\Users\rober\.nuget\packages\microsoft.maui.controls.build.tasks\8.0.90\buildTransitive\netstandard2.0\Microsoft.Maui.Controls.targets(124,5): message :       PrepareResourceNames;
       C:\Users\rober\.nuget\packages\microsoft.maui.controls.build.tasks\8.0.90\buildTransitive\netstandard2.0\Microsoft.Maui.Controls.targets(124,5): message :       ResGen;
       C:\Users\rober\.nuget\packages\microsoft.maui.controls.build.tasks\8.0.90\buildTransitive\netstandard2.0\Microsoft.Maui.Controls.targets(124,5): message :       CompileLicxFiles
       C:\Users\rober\.nuget\packages\microsoft.maui.controls.build.tasks\8.0.90\buildTransitive\netstandard2.0\Microsoft.Maui.Controls.targets(124,5): message :     
       C:\Users\rober\.nuget\packages\microsoft.maui.controls.build.tasks\8.0.90\buildTransitive\netstandard2.0\Microsoft.Maui.Controls.targets(124,5): message :     ") in C:\Users\rober\.nuget\packages\microsoft.maui.controls.build.tasks\8.0.90\buildTransitive\netstandard2.0\Microsoft.Maui.Controls.targets (124,5)
       C:\Users\rober\.nuget\packages\microsoft.maui.controls.build.tasks\8.0.90\buildTransitive\netstandard2.0\Microsoft.Maui.Controls.targets(138,3): message : Riassegnazione della proprietà: $(CompileDependsOn)="
       C:\Users\rober\.nuget\packages\microsoft.maui.controls.build.tasks\8.0.90\buildTransitive\netstandard2.0\Microsoft.Maui.Controls.targets(138,3): message : 			
       C:\Users\rober\.nuget\packages\microsoft.maui.controls.build.tasks\8.0.90\buildTransitive\netstandard2.0\Microsoft.Maui.Controls.targets(138,3): message :       _SetupMSBuildAllProjects;
       C:\Users\rober\.nuget\packages\microsoft.maui.controls.build.tasks\8.0.90\buildTransitive\netstandard2.0\Microsoft.Maui.Controls.targets(138,3): message :       _SetupDesignTimeBuildForCompile;
       C:\Users\rober\.nuget\packages\microsoft.maui.controls.build.tasks\8.0.90\buildTransitive\netstandard2.0\Microsoft.Maui.Controls.targets(138,3): message :       _AddAndroidDefines;
       C:\Users\rober\.nuget\packages\microsoft.maui.controls.build.tasks\8.0.90\buildTransitive\netstandard2.0\Microsoft.Maui.Controls.targets(138,3): message :       _IncludeLayoutBindingSources;
       C:\Users\rober\.nuget\packages\microsoft.maui.controls.build.tasks\8.0.90\buildTransitive\netstandard2.0\Microsoft.Maui.Controls.targets(138,3): message :       AddLibraryJarsToBind;
       C:\Users\rober\.nuget\packages\microsoft.maui.controls.build.tasks\8.0.90\buildTransitive\netstandard2.0\Microsoft.Maui.Controls.targets(138,3): message :       _CollectLibrariesToBind;
       C:\Users\rober\.nuget\packages\microsoft.maui.controls.build.tasks\8.0.90\buildTransitive\netstandard2.0\Microsoft.Maui.Controls.targets(138,3): message :       _SetAndroidGenerateManagedBindings;
       C:\Users\rober\.nuget\packages\microsoft.maui.controls.build.tasks\8.0.90\buildTransitive\netstandard2.0\Microsoft.Maui.Controls.targets(138,3): message :       ExportJarToXml;
       C:\Users\rober\.nuget\packages\microsoft.maui.controls.build.tasks\8.0.90\buildTransitive\netstandard2.0\Microsoft.Maui.Controls.targets(138,3): message :       GenerateBindings;
       C:\Users\rober\.nuget\packages\microsoft.maui.controls.build.tasks\8.0.90\buildTransitive\netstandard2.0\Microsoft.Maui.Controls.targets(138,3): message :       _CollectGeneratedManagedBindingFiles;
       C:\Users\rober\.nuget\packages\microsoft.maui.controls.build.tasks\8.0.90\buildTransitive\netstandard2.0\Microsoft.Maui.Controls.targets(138,3): message :       _ClearGeneratedManagedBindings;
       C:\Users\rober\.nuget\packages\microsoft.maui.controls.build.tasks\8.0.90\buildTransitive\netstandard2.0\Microsoft.Maui.Controls.targets(138,3): message :       AddBindingsToCompile;
       C:\Users\rober\.nuget\packages\microsoft.maui.controls.build.tasks\8.0.90\buildTransitive\netstandard2.0\Microsoft.Maui.Controls.targets(138,3): message :       _BuildResourceDesigner;
       C:\Users\rober\.nuget\packages\microsoft.maui.controls.build.tasks\8.0.90\buildTransitive\netstandard2.0\Microsoft.Maui.Controls.targets(138,3): message :       _AddResourceDesignerFiles;
       C:\Users\rober\.nuget\packages\microsoft.maui.controls.build.tasks\8.0.90\buildTransitive\netstandard2.0\Microsoft.Maui.Controls.targets(138,3): message :       
       C:\Users\rober\.nuget\packages\microsoft.maui.controls.build.tasks\8.0.90\buildTransitive\netstandard2.0\Microsoft.Maui.Controls.targets(138,3): message :       
       C:\Users\rober\.nuget\packages\microsoft.maui.controls.build.tasks\8.0.90\buildTransitive\netstandard2.0\Microsoft.Maui.Controls.targets(138,3): message :       ResolveReferences;
       C:\Users\rober\.nuget\packages\microsoft.maui.controls.build.tasks\8.0.90\buildTransitive\netstandard2.0\Microsoft.Maui.Controls.targets(138,3): message :       ResolveKeySource;
       C:\Users\rober\.nuget\packages\microsoft.maui.controls.build.tasks\8.0.90\buildTransitive\netstandard2.0\Microsoft.Maui.Controls.targets(138,3): message :       SetWin32ManifestProperties;
       C:\Users\rober\.nuget\packages\microsoft.maui.controls.build.tasks\8.0.90\buildTransitive\netstandard2.0\Microsoft.Maui.Controls.targets(138,3): message :       _SetPreferNativeArm64Win32ManifestProperties;
       C:\Users\rober\.nuget\packages\microsoft.maui.controls.build.tasks\8.0.90\buildTransitive\netstandard2.0\Microsoft.Maui.Controls.targets(138,3): message :       FindReferenceAssembliesForReferences;
       C:\Users\rober\.nuget\packages\microsoft.maui.controls.build.tasks\8.0.90\buildTransitive\netstandard2.0\Microsoft.Maui.Controls.targets(138,3): message :       _GenerateCompileInputs;
       C:\Users\rober\.nuget\packages\microsoft.maui.controls.build.tasks\8.0.90\buildTransitive\netstandard2.0\Microsoft.Maui.Controls.targets(138,3): message :       BeforeCompile;
       C:\Users\rober\.nuget\packages\microsoft.maui.controls.build.tasks\8.0.90\buildTransitive\netstandard2.0\Microsoft.Maui.Controls.targets(138,3): message :       _TimeStampBeforeCompile;
       C:\Users\rober\.nuget\packages\microsoft.maui.controls.build.tasks\8.0.90\buildTransitive\netstandard2.0\Microsoft.Maui.Controls.targets(138,3): message :       _GenerateCompileDependencyCache;
       C:\Users\rober\.nuget\packages\microsoft.maui.controls.build.tasks\8.0.90\buildTransitive\netstandard2.0\Microsoft.Maui.Controls.targets(138,3): message :       CoreCompile;
       C:\Users\rober\.nuget\packages\microsoft.maui.controls.build.tasks\8.0.90\buildTransitive\netstandard2.0\Microsoft.Maui.Controls.targets(138,3): message :       _TimeStampAfterCompile;
       C:\Users\rober\.nuget\packages\microsoft.maui.controls.build.tasks\8.0.90\buildTransitive\netstandard2.0\Microsoft.Maui.Controls.targets(138,3): message :       AfterCompile;
       C:\Users\rober\.nuget\packages\microsoft.maui.controls.build.tasks\8.0.90\buildTransitive\netstandard2.0\Microsoft.Maui.Controls.targets(138,3): message :     ;
       C:\Users\rober\.nuget\packages\microsoft.maui.controls.build.tasks\8.0.90\buildTransitive\netstandard2.0\Microsoft.Maui.Controls.targets(138,3): message :       _CreateAppHost;
       C:\Users\rober\.nuget\packages\microsoft.maui.controls.build.tasks\8.0.90\buildTransitive\netstandard2.0\Microsoft.Maui.Controls.targets(138,3): message :       _CreateComHost;
       C:\Users\rober\.nuget\packages\microsoft.maui.controls.build.tasks\8.0.90\buildTransitive\netstandard2.0\Microsoft.Maui.Controls.targets(138,3): message :       _GetIjwHostPaths;
       C:\Users\rober\.nuget\packages\microsoft.maui.controls.build.tasks\8.0.90\buildTransitive\netstandard2.0\Microsoft.Maui.Controls.targets(138,3): message :     ;
       C:\Users\rober\.nuget\packages\microsoft.maui.controls.build.tasks\8.0.90\buildTransitive\netstandard2.0\Microsoft.Maui.Controls.targets(138,3): message :       _CheckAndroidHttpClientHandlerType;
       C:\Users\rober\.nuget\packages\microsoft.maui.controls.build.tasks\8.0.90\buildTransitive\netstandard2.0\Microsoft.Maui.Controls.targets(138,3): message :     ;
       C:\Users\rober\.nuget\packages\microsoft.maui.controls.build.tasks\8.0.90\buildTransitive\netstandard2.0\Microsoft.Maui.Controls.targets(138,3): message : 			XamlC;
       C:\Users\rober\.nuget\packages\microsoft.maui.controls.build.tasks\8.0.90\buildTransitive\netstandard2.0\Microsoft.Maui.Controls.targets(138,3): message : 		" (valore precedente: "
       C:\Users\rober\.nuget\packages\microsoft.maui.controls.build.tasks\8.0.90\buildTransitive\netstandard2.0\Microsoft.Maui.Controls.targets(138,3): message :       _SetupMSBuildAllProjects;
       C:\Users\rober\.nuget\packages\microsoft.maui.controls.build.tasks\8.0.90\buildTransitive\netstandard2.0\Microsoft.Maui.Controls.targets(138,3): message :       _SetupDesignTimeBuildForCompile;
       C:\Users\rober\.nuget\packages\microsoft.maui.controls.build.tasks\8.0.90\buildTransitive\netstandard2.0\Microsoft.Maui.Controls.targets(138,3): message :       _AddAndroidDefines;
       C:\Users\rober\.nuget\packages\microsoft.maui.controls.build.tasks\8.0.90\buildTransitive\netstandard2.0\Microsoft.Maui.Controls.targets(138,3): message :       _IncludeLayoutBindingSources;
       C:\Users\rober\.nuget\packages\microsoft.maui.controls.build.tasks\8.0.90\buildTransitive\netstandard2.0\Microsoft.Maui.Controls.targets(138,3): message :       AddLibraryJarsToBind;
       C:\Users\rober\.nuget\packages\microsoft.maui.controls.build.tasks\8.0.90\buildTransitive\netstandard2.0\Microsoft.Maui.Controls.targets(138,3): message :       _CollectLibrariesToBind;
       C:\Users\rober\.nuget\packages\microsoft.maui.controls.build.tasks\8.0.90\buildTransitive\netstandard2.0\Microsoft.Maui.Controls.targets(138,3): message :       _SetAndroidGenerateManagedBindings;
       C:\Users\rober\.nuget\packages\microsoft.maui.controls.build.tasks\8.0.90\buildTransitive\netstandard2.0\Microsoft.Maui.Controls.targets(138,3): message :       ExportJarToXml;
       C:\Users\rober\.nuget\packages\microsoft.maui.controls.build.tasks\8.0.90\buildTransitive\netstandard2.0\Microsoft.Maui.Controls.targets(138,3): message :       GenerateBindings;
       C:\Users\rober\.nuget\packages\microsoft.maui.controls.build.tasks\8.0.90\buildTransitive\netstandard2.0\Microsoft.Maui.Controls.targets(138,3): message :       _CollectGeneratedManagedBindingFiles;
       C:\Users\rober\.nuget\packages\microsoft.maui.controls.build.tasks\8.0.90\buildTransitive\netstandard2.0\Microsoft.Maui.Controls.targets(138,3): message :       _ClearGeneratedManagedBindings;
       C:\Users\rober\.nuget\packages\microsoft.maui.controls.build.tasks\8.0.90\buildTransitive\netstandard2.0\Microsoft.Maui.Controls.targets(138,3): message :       AddBindingsToCompile;
       C:\Users\rober\.nuget\packages\microsoft.maui.controls.build.tasks\8.0.90\buildTransitive\netstandard2.0\Microsoft.Maui.Controls.targets(138,3): message :       _BuildResourceDesigner;
       C:\Users\rober\.nuget\packages\microsoft.maui.controls.build.tasks\8.0.90\buildTransitive\netstandard2.0\Microsoft.Maui.Controls.targets(138,3): message :       _AddResourceDesignerFiles;
       C:\Users\rober\.nuget\packages\microsoft.maui.controls.build.tasks\8.0.90\buildTransitive\netstandard2.0\Microsoft.Maui.Controls.targets(138,3): message :       
       C:\Users\rober\.nuget\packages\microsoft.maui.controls.build.tasks\8.0.90\buildTransitive\netstandard2.0\Microsoft.Maui.Controls.targets(138,3): message :       
       C:\Users\rober\.nuget\packages\microsoft.maui.controls.build.tasks\8.0.90\buildTransitive\netstandard2.0\Microsoft.Maui.Controls.targets(138,3): message :       ResolveReferences;
       C:\Users\rober\.nuget\packages\microsoft.maui.controls.build.tasks\8.0.90\buildTransitive\netstandard2.0\Microsoft.Maui.Controls.targets(138,3): message :       ResolveKeySource;
       C:\Users\rober\.nuget\packages\microsoft.maui.controls.build.tasks\8.0.90\buildTransitive\netstandard2.0\Microsoft.Maui.Controls.targets(138,3): message :       SetWin32ManifestProperties;
       C:\Users\rober\.nuget\packages\microsoft.maui.controls.build.tasks\8.0.90\buildTransitive\netstandard2.0\Microsoft.Maui.Controls.targets(138,3): message :       _SetPreferNativeArm64Win32ManifestProperties;
       C:\Users\rober\.nuget\packages\microsoft.maui.controls.build.tasks\8.0.90\buildTransitive\netstandard2.0\Microsoft.Maui.Controls.targets(138,3): message :       FindReferenceAssembliesForReferences;
       C:\Users\rober\.nuget\packages\microsoft.maui.controls.build.tasks\8.0.90\buildTransitive\netstandard2.0\Microsoft.Maui.Controls.targets(138,3): message :       _GenerateCompileInputs;
       C:\Users\rober\.nuget\packages\microsoft.maui.controls.build.tasks\8.0.90\buildTransitive\netstandard2.0\Microsoft.Maui.Controls.targets(138,3): message :       BeforeCompile;
       C:\Users\rober\.nuget\packages\microsoft.maui.controls.build.tasks\8.0.90\buildTransitive\netstandard2.0\Microsoft.Maui.Controls.targets(138,3): message :       _TimeStampBeforeCompile;
       C:\Users\rober\.nuget\packages\microsoft.maui.controls.build.tasks\8.0.90\buildTransitive\netstandard2.0\Microsoft.Maui.Controls.targets(138,3): message :       _GenerateCompileDependencyCache;
       C:\Users\rober\.nuget\packages\microsoft.maui.controls.build.tasks\8.0.90\buildTransitive\netstandard2.0\Microsoft.Maui.Controls.targets(138,3): message :       CoreCompile;
       C:\Users\rober\.nuget\packages\microsoft.maui.controls.build.tasks\8.0.90\buildTransitive\netstandard2.0\Microsoft.Maui.Controls.targets(138,3): message :       _TimeStampAfterCompile;
       C:\Users\rober\.nuget\packages\microsoft.maui.controls.build.tasks\8.0.90\buildTransitive\netstandard2.0\Microsoft.Maui.Controls.targets(138,3): message :       AfterCompile;
       C:\Users\rober\.nuget\packages\microsoft.maui.controls.build.tasks\8.0.90\buildTransitive\netstandard2.0\Microsoft.Maui.Controls.targets(138,3): message :     ;
       C:\Users\rober\.nuget\packages\microsoft.maui.controls.build.tasks\8.0.90\buildTransitive\netstandard2.0\Microsoft.Maui.Controls.targets(138,3): message :       _CreateAppHost;
       C:\Users\rober\.nuget\packages\microsoft.maui.controls.build.tasks\8.0.90\buildTransitive\netstandard2.0\Microsoft.Maui.Controls.targets(138,3): message :       _CreateComHost;
       C:\Users\rober\.nuget\packages\microsoft.maui.controls.build.tasks\8.0.90\buildTransitive\netstandard2.0\Microsoft.Maui.Controls.targets(138,3): message :       _GetIjwHostPaths;
       C:\Users\rober\.nuget\packages\microsoft.maui.controls.build.tasks\8.0.90\buildTransitive\netstandard2.0\Microsoft.Maui.Controls.targets(138,3): message :     ;
       C:\Users\rober\.nuget\packages\microsoft.maui.controls.build.tasks\8.0.90\buildTransitive\netstandard2.0\Microsoft.Maui.Controls.targets(138,3): message :       _CheckAndroidHttpClientHandlerType;
       C:\Users\rober\.nuget\packages\microsoft.maui.controls.build.tasks\8.0.90\buildTransitive\netstandard2.0\Microsoft.Maui.Controls.targets(138,3): message :     ") in C:\Users\rober\.nuget\packages\microsoft.maui.controls.build.tasks\8.0.90\buildTransitive\netstandard2.0\Microsoft.Maui.Controls.targets (138,3)
       C:\Program Files\dotnet\sdk\9.0.305\Sdks\NuGet.Build.Tasks.Pack\build\NuGet.Build.Tasks.Pack.targets(34,5): message : Riassegnazione della proprietà: $(PackageDescription)="Package Description" (valore precedente: "") in C:\Program Files\dotnet\sdk\9.0.305\Sdks\NuGet.Build.Tasks.Pack\build\NuGet.Build.Tasks.Pack.targets (34,5)
       C:\Program Files\dotnet\sdk\9.0.305\Sdks\NuGet.Build.Tasks.Pack\build\NuGet.Build.Tasks.Pack.targets(59,5): message : Riassegnazione della proprietà: $(GenerateNuspecDependsOn)="Build;_LoadPackInputItems; _GetTargetFrameworksOutput; _WalkEachTargetPerFramework; _GetPackageFiles; " (valore precedente: "_LoadPackInputItems; _GetTargetFrameworksOutput; _WalkEachTargetPerFramework; _GetPackageFiles; ") in C:\Program Files\dotnet\sdk\9.0.305\Sdks\NuGet.Build.Tasks.Pack\build\NuGet.Build.Tasks.Pack.targets (59,5)
       C:\Program Files\dotnet\sdk\9.0.305\Sdks\Microsoft.NET.Sdk\Sdk\Sdk.targets(60,5): message : Riassegnazione della proprietà: $(_IsNotSetContainersTargetsDir)="true" (valore precedente: "false") in C:\Program Files\dotnet\sdk\9.0.305\Sdks\Microsoft.NET.Sdk\Sdk\Sdk.targets (60,5)
       C:\Program Files\dotnet\sdk\9.0.305\Containers\build\Microsoft.NET.Build.Containers.targets(5,5): message : Riassegnazione della proprietà: $(_IsSDKContainerAllowedVersion)="true" (valore precedente: "false") in C:\Program Files\dotnet\sdk\9.0.305\Containers\build\Microsoft.NET.Build.Containers.targets (5,5)
       C:\Program Files\dotnet\sdk\9.0.305\Containers\build\Microsoft.NET.Build.Containers.targets(15,5): message : Riassegnazione della proprietà: $(_ContainerIsTargetingNet8TFM)="true" (valore precedente: "false") in C:\Program Files\dotnet\sdk\9.0.305\Containers\build\Microsoft.NET.Build.Containers.targets (15,5)
       Override della destinazione "ResolveFrameworkReferences" nel progetto "C:\Program Files\dotnet\sdk\9.0.305\Microsoft.Common.CurrentVersion.targets" con la destinazione "ResolveFrameworkReferences" del progetto "C:\Program Files\dotnet\sdk\9.0.305\Sdks\Microsoft.NET.Sdk\targets\Microsoft.NET.Sdk.FrameworkReferenceResolution.targets".
       Override della destinazione "Run" nel progetto "C:\Program Files\dotnet\sdk\9.0.305\Microsoft.Common.CurrentVersion.targets" con la destinazione "Run" del progetto "C:\Program Files\dotnet\sdk\9.0.305\Sdks\Microsoft.NET.Sdk\targets\Microsoft.NET.Sdk.targets".
       Override della destinazione "GenerateSupportedTargetFrameworkAlias" nel progetto "C:\Program Files\dotnet\sdk\9.0.305\Microsoft.Common.CurrentVersion.targets" con la destinazione "GenerateSupportedTargetFrameworkAlias" del progetto "C:\Program Files\dotnet\sdk\9.0.305\Sdks\Microsoft.NET.Sdk\targets\Microsoft.NET.Sdk.targets".
       Override della destinazione "GetReferenceAssemblyPaths" nel progetto "C:\Program Files\dotnet\sdk\9.0.305\Microsoft.Common.CurrentVersion.targets" con la destinazione "GetReferenceAssemblyPaths" del progetto "C:\Program Files\dotnet\sdk\9.0.305\Sdks\Microsoft.NET.Sdk\targets\Microsoft.NET.DisableStandardFrameworkResolution.targets".
       Override della destinazione "GetFrameworkPaths" nel progetto "C:\Program Files\dotnet\sdk\9.0.305\Microsoft.Common.CurrentVersion.targets" con la destinazione "GetFrameworkPaths" del progetto "C:\Program Files\dotnet\sdk\9.0.305\Sdks\Microsoft.NET.Sdk\targets\Microsoft.NET.DisableStandardFrameworkResolution.targets".
       Override della destinazione "DesignerRuntimeImplementationProjectOutputGroup" nel progetto "C:\Program Files\dotnet\sdk\9.0.305\Microsoft.Common.CurrentVersion.targets" con la destinazione "DesignerRuntimeImplementationProjectOutputGroup" del progetto "C:\Program Files\dotnet\sdk\9.0.305\Sdks\Microsoft.NET.Sdk\targets\Microsoft.NET.DesignerSupport.targets".
       Override della destinazione "Publish" nel progetto "C:\Program Files\dotnet\sdk\9.0.305\Microsoft.Common.CurrentVersion.targets" con la destinazione "Publish" del progetto "C:\Program Files\dotnet\sdk\9.0.305\Sdks\Microsoft.NET.Sdk\targets\Microsoft.NET.Publish.targets".
       Override della destinazione "ResolveReadyToRunCompilers" nel progetto "C:\Program Files\dotnet\sdk\9.0.305\Sdks\Microsoft.NET.Sdk\targets\Microsoft.NET.CrossGen.targets" con la destinazione "ResolveReadyToRunCompilers" del progetto "C:\Program Files\dotnet\sdk\9.0.305\Sdks\Microsoft.NET.Sdk\targets\Microsoft.NET.Publish.targets".
       Override della destinazione "GetCopyToPublishDirectoryItems" nel progetto "C:\Program Files\dotnet\sdk\9.0.305\Microsoft.Common.CurrentVersion.targets" con la destinazione "GetCopyToPublishDirectoryItems" del progetto "C:\Program Files\dotnet\sdk\9.0.305\Sdks\Microsoft.NET.Sdk\targets\Microsoft.NET.Publish.targets".
       Override della destinazione "ILLink" nel progetto "C:\Program Files\dotnet\sdk\9.0.305\Sdks\Microsoft.NET.Sdk\targets\Microsoft.NET.Publish.targets" con la destinazione "ILLink" del progetto "C:\Users\rober\.nuget\packages\microsoft.net.illink.tasks\8.0.20\build\Microsoft.NET.ILLink.targets".
       Override della destinazione "_lldb" nel progetto "C:\Program Files\dotnet\packs\Microsoft.Android.Sdk.Windows\34.0.154\tools\Xamarin.Android.Common.targets" con la destinazione "_lldb" del progetto "C:\Program Files\dotnet\packs\Microsoft.Android.Sdk.Windows\34.0.154\tools\Xamarin.Android.Common.Debugging.targets".
       Override della destinazione "Install" nel progetto "C:\Program Files\dotnet\packs\Microsoft.Android.Sdk.Windows\34.0.154\tools\Xamarin.Android.Common.targets" con la destinazione "Install" del progetto "C:\Program Files\dotnet\packs\Microsoft.Android.Sdk.Windows\34.0.154\tools\Xamarin.Android.Common.Debugging.targets".
       Override della destinazione "Uninstall" nel progetto "C:\Program Files\dotnet\packs\Microsoft.Android.Sdk.Windows\34.0.154\tools\Xamarin.Android.Common.targets" con la destinazione "Uninstall" del progetto "C:\Program Files\dotnet\packs\Microsoft.Android.Sdk.Windows\34.0.154\tools\Xamarin.Android.Common.Debugging.targets".
       Override della destinazione "Run" nel progetto "C:\Program Files\dotnet\sdk\9.0.305\Sdks\Microsoft.NET.Sdk\targets\Microsoft.NET.Sdk.targets" con la destinazione "Run" del progetto "C:\Program Files\dotnet\packs\Microsoft.Android.Sdk.Windows\34.0.154\targets\Microsoft.Android.Sdk.Application.targets".
       Override della destinazione "Publish" nel progetto "C:\Program Files\dotnet\sdk\9.0.305\Sdks\Microsoft.NET.Sdk\targets\Microsoft.NET.Publish.targets" con la destinazione "Publish" del progetto "C:\Program Files\dotnet\packs\Microsoft.Android.Sdk.Windows\34.0.154\targets\Microsoft.Android.Sdk.Publish.targets".
       La destinazione "ResolveNuGetPackageAssets" elencata in un attributo AfterTargets in "C:\Users\rober\.nuget\packages\microsoft.extensions.options\8.0.0\buildTransitive\net6.0\Microsoft.Extensions.Options.targets (11,11)" non esiste nel progetto e verrà ignorata.
       La destinazione "ResolveNuGetPackageAssets" elencata in un attributo AfterTargets in "C:\Users\rober\.nuget\packages\microsoft.extensions.options\8.0.0\buildTransitive\net6.0\Microsoft.Extensions.Options.targets (23,11)" non esiste nel progetto e verrà ignorata.
       La destinazione "ResolveNuGetPackageAssets" elencata in un attributo AfterTargets in "C:\Users\rober\.nuget\packages\microsoft.extensions.logging.abstractions\8.0.0\buildTransitive\net6.0\Microsoft.Extensions.Logging.Abstractions.targets (11,11)" non esiste nel progetto e verrà ignorata.
       La destinazione "ResolveNuGetPackageAssets" elencata in un attributo AfterTargets in "C:\Users\rober\.nuget\packages\microsoft.extensions.logging.abstractions\8.0.0\buildTransitive\net6.0\Microsoft.Extensions.Logging.Abstractions.targets (23,11)" non esiste nel progetto e verrà ignorata.
       La destinazione "ResolveNuGetPackageAssets" elencata in un attributo AfterTargets in "C:\Users\rober\.nuget\packages\communitytoolkit.mvvm\8.3.2\buildTransitive\CommunityToolkit.Mvvm.SourceGenerators.targets (13,11)" non esiste nel progetto e verrà ignorata.
       La destinazione "ResolveNuGetPackageAssets" elencata in un attributo AfterTargets in "C:\Users\rober\.nuget\packages\communitytoolkit.mvvm\8.3.2\buildTransitive\CommunityToolkit.Mvvm.SourceGenerators.targets (25,11)" non esiste nel progetto e verrà ignorata.
       La destinazione "ResolveNuGetPackageAssets" elencata in un attributo AfterTargets in "C:\Users\rober\.nuget\packages\communitytoolkit.mvvm\8.3.2\buildTransitive\CommunityToolkit.Mvvm.SourceGenerators.targets (111,11)" non esiste nel progetto e verrà ignorata.
       La destinazione "CollectResolvedCompilationReferencesDesignTime" elencata in un attributo BeforeTargets in "C:\Program Files\dotnet\packs\Microsoft.Android.Sdk.Windows\34.0.154\tools\Xamarin.Android.Resource.Designer.targets (210,7)" non esiste nel progetto e verrà ignorata.
       La destinazione "_ValidateWindowsPackageType" elencata in un attributo BeforeTargets in "C:\Users\rober\.nuget\packages\microsoft.maui.resizetizer\8.0.90\buildTransitive\Microsoft.Maui.Resizetizer.After.targets (750,13)" non esiste nel progetto e verrà ignorata.
       La destinazione "_ValidatePresenceOfAppxManifestItems" elencata in un attributo BeforeTargets in "C:\Users\rober\.nuget\packages\microsoft.maui.resizetizer\8.0.90\buildTransitive\Microsoft.Maui.Resizetizer.After.targets (766,13)" non esiste nel progetto e verrà ignorata.
       La destinazione "_CollectBundleResources" elencata in un attributo BeforeTargets in "C:\Users\rober\.nuget\packages\microsoft.maui.controls.build.tasks\8.0.90\buildTransitive\netstandard2.0\Microsoft.Maui.Controls.SingleProject.targets (70,53)" non esiste nel progetto e verrà ignorata.
       La destinazione "_CollectBundleResources" elencata in un attributo AfterTargets in "C:\Users\rober\.nuget\packages\microsoft.maui.controls.build.tasks\8.0.90\buildTransitive\netstandard2.0\Microsoft.Maui.Controls.SingleProject.targets (76,52)" non esiste nel progetto e verrà ignorata.
     1>Progetto "C:\Users\rober\Documents\MoneyMindApp\MoneyMindApp.csproj" sul nodo 1 (destinazioni predefinite).
     1>Destinazione"_WriteLockFile" ignorata. Condizione false. ( '$(_AndroidDetectParallelBuilds)' == 'True' ) ha restituito ( '' == 'True' ).
       Destinazione"_CheckForUnsupportedTargetFramework" ignorata. Condizione false. ('$(_UnsupportedTargetFrameworkError)' == 'true') ha restituito ('' == 'true').
     1>Destinazione "_CollectTargetFrameworkForTelemetry" nel file "C:\Program Files\dotnet\sdk\9.0.305\Sdks\Microsoft.NET.Sdk\targets\Microsoft.NET.TargetFrameworkInference.targets" dal progetto "C:\Users\rober\Documents\MoneyMindApp\MoneyMindApp.csproj" (la destinazione "_CheckForInvalidConfigurationAndPlatform" dipende da essa):
       Verrà usata l'attività "AllowEmptyTelemetry" dall'assembly "C:\Program Files\dotnet\sdk\9.0.305\Sdks\Microsoft.NET.Sdk\targets\..\tools\net9.0\Microsoft.NET.Build.Tasks.dll".
       Attività "AllowEmptyTelemetry"
       Esecuzione attività "AllowEmptyTelemetry" completata.
     1>Compilazione destinazione "_CollectTargetFrameworkForTelemetry" nel progetto "MoneyMindApp.csproj" completata.
       Destinazione"_CheckForMissingWorkload" ignorata. Condizione false. ('@(MissingWorkloadPack)' != '' And '$(DesignTimeBuild)' != 'true') ha restituito ('' != '' And '' != 'true').
     1>Destinazione "_CheckForUnsupportedTargetPlatformIdentifier" nel file "C:\Program Files\dotnet\sdk\9.0.305\Sdks\Microsoft.NET.Sdk\targets\Microsoft.NET.TargetFrameworkInference.targets" dal progetto "C:\Users\rober\Documents\MoneyMindApp\MoneyMindApp.csproj" (la destinazione "_CheckForInvalidConfigurationAndPlatform" dipende da essa):
       Attività "NETSdkError" ignorata. Condizione false. ('$(TargetPlatformSupported)' != 'true' and '$(UseWorkloadsSpecificError)' != 'true') ha restituito ('true' != 'true' and '' != 'true').
       Attività "NETSdkError" ignorata. Condizione false. ('$(TargetPlatformSupported)' != 'true' and '$(UseWorkloadsSpecificError)' == 'true') ha restituito ('true' != 'true' and '' == 'true').
     1>Compilazione destinazione "_CheckForUnsupportedTargetPlatformIdentifier" nel progetto "MoneyMindApp.csproj" completata.
     1>Destinazione "_CheckForUnsupportedNETCoreVersion" nel file "C:\Program Files\dotnet\sdk\9.0.305\Sdks\Microsoft.NET.Sdk\targets\Microsoft.NET.TargetFrameworkInference.targets" dal progetto "C:\Users\rober\Documents\MoneyMindApp\MoneyMindApp.csproj" (la destinazione "_CheckForInvalidConfigurationAndPlatform" dipende da essa):
       Attività "NETSdkError" ignorata. Condizione false. ('$(_TargetFrameworkVersionWithoutV)' > '$(NETCoreAppMaximumVersion)' and '$(DisplayVSMessage)' != 'true') ha restituito ('8.0' > '9.0' and '' != 'true').
       Attività "NETSdkError" ignorata. Condizione false. ('$(DisplayVSMessage)' == 'true') ha restituito ('' == 'true').
     1>Compilazione destinazione "_CheckForUnsupportedNETCoreVersion" nel progetto "MoneyMindApp.csproj" completata.
       Destinazione"_CheckForEolTargetFrameworks" ignorata. Condizione false. ('@(_EolNetCoreTargetFrameworkVersions->AnyHaveMetadataValue('Identity', '$(_TargetFrameworkVersionWithoutV)'))' and '$(TargetFrameworkIdentifier)' == '.NETCoreApp' and '$(CheckEolTargetFramework)' == 'true') ha restituito ('false' and '.NETCoreApp' == '.NETCoreApp' and '' == 'true').
       Destinazione"_CheckForEolWorkloads" ignorata. Condizione false. ('@(EolWorkload)' != '' and '$(CheckEolWorkloads)' == 'true') ha restituito ('' != '' and 'true' == 'true').
       Destinazione"_CheckForNotRecommendedNETStandardVersion" ignorata. Condizione false. ('$(TargetFrameworkIdentifier)' == '.NETStandard' and $([MSBuild]::VersionLessThan($(TargetFrameworkVersion), '2.0'))) ha restituito ('.NETCoreApp' == '.NETStandard' and False).
     1>Destinazione "_CheckForUnsupportedCppNETCoreVersion" nel file "C:\Program Files\dotnet\sdk\9.0.305\Sdks\Microsoft.NET.Sdk\targets\Microsoft.NET.TargetFrameworkInference.targets" dal progetto "C:\Users\rober\Documents\MoneyMindApp\MoneyMindApp.csproj" (la destinazione "_CheckForInvalidConfigurationAndPlatform" dipende da essa):
       Attività "NETSdkError" ignorata. Condizione false. ('$(TargetFrameworkIdentifier)' == '.NETCoreApp' and '$(_TargetFrameworkVersionWithoutV)' < '3.1' and ('$(Language)' == 'C++' and '$(_EnablePackageReferencesInVCProjects)' != 'true')) ha restituito ('.NETCoreApp' == '.NETCoreApp' and '8.0' < '3.1' and ('C#' == 'C++' and '' != 'true')).
     1>Compilazione destinazione "_CheckForUnsupportedCppNETCoreVersion" nel progetto "MoneyMindApp.csproj" completata.
       Destinazione"_CheckForUnsupportedNETStandardVersion" ignorata. Condizione false. ('$(TargetFrameworkIdentifier)' == '.NETStandard' And '$(NETStandardMaximumVersion)' != '') ha restituito ('.NETCoreApp' == '.NETStandard' And '' != '').
       Destinazione"_CheckForUnsupportedTargetFrameworkAndFeatureCombination" ignorata. Condizione false. ('$(TargetFrameworkIdentifier)' == '.NETFramework') ha restituito ('.NETCoreApp' == '.NETFramework').
     1>Destinazione "_CheckForSupportedOSPlatformVersionHigherThanTargetPlatformVersion" nel file "C:\Program Files\dotnet\sdk\9.0.305\Sdks\Microsoft.NET.Sdk\targets\Microsoft.NET.TargetFrameworkInference.targets" dal progetto "C:\Users\rober\Documents\MoneyMindApp\MoneyMindApp.csproj" (la destinazione "_CheckForInvalidConfigurationAndPlatform" dipende da essa):
       Attività "NETSdkError" ignorata. Condizione false. ('$(SupportedOSPlatformVersion)' != '' and $(TargetPlatformVersion) != '' and $([MSBuild]::VersionGreaterThan($(SupportedOSPlatformVersion), $(TargetPlatformVersion)))) ha restituito ('24.0' != '' and 34.0 != '' and False).
     1>Compilazione destinazione "_CheckForSupportedOSPlatformVersionHigherThanTargetPlatformVersion" nel progetto "MoneyMindApp.csproj" completata.
     1>Destinazione "_NormalizeTargetPlatformVersion" nel file "C:\Program Files\dotnet\sdk\9.0.305\Sdks\Microsoft.NET.Sdk\targets\Microsoft.NET.TargetFrameworkInference.targets" dal progetto "C:\Users\rober\Documents\MoneyMindApp\MoneyMindApp.csproj" (la destinazione "_CheckForInvalidTargetPlatformVersion" dipende da essa):
     1>Compilazione destinazione "_NormalizeTargetPlatformVersion" nel progetto "MoneyMindApp.csproj" completata.
     1>Destinazione "_CheckForInvalidTargetPlatformVersion" nel file "C:\Program Files\dotnet\sdk\9.0.305\Sdks\Microsoft.NET.Sdk\targets\Microsoft.NET.TargetFrameworkInference.targets" dal progetto "C:\Users\rober\Documents\MoneyMindApp\MoneyMindApp.csproj" (la destinazione "_CheckForInvalidConfigurationAndPlatform" dipende da essa):
       Attività "NetSdkError" ignorata. Condizione false. ('$(TargetPlatformVersionSupported)' != 'true') ha restituito ('true' != 'true').
     1>Compilazione destinazione "_CheckForInvalidTargetPlatformVersion" nel progetto "MoneyMindApp.csproj" completata.
     1>Destinazione "_CheckForUnsupportedArtifactsPath" nel file "C:\Program Files\dotnet\sdk\9.0.305\Sdks\Microsoft.NET.Sdk\targets\Microsoft.NET.DefaultOutputPaths.targets" dal progetto "C:\Users\rober\Documents\MoneyMindApp\MoneyMindApp.csproj" (la destinazione "_CheckForInvalidConfigurationAndPlatform" dipende da essa):
       Attività "NetSdkError" ignorata. Condizione false. ('$(UseArtifactsOutput)' == 'true' and '$(_ArtifactsPathSetEarly)' != 'true') ha restituito ('' == 'true' and '' != 'true').
       Attività "NetSdkError" ignorata. Condizione false. ('$(_ArtifactsPathLocationType)' == 'ProjectFolder') ha restituito ('' == 'ProjectFolder').
     1>Compilazione destinazione "_CheckForUnsupportedArtifactsPath" nel progetto "MoneyMindApp.csproj" completata.
       Destinazione"_CheckForMissingWorkload" ignorata. Condizione false. ('@(MissingWorkloadPack)' != '' And '$(DesignTimeBuild)' != 'true') ha restituito ('' != '' And '' != 'true').
     1>Destinazione "_CheckForUnsupportedAppHostUsage" nel file "C:\Program Files\dotnet\sdk\9.0.305\Sdks\Microsoft.NET.Sdk\targets\Microsoft.NET.RuntimeIdentifierInference.targets" dal progetto "C:\Users\rober\Documents\MoneyMindApp\MoneyMindApp.csproj" (la destinazione "_CheckForInvalidConfigurationAndPlatform" dipende da essa):
       Attività "NETSdkError" ignorata. Condizione false. ('$(SelfContained)' == 'true' and '$(RuntimeIdentifier)' == '' and '$(AllowSelfContainedWithoutRuntimeIdentifier)' != 'true') ha restituito ('false' == 'true' and '' == '' and 'true' != 'true').
       Attività "NETSdkError" ignorata. Condizione false. ('$(PublishReadyToRun)' == 'true' and '$(RuntimeIdentifier)' == '' and '$(_IsPublishing)' == 'true') ha restituito ('' == 'true' and '' == '' and '' == 'true').
       Attività "NETSdkError" ignorata. Condizione false. ('$(PublishSingleFile)' == 'true' and '$(RuntimeIdentifier)' == '' and '$(_IsPublishing)' == 'true') ha restituito ('' == 'true' and '' == '' and '' == 'true').
       Attività "NETSdkError" ignorata. Condizione false. ('$(PublishAot)' == 'true' and '$(RuntimeIdentifier)' == '' and '$(_IsPublishing)' == 'true' and '$(AllowPublishAotWithoutRuntimeIdentifier)' != 'true') ha restituito ('' == 'true' and '' == '' and '' == 'true' and '' != 'true').
       Attività "NETSdkError" ignorata. Condizione false. ('$(PublishSelfContained)' != 'true' and '$(PublishSelfContained)' != 'false' and '$(PublishSelfContained)' != '') ha restituito ('' != 'true' and '' != 'false' and '' != '').
       Attività "NETSdkError" ignorata. Condizione false. ('$(SelfContained)' == 'true' and '$(UseAppHost)' != 'true' and '$(_RuntimeIdentifierUsesAppHost)' == 'true') ha restituito ('false' == 'true' and 'false' != 'true' and 'false' == 'true').
       Attività "NETSdkError" ignorata. Condizione false. ('$(SelfContained)' != 'true' and '$(UseAppHost)' == 'true' and '$(_TargetFrameworkVersionWithoutV)' < '2.1') ha restituito ('false' != 'true' and 'false' == 'true' and '8.0' < '2.1').
       Attività "NETSdkError" ignorata. Condizione false. ('$(PublishSingleFile)' == 'true' and '$(_TargetFrameworkVersionWithoutV)' < '3.0') ha restituito ('' == 'true' and '8.0' < '3.0').
       Attività "NETSdkWarning" ignorata. Condizione false. ('$(PublishReadyToRun)' == 'true' and '$(_TargetFrameworkVersionWithoutV)' < '3.0') ha restituito ('' == 'true' and '8.0' < '3.0').
       Attività "NETSdkWarning" ignorata. Condizione false. ('$(RuntimeIdentifier)' != '' and '$(_TargetFrameworkVersionWithoutV)' != '' and $([MSBuild]::VersionLessThan($(_TargetFrameworkVersionWithoutV), '8.0')) and '$(_SelfContainedWasSpecified)' != 'true') ha restituito ('' != '' and '8.0' != '' and False and '' != 'true').
       Attività "NetSdkError" ignorata. Condizione false. (('$(UseWindowsForms)' == 'true') and ('$(PublishTrimmed)' == 'true') and ('$(_SuppressWinFormsTrimError)' != 'true')) ha restituito (('' == 'true') and ('' == 'true') and ('' != 'true')).
       Attività "NetSdkError" ignorata. Condizione false. (('$(UseWpf)' == 'true') and ('$(PublishTrimmed)' == 'true') and ('$(_SuppressWpfTrimError)' != 'true')) ha restituito (('' == 'true') and ('' == 'true') and ('' != 'true')).
     1>Compilazione destinazione "_CheckForUnsupportedAppHostUsage" nel progetto "MoneyMindApp.csproj" completata.
     1>Destinazione "_CheckForUnsupportedHostingUsage" nel file "C:\Program Files\dotnet\sdk\9.0.305\Sdks\Microsoft.NET.Sdk\targets\Microsoft.NET.RuntimeIdentifierInference.targets" dal progetto "C:\Users\rober\Documents\MoneyMindApp\MoneyMindApp.csproj" (la destinazione "_CheckForInvalidConfigurationAndPlatform" dipende da essa):
       Attività "NETSdkWarning" ignorata. Condizione false. ('$(SelfContained)' == 'true' and '$(EnableComHosting)' == 'true') ha restituito ('false' == 'true' and '' == 'true').
     1>Compilazione destinazione "_CheckForUnsupportedHostingUsage" nel progetto "MoneyMindApp.csproj" completata.
     1>Destinazione "_CheckAndUnsetUnsupportedPrefer32Bit" nel file "C:\Program Files\dotnet\sdk\9.0.305\Sdks\Microsoft.NET.Sdk\targets\Microsoft.NET.RuntimeIdentifierInference.targets" dal progetto "C:\Users\rober\Documents\MoneyMindApp\MoneyMindApp.csproj" (la destinazione "_CheckForInvalidConfigurationAndPlatform" dipende da essa):
       Attività "NETSdkWarning" ignorata. Condizione false. ('$(Prefer32Bit)' == 'true') ha restituito ('false' == 'true').
     1>Compilazione destinazione "_CheckAndUnsetUnsupportedPrefer32Bit" nel progetto "MoneyMindApp.csproj" completata.
       Destinazione"_CheckAndUnsetUnsupportedPreferNativeArm64" ignorata. Condizione false. ('$(TargetFrameworkIdentifier)' == '.NETCoreApp' and '$(PreferNativeArm64)' == 'true') ha restituito ('.NETCoreApp' == '.NETCoreApp' and 'false' == 'true').
       Destinazione"_CheckForMismatchingPlatform" ignorata. Condizione false. ('$(RuntimeIdentifier)' != '' and '$(PlatformTarget)' != '') ha restituito ('' != '' and '' != '').
     1>Destinazione "_CheckForLanguageAndFeatureCombinationSupport" nel file "C:\Program Files\dotnet\sdk\9.0.305\Sdks\Microsoft.NET.Sdk\targets\Microsoft.NET.RuntimeIdentifierInference.targets" dal progetto "C:\Users\rober\Documents\MoneyMindApp\MoneyMindApp.csproj" (la destinazione "_CheckForInvalidConfigurationAndPlatform" dipende da essa):
       Attività "NETSdkError" ignorata. Condizione false. (('$(Language)' == 'C++' and '$(_EnablePackageReferencesInVCProjects)' != 'true') and $(OutputType) != 'library' and '$(TargetFrameworkIdentifier)' == '.NETCoreApp') ha restituito (('C#' == 'C++' and '' != 'true') and Library != 'library' and '.NETCoreApp' == '.NETCoreApp').
       Attività "NETSdkError" ignorata. Condizione false. (('$(Language)' == 'C++' and '$(_EnablePackageReferencesInVCProjects)' != 'true') and $(EnableComHosting) == 'true') ha restituito (('C#' == 'C++' and '' != 'true') and  == 'true').
       Attività "NETSdkError" ignorata. Condizione false. (('$(Language)' == 'C++' and '$(_EnablePackageReferencesInVCProjects)' != 'true') and $(SelfContained) == 'true') ha restituito (('C#' == 'C++' and '' != 'true') and false == 'true').
     1>Compilazione destinazione "_CheckForLanguageAndFeatureCombinationSupport" nel progetto "MoneyMindApp.csproj" completata.
       Destinazione"_CheckForNETCoreSdkIsPreview" ignorata. Condizione false. ( '$(_NETCoreSdkIsPreview)' == 'true' AND '$(SuppressNETCoreSdkPreviewMessage)' != 'true' ) ha restituito ( 'false' == 'true' AND '' != 'true' ).
     1>Destinazione "_GetProjectJsonPath" nel file "C:\Program Files\dotnet\sdk\9.0.305\NuGet.targets" dal progetto "C:\Users\rober\Documents\MoneyMindApp\MoneyMindApp.csproj" (la destinazione "_GetRestoreProjectStyle" dipende da essa):
       Attività "GetRestoreProjectJsonPathTask" ignorata. Condizione false. ( '$(RestoreProjectStyle)' == 'ProjectJson' OR '$(RestoreProjectStyle)' == '' ) ha restituito ( 'PackageReference' == 'ProjectJson' OR 'PackageReference' == '' ).
     1>Compilazione destinazione "_GetProjectJsonPath" nel progetto "MoneyMindApp.csproj" completata.
       Destinazione"_CheckForNotRecommendedNETStandardVersion" ignorata. Condizione false. ('$(TargetFrameworkIdentifier)' == '.NETStandard' and $([MSBuild]::VersionLessThan($(TargetFrameworkVersion), '2.0'))) ha restituito ('.NETCoreApp' == '.NETStandard' and False).
       Destinazione"_CheckForUnsupportedNETStandardVersion" ignorata. Condizione false. ('$(TargetFrameworkIdentifier)' == '.NETStandard' And '$(NETStandardMaximumVersion)' != '') ha restituito ('.NETCoreApp' == '.NETStandard' And '' != '').
       Destinazione"_CheckForUnsupportedTargetFrameworkAndFeatureCombination" ignorata. Condizione false. ('$(TargetFrameworkIdentifier)' == '.NETFramework') ha restituito ('.NETCoreApp' == '.NETFramework').
     1>Destinazione "UpdateAspNetToFrameworkReference" nel file "C:\Program Files\dotnet\sdk\9.0.305\Sdks\Microsoft.NET.Sdk\targets\Microsoft.NET.Sdk.DefaultItems.Shared.targets" dal progetto "C:\Users\rober\Documents\MoneyMindApp\MoneyMindApp.csproj" (la destinazione "ApplyImplicitVersions" dipende da essa):
       Verrà usata l'attività "CheckIfPackageReferenceShouldBeFrameworkReference" dall'assembly "C:\Program Files\dotnet\sdk\9.0.305\Sdks\Microsoft.NET.Sdk\targets\..\tools\net9.0\Microsoft.NET.Build.Tasks.dll".
       Attività "CheckIfPackageReferenceShouldBeFrameworkReference"
       Esecuzione attività "CheckIfPackageReferenceShouldBeFrameworkReference" completata.
       Attività "NETSdkError" ignorata. Condizione false. ('$(_ShouldRemoveAspNetCoreAll)' == 'true') ha restituito ('False' == 'true').
       Attività "CheckIfPackageReferenceShouldBeFrameworkReference"
       Esecuzione attività "CheckIfPackageReferenceShouldBeFrameworkReference" completata.
       Attività "NETSdkWarning" ignorata. Condizione false. ('$(_ShouldRemoveAspNetCoreApp)' == 'true') ha restituito ('False' == 'true').
     1>Compilazione destinazione "UpdateAspNetToFrameworkReference" nel progetto "MoneyMindApp.csproj" completata.
       Destinazione"IncludeTargetingPackReference" ignorata. Condizione false. ('$(TargetFrameworkMoniker)' != '' and '$(TargetFrameworkIdentifier)' == '.NETFramework' and '$(AutomaticallyUseReferenceAssemblyPackages)' == 'true') ha restituito ('.NETCoreApp,Version=v8.0' != '' and '.NETCoreApp' == '.NETFramework' and 'true' == 'true').
     1>Destinazione "CheckForImplicitPackageReferenceOverrides" nel file "C:\Program Files\dotnet\sdk\9.0.305\Sdks\Microsoft.NET.Sdk\targets\Microsoft.NET.Sdk.DefaultItems.Shared.targets" dal progetto "C:\Users\rober\Documents\MoneyMindApp\MoneyMindApp.csproj" (la destinazione "ApplyImplicitVersions" dipende da essa):
       Verrà usata l'attività "CheckForImplicitPackageReferenceOverrides" dall'assembly "C:\Program Files\dotnet\sdk\9.0.305\Sdks\Microsoft.NET.Sdk\targets\..\tools\net9.0\Microsoft.NET.Build.Tasks.dll".
       Attività "CheckForImplicitPackageReferenceOverrides"
       Esecuzione attività "CheckForImplicitPackageReferenceOverrides" completata.
     1>Compilazione destinazione "CheckForImplicitPackageReferenceOverrides" nel progetto "MoneyMindApp.csproj" completata.
     1>Destinazione "ApplyImplicitVersions" nel file "C:\Program Files\dotnet\sdk\9.0.305\Sdks\Microsoft.NET.Sdk\targets\Microsoft.NET.Sdk.DefaultItems.Shared.targets" dal progetto "C:\Users\rober\Documents\MoneyMindApp\MoneyMindApp.csproj" (la destinazione "CollectPackageReferences" dipende da essa):
       Verrà usata l'attività "ApplyImplicitVersions" dall'assembly "C:\Program Files\dotnet\sdk\9.0.305\Sdks\Microsoft.NET.Sdk\targets\..\tools\net9.0\Microsoft.NET.Build.Tasks.dll".
       Attività "ApplyImplicitVersions"
       Esecuzione attività "ApplyImplicitVersions" completata.
     1>Compilazione destinazione "ApplyImplicitVersions" nel progetto "MoneyMindApp.csproj" completata.
       La destinazione "CheckForImplicitPackageReferenceOverrides" è stata ignorata. La compilazione era stata completata in precedenza.
       Destinazione"AddWindowsSdkKnownFrameworkReferences" ignorata. Condizione false. ('$(TargetFrameworkIdentifier)' == '.NETCoreApp' And '$(TargetPlatformIdentifier)' == 'Windows'
                            And ('$(Language)' != 'C++' Or '$(IncludeWindowsSDKRefFrameworkReferences)' == 'true')) ha restituito ('.NETCoreApp' == '.NETCoreApp' And 'Android' == 'Windows'
                            And ('C#' != 'C++' Or '' == 'true')).
     1>Destinazione "_ComputeToolPackInputsToProcessFrameworkReferences" nel file "C:\Program Files\dotnet\sdk\9.0.305\Sdks\Microsoft.NET.Sdk\targets\Microsoft.NET.Publish.targets" dal progetto "C:\Users\rober\Documents\MoneyMindApp\MoneyMindApp.csproj" (la destinazione "ProcessFrameworkReferences" dipende da essa):
     1>Compilazione destinazione "_ComputeToolPackInputsToProcessFrameworkReferences" nel progetto "MoneyMindApp.csproj" completata.
     1>Destinazione "ProcessFrameworkReferences" nel file "C:\Program Files\dotnet\sdk\9.0.305\Sdks\Microsoft.NET.Sdk\targets\Microsoft.NET.Sdk.FrameworkReferenceResolution.targets" dal progetto "C:\Users\rober\Documents\MoneyMindApp\MoneyMindApp.csproj" (la destinazione "CollectPackageReferences" dipende da essa):
       Verrà usata l'attività "CheckForDuplicateFrameworkReferences" dall'assembly "C:\Program Files\dotnet\sdk\9.0.305\Sdks\Microsoft.NET.Sdk\targets\..\tools\net9.0\Microsoft.NET.Build.Tasks.dll".
       Attività "CheckForDuplicateFrameworkReferences"
       Esecuzione attività "CheckForDuplicateFrameworkReferences" completata.
       Verrà usata l'attività "ProcessFrameworkReferences" dall'assembly "C:\Program Files\dotnet\sdk\9.0.305\Sdks\Microsoft.NET.Sdk\targets\..\tools\net9.0\Microsoft.NET.Build.Tasks.dll".
       Attività "ProcessFrameworkReferences"
       Esecuzione attività "ProcessFrameworkReferences" completata.
       Verrà usata l'attività "ResolveAppHosts" dall'assembly "C:\Program Files\dotnet\sdk\9.0.305\Sdks\Microsoft.NET.Sdk\targets\..\tools\net9.0\Microsoft.NET.Build.Tasks.dll".
       Attività "ResolveAppHosts"
       C:\Program Files\dotnet\sdk\9.0.305\Sdks\Microsoft.NET.Sdk\targets\Microsoft.NET.Sdk.FrameworkReferenceResolution.targets(175,5): message NETSDK1084: non è disponibile alcun host applicazione per l'elemento RuntimeIdentifier specificato 'android-arm'. [C:\Users\rober\Documents\MoneyMindApp\MoneyMindApp.csproj::TargetFramework=net8.0-android]
       C:\Program Files\dotnet\sdk\9.0.305\Sdks\Microsoft.NET.Sdk\targets\Microsoft.NET.Sdk.FrameworkReferenceResolution.targets(175,5): message NETSDK1084: non è disponibile alcun host applicazione per l'elemento RuntimeIdentifier specificato 'android-arm64'. [C:\Users\rober\Documents\MoneyMindApp\MoneyMindApp.csproj::TargetFramework=net8.0-android]
       C:\Program Files\dotnet\sdk\9.0.305\Sdks\Microsoft.NET.Sdk\targets\Microsoft.NET.Sdk.FrameworkReferenceResolution.targets(175,5): message NETSDK1084: non è disponibile alcun host applicazione per l'elemento RuntimeIdentifier specificato 'android-x86'. [C:\Users\rober\Documents\MoneyMindApp\MoneyMindApp.csproj::TargetFramework=net8.0-android]
       C:\Program Files\dotnet\sdk\9.0.305\Sdks\Microsoft.NET.Sdk\targets\Microsoft.NET.Sdk.FrameworkReferenceResolution.targets(175,5): message NETSDK1084: non è disponibile alcun host applicazione per l'elemento RuntimeIdentifier specificato 'android-x64'. [C:\Users\rober\Documents\MoneyMindApp\MoneyMindApp.csproj::TargetFramework=net8.0-android]
       Esecuzione attività "ResolveAppHosts" completata.
     1>Compilazione destinazione "ProcessFrameworkReferences" nel progetto "MoneyMindApp.csproj" completata.
     1>Destinazione "_RemoveLinuxFrameworkReferences" nel file "C:\Program Files\dotnet\packs\Microsoft.Android.Sdk.Windows\34.0.154\targets\Microsoft.Android.Sdk.AssemblyResolution.targets" dal progetto "C:\Users\rober\Documents\MoneyMindApp\MoneyMindApp.csproj" (la destinazione "CollectPackageReferences" dipende da essa):
     1>Compilazione destinazione "_RemoveLinuxFrameworkReferences" nel progetto "MoneyMindApp.csproj" completata.
       Destinazione"IncludeTargetingPackReference" ignorata. Condizione false. ('$(TargetFrameworkMoniker)' != '' and '$(TargetFrameworkIdentifier)' == '.NETFramework' and '$(AutomaticallyUseReferenceAssemblyPackages)' == 'true') ha restituito ('.NETCoreApp,Version=v8.0' != '' and '.NETCoreApp' == '.NETFramework' and 'true' == 'true').
       Destinazione"_CheckMicrosoftNetCompilersToolsetFrameworkPackageReference" ignorata. Condizione false. ('$(MSBuildRuntimeType)' == 'Full') ha restituito ('Core' == 'Full').
     1>Destinazione "_CheckForObsoleteDotNetCliToolReferences" nel file "C:\Program Files\dotnet\sdk\9.0.305\Sdks\Microsoft.NET.Sdk\targets\Microsoft.NET.ObsoleteReferences.targets" dal progetto "C:\Users\rober\Documents\MoneyMindApp\MoneyMindApp.csproj" (la destinazione "CollectPackageReferences" dipende da essa):
       Attività "NETSdkWarning" ignorata. Condizione false. ( '%(_ReferenceToObsoleteDotNetCliTool.Identity)' != '' ) ha restituito ( '' != '' ).
     1>Compilazione destinazione "_CheckForObsoleteDotNetCliToolReferences" nel progetto "MoneyMindApp.csproj" completata.
     1>Destinazione "CollectPackageReferences" nel file "C:\Program Files\dotnet\sdk\9.0.305\NuGet.targets" dal progetto "C:\Users\rober\Documents\MoneyMindApp\MoneyMindApp.csproj" (la destinazione "_GetRestoreProjectStyle" dipende da essa):
       Verrà usata l'attività "CheckForDuplicateNuGetItemsTask" dall'assembly "C:\Program Files\dotnet\sdk\9.0.305\NuGet.Build.Tasks.dll".
       Attività "CheckForDuplicateNuGetItemsTask"
       Esecuzione attività "CheckForDuplicateNuGetItemsTask" completata.
     1>Compilazione destinazione "CollectPackageReferences" nel progetto "MoneyMindApp.csproj" completata.
       Destinazione"ValidateMauiImplicitPackageReferences" ignorata. Condizione false. (
             ('$(SkipValidateMauiImplicitPackageReferences)' != 'true') and
             ('$(DisableMauiImplicitPackageReferences)' != 'true' and '$(UseMauiNuGets)' != 'true') and
             ('$(UseMaui)' == 'true' or '$(UseMauiCore)' == 'true' or '$(UseMauiEssentials)' == 'true' or '$(UseMauiAssets)' == 'true') and
             ('@(_MauiImplicitRequiredPackageReference->Count())' != '0') ) ha restituito (
             ('' != 'true') and
             ('' != 'true' and '' != 'true') and
             ('true' == 'true' or '' == 'true' or '' == 'true' or '' == 'true') and
             ('0' != '0') ).
     1>Destinazione "_GetRestoreProjectStyle" nel file "C:\Program Files\dotnet\sdk\9.0.305\NuGet.targets" dal progetto "C:\Users\rober\Documents\MoneyMindApp\MoneyMindApp.csproj" (la destinazione "EnableIntermediateOutputPathMismatchWarning" dipende da essa):
       Verrà usata l'attività "GetRestoreProjectStyleTask" dall'assembly "C:\Program Files\dotnet\sdk\9.0.305\NuGet.Build.Tasks.dll".
       Attività "GetRestoreProjectStyleTask"
       Esecuzione attività "GetRestoreProjectStyleTask" completata.
     1>Compilazione destinazione "_GetRestoreProjectStyle" nel progetto "MoneyMindApp.csproj" completata.
     1>Destinazione "EnableIntermediateOutputPathMismatchWarning" nel file "C:\Program Files\dotnet\sdk\9.0.305\NuGet.targets" dal progetto "C:\Users\rober\Documents\MoneyMindApp\MoneyMindApp.csproj" (la destinazione "_CheckForInvalidConfigurationAndPlatform" dipende da essa):
     1>Compilazione destinazione "EnableIntermediateOutputPathMismatchWarning" nel progetto "MoneyMindApp.csproj" completata.
       La destinazione "ApplyImplicitVersions" è stata ignorata. La compilazione era stata completata in precedenza.
       La destinazione "CheckForImplicitPackageReferenceOverrides" è stata ignorata. La compilazione era stata completata in precedenza.
     1>Destinazione "CheckForDuplicateItems" nel file "C:\Program Files\dotnet\sdk\9.0.305\Sdks\Microsoft.NET.Sdk\targets\Microsoft.NET.Sdk.DefaultItems.Shared.targets" dal progetto "C:\Users\rober\Documents\MoneyMindApp\MoneyMindApp.csproj" (la destinazione "_CheckForInvalidConfigurationAndPlatform" dipende da essa):
       Verrà usata l'attività "CheckForDuplicateItems" dall'assembly "C:\Program Files\dotnet\sdk\9.0.305\Sdks\Microsoft.NET.Sdk\targets\..\tools\net9.0\Microsoft.NET.Build.Tasks.dll".
       Attività "CheckForDuplicateItems"
       Esecuzione attività "CheckForDuplicateItems" completata.
       Attività "CheckForDuplicateItems"
       Esecuzione attività "CheckForDuplicateItems" completata.
       Attività "CheckForDuplicateItems"
       Esecuzione attività "CheckForDuplicateItems" completata.
     1>Compilazione destinazione "CheckForDuplicateItems" nel progetto "MoneyMindApp.csproj" completata.
       Destinazione"WarnForExplicitVersions" ignorata. Condizione false. ('@(SdkBuildWarning)' != '') ha restituito ('' != '').
       Destinazione"_CheckForFailedSDKResolution" ignorata. Condizione false. ('$(SdkResolverHonoredGlobalJson)' == 'false') ha restituito ('' == 'false').
       Destinazione"_WarnWhenUsingNET9AndVSPriorTo1712" ignorata. Condizione false. ($([MSBuild]::VersionLessThan($(MSBuildVersion), '17.12.0')) and '$(TargetFrameworkIdentifier)' == '.NETCoreApp' and $([MSBuild]::VersionGreaterThanOrEquals($(_TargetFrameworkVersionWithoutV), '9.0'))) ha restituito (False and '.NETCoreApp' == '.NETCoreApp' and False).
       Destinazione"_CheckForInvalidWindowsDesktopTargetingConfiguration" ignorata. Condizione false. ('$(TargetFrameworkIdentifier)' == '.NETCoreApp' and $([MSBuild]::VersionGreaterThanOrEquals($(_TargetFrameworkVersionWithoutV), '5.0')) and ('$(UseWindowsForms)' == 'true' or '$(UseWPF)' == 'true')) ha restituito ('.NETCoreApp' == '.NETCoreApp' and True and ('' == 'true' or '' == 'true')).
       Destinazione"_CheckForUnnecessaryWindowsDesktopSDK" ignorata. Condizione false. ('$(TargetFrameworkIdentifier)' == '.NETCoreApp' and $([MSBuild]::VersionGreaterThanOrEquals($(_TargetFrameworkVersionWithoutV), '5.0')) and '$(_MicrosoftWindowsDesktopSdkImported)' == 'true' and '$(TargetFrameworks)' == '') ha restituito ('.NETCoreApp' == '.NETCoreApp' and True and '' == 'true' and 'net8.0-android;net8.0-ios;net8.0-maccatalyst;net8.0-windows10.0.19041.0' == '').
       La destinazione "ProcessFrameworkReferences" è stata ignorata. La compilazione era stata completata in precedenza.
       Destinazione"IncludeTargetingPackReference" ignorata. Condizione false. ('$(TargetFrameworkMoniker)' != '' and '$(TargetFrameworkIdentifier)' == '.NETFramework' and '$(AutomaticallyUseReferenceAssemblyPackages)' == 'true') ha restituito ('.NETCoreApp,Version=v8.0' != '' and '.NETCoreApp' == '.NETFramework' and 'true' == 'true').
     1>Destinazione "_ValidateMauiTasks" nel file "C:\Users\rober\.nuget\packages\microsoft.maui.controls.build.tasks\8.0.90\buildTransitive\netstandard2.0\Microsoft.Maui.Controls.targets" dal progetto "C:\Users\rober\Documents\MoneyMindApp\MoneyMindApp.csproj" (la destinazione "_CheckForInvalidConfigurationAndPlatform" dipende da essa):
       Attività "Error" ignorata. Condizione false. ('$(_MauiTargetsImportedAgain)' == 'True') ha restituito ('' == 'True').
     1>Compilazione destinazione "_ValidateMauiTasks" nel progetto "MoneyMindApp.csproj" completata.
     1>Destinazione "_ValidateMSBuild" nel file "C:\Users\rober\.nuget\packages\microsoft.maui.controls.build.tasks\8.0.90\buildTransitive\netstandard2.0\Microsoft.Maui.Controls.targets" dal progetto "C:\Users\rober\Documents\MoneyMindApp\MoneyMindApp.csproj" (la destinazione "_CheckForInvalidConfigurationAndPlatform" dipende da essa):
       Attività "Error" ignorata. Condizione false. ('$(IsXBuild)' == 'true') ha restituito ('false' == 'true').
     1>Compilazione destinazione "_ValidateMSBuild" nel progetto "MoneyMindApp.csproj" completata.
       Destinazione"_ValidateNETFrameworkVersion" ignorata. Condizione false. ('$(ProjectExt)' != '.wapproj' AND '$(TargetFrameworkIdentifier)' == '.NETFramework' AND '$(TargetFrameworkVersion.Substring(1))' < '4.6.1' AND '$(MauiDisableFrameworkVersionValidation)' != 'True') ha restituito ('.csproj' != '.wapproj' AND '.NETCoreApp' == '.NETFramework' AND '8.0' < '4.6.1' AND '' != 'True').
     1>Destinazione "_ValidateMauiDoesNotHaveXamarinForms" nel file "C:\Users\rober\.nuget\packages\microsoft.maui.controls.build.tasks\8.0.90\buildTransitive\netstandard2.0\Microsoft.Maui.Controls.targets" dal progetto "C:\Users\rober\Documents\MoneyMindApp\MoneyMindApp.csproj" (la destinazione "_CheckForInvalidConfigurationAndPlatform" dipende da essa):
       Attività "Error" ignorata. Condizione false. ('$(_XFTargetsImported)' == 'true') ha restituito ('' == 'true').
     1>Compilazione destinazione "_ValidateMauiDoesNotHaveXamarinForms" nel progetto "MoneyMindApp.csproj" completata.
     1>Destinazione "_CheckForInvalidConfigurationAndPlatform" nel file "C:\Program Files\dotnet\sdk\9.0.305\Microsoft.Common.CurrentVersion.targets" dal progetto "C:\Users\rober\Documents\MoneyMindApp\MoneyMindApp.csproj" (la destinazione "_ValidateLinkMode" dipende da essa):
       Attività "MSBuildInternalMessage" ignorata. Condizione false. ('$(_InvalidConfigurationMessageSeverity)' != '') ha restituito ('' != '').
       Verrà usata l'attività "Message" dall'assembly "Microsoft.Build.Tasks.Core, Version=15.1.0.0, Culture=neutral, PublicKeyToken=b03f5f7f11d50a3a".
       Attività "Message"
         Configuration=Debug
       Esecuzione attività "Message" completata.
       Attività "Message"
         Platform=AnyCPU
       Esecuzione attività "Message" completata.
       Attività "MSBuildInternalMessage" ignorata. Condizione false. ('$(OutDir)' != '' and !HasTrailingSlash('$(OutDir)')) ha restituito ('bin\Debug\net8.0-android\' != '' and !HasTrailingSlash('bin\Debug\net8.0-android\')).
       Attività "MSBuildInternalMessage" ignorata. Condizione false. ('$(IntermediateOutputPath)' != '' and !HasTrailingSlash('$(IntermediateOutputPath)')) ha restituito ('obj\Debug\net8.0-android\' != '' and !HasTrailingSlash('obj\Debug\net8.0-android\')).
       Attività "MSBuildInternalMessage" ignorata. Condizione false. ('$(BaseIntermediateOutputPath)' != '' and !HasTrailingSlash('$(BaseIntermediateOutputPath)')) ha restituito ('obj\' != '' and !HasTrailingSlash('obj\')).
       Attività "MSBuildInternalMessage" ignorata. Condizione false. ( '$(Prefer32Bit)' == 'true' and '$(PreferNativeArm64)' == 'true' ) ha restituito ( 'false' == 'true' and 'false' == 'true' ).
       Attività "MSBuildInternalMessage" ignorata. Condizione false. ( '$(NoWin32Manifest)' == 'true' and '$(PreferNativeArm64)' == 'true' ) ha restituito ( '' == 'true' and 'false' == 'true' ).
       Attività "MSBuildInternalMessage" ignorata. Condizione false. ( '$(PreferNativeArm64)' == 'true' and '$(Platform)' != 'AnyCPU' ) ha restituito ( 'false' == 'true' and 'AnyCPU' != 'AnyCPU' ).
       Attività "MSBuildInternalMessage" ignorata. Condizione false. ( '$(_InitialMSBuildProjectExtensionsPath)' != '' And '$(MSBuildProjectExtensionsPath)' != '$(_InitialMSBuildProjectExtensionsPath)' ) ha restituito ( 'C:\Users\rober\Documents\MoneyMindApp\obj\' != '' And 'C:\Users\rober\Documents\MoneyMindApp\obj\' != 'C:\Users\rober\Documents\MoneyMindApp\obj\' ).
       Attività "MSBuildInternalMessage" ignorata. Condizione false. ( '$(EnableBaseIntermediateOutputPathMismatchWarning)' == 'true' And '$(_InitialBaseIntermediateOutputPath)' != '$(BaseIntermediateOutputPath)' And '$(BaseIntermediateOutputPath)' != '$(MSBuildProjectExtensionsPath)' ) ha restituito ( 'true' == 'true' And 'obj\' != 'obj\' And 'obj\' != 'C:\Users\rober\Documents\MoneyMindApp\obj\' ).
     1>Compilazione destinazione "_CheckForInvalidConfigurationAndPlatform" nel progetto "MoneyMindApp.csproj" completata.
     1>Destinazione "ValidateCommandLineProperties" nel file "C:\Program Files\dotnet\sdk\9.0.305\Sdks\Microsoft.NET.Sdk\targets\Microsoft.NET.Sdk.targets" dal progetto "C:\Users\rober\Documents\MoneyMindApp\MoneyMindApp.csproj" (la destinazione "_ValidateLinkMode" dipende da essa):
     1>Compilazione destinazione "ValidateCommandLineProperties" nel progetto "MoneyMindApp.csproj" completata.
     1>Destinazione "_ValidateLinkMode" nel file "C:\Program Files\dotnet\packs\Microsoft.Android.Sdk.Windows\34.0.154\tools\Xamarin.Android.Common.targets" dal progetto "C:\Users\rober\Documents\MoneyMindApp\MoneyMindApp.csproj" (la destinazione "Build" dipende da essa):
     1>Compilazione destinazione "_ValidateLinkMode" nel progetto "MoneyMindApp.csproj" completata.
     1>Destinazione "_CheckNonIdealConfigurations" nel file "C:\Program Files\dotnet\packs\Microsoft.Android.Sdk.Windows\34.0.154\tools\Xamarin.Android.Common.targets" dal progetto "C:\Users\rober\Documents\MoneyMindApp\MoneyMindApp.csproj" (la destinazione "Build" dipende da essa):
       Attività "AndroidWarning" ignorata. Condizione false. ( '$(EmbedAssembliesIntoApk)' != 'True' And '$(AotAssemblies)' == 'True' ) ha restituito ( 'true' != 'True' And 'false' == 'True' ).
       Attività "AndroidWarning" ignorata. Condizione false. ( '$(EmbedAssembliesIntoApk)' != 'True' And '$(AndroidLinkMode)' != 'None' ) ha restituito ( 'true' != 'True' And 'None' != 'None' ).
       Attività "AndroidWarning" ignorata. Condizione false. ( '$(EmbedAssembliesIntoApk)' != 'True' And '$(AndroidLinkTool)' != '' ) ha restituito ( 'true' != 'True' And '' != '' ).
       Attività "AndroidWarning" ignorata. Condizione false. ( '$(EmbedAssembliesIntoApk)' != 'True' And '$(AndroidPackageFormat)' == 'aab' ) ha restituito ( 'true' != 'True' And 'apk' == 'aab' ).
       Attività "AndroidWarning" ignorata. Condizione false. ( '$(AndroidUseInterpreter)' == 'True' And '$(AotAssemblies)' == 'True' ) ha restituito ( 'true' == 'True' And 'false' == 'True' ).
       Attività "AndroidWarning" ignorata. Condizione false. ( $(_AndroidXA1027) == 'true' ) ha restituito (  == 'true' ).
       Attività "AndroidWarning" ignorata. Condizione false. ( $(_AndroidXA1028) == 'true' ) ha restituito (  == 'true' ).
       Attività "AndroidWarning" ignorata. Condizione false. ( $(_AndroidXA1029) == 'true' ) ha restituito (  == 'true' ).
       Attività "AndroidError" ignorata. Condizione false. ( $(_AndroidXA1030) == 'true' ) ha restituito (  == 'true' ).
       Attività "AndroidError" ignorata. Condizione false. ( '$(AndroidLinkTool)' == 'proguard' And '$(AndroidDexTool)' == 'd8' ) ha restituito ( '' == 'proguard' And 'd8' == 'd8' ).
       Attività "AndroidError" ignorata. Condizione false. (  '$(AndroidDexTool)' == 'dx' ) ha restituito (  'd8' == 'dx' ).
       Attività "AndroidWarning" ignorata. Condizione false. ( '$(AndroidUseAapt2)' != 'true' and '$(UsingAndroidNETSdk)' != 'true' ) ha restituito ( 'True' != 'true' and 'true' != 'true' ).
       Attività "AndroidError" ignorata. Condizione false. ( '$(AndroidUseAapt2)' != 'true' and '$(UsingAndroidNETSdk)' == 'true' ) ha restituito ( 'True' != 'true' and 'true' == 'true' ).
       Attività "AndroidWarning" ignorata. Condizione false. ( '$(BundleAssemblies)' == 'true' and '$(UsingAndroidNETSdk)' == 'true' ) ha restituito ( 'False' == 'true' and 'true' == 'true' ).
     1>Compilazione destinazione "_CheckNonIdealConfigurations" nel progetto "MoneyMindApp.csproj" completata.
     1>Destinazione "_SetupMSBuildAllProjects" nel file "C:\Program Files\dotnet\packs\Microsoft.Android.Sdk.Windows\34.0.154\tools\Xamarin.Android.DesignTime.targets" dal progetto "C:\Users\rober\Documents\MoneyMindApp\MoneyMindApp.csproj" (la destinazione "Build" dipende da essa):
     1>Compilazione destinazione "_SetupMSBuildAllProjects" nel progetto "MoneyMindApp.csproj" completata.
     1>Destinazione "_SetupDesignTimeBuildForBuild" nel file "C:\Program Files\dotnet\packs\Microsoft.Android.Sdk.Windows\34.0.154\tools\Xamarin.Android.DesignTime.targets" dal progetto "C:\Users\rober\Documents\MoneyMindApp\MoneyMindApp.csproj" (la destinazione "Build" dipende da essa):
       Attività "MakeDir" ignorata. Condizione false. ( '$(_AndroidStampDirectory)' != '' And !Exists('$(_AndroidStampDirectory)') ) ha restituito ( 'obj\Debug\net8.0-android\stamp\' != '' And !Exists('obj\Debug\net8.0-android\stamp\') ).
     1>Compilazione destinazione "_SetupDesignTimeBuildForBuild" nel progetto "MoneyMindApp.csproj" completata.
     1>Destinazione "_CategorizeAndroidLibraries" nel file "C:\Program Files\dotnet\packs\Microsoft.Android.Sdk.Windows\34.0.154\tools\Xamarin.Android.AvailableItems.targets" dal progetto "C:\Users\rober\Documents\MoneyMindApp\MoneyMindApp.csproj" (la destinazione "Build" dipende da essa):
     1>Compilazione destinazione "_CategorizeAndroidLibraries" nel progetto "MoneyMindApp.csproj" completata.
       La destinazione "_SetupDesignTimeBuildForBuild" è stata ignorata. La compilazione era stata completata in precedenza.
       La destinazione "ProcessFrameworkReferences" è stata ignorata. La compilazione era stata completata in precedenza.
       La destinazione "ProcessFrameworkReferences" è stata ignorata. La compilazione era stata completata in precedenza.
     1>Destinazione "_DefaultMicrosoftNETPlatformLibrary" nel file "C:\Program Files\dotnet\sdk\9.0.305\Sdks\Microsoft.NET.Sdk\targets\Microsoft.NET.Sdk.Shared.targets" dal progetto "C:\Users\rober\Documents\MoneyMindApp\MoneyMindApp.csproj" (la destinazione "ResolvePackageAssets" dipende da essa):
     1>Compilazione destinazione "_DefaultMicrosoftNETPlatformLibrary" nel progetto "MoneyMindApp.csproj" completata.
     1>Destinazione "_ComputePackageReferencePublish" nel file "C:\Program Files\dotnet\sdk\9.0.305\Sdks\Microsoft.NET.Sdk\targets\Microsoft.NET.Sdk.Shared.targets" dal progetto "C:\Users\rober\Documents\MoneyMindApp\MoneyMindApp.csproj" (la destinazione "ResolvePackageAssets" dipende da essa):
     1>Compilazione destinazione "_ComputePackageReferencePublish" nel progetto "MoneyMindApp.csproj" completata.
       Destinazione"_ResolveCompilerVersion" ignorata. Condizione false. ('$(CompilerApiVersion)' == '' And
                            ('$(Language)' == 'C#' Or '$(Language)' == 'VB') And
                            Exists('$(RoslynTargetsPath)\Microsoft.Build.Tasks.CodeAnalysis.dll')) ha restituito ('roslyn4.14' == '' And
                            ('C#' == 'C#' Or 'C#' == 'VB') And
                            Exists('C:\Program Files\dotnet\sdk\9.0.305\Roslyn\Microsoft.Build.Tasks.CodeAnalysis.dll')).
     1>Destinazione "ResolvePackageAssets" nel file "C:\Program Files\dotnet\sdk\9.0.305\Sdks\Microsoft.NET.Sdk\targets\Microsoft.PackageDependencyResolution.targets" dal progetto "C:\Users\rober\Documents\MoneyMindApp\MoneyMindApp.csproj" (la destinazione "ResolveFrameworkReferences" dipende da essa):
       Verrà usata l'attività "ResolvePackageAssets" dall'assembly "C:\Program Files\dotnet\sdk\9.0.305\Sdks\Microsoft.NET.Sdk\targets\..\tools\net9.0\Microsoft.NET.Build.Tasks.dll".
       Attività "ResolvePackageAssets"
       Esecuzione attività "ResolvePackageAssets" completata.
     1>Compilazione destinazione "ResolvePackageAssets" nel progetto "MoneyMindApp.csproj" completata.
       Destinazione"AdjustDefaultPlatformTargetForNetFrameworkExeWithNoNativeCopyLocalItems" ignorata. Condizione false. ('$(_UsingDefaultPlatformTarget)' == 'true' and
                            '$(_UsingDefaultRuntimeIdentifier)' == 'true') ha restituito ('true' == 'true' and
                            '' == 'true').
       Destinazione"_CheckForTransitiveWindowsDesktopDependencies" ignorata. Condizione false. ('$(TargetFrameworkIdentifier)' == '.NETCoreApp' and $([MSBuild]::VersionGreaterThanOrEquals($(_TargetFrameworkVersionWithoutV), '5.0')) and '$(TargetPlatformIdentifier)' != 'Windows' and '@(TransitiveFrameworkReference)' != '') ha restituito ('.NETCoreApp' == '.NETCoreApp' and True and 'Android' != 'Windows' and '' != '').
       Destinazione"AddTransitiveFrameworkReferences" ignorata. Condizione false. ('@(TransitiveFrameworkReference)' != '') ha restituito ('' != '').
     1>Destinazione "_CheckUnsupportedPackages" nel file "C:\Program Files\dotnet\packs\Microsoft.Android.Sdk.Windows\34.0.154\tools\Xamarin.Android.Common.targets" dal progetto "C:\Users\rober\Documents\MoneyMindApp\MoneyMindApp.csproj" (la destinazione "ResolveFrameworkReferences" dipende da essa):
       Attività "AndroidWarning" ignorata. Condizione false. ( '@(_AndroidUnsupportedPackages->Count())' != '0' ) ha restituito ( '0' != '0' ).
     1>Compilazione destinazione "_CheckUnsupportedPackages" nel progetto "MoneyMindApp.csproj" completata.
     1>Destinazione "ResolveFrameworkReferences" nel file "C:\Program Files\dotnet\sdk\9.0.305\Sdks\Microsoft.NET.Sdk\targets\Microsoft.NET.Sdk.FrameworkReferenceResolution.targets" dal progetto "C:\Users\rober\Documents\MoneyMindApp\MoneyMindApp.csproj" (la destinazione "ResolveTargetingPackAssets" dipende da essa):
       Verrà usata l'attività "GetPackageDirectory" dall'assembly "C:\Program Files\dotnet\sdk\9.0.305\Sdks\Microsoft.NET.Sdk\targets\..\tools\net9.0\Microsoft.NET.Build.Tasks.dll".
       Attività "GetPackageDirectory"
       Esecuzione attività "GetPackageDirectory" completata.
       Attività "GetPackageDirectory"
       Esecuzione attività "GetPackageDirectory" completata.
       Attività "GetPackageDirectory"
       Esecuzione attività "GetPackageDirectory" completata.
       Attività "GetPackageDirectory"
       Esecuzione attività "GetPackageDirectory" completata.
       Attività "GetPackageDirectory"
       Esecuzione attività "GetPackageDirectory" completata.
       Attività "GetPackageDirectory"
       Esecuzione attività "GetPackageDirectory" completata.
       Attività "GetPackageDirectory"
       Esecuzione attività "GetPackageDirectory" completata.
       Attività "GetPackageDirectory"
       Esecuzione attività "GetPackageDirectory" completata.
       Attività "GetPackageDirectory"
       Esecuzione attività "GetPackageDirectory" completata.
       Attività "GetPackageDirectory"
       Esecuzione attività "GetPackageDirectory" completata.
       Verrà usata l'attività "ResolveFrameworkReferences" dall'assembly "C:\Program Files\dotnet\sdk\9.0.305\Sdks\Microsoft.NET.Sdk\targets\..\tools\net9.0\Microsoft.NET.Build.Tasks.dll".
       Attività "ResolveFrameworkReferences"
       Esecuzione attività "ResolveFrameworkReferences" completata.
     1>Compilazione destinazione "ResolveFrameworkReferences" nel progetto "MoneyMindApp.csproj" completata.
     1>Destinazione "ResolveTargetingPackAssets" nel file "C:\Program Files\dotnet\sdk\9.0.305\Sdks\Microsoft.NET.Sdk\targets\Microsoft.NET.Sdk.FrameworkReferenceResolution.targets" dal progetto "C:\Users\rober\Documents\MoneyMindApp\MoneyMindApp.csproj" (la destinazione "_ResolveSdks" dipende da essa):
       Verrà usata l'attività "ResolveTargetingPackAssets" dall'assembly "C:\Program Files\dotnet\sdk\9.0.305\Sdks\Microsoft.NET.Sdk\targets\..\tools\net9.0\Microsoft.NET.Build.Tasks.dll".
       Attività "ResolveTargetingPackAssets"
       Esecuzione attività "ResolveTargetingPackAssets" completata.
     1>Compilazione destinazione "ResolveTargetingPackAssets" nel progetto "MoneyMindApp.csproj" completata.
     1>Destinazione "ResolveOffByDefaultAnalyzers" nel file "C:\Program Files\dotnet\sdk\9.0.305\Sdks\Microsoft.NET.Sdk\targets\Microsoft.NET.Sdk.FrameworkReferenceResolution.targets" dal progetto "C:\Users\rober\Documents\MoneyMindApp\MoneyMindApp.csproj" (la destinazione "_ResolveSdks" dipende da essa):
     1>Compilazione destinazione "ResolveOffByDefaultAnalyzers" nel progetto "MoneyMindApp.csproj" completata.
     1>Destinazione "_ResolveSdks" nel file "C:\Program Files\dotnet\packs\Microsoft.Android.Sdk.Windows\34.0.154\tools\Xamarin.Android.Tooling.targets" dal progetto "C:\Users\rober\Documents\MoneyMindApp\MoneyMindApp.csproj" (la destinazione "_SetLatestTargetFrameworkVersion" dipende da essa):
       Assembly caricato durante TaskRun: Xamarin.Android.Build.Tasks, Version=13.2.99.153, Culture=neutral, PublicKeyToken=84e04ff9cfb79065 (percorso: C:\Program Files\dotnet\packs\Microsoft.Android.Sdk.Windows\34.0.154\tools\Xamarin.Android.Build.Tasks.dll, MVID: 5cae6a2d-a143-4a10-b2fa-45b611041805, AssemblyLoadContext: MSBuild plugin C:\Program Files\dotnet\packs\Microsoft.Android.Sdk.Windows\34.0.154\tools\Xamarin.Android.Build.Tasks.dll)
       Assembly caricato durante TaskRun: Xamarin.Android.Cecil, Version=0.11.1.0, Culture=neutral, PublicKeyToken=0738eb9f132ed756 (percorso: C:\Program Files\dotnet\packs\Microsoft.Android.Sdk.Windows\34.0.154\tools\Xamarin.Android.Cecil.dll, MVID: 6d0424c9-a4a0-4f25-b0fd-4d5c9f58d4ad, AssemblyLoadContext: MSBuild plugin C:\Program Files\dotnet\packs\Microsoft.Android.Sdk.Windows\34.0.154\tools\Xamarin.Android.Build.Tasks.dll)
       Assembly caricato durante TaskRun: mscorlib, Version=4.0.0.0, Culture=neutral, PublicKeyToken=b77a5c561934e089 (percorso: C:\Program Files\dotnet\shared\Microsoft.NETCore.App\9.0.11\mscorlib.dll, MVID: 58684ced-84db-4fc5-b6f2-94dc12682319, AssemblyLoadContext: Default)
       Assembly caricato durante TaskRun: Microsoft.Android.Build.BaseTasks, Version=1.0.77.0, Culture=neutral, PublicKeyToken=84e04ff9cfb79065 (percorso: C:\Program Files\dotnet\packs\Microsoft.Android.Sdk.Windows\34.0.154\tools\Microsoft.Android.Build.BaseTasks.dll, MVID: 69e44f8a-1f41-4dd5-8dd9-97795425439c, AssemblyLoadContext: MSBuild plugin C:\Program Files\dotnet\packs\Microsoft.Android.Sdk.Windows\34.0.154\tools\Xamarin.Android.Build.Tasks.dll)
       Assembly caricato durante TaskRun: Xamarin.Build.AsyncTask, Version=0.4.7.0, Culture=neutral, PublicKeyToken=a9a1b93c0241a44b (percorso: C:\Program Files\dotnet\packs\Microsoft.Android.Sdk.Windows\34.0.154\tools\Xamarin.Build.AsyncTask.dll, MVID: fe18da50-7591-4787-be3b-ba380ebbe556, AssemblyLoadContext: MSBuild plugin C:\Program Files\dotnet\packs\Microsoft.Android.Sdk.Windows\34.0.154\tools\Xamarin.Android.Build.Tasks.dll)
       Assembly caricato durante TaskRun: libZipSharp, Version=3.1.1.0, Culture=neutral, PublicKeyToken=276db85bc4e20efc (percorso: C:\Program Files\dotnet\packs\Microsoft.Android.Sdk.Windows\34.0.154\tools\libZipSharp.dll, MVID: d12d42dd-a717-481c-bec0-b5ab158871fa, AssemblyLoadContext: MSBuild plugin C:\Program Files\dotnet\packs\Microsoft.Android.Sdk.Windows\34.0.154\tools\Xamarin.Android.Build.Tasks.dll)
       Assembly caricato durante TaskRun: Xamarin.Android.Tools.AndroidSdk, Version=1.0.77.0, Culture=neutral, PublicKeyToken=84e04ff9cfb79065 (percorso: C:\Program Files\dotnet\packs\Microsoft.Android.Sdk.Windows\34.0.154\tools\Xamarin.Android.Tools.AndroidSdk.dll, MVID: 4d76f0e0-694a-4c85-83c0-20bdf1674617, AssemblyLoadContext: MSBuild plugin C:\Program Files\dotnet\packs\Microsoft.Android.Sdk.Windows\34.0.154\tools\Xamarin.Android.Build.Tasks.dll)
       Verrà usata l'attività "ResolveSdks" dall'assembly "C:\Program Files\dotnet\packs\Microsoft.Android.Sdk.Windows\34.0.154\tools\Xamarin.Android.Build.Tasks.dll".
       Attività "ResolveSdks"
         Assembly caricato durante TaskRun (Xamarin.Android.Tasks.ResolveSdks): System.Diagnostics.TraceSource, Version=9.0.0.0, Culture=neutral, PublicKeyToken=b03f5f7f11d50a3a (percorso: C:\Program Files\dotnet\shared\Microsoft.NETCore.App\9.0.11\System.Diagnostics.TraceSource.dll, MVID: acc0d22c-ffdb-4481-bcd3-e21aaca11fac, AssemblyLoadContext: Default)
         ValidateAndroidSdkLocation: for locator=constructor param, path=``, result=False
         ValidateAndroidSdkLocation: for locator=preferred path, path=``, result=False
         Looking for Android SDK...
         ValidateAndroidSdkLocation: for locator=all paths, path=`C:\Users\rober\AppData\Local\Android\Sdk`, found adb `C:\Users\rober\AppData\Local\Android\Sdk\platform-tools\adb.EXE`
         ValidateAndroidSdkLocation: for locator=all paths, path=`C:\Users\rober\AppData\Local\Android\Sdk`, result=True
         ValidateJavaSdkLocation: for locator=constructor param, path=`C:\Program Files (x86)\Android\openjdk\jdk-17.0.14`, found jarsigner `C:\Program Files (x86)\Android\openjdk\jdk-17.0.14\bin\jarsigner.EXE`
         ValidateJavaSdkLocation: for locator=constructor param, path=`C:\Program Files (x86)\Android\openjdk\jdk-17.0.14`, found jarsigner `C:\Program Files (x86)\Android\openjdk\jdk-17.0.14\bin\jarsigner.exe`
         ValidateJavaSdkLocation: locator=constructor param, path=`C:\Program Files (x86)\Android\openjdk\jdk-17.0.14`, result=True
         ValidateAndroidNdkLocation: for locator=constructor param, path=``, result=False
         ValidateAndroidNdkLocation: for locator=preferred path, path=``, result=False
         Looking for Android NDK...
         ValidateAndroidNdkLocation: for locator=all paths, path=`C:\Users\rober\AppData\Local\Android\Sdk`, result=False
         ValidateAndroidNdkLocation: for locator=all paths, path=`C:\Users\rober\AppData\Local\Android\Sdk`, result=False
         Looking for Android SDK...
         ResolveSdks Outputs:
           AndroidSdkPath: C:\Users\rober\AppData\Local\Android\Sdk
           AndroidNdkPath: 
           JavaSdkPath: C:\Program Files (x86)\Android\openjdk\jdk-17.0.14
           MonoAndroidBinPath: C:\Program Files\dotnet\packs\Microsoft.Android.Sdk.Windows\34.0.154\tools\
           MonoAndroidToolsPath: C:\Program Files\dotnet\packs\Microsoft.Android.Sdk.Windows\34.0.154\tools
           AndroidBinUtilsPath: C:\Program Files\dotnet\packs\Microsoft.Android.Sdk.Windows\34.0.154\tools\binutils\bin\
       Esecuzione attività "ResolveSdks" completata.
       Attività "ResolveJdkJvmPath" ignorata. Condizione false. ( '$(DesignTimeBuild)' != 'True' And '$(_AndroidIsBindingProject)' != 'True' And '$(AndroidGenerateJniMarshalMethods)' == 'True' And '$(JdkJvmPath)' == '' ) ha restituito ( 'false' != 'True' And '' != 'True' And 'False' == 'True' And '' == '' ).
     1>Compilazione destinazione "_ResolveSdks" nel progetto "MoneyMindApp.csproj" completata.
     1>Destinazione "_ResolveAndroidTooling" nel file "C:\Program Files\dotnet\packs\Microsoft.Android.Sdk.Windows\34.0.154\targets\Microsoft.Android.Sdk.Tooling.targets" dal progetto "C:\Users\rober\Documents\MoneyMindApp\MoneyMindApp.csproj" (la destinazione "_SetLatestTargetFrameworkVersion" dipende da essa):
       Verrà usata l'attività "ValidateJavaVersion" dall'assembly "C:\Program Files\dotnet\packs\Microsoft.Android.Sdk.Windows\34.0.154\targets\..\tools\Xamarin.Android.Build.Tasks.dll".
       Attività "ValidateJavaVersion"
         Assembly caricato durante TaskRun (Xamarin.Android.Tasks.ValidateJavaVersion): System.Collections.Specialized, Version=9.0.0.0, Culture=neutral, PublicKeyToken=b03f5f7f11d50a3a (percorso: C:\Program Files\dotnet\shared\Microsoft.NETCore.App\9.0.11\System.Collections.Specialized.dll, MVID: 391dff9b-c4a9-4498-9a4a-72c586bd4013, AssemblyLoadContext: Default)
         Found Java SDK version 17.0.14.
         Found Java SDK version 17.0.14.
         ValidateJavaVersion Outputs:
           JdkVersion: 17.0.14
           MinimumRequiredJdkVersion: 11.0
       Esecuzione attività "ValidateJavaVersion" completata.
       Verrà usata l'attività "ResolveAndroidTooling" dall'assembly "C:\Program Files\dotnet\packs\Microsoft.Android.Sdk.Windows\34.0.154\targets\..\tools\Xamarin.Android.Build.Tasks.dll".
       Attività "ResolveAndroidTooling"
         Trying build-tools path: C:\Users\rober\AppData\Local\Android\Sdk\build-tools\34.0.0
         `C:\Program Files\dotnet\packs\Microsoft.Android.Sdk.Windows\34.0.154\tools\aapt2.exe version` returned: ```Android Asset Packaging Tool (aapt) 2.19-10229193
         ```
         ResolveAndroidTooling Outputs:
           AndroidApiLevel: 34
           AndroidApiLevelName: 34
           AndroidSdkBuildToolsPath: C:\Users\rober\AppData\Local\Android\Sdk\build-tools\34.0.0
           AndroidSdkBuildToolsBinPath: C:\Users\rober\AppData\Local\Android\Sdk\build-tools\34.0.0
           ZipAlignPath: C:\Users\rober\AppData\Local\Android\Sdk\build-tools\34.0.0
           AndroidSequencePointsMode: None
           LintToolPath: 
           ApkSignerJar: C:\Users\rober\AppData\Local\Android\Sdk\build-tools\34.0.0\lib\apksigner.jar
           AndroidUseApkSigner: True
           Aapt2Version: 2.19
           Aapt2ToolPath: C:\Program Files\dotnet\packs\Microsoft.Android.Sdk.Windows\34.0.154\tools
       Esecuzione attività "ResolveAndroidTooling" completata.
       Verrà usata l'attività "RuntimeIdentifierToAbi" dall'assembly "C:\Program Files\dotnet\packs\Microsoft.Android.Sdk.Windows\34.0.154\targets\..\tools\Xamarin.Android.Build.Tasks.dll".
       Attività "RuntimeIdentifierToAbi"
       Esecuzione attività "RuntimeIdentifierToAbi" completata.
     1>Compilazione destinazione "_ResolveAndroidTooling" nel progetto "MoneyMindApp.csproj" completata.
     1>Destinazione "_InjectAaptDependencies" nel file "C:\Program Files\dotnet\packs\Microsoft.Android.Sdk.Windows\34.0.154\tools\Xamarin.Android.Aapt2.targets" dal progetto "C:\Users\rober\Documents\MoneyMindApp\MoneyMindApp.csproj" (la destinazione "_SetLatestTargetFrameworkVersion" dipende da essa):
       C:\Program Files\dotnet\packs\Microsoft.Android.Sdk.Windows\34.0.154\tools\Xamarin.Android.Aapt2.targets(31,5): message : Riassegnazione della proprietà: $(_SetLatestTargetFrameworkVersionDependsOnTargets)=" [C:\Users\rober\Documents\MoneyMindApp\MoneyMindApp.csproj::TargetFramework=net8.0-android]
       C:\Program Files\dotnet\packs\Microsoft.Android.Sdk.Windows\34.0.154\tools\Xamarin.Android.Aapt2.targets(31,5): message :        [C:\Users\rober\Documents\MoneyMindApp\MoneyMindApp.csproj::TargetFramework=net8.0-android]
       C:\Program Files\dotnet\packs\Microsoft.Android.Sdk.Windows\34.0.154\tools\Xamarin.Android.Aapt2.targets(31,5): message :       _ResolveSdks; [C:\Users\rober\Documents\MoneyMindApp\MoneyMindApp.csproj::TargetFramework=net8.0-android]
       C:\Program Files\dotnet\packs\Microsoft.Android.Sdk.Windows\34.0.154\tools\Xamarin.Android.Aapt2.targets(31,5): message :       _ResolveAndroidTooling; [C:\Users\rober\Documents\MoneyMindApp\MoneyMindApp.csproj::TargetFramework=net8.0-android]
       C:\Program Files\dotnet\packs\Microsoft.Android.Sdk.Windows\34.0.154\tools\Xamarin.Android.Aapt2.targets(31,5): message :       _InjectAaptDependencies; [C:\Users\rober\Documents\MoneyMindApp\MoneyMindApp.csproj::TargetFramework=net8.0-android]
       C:\Program Files\dotnet\packs\Microsoft.Android.Sdk.Windows\34.0.154\tools\Xamarin.Android.Aapt2.targets(31,5): message :     ; [C:\Users\rober\Documents\MoneyMindApp\MoneyMindApp.csproj::TargetFramework=net8.0-android]
       C:\Program Files\dotnet\packs\Microsoft.Android.Sdk.Windows\34.0.154\tools\Xamarin.Android.Aapt2.targets(31,5): message :       _CreateAapt2VersionCache; [C:\Users\rober\Documents\MoneyMindApp\MoneyMindApp.csproj::TargetFramework=net8.0-android]
       C:\Program Files\dotnet\packs\Microsoft.Android.Sdk.Windows\34.0.154\tools\Xamarin.Android.Aapt2.targets(31,5): message :     " (valore precedente: " [C:\Users\rober\Documents\MoneyMindApp\MoneyMindApp.csproj::TargetFramework=net8.0-android]
       C:\Program Files\dotnet\packs\Microsoft.Android.Sdk.Windows\34.0.154\tools\Xamarin.Android.Aapt2.targets(31,5): message :       _ResolveSdks; [C:\Users\rober\Documents\MoneyMindApp\MoneyMindApp.csproj::TargetFramework=net8.0-android]
       C:\Program Files\dotnet\packs\Microsoft.Android.Sdk.Windows\34.0.154\tools\Xamarin.Android.Aapt2.targets(31,5): message :       _ResolveAndroidTooling; [C:\Users\rober\Documents\MoneyMindApp\MoneyMindApp.csproj::TargetFramework=net8.0-android]
       C:\Program Files\dotnet\packs\Microsoft.Android.Sdk.Windows\34.0.154\tools\Xamarin.Android.Aapt2.targets(31,5): message :       _InjectAaptDependencies; [C:\Users\rober\Documents\MoneyMindApp\MoneyMindApp.csproj::TargetFramework=net8.0-android]
       C:\Program Files\dotnet\packs\Microsoft.Android.Sdk.Windows\34.0.154\tools\Xamarin.Android.Aapt2.targets(31,5): message :     ") in C:\Program Files\dotnet\packs\Microsoft.Android.Sdk.Windows\34.0.154\tools\Xamarin.Android.Aapt2.targets (31,5) [C:\Users\rober\Documents\MoneyMindApp\MoneyMindApp.csproj::TargetFramework=net8.0-android]
       C:\Program Files\dotnet\packs\Microsoft.Android.Sdk.Windows\34.0.154\tools\Xamarin.Android.Aapt2.targets(35,5): message : Riassegnazione della proprietà: $(_PrepareUpdateAndroidResgenDependsOnTargets)=" [C:\Users\rober\Documents\MoneyMindApp\MoneyMindApp.csproj::TargetFramework=net8.0-android]
       C:\Program Files\dotnet\packs\Microsoft.Android.Sdk.Windows\34.0.154\tools\Xamarin.Android.Aapt2.targets(35,5): message :       _CompileResources; [C:\Users\rober\Documents\MoneyMindApp\MoneyMindApp.csproj::TargetFramework=net8.0-android]
       C:\Program Files\dotnet\packs\Microsoft.Android.Sdk.Windows\34.0.154\tools\Xamarin.Android.Aapt2.targets(35,5): message :       _Aapt2UpdateAndroidResgenInputs; [C:\Users\rober\Documents\MoneyMindApp\MoneyMindApp.csproj::TargetFramework=net8.0-android]
       C:\Program Files\dotnet\packs\Microsoft.Android.Sdk.Windows\34.0.154\tools\Xamarin.Android.Aapt2.targets(35,5): message :        [C:\Users\rober\Documents\MoneyMindApp\MoneyMindApp.csproj::TargetFramework=net8.0-android]
       C:\Program Files\dotnet\packs\Microsoft.Android.Sdk.Windows\34.0.154\tools\Xamarin.Android.Aapt2.targets(35,5): message :     _IncludeModifiedFilesInUpdateAndroidResgenInputs; [C:\Users\rober\Documents\MoneyMindApp\MoneyMindApp.csproj::TargetFramework=net8.0-android]
       C:\Program Files\dotnet\packs\Microsoft.Android.Sdk.Windows\34.0.154\tools\Xamarin.Android.Aapt2.targets(35,5): message :   ; [C:\Users\rober\Documents\MoneyMindApp\MoneyMindApp.csproj::TargetFramework=net8.0-android]
       C:\Program Files\dotnet\packs\Microsoft.Android.Sdk.Windows\34.0.154\tools\Xamarin.Android.Aapt2.targets(35,5): message :     " (valore precedente: " [C:\Users\rober\Documents\MoneyMindApp\MoneyMindApp.csproj::TargetFramework=net8.0-android]
       C:\Program Files\dotnet\packs\Microsoft.Android.Sdk.Windows\34.0.154\tools\Xamarin.Android.Aapt2.targets(35,5): message :     _IncludeModifiedFilesInUpdateAndroidResgenInputs; [C:\Users\rober\Documents\MoneyMindApp\MoneyMindApp.csproj::TargetFramework=net8.0-android]
       C:\Program Files\dotnet\packs\Microsoft.Android.Sdk.Windows\34.0.154\tools\Xamarin.Android.Aapt2.targets(35,5): message :   ") in C:\Program Files\dotnet\packs\Microsoft.Android.Sdk.Windows\34.0.154\tools\Xamarin.Android.Aapt2.targets (35,5) [C:\Users\rober\Documents\MoneyMindApp\MoneyMindApp.csproj::TargetFramework=net8.0-android]
     1>Compilazione destinazione "_InjectAaptDependencies" nel progetto "MoneyMindApp.csproj" completata.
     1>Destinazione "_SetLatestTargetFrameworkVersion" nel file "C:\Program Files\dotnet\packs\Microsoft.Android.Sdk.Windows\34.0.154\tools\Xamarin.Android.Tooling.targets" dal progetto "C:\Users\rober\Documents\MoneyMindApp\MoneyMindApp.csproj" (la destinazione "_CreatePropertiesCache" dipende da essa):
     1>Compilazione destinazione "_SetLatestTargetFrameworkVersion" nel progetto "MoneyMindApp.csproj" completata.
       Destinazione"_CheckForUnsupportedTargetFramework" ignorata. Condizione false. ('$(_UnsupportedTargetFrameworkError)' == 'true') ha restituito ('' == 'true').
     1>Destinazione "GetReferenceAssemblyPaths" nel file "C:\Program Files\dotnet\sdk\9.0.305\Sdks\Microsoft.NET.Sdk\targets\Microsoft.NET.DisableStandardFrameworkResolution.targets" dal progetto "C:\Users\rober\Documents\MoneyMindApp\MoneyMindApp.csproj" (la destinazione "_ResolveMonoAndroidSdks" dipende da essa):
     1>Compilazione destinazione "GetReferenceAssemblyPaths" nel progetto "MoneyMindApp.csproj" completata.
       La destinazione "_ResolveSdks" è stata ignorata. La compilazione era stata completata in precedenza.
       La destinazione "_ResolveAndroidTooling" è stata ignorata. La compilazione era stata completata in precedenza.
       Destinazione"_GetPrimaryCpuAbi" ignorata. Condizione false. ( '$(AndroidApplication)' == 'true' and '$(EmbedAssembliesIntoApk)' == 'false' ) ha restituito ( 'true' == 'true' and 'true' == 'false' ).
       Destinazione"_DetectIfAppWasUninstalled" ignorata. Condizione false. ('$(AndroidApplication)'!='' And $(AndroidApplication) And ('$(DesignTimeBuild)' == 'false' Or '$(DesignTimeBuild)' == '') And '$(_AndroidPackage)' != '') ha restituito ('true'!='' And true And ('false' == 'false' Or 'false' == '') And '' != '').
     1>Destinazione "_CheckInstantRunCondition" nel file "C:\Program Files\dotnet\packs\Microsoft.Android.Sdk.Windows\34.0.154\tools\Xamarin.Android.Common.Debugging.targets" dal progetto "C:\Users\rober\Documents\MoneyMindApp\MoneyMindApp.csproj" (la destinazione "_SetupInstantRun" dipende da essa):
       Verrà usata l'attività "CreateProperty" dall'assembly "Microsoft.Build.Tasks.Core, Version=15.1.0.0, Culture=neutral, PublicKeyToken=b03f5f7f11d50a3a".
       Attività "CreateProperty"
       Esecuzione attività "CreateProperty" completata.
       Attività "CreateProperty"
       Esecuzione attività "CreateProperty" completata.
       Attività "Message"
         Dex Fast Deployment Enabled: False
       Esecuzione attività "Message" completata.
     1>Compilazione destinazione "_CheckInstantRunCondition" nel progetto "MoneyMindApp.csproj" completata.
     1>Destinazione "_SetupInstantRun" nel file "C:\Program Files\dotnet\packs\Microsoft.Android.Sdk.Windows\34.0.154\tools\Xamarin.Android.Common.Debugging.targets" dal progetto "C:\Users\rober\Documents\MoneyMindApp\MoneyMindApp.csproj" (la destinazione "_ResolveMonoAndroidSdks" dipende da essa):
     1>Compilazione destinazione "_SetupInstantRun" nel progetto "MoneyMindApp.csproj" completata.
     1>Destinazione "_ResolveMonoAndroidSdks" nel file "C:\Program Files\dotnet\packs\Microsoft.Android.Sdk.Windows\34.0.154\tools\Xamarin.Android.Common.targets" dal progetto "C:\Users\rober\Documents\MoneyMindApp\MoneyMindApp.csproj" (la destinazione "_CreatePropertiesCache" dipende da essa):
       Attività "Error" ignorata. Condizione false. ('$(MonoAndroidToolsDirectory)'=='') ha restituito ('C:\Program Files\dotnet\packs\Microsoft.Android.Sdk.Windows\34.0.154\tools'=='').
       Attività "Error" ignorata. Condizione false. ('$(_AndroidSdkDirectory)'=='') ha restituito ('C:\Users\rober\AppData\Local\Android\Sdk'=='').
       Attività "Error" ignorata. Condizione false. ('$(_JavaSdkDirectory)'=='') ha restituito ('C:\Program Files (x86)\Android\openjdk\jdk-17.0.14'=='').
       Verrà usata l'attività "GetAppSettingsDirectory" dall'assembly "C:\Program Files\dotnet\packs\Microsoft.Android.Sdk.Windows\34.0.154\tools\Xamarin.Android.Build.Tasks.dll".
       Attività "GetAppSettingsDirectory"
       Esecuzione attività "GetAppSettingsDirectory" completata.
       C:\Program Files\dotnet\packs\Microsoft.Android.Sdk.Windows\34.0.154\tools\Xamarin.Android.Common.targets(697,3): message : Riassegnazione della proprietà: $(_AndroidSdkDirectory)="C:\Users\rober\AppData\Local\Android\Sdk\" (valore precedente: "C:\Users\rober\AppData\Local\Android\Sdk") in C:\Program Files\dotnet\packs\Microsoft.Android.Sdk.Windows\34.0.154\tools\Xamarin.Android.Common.targets (697,3) [C:\Users\rober\Documents\MoneyMindApp\MoneyMindApp.csproj::TargetFramework=net8.0-android]
       C:\Program Files\dotnet\packs\Microsoft.Android.Sdk.Windows\34.0.154\tools\Xamarin.Android.Common.targets(698,3): message : Riassegnazione della proprietà: $(AndroidSdkBuildToolsPath)="C:\Users\rober\AppData\Local\Android\Sdk\build-tools\34.0.0\" (valore precedente: "C:\Users\rober\AppData\Local\Android\Sdk\build-tools\34.0.0") in C:\Program Files\dotnet\packs\Microsoft.Android.Sdk.Windows\34.0.154\tools\Xamarin.Android.Common.targets (698,3) [C:\Users\rober\Documents\MoneyMindApp\MoneyMindApp.csproj::TargetFramework=net8.0-android]
       C:\Program Files\dotnet\packs\Microsoft.Android.Sdk.Windows\34.0.154\tools\Xamarin.Android.Common.targets(699,3): message : Riassegnazione della proprietà: $(AndroidSdkBuildToolsBinPath)="C:\Users\rober\AppData\Local\Android\Sdk\build-tools\34.0.0\" (valore precedente: "C:\Users\rober\AppData\Local\Android\Sdk\build-tools\34.0.0") in C:\Program Files\dotnet\packs\Microsoft.Android.Sdk.Windows\34.0.154\tools\Xamarin.Android.Common.targets (699,3) [C:\Users\rober\Documents\MoneyMindApp\MoneyMindApp.csproj::TargetFramework=net8.0-android]
       C:\Program Files\dotnet\packs\Microsoft.Android.Sdk.Windows\34.0.154\tools\Xamarin.Android.Common.targets(700,3): message : Riassegnazione della proprietà: $(_JavaSdkDirectory)="C:\Program Files %28x86%29\Android\openjdk\jdk-17.0.14\" (valore precedente: "C:\Program Files (x86)\Android\openjdk\jdk-17.0.14") in C:\Program Files\dotnet\packs\Microsoft.Android.Sdk.Windows\34.0.154\tools\Xamarin.Android.Common.targets (700,3) [C:\Users\rober\Documents\MoneyMindApp\MoneyMindApp.csproj::TargetFramework=net8.0-android]
       Attività "Message"
         MonoAndroid Tools: C:\Program Files\dotnet\packs\Microsoft.Android.Sdk.Windows\34.0.154\tools\
       Esecuzione attività "Message" completata.
       Attività "Message"
         Android Platform API level: 34
       Esecuzione attività "Message" completata.
       Attività "Message"
         TargetFrameworkVersion: v8.0
       Esecuzione attività "Message" completata.
       Attività "Message"
         Android NDK: 
       Esecuzione attività "Message" completata.
       Attività "Message"
         Android SDK: C:\Users\rober\AppData\Local\Android\Sdk\
       Esecuzione attività "Message" completata.
       Attività "Message"
         Android SDK Build Tools: C:\Users\rober\AppData\Local\Android\Sdk\build-tools\34.0.0\
       Esecuzione attività "Message" completata.
       Attività "Message"
         Java SDK: C:\Program Files (x86)\Android\openjdk\jdk-17.0.14\
       Esecuzione attività "Message" completata.
       Attività "CreateProperty"
       Esecuzione attività "CreateProperty" completata.
       Attività "CreateProperty"
       Esecuzione attività "CreateProperty" completata.
       Attività "CreateProperty"
       Esecuzione attività "CreateProperty" completata.
       Attività "CreateProperty"
       Esecuzione attività "CreateProperty" completata.
       Attività "CreateProperty"
       Esecuzione attività "CreateProperty" completata.
       Attività "CreateProperty"
       Esecuzione attività "CreateProperty" completata.
       Attività "CreateProperty"
       Esecuzione attività "CreateProperty" completata.
       Attività "CreateProperty"
       Esecuzione attività "CreateProperty" completata.
       Attività "CreateProperty"
       Esecuzione attività "CreateProperty" completata.
       Attività "CreateProperty"
       Esecuzione attività "CreateProperty" completata.
       Attività "CreateProperty"
       Esecuzione attività "CreateProperty" completata.
       Attività "CreateProperty"
       Esecuzione attività "CreateProperty" completata.
       Attività "CreateProperty"
       Esecuzione attività "CreateProperty" completata.
       Attività "CreateProperty"
       Esecuzione attività "CreateProperty" completata.
       Attività "CreateProperty"
       Esecuzione attività "CreateProperty" completata.
       Attività "CreateProperty"
       Esecuzione attività "CreateProperty" completata.
       Verrà usata l'attività "GetAndroidDefineConstants" dall'assembly "C:\Program Files\dotnet\packs\Microsoft.Android.Sdk.Windows\34.0.154\tools\Xamarin.Android.Build.Tasks.dll".
       Attività "GetAndroidDefineConstants"
       Esecuzione attività "GetAndroidDefineConstants" completata.
       C:\Program Files\dotnet\packs\Microsoft.Android.Sdk.Windows\34.0.154\tools\Xamarin.Android.Common.targets(819,3): message : Riassegnazione della proprietà: $(DefineConstants)="TRACE;DEBUG;NET;NET8_0;NETCOREAPP;__XAMARIN_ANDROID_v1_0__;__MOBILE__;__ANDROID__;__ANDROID_1__;__ANDROID_2__;__ANDROID_3__;__ANDROID_4__;__ANDROID_5__;__ANDROID_6__;__ANDROID_7__;__ANDROID_8__;__ANDROID_9__;__ANDROID_10__;__ANDROID_11__;__ANDROID_12__;__ANDROID_13__;__ANDROID_14__;__ANDROID_15__;__ANDROID_16__;__ANDROID_17__;__ANDROID_18__;__ANDROID_19__;__ANDROID_20__;__ANDROID_21__;__ANDROID_22__;__ANDROID_23__;__ANDROID_24__;__ANDROID_25__;__ANDROID_26__;__ANDROID_27__;__ANDROID_28__;__ANDROID_29__;__ANDROID_30__;__ANDROID_31__;__ANDROID_32__;__ANDROID_33__;__ANDROID_34__" (valore precedente: "TRACE;DEBUG;NET;NET8_0;NETCOREAPP") in C:\Program Files\dotnet\packs\Microsoft.Android.Sdk.Windows\34.0.154\tools\Xamarin.Android.Common.targets (819,3) [C:\Users\rober\Documents\MoneyMindApp\MoneyMindApp.csproj::TargetFramework=net8.0-android]
       Attività "Message"
         Application Java class: android.app.Application
       Esecuzione attività "Message" completata.
     1>Compilazione destinazione "_ResolveMonoAndroidSdks" nel progetto "MoneyMindApp.csproj" completata.
     1>Destinazione "_CreatePropertiesCache" nel file "C:\Program Files\dotnet\packs\Microsoft.Android.Sdk.Windows\34.0.154\tools\Xamarin.Android.Common.targets" dal progetto "C:\Users\rober\Documents\MoneyMindApp\MoneyMindApp.csproj" (la destinazione "Build" dipende da essa):
       Verrà usata l'attività "GetFileHash" dall'assembly "Microsoft.Build.Tasks.Core, Version=15.1.0.0, Culture=neutral, PublicKeyToken=b03f5f7f11d50a3a".
       Attività "GetFileHash"
       Esecuzione attività "GetFileHash" completata.
       Verrà usata l'attività "WriteLinesToFile" dall'assembly "Microsoft.Build.Tasks.Core, Version=15.1.0.0, Culture=neutral, PublicKeyToken=b03f5f7f11d50a3a".
       Attività "WriteLinesToFile"
         L'operazione di scrittura nel file "obj\Debug\net8.0-android\build.props" non è stata eseguita perché non avrebbe comportato la modifica del contenuto.
       Esecuzione attività "WriteLinesToFile" completata.
       Attività "WriteLinesToFile" ignorata. Condizione false. ( '$(DesignTimeBuild)' != 'True' And ('$(AdbTarget)' != '' Or !Exists('$(_AdbPropertiesCache)')) ) ha restituito ( 'false' != 'True' And ('' != '' Or !Exists('obj\Debug\net8.0-android\adb.props')) ).
     1>Compilazione destinazione "_CreatePropertiesCache" nel progetto "MoneyMindApp.csproj" completata.
       La destinazione "_CreatePropertiesCache" è stata ignorata. La compilazione era stata completata in precedenza.
     1>Destinazione "_CleanIntermediateIfNeeded" nel file "C:\Program Files\dotnet\packs\Microsoft.Android.Sdk.Windows\34.0.154\tools\Xamarin.Android.Common.targets" dal progetto "C:\Users\rober\Documents\MoneyMindApp\MoneyMindApp.csproj" (la destinazione "Build" dipende da essa):
       La destinazione "_CleanIntermediateIfNeeded" verrà ignorata. Tutti i file di output sono aggiornati rispetto ai file di input.
       File di input: obj\Debug\net8.0-android\build.props
       File di output: obj\Debug\net8.0-android\stamp\_CleanIntermediateIfNeeded.stamp
     1>Compilazione destinazione "_CleanIntermediateIfNeeded" nel progetto "MoneyMindApp.csproj" completata.
       La destinazione "_SetLatestTargetFrameworkVersion" è stata ignorata. La compilazione era stata completata in precedenza.
     1>Destinazione "_CheckProjectItems" nel file "C:\Program Files\dotnet\packs\Microsoft.Android.Sdk.Windows\34.0.154\tools\Xamarin.Android.Common.targets" dal progetto "C:\Users\rober\Documents\MoneyMindApp\MoneyMindApp.csproj" (la destinazione "Build" dipende da essa):
       Verrà usata l'attività "CheckProjectItems" dall'assembly "C:\Program Files\dotnet\packs\Microsoft.Android.Sdk.Windows\34.0.154\tools\Xamarin.Android.Build.Tasks.dll".
       Attività "CheckProjectItems"
       Esecuzione attività "CheckProjectItems" completata.
     1>Compilazione destinazione "_CheckProjectItems" nel progetto "MoneyMindApp.csproj" completata.
     1>Destinazione "_CheckForContent" nel file "C:\Program Files\dotnet\packs\Microsoft.Android.Sdk.Windows\34.0.154\tools\Xamarin.Android.Common.targets" dal progetto "C:\Users\rober\Documents\MoneyMindApp\MoneyMindApp.csproj" (la destinazione "Build" dipende da essa):
       Attività "LogWarningsForFiles" ignorata. Condizione false. ( '@(_ContentIncludedForCheck->Count())' != '0' ) ha restituito ( '0' != '0' ).
     1>Compilazione destinazione "_CheckForContent" nel progetto "MoneyMindApp.csproj" completata.
     1>Destinazione "_CheckForObsoleteFrameworkAssemblies" nel file "C:\Program Files\dotnet\packs\Microsoft.Android.Sdk.Windows\34.0.154\tools\Xamarin.Android.Common.targets" dal progetto "C:\Users\rober\Documents\MoneyMindApp\MoneyMindApp.csproj" (la destinazione "Build" dipende da essa):
       Attività "AndroidError" ignorata. Condizione false. ( '%(Reference.Identity)' == 'OpenTK-1.0' ) ha restituito ( 'C:\Program Files\dotnet\packs\Microsoft.NETCore.App.Ref\8.0.20\ref/net8.0/Microsoft.CSharp.dll' == 'OpenTK-1.0' ).
       Attività "AndroidError" ignorata. Condizione false. ( '%(Reference.Identity)' == 'OpenTK-1.0' ) ha restituito ( 'C:\Program Files\dotnet\packs\Microsoft.NETCore.App.Ref\8.0.20\ref/net8.0/Microsoft.VisualBasic.Core.dll' == 'OpenTK-1.0' ).
       Attività "AndroidError" ignorata. Condizione false. ( '%(Reference.Identity)' == 'OpenTK-1.0' ) ha restituito ( 'C:\Program Files\dotnet\packs\Microsoft.NETCore.App.Ref\8.0.20\ref/net8.0/Microsoft.VisualBasic.dll' == 'OpenTK-1.0' ).
       Attività "AndroidError" ignorata. Condizione false. ( '%(Reference.Identity)' == 'OpenTK-1.0' ) ha restituito ( 'C:\Program Files\dotnet\packs\Microsoft.NETCore.App.Ref\8.0.20\ref/net8.0/Microsoft.Win32.Primitives.dll' == 'OpenTK-1.0' ).
       Attività "AndroidError" ignorata. Condizione false. ( '%(Reference.Identity)' == 'OpenTK-1.0' ) ha restituito ( 'C:\Program Files\dotnet\packs\Microsoft.NETCore.App.Ref\8.0.20\ref/net8.0/Microsoft.Win32.Registry.dll' == 'OpenTK-1.0' ).
       Attività "AndroidError" ignorata. Condizione false. ( '%(Reference.Identity)' == 'OpenTK-1.0' ) ha restituito ( 'C:\Program Files\dotnet\packs\Microsoft.NETCore.App.Ref\8.0.20\ref/net8.0/System.AppContext.dll' == 'OpenTK-1.0' ).
       Attività "AndroidError" ignorata. Condizione false. ( '%(Reference.Identity)' == 'OpenTK-1.0' ) ha restituito ( 'C:\Program Files\dotnet\packs\Microsoft.NETCore.App.Ref\8.0.20\ref/net8.0/System.Buffers.dll' == 'OpenTK-1.0' ).
       Attività "AndroidError" ignorata. Condizione false. ( '%(Reference.Identity)' == 'OpenTK-1.0' ) ha restituito ( 'C:\Program Files\dotnet\packs\Microsoft.NETCore.App.Ref\8.0.20\ref/net8.0/System.Collections.Concurrent.dll' == 'OpenTK-1.0' ).
       Attività "AndroidError" ignorata. Condizione false. ( '%(Reference.Identity)' == 'OpenTK-1.0' ) ha restituito ( 'C:\Program Files\dotnet\packs\Microsoft.NETCore.App.Ref\8.0.20\ref/net8.0/System.Collections.Immutable.dll' == 'OpenTK-1.0' ).
       Attività "AndroidError" ignorata. Condizione false. ( '%(Reference.Identity)' == 'OpenTK-1.0' ) ha restituito ( 'C:\Program Files\dotnet\packs\Microsoft.NETCore.App.Ref\8.0.20\ref/net8.0/System.Collections.NonGeneric.dll' == 'OpenTK-1.0' ).
       Attività "AndroidError" ignorata. Condizione false. ( '%(Reference.Identity)' == 'OpenTK-1.0' ) ha restituito ( 'C:\Program Files\dotnet\packs\Microsoft.NETCore.App.Ref\8.0.20\ref/net8.0/System.Collections.Specialized.dll' == 'OpenTK-1.0' ).
       Attività "AndroidError" ignorata. Condizione false. ( '%(Reference.Identity)' == 'OpenTK-1.0' ) ha restituito ( 'C:\Program Files\dotnet\packs\Microsoft.NETCore.App.Ref\8.0.20\ref/net8.0/System.Collections.dll' == 'OpenTK-1.0' ).
       Attività "AndroidError" ignorata. Condizione false. ( '%(Reference.Identity)' == 'OpenTK-1.0' ) ha restituito ( 'C:\Program Files\dotnet\packs\Microsoft.NETCore.App.Ref\8.0.20\ref/net8.0/System.ComponentModel.Annotations.dll' == 'OpenTK-1.0' ).
       Attività "AndroidError" ignorata. Condizione false. ( '%(Reference.Identity)' == 'OpenTK-1.0' ) ha restituito ( 'C:\Program Files\dotnet\packs\Microsoft.NETCore.App.Ref\8.0.20\ref/net8.0/System.ComponentModel.DataAnnotations.dll' == 'OpenTK-1.0' ).
       Attività "AndroidError" ignorata. Condizione false. ( '%(Reference.Identity)' == 'OpenTK-1.0' ) ha restituito ( 'C:\Program Files\dotnet\packs\Microsoft.NETCore.App.Ref\8.0.20\ref/net8.0/System.ComponentModel.EventBasedAsync.dll' == 'OpenTK-1.0' ).
       Attività "AndroidError" ignorata. Condizione false. ( '%(Reference.Identity)' == 'OpenTK-1.0' ) ha restituito ( 'C:\Program Files\dotnet\packs\Microsoft.NETCore.App.Ref\8.0.20\ref/net8.0/System.ComponentModel.Primitives.dll' == 'OpenTK-1.0' ).
       Attività "AndroidError" ignorata. Condizione false. ( '%(Reference.Identity)' == 'OpenTK-1.0' ) ha restituito ( 'C:\Program Files\dotnet\packs\Microsoft.NETCore.App.Ref\8.0.20\ref/net8.0/System.ComponentModel.TypeConverter.dll' == 'OpenTK-1.0' ).
       Attività "AndroidError" ignorata. Condizione false. ( '%(Reference.Identity)' == 'OpenTK-1.0' ) ha restituito ( 'C:\Program Files\dotnet\packs\Microsoft.NETCore.App.Ref\8.0.20\ref/net8.0/System.ComponentModel.dll' == 'OpenTK-1.0' ).
       Attività "AndroidError" ignorata. Condizione false. ( '%(Reference.Identity)' == 'OpenTK-1.0' ) ha restituito ( 'C:\Program Files\dotnet\packs\Microsoft.NETCore.App.Ref\8.0.20\ref/net8.0/System.Configuration.dll' == 'OpenTK-1.0' ).
       Attività "AndroidError" ignorata. Condizione false. ( '%(Reference.Identity)' == 'OpenTK-1.0' ) ha restituito ( 'C:\Program Files\dotnet\packs\Microsoft.NETCore.App.Ref\8.0.20\ref/net8.0/System.Console.dll' == 'OpenTK-1.0' ).
       Attività "AndroidError" ignorata. Condizione false. ( '%(Reference.Identity)' == 'OpenTK-1.0' ) ha restituito ( 'C:\Program Files\dotnet\packs\Microsoft.NETCore.App.Ref\8.0.20\ref/net8.0/System.Core.dll' == 'OpenTK-1.0' ).
       Attività "AndroidError" ignorata. Condizione false. ( '%(Reference.Identity)' == 'OpenTK-1.0' ) ha restituito ( 'C:\Program Files\dotnet\packs\Microsoft.NETCore.App.Ref\8.0.20\ref/net8.0/System.Data.Common.dll' == 'OpenTK-1.0' ).
       Attività "AndroidError" ignorata. Condizione false. ( '%(Reference.Identity)' == 'OpenTK-1.0' ) ha restituito ( 'C:\Program Files\dotnet\packs\Microsoft.NETCore.App.Ref\8.0.20\ref/net8.0/System.Data.DataSetExtensions.dll' == 'OpenTK-1.0' ).
       Attività "AndroidError" ignorata. Condizione false. ( '%(Reference.Identity)' == 'OpenTK-1.0' ) ha restituito ( 'C:\Program Files\dotnet\packs\Microsoft.NETCore.App.Ref\8.0.20\ref/net8.0/System.Data.dll' == 'OpenTK-1.0' ).
       Attività "AndroidError" ignorata. Condizione false. ( '%(Reference.Identity)' == 'OpenTK-1.0' ) ha restituito ( 'C:\Program Files\dotnet\packs\Microsoft.NETCore.App.Ref\8.0.20\ref/net8.0/System.Diagnostics.Contracts.dll' == 'OpenTK-1.0' ).
       Attività "AndroidError" ignorata. Condizione false. ( '%(Reference.Identity)' == 'OpenTK-1.0' ) ha restituito ( 'C:\Program Files\dotnet\packs\Microsoft.NETCore.App.Ref\8.0.20\ref/net8.0/System.Diagnostics.Debug.dll' == 'OpenTK-1.0' ).
       Attività "AndroidError" ignorata. Condizione false. ( '%(Reference.Identity)' == 'OpenTK-1.0' ) ha restituito ( 'C:\Program Files\dotnet\packs\Microsoft.NETCore.App.Ref\8.0.20\ref/net8.0/System.Diagnostics.DiagnosticSource.dll' == 'OpenTK-1.0' ).
       Attività "AndroidError" ignorata. Condizione false. ( '%(Reference.Identity)' == 'OpenTK-1.0' ) ha restituito ( 'C:\Program Files\dotnet\packs\Microsoft.NETCore.App.Ref\8.0.20\ref/net8.0/System.Diagnostics.FileVersionInfo.dll' == 'OpenTK-1.0' ).
       Attività "AndroidError" ignorata. Condizione false. ( '%(Reference.Identity)' == 'OpenTK-1.0' ) ha restituito ( 'C:\Program Files\dotnet\packs\Microsoft.NETCore.App.Ref\8.0.20\ref/net8.0/System.Diagnostics.Process.dll' == 'OpenTK-1.0' ).
       Attività "AndroidError" ignorata. Condizione false. ( '%(Reference.Identity)' == 'OpenTK-1.0' ) ha restituito ( 'C:\Program Files\dotnet\packs\Microsoft.NETCore.App.Ref\8.0.20\ref/net8.0/System.Diagnostics.StackTrace.dll' == 'OpenTK-1.0' ).
       Attività "AndroidError" ignorata. Condizione false. ( '%(Reference.Identity)' == 'OpenTK-1.0' ) ha restituito ( 'C:\Program Files\dotnet\packs\Microsoft.NETCore.App.Ref\8.0.20\ref/net8.0/System.Diagnostics.TextWriterTraceListener.dll' == 'OpenTK-1.0' ).
       Attività "AndroidError" ignorata. Condizione false. ( '%(Reference.Identity)' == 'OpenTK-1.0' ) ha restituito ( 'C:\Program Files\dotnet\packs\Microsoft.NETCore.App.Ref\8.0.20\ref/net8.0/System.Diagnostics.Tools.dll' == 'OpenTK-1.0' ).
       Attività "AndroidError" ignorata. Condizione false. ( '%(Reference.Identity)' == 'OpenTK-1.0' ) ha restituito ( 'C:\Program Files\dotnet\packs\Microsoft.NETCore.App.Ref\8.0.20\ref/net8.0/System.Diagnostics.TraceSource.dll' == 'OpenTK-1.0' ).
       Attività "AndroidError" ignorata. Condizione false. ( '%(Reference.Identity)' == 'OpenTK-1.0' ) ha restituito ( 'C:\Program Files\dotnet\packs\Microsoft.NETCore.App.Ref\8.0.20\ref/net8.0/System.Diagnostics.Tracing.dll' == 'OpenTK-1.0' ).
       Attività "AndroidError" ignorata. Condizione false. ( '%(Reference.Identity)' == 'OpenTK-1.0' ) ha restituito ( 'C:\Program Files\dotnet\packs\Microsoft.NETCore.App.Ref\8.0.20\ref/net8.0/System.Drawing.Primitives.dll' == 'OpenTK-1.0' ).
       Attività "AndroidError" ignorata. Condizione false. ( '%(Reference.Identity)' == 'OpenTK-1.0' ) ha restituito ( 'C:\Program Files\dotnet\packs\Microsoft.NETCore.App.Ref\8.0.20\ref/net8.0/System.Drawing.dll' == 'OpenTK-1.0' ).
       Attività "AndroidError" ignorata. Condizione false. ( '%(Reference.Identity)' == 'OpenTK-1.0' ) ha restituito ( 'C:\Program Files\dotnet\packs\Microsoft.NETCore.App.Ref\8.0.20\ref/net8.0/System.Dynamic.Runtime.dll' == 'OpenTK-1.0' ).
       Attività "AndroidError" ignorata. Condizione false. ( '%(Reference.Identity)' == 'OpenTK-1.0' ) ha restituito ( 'C:\Program Files\dotnet\packs\Microsoft.NETCore.App.Ref\8.0.20\ref/net8.0/System.Formats.Asn1.dll' == 'OpenTK-1.0' ).
       Attività "AndroidError" ignorata. Condizione false. ( '%(Reference.Identity)' == 'OpenTK-1.0' ) ha restituito ( 'C:\Program Files\dotnet\packs\Microsoft.NETCore.App.Ref\8.0.20\ref/net8.0/System.Formats.Tar.dll' == 'OpenTK-1.0' ).
       Attività "AndroidError" ignorata. Condizione false. ( '%(Reference.Identity)' == 'OpenTK-1.0' ) ha restituito ( 'C:\Program Files\dotnet\packs\Microsoft.NETCore.App.Ref\8.0.20\ref/net8.0/System.Globalization.Calendars.dll' == 'OpenTK-1.0' ).
       Attività "AndroidError" ignorata. Condizione false. ( '%(Reference.Identity)' == 'OpenTK-1.0' ) ha restituito ( 'C:\Program Files\dotnet\packs\Microsoft.NETCore.App.Ref\8.0.20\ref/net8.0/System.Globalization.Extensions.dll' == 'OpenTK-1.0' ).
       Attività "AndroidError" ignorata. Condizione false. ( '%(Reference.Identity)' == 'OpenTK-1.0' ) ha restituito ( 'C:\Program Files\dotnet\packs\Microsoft.NETCore.App.Ref\8.0.20\ref/net8.0/System.Globalization.dll' == 'OpenTK-1.0' ).
       Attività "AndroidError" ignorata. Condizione false. ( '%(Reference.Identity)' == 'OpenTK-1.0' ) ha restituito ( 'C:\Program Files\dotnet\packs\Microsoft.NETCore.App.Ref\8.0.20\ref/net8.0/System.IO.Compression.Brotli.dll' == 'OpenTK-1.0' ).
       Attività "AndroidError" ignorata. Condizione false. ( '%(Reference.Identity)' == 'OpenTK-1.0' ) ha restituito ( 'C:\Program Files\dotnet\packs\Microsoft.NETCore.App.Ref\8.0.20\ref/net8.0/System.IO.Compression.FileSystem.dll' == 'OpenTK-1.0' ).
       Attività "AndroidError" ignorata. Condizione false. ( '%(Reference.Identity)' == 'OpenTK-1.0' ) ha restituito ( 'C:\Program Files\dotnet\packs\Microsoft.NETCore.App.Ref\8.0.20\ref/net8.0/System.IO.Compression.ZipFile.dll' == 'OpenTK-1.0' ).
       Attività "AndroidError" ignorata. Condizione false. ( '%(Reference.Identity)' == 'OpenTK-1.0' ) ha restituito ( 'C:\Program Files\dotnet\packs\Microsoft.NETCore.App.Ref\8.0.20\ref/net8.0/System.IO.Compression.dll' == 'OpenTK-1.0' ).
       Attività "AndroidError" ignorata. Condizione false. ( '%(Reference.Identity)' == 'OpenTK-1.0' ) ha restituito ( 'C:\Program Files\dotnet\packs\Microsoft.NETCore.App.Ref\8.0.20\ref/net8.0/System.IO.FileSystem.AccessControl.dll' == 'OpenTK-1.0' ).
       Attività "AndroidError" ignorata. Condizione false. ( '%(Reference.Identity)' == 'OpenTK-1.0' ) ha restituito ( 'C:\Program Files\dotnet\packs\Microsoft.NETCore.App.Ref\8.0.20\ref/net8.0/System.IO.FileSystem.DriveInfo.dll' == 'OpenTK-1.0' ).
       Attività "AndroidError" ignorata. Condizione false. ( '%(Reference.Identity)' == 'OpenTK-1.0' ) ha restituito ( 'C:\Program Files\dotnet\packs\Microsoft.NETCore.App.Ref\8.0.20\ref/net8.0/System.IO.FileSystem.Primitives.dll' == 'OpenTK-1.0' ).
       Attività "AndroidError" ignorata. Condizione false. ( '%(Reference.Identity)' == 'OpenTK-1.0' ) ha restituito ( 'C:\Program Files\dotnet\packs\Microsoft.NETCore.App.Ref\8.0.20\ref/net8.0/System.IO.FileSystem.Watcher.dll' == 'OpenTK-1.0' ).
       Attività "AndroidError" ignorata. Condizione false. ( '%(Reference.Identity)' == 'OpenTK-1.0' ) ha restituito ( 'C:\Program Files\dotnet\packs\Microsoft.NETCore.App.Ref\8.0.20\ref/net8.0/System.IO.FileSystem.dll' == 'OpenTK-1.0' ).
       Attività "AndroidError" ignorata. Condizione false. ( '%(Reference.Identity)' == 'OpenTK-1.0' ) ha restituito ( 'C:\Program Files\dotnet\packs\Microsoft.NETCore.App.Ref\8.0.20\ref/net8.0/System.IO.IsolatedStorage.dll' == 'OpenTK-1.0' ).
       Attività "AndroidError" ignorata. Condizione false. ( '%(Reference.Identity)' == 'OpenTK-1.0' ) ha restituito ( 'C:\Program Files\dotnet\packs\Microsoft.NETCore.App.Ref\8.0.20\ref/net8.0/System.IO.MemoryMappedFiles.dll' == 'OpenTK-1.0' ).
       Attività "AndroidError" ignorata. Condizione false. ( '%(Reference.Identity)' == 'OpenTK-1.0' ) ha restituito ( 'C:\Program Files\dotnet\packs\Microsoft.NETCore.App.Ref\8.0.20\ref/net8.0/System.IO.Pipes.AccessControl.dll' == 'OpenTK-1.0' ).
       Attività "AndroidError" ignorata. Condizione false. ( '%(Reference.Identity)' == 'OpenTK-1.0' ) ha restituito ( 'C:\Program Files\dotnet\packs\Microsoft.NETCore.App.Ref\8.0.20\ref/net8.0/System.IO.Pipes.dll' == 'OpenTK-1.0' ).
       Attività "AndroidError" ignorata. Condizione false. ( '%(Reference.Identity)' == 'OpenTK-1.0' ) ha restituito ( 'C:\Program Files\dotnet\packs\Microsoft.NETCore.App.Ref\8.0.20\ref/net8.0/System.IO.UnmanagedMemoryStream.dll' == 'OpenTK-1.0' ).
       Attività "AndroidError" ignorata. Condizione false. ( '%(Reference.Identity)' == 'OpenTK-1.0' ) ha restituito ( 'C:\Program Files\dotnet\packs\Microsoft.NETCore.App.Ref\8.0.20\ref/net8.0/System.IO.dll' == 'OpenTK-1.0' ).
       Attività "AndroidError" ignorata. Condizione false. ( '%(Reference.Identity)' == 'OpenTK-1.0' ) ha restituito ( 'C:\Program Files\dotnet\packs\Microsoft.NETCore.App.Ref\8.0.20\ref/net8.0/System.Linq.Expressions.dll' == 'OpenTK-1.0' ).
       Attività "AndroidError" ignorata. Condizione false. ( '%(Reference.Identity)' == 'OpenTK-1.0' ) ha restituito ( 'C:\Program Files\dotnet\packs\Microsoft.NETCore.App.Ref\8.0.20\ref/net8.0/System.Linq.Parallel.dll' == 'OpenTK-1.0' ).
       Attività "AndroidError" ignorata. Condizione false. ( '%(Reference.Identity)' == 'OpenTK-1.0' ) ha restituito ( 'C:\Program Files\dotnet\packs\Microsoft.NETCore.App.Ref\8.0.20\ref/net8.0/System.Linq.Queryable.dll' == 'OpenTK-1.0' ).
       Attività "AndroidError" ignorata. Condizione false. ( '%(Reference.Identity)' == 'OpenTK-1.0' ) ha restituito ( 'C:\Program Files\dotnet\packs\Microsoft.NETCore.App.Ref\8.0.20\ref/net8.0/System.Linq.dll' == 'OpenTK-1.0' ).
       Attività "AndroidError" ignorata. Condizione false. ( '%(Reference.Identity)' == 'OpenTK-1.0' ) ha restituito ( 'C:\Program Files\dotnet\packs\Microsoft.NETCore.App.Ref\8.0.20\ref/net8.0/System.Memory.dll' == 'OpenTK-1.0' ).
       Attività "AndroidError" ignorata. Condizione false. ( '%(Reference.Identity)' == 'OpenTK-1.0' ) ha restituito ( 'C:\Program Files\dotnet\packs\Microsoft.NETCore.App.Ref\8.0.20\ref/net8.0/System.Net.Http.Json.dll' == 'OpenTK-1.0' ).
       Attività "AndroidError" ignorata. Condizione false. ( '%(Reference.Identity)' == 'OpenTK-1.0' ) ha restituito ( 'C:\Program Files\dotnet\packs\Microsoft.NETCore.App.Ref\8.0.20\ref/net8.0/System.Net.Http.dll' == 'OpenTK-1.0' ).
       Attività "AndroidError" ignorata. Condizione false. ( '%(Reference.Identity)' == 'OpenTK-1.0' ) ha restituito ( 'C:\Program Files\dotnet\packs\Microsoft.NETCore.App.Ref\8.0.20\ref/net8.0/System.Net.HttpListener.dll' == 'OpenTK-1.0' ).
       Attività "AndroidError" ignorata. Condizione false. ( '%(Reference.Identity)' == 'OpenTK-1.0' ) ha restituito ( 'C:\Program Files\dotnet\packs\Microsoft.NETCore.App.Ref\8.0.20\ref/net8.0/System.Net.Mail.dll' == 'OpenTK-1.0' ).
       Attività "AndroidError" ignorata. Condizione false. ( '%(Reference.Identity)' == 'OpenTK-1.0' ) ha restituito ( 'C:\Program Files\dotnet\packs\Microsoft.NETCore.App.Ref\8.0.20\ref/net8.0/System.Net.NameResolution.dll' == 'OpenTK-1.0' ).
       Attività "AndroidError" ignorata. Condizione false. ( '%(Reference.Identity)' == 'OpenTK-1.0' ) ha restituito ( 'C:\Program Files\dotnet\packs\Microsoft.NETCore.App.Ref\8.0.20\ref/net8.0/System.Net.NetworkInformation.dll' == 'OpenTK-1.0' ).
       Attività "AndroidError" ignorata. Condizione false. ( '%(Reference.Identity)' == 'OpenTK-1.0' ) ha restituito ( 'C:\Program Files\dotnet\packs\Microsoft.NETCore.App.Ref\8.0.20\ref/net8.0/System.Net.Ping.dll' == 'OpenTK-1.0' ).
       Attività "AndroidError" ignorata. Condizione false. ( '%(Reference.Identity)' == 'OpenTK-1.0' ) ha restituito ( 'C:\Program Files\dotnet\packs\Microsoft.NETCore.App.Ref\8.0.20\ref/net8.0/System.Net.Primitives.dll' == 'OpenTK-1.0' ).
       Attività "AndroidError" ignorata. Condizione false. ( '%(Reference.Identity)' == 'OpenTK-1.0' ) ha restituito ( 'C:\Program Files\dotnet\packs\Microsoft.NETCore.App.Ref\8.0.20\ref/net8.0/System.Net.Quic.dll' == 'OpenTK-1.0' ).
       Attività "AndroidError" ignorata. Condizione false. ( '%(Reference.Identity)' == 'OpenTK-1.0' ) ha restituito ( 'C:\Program Files\dotnet\packs\Microsoft.NETCore.App.Ref\8.0.20\ref/net8.0/System.Net.Requests.dll' == 'OpenTK-1.0' ).
       Attività "AndroidError" ignorata. Condizione false. ( '%(Reference.Identity)' == 'OpenTK-1.0' ) ha restituito ( 'C:\Program Files\dotnet\packs\Microsoft.NETCore.App.Ref\8.0.20\ref/net8.0/System.Net.Security.dll' == 'OpenTK-1.0' ).
       Attività "AndroidError" ignorata. Condizione false. ( '%(Reference.Identity)' == 'OpenTK-1.0' ) ha restituito ( 'C:\Program Files\dotnet\packs\Microsoft.NETCore.App.Ref\8.0.20\ref/net8.0/System.Net.ServicePoint.dll' == 'OpenTK-1.0' ).
       Attività "AndroidError" ignorata. Condizione false. ( '%(Reference.Identity)' == 'OpenTK-1.0' ) ha restituito ( 'C:\Program Files\dotnet\packs\Microsoft.NETCore.App.Ref\8.0.20\ref/net8.0/System.Net.Sockets.dll' == 'OpenTK-1.0' ).
       Attività "AndroidError" ignorata. Condizione false. ( '%(Reference.Identity)' == 'OpenTK-1.0' ) ha restituito ( 'C:\Program Files\dotnet\packs\Microsoft.NETCore.App.Ref\8.0.20\ref/net8.0/System.Net.WebClient.dll' == 'OpenTK-1.0' ).
       Attività "AndroidError" ignorata. Condizione false. ( '%(Reference.Identity)' == 'OpenTK-1.0' ) ha restituito ( 'C:\Program Files\dotnet\packs\Microsoft.NETCore.App.Ref\8.0.20\ref/net8.0/System.Net.WebHeaderCollection.dll' == 'OpenTK-1.0' ).
       Attività "AndroidError" ignorata. Condizione false. ( '%(Reference.Identity)' == 'OpenTK-1.0' ) ha restituito ( 'C:\Program Files\dotnet\packs\Microsoft.NETCore.App.Ref\8.0.20\ref/net8.0/System.Net.WebProxy.dll' == 'OpenTK-1.0' ).
       Attività "AndroidError" ignorata. Condizione false. ( '%(Reference.Identity)' == 'OpenTK-1.0' ) ha restituito ( 'C:\Program Files\dotnet\packs\Microsoft.NETCore.App.Ref\8.0.20\ref/net8.0/System.Net.WebSockets.Client.dll' == 'OpenTK-1.0' ).
       Attività "AndroidError" ignorata. Condizione false. ( '%(Reference.Identity)' == 'OpenTK-1.0' ) ha restituito ( 'C:\Program Files\dotnet\packs\Microsoft.NETCore.App.Ref\8.0.20\ref/net8.0/System.Net.WebSockets.dll' == 'OpenTK-1.0' ).
       Attività "AndroidError" ignorata. Condizione false. ( '%(Reference.Identity)' == 'OpenTK-1.0' ) ha restituito ( 'C:\Program Files\dotnet\packs\Microsoft.NETCore.App.Ref\8.0.20\ref/net8.0/System.Net.dll' == 'OpenTK-1.0' ).
       Attività "AndroidError" ignorata. Condizione false. ( '%(Reference.Identity)' == 'OpenTK-1.0' ) ha restituito ( 'C:\Program Files\dotnet\packs\Microsoft.NETCore.App.Ref\8.0.20\ref/net8.0/System.Numerics.Vectors.dll' == 'OpenTK-1.0' ).
       Attività "AndroidError" ignorata. Condizione false. ( '%(Reference.Identity)' == 'OpenTK-1.0' ) ha restituito ( 'C:\Program Files\dotnet\packs\Microsoft.NETCore.App.Ref\8.0.20\ref/net8.0/System.Numerics.dll' == 'OpenTK-1.0' ).
       Attività "AndroidError" ignorata. Condizione false. ( '%(Reference.Identity)' == 'OpenTK-1.0' ) ha restituito ( 'C:\Program Files\dotnet\packs\Microsoft.NETCore.App.Ref\8.0.20\ref/net8.0/System.ObjectModel.dll' == 'OpenTK-1.0' ).
       Attività "AndroidError" ignorata. Condizione false. ( '%(Reference.Identity)' == 'OpenTK-1.0' ) ha restituito ( 'C:\Program Files\dotnet\packs\Microsoft.NETCore.App.Ref\8.0.20\ref/net8.0/System.Reflection.DispatchProxy.dll' == 'OpenTK-1.0' ).
       Attività "AndroidError" ignorata. Condizione false. ( '%(Reference.Identity)' == 'OpenTK-1.0' ) ha restituito ( 'C:\Program Files\dotnet\packs\Microsoft.NETCore.App.Ref\8.0.20\ref/net8.0/System.Reflection.Emit.ILGeneration.dll' == 'OpenTK-1.0' ).
       Attività "AndroidError" ignorata. Condizione false. ( '%(Reference.Identity)' == 'OpenTK-1.0' ) ha restituito ( 'C:\Program Files\dotnet\packs\Microsoft.NETCore.App.Ref\8.0.20\ref/net8.0/System.Reflection.Emit.Lightweight.dll' == 'OpenTK-1.0' ).
       Attività "AndroidError" ignorata. Condizione false. ( '%(Reference.Identity)' == 'OpenTK-1.0' ) ha restituito ( 'C:\Program Files\dotnet\packs\Microsoft.NETCore.App.Ref\8.0.20\ref/net8.0/System.Reflection.Emit.dll' == 'OpenTK-1.0' ).
       Attività "AndroidError" ignorata. Condizione false. ( '%(Reference.Identity)' == 'OpenTK-1.0' ) ha restituito ( 'C:\Program Files\dotnet\packs\Microsoft.NETCore.App.Ref\8.0.20\ref/net8.0/System.Reflection.Extensions.dll' == 'OpenTK-1.0' ).
       Attività "AndroidError" ignorata. Condizione false. ( '%(Reference.Identity)' == 'OpenTK-1.0' ) ha restituito ( 'C:\Program Files\dotnet\packs\Microsoft.NETCore.App.Ref\8.0.20\ref/net8.0/System.Reflection.Metadata.dll' == 'OpenTK-1.0' ).
       Attività "AndroidError" ignorata. Condizione false. ( '%(Reference.Identity)' == 'OpenTK-1.0' ) ha restituito ( 'C:\Program Files\dotnet\packs\Microsoft.NETCore.App.Ref\8.0.20\ref/net8.0/System.Reflection.Primitives.dll' == 'OpenTK-1.0' ).
       Attività "AndroidError" ignorata. Condizione false. ( '%(Reference.Identity)' == 'OpenTK-1.0' ) ha restituito ( 'C:\Program Files\dotnet\packs\Microsoft.NETCore.App.Ref\8.0.20\ref/net8.0/System.Reflection.TypeExtensions.dll' == 'OpenTK-1.0' ).
       Attività "AndroidError" ignorata. Condizione false. ( '%(Reference.Identity)' == 'OpenTK-1.0' ) ha restituito ( 'C:\Program Files\dotnet\packs\Microsoft.NETCore.App.Ref\8.0.20\ref/net8.0/System.Reflection.dll' == 'OpenTK-1.0' ).
       Attività "AndroidError" ignorata. Condizione false. ( '%(Reference.Identity)' == 'OpenTK-1.0' ) ha restituito ( 'C:\Program Files\dotnet\packs\Microsoft.NETCore.App.Ref\8.0.20\ref/net8.0/System.Resources.Reader.dll' == 'OpenTK-1.0' ).
       Attività "AndroidError" ignorata. Condizione false. ( '%(Reference.Identity)' == 'OpenTK-1.0' ) ha restituito ( 'C:\Program Files\dotnet\packs\Microsoft.NETCore.App.Ref\8.0.20\ref/net8.0/System.Resources.ResourceManager.dll' == 'OpenTK-1.0' ).
       Attività "AndroidError" ignorata. Condizione false. ( '%(Reference.Identity)' == 'OpenTK-1.0' ) ha restituito ( 'C:\Program Files\dotnet\packs\Microsoft.NETCore.App.Ref\8.0.20\ref/net8.0/System.Resources.Writer.dll' == 'OpenTK-1.0' ).
       Attività "AndroidError" ignorata. Condizione false. ( '%(Reference.Identity)' == 'OpenTK-1.0' ) ha restituito ( 'C:\Program Files\dotnet\packs\Microsoft.NETCore.App.Ref\8.0.20\ref/net8.0/System.Runtime.CompilerServices.Unsafe.dll' == 'OpenTK-1.0' ).
       Attività "AndroidError" ignorata. Condizione false. ( '%(Reference.Identity)' == 'OpenTK-1.0' ) ha restituito ( 'C:\Program Files\dotnet\packs\Microsoft.NETCore.App.Ref\8.0.20\ref/net8.0/System.Runtime.CompilerServices.VisualC.dll' == 'OpenTK-1.0' ).
       Attività "AndroidError" ignorata. Condizione false. ( '%(Reference.Identity)' == 'OpenTK-1.0' ) ha restituito ( 'C:\Program Files\dotnet\packs\Microsoft.NETCore.App.Ref\8.0.20\ref/net8.0/System.Runtime.Extensions.dll' == 'OpenTK-1.0' ).
       Attività "AndroidError" ignorata. Condizione false. ( '%(Reference.Identity)' == 'OpenTK-1.0' ) ha restituito ( 'C:\Program Files\dotnet\packs\Microsoft.NETCore.App.Ref\8.0.20\ref/net8.0/System.Runtime.Handles.dll' == 'OpenTK-1.0' ).
       Attività "AndroidError" ignorata. Condizione false. ( '%(Reference.Identity)' == 'OpenTK-1.0' ) ha restituito ( 'C:\Program Files\dotnet\packs\Microsoft.NETCore.App.Ref\8.0.20\ref/net8.0/System.Runtime.InteropServices.JavaScript.dll' == 'OpenTK-1.0' ).
       Attività "AndroidError" ignorata. Condizione false. ( '%(Reference.Identity)' == 'OpenTK-1.0' ) ha restituito ( 'C:\Program Files\dotnet\packs\Microsoft.NETCore.App.Ref\8.0.20\ref/net8.0/System.Runtime.InteropServices.RuntimeInformation.dll' == 'OpenTK-1.0' ).
       Attività "AndroidError" ignorata. Condizione false. ( '%(Reference.Identity)' == 'OpenTK-1.0' ) ha restituito ( 'C:\Program Files\dotnet\packs\Microsoft.NETCore.App.Ref\8.0.20\ref/net8.0/System.Runtime.InteropServices.dll' == 'OpenTK-1.0' ).
       Attività "AndroidError" ignorata. Condizione false. ( '%(Reference.Identity)' == 'OpenTK-1.0' ) ha restituito ( 'C:\Program Files\dotnet\packs\Microsoft.NETCore.App.Ref\8.0.20\ref/net8.0/System.Runtime.Intrinsics.dll' == 'OpenTK-1.0' ).
       Attività "AndroidError" ignorata. Condizione false. ( '%(Reference.Identity)' == 'OpenTK-1.0' ) ha restituito ( 'C:\Program Files\dotnet\packs\Microsoft.NETCore.App.Ref\8.0.20\ref/net8.0/System.Runtime.Loader.dll' == 'OpenTK-1.0' ).
       Attività "AndroidError" ignorata. Condizione false. ( '%(Reference.Identity)' == 'OpenTK-1.0' ) ha restituito ( 'C:\Program Files\dotnet\packs\Microsoft.NETCore.App.Ref\8.0.20\ref/net8.0/System.Runtime.Numerics.dll' == 'OpenTK-1.0' ).
       Attività "AndroidError" ignorata. Condizione false. ( '%(Reference.Identity)' == 'OpenTK-1.0' ) ha restituito ( 'C:\Program Files\dotnet\packs\Microsoft.NETCore.App.Ref\8.0.20\ref/net8.0/System.Runtime.Serialization.Formatters.dll' == 'OpenTK-1.0' ).
       Attività "AndroidError" ignorata. Condizione false. ( '%(Reference.Identity)' == 'OpenTK-1.0' ) ha restituito ( 'C:\Program Files\dotnet\packs\Microsoft.NETCore.App.Ref\8.0.20\ref/net8.0/System.Runtime.Serialization.Json.dll' == 'OpenTK-1.0' ).
       Attività "AndroidError" ignorata. Condizione false. ( '%(Reference.Identity)' == 'OpenTK-1.0' ) ha restituito ( 'C:\Program Files\dotnet\packs\Microsoft.NETCore.App.Ref\8.0.20\ref/net8.0/System.Runtime.Serialization.Primitives.dll' == 'OpenTK-1.0' ).
       Attività "AndroidError" ignorata. Condizione false. ( '%(Reference.Identity)' == 'OpenTK-1.0' ) ha restituito ( 'C:\Program Files\dotnet\packs\Microsoft.NETCore.App.Ref\8.0.20\ref/net8.0/System.Runtime.Serialization.Xml.dll' == 'OpenTK-1.0' ).
       Attività "AndroidError" ignorata. Condizione false. ( '%(Reference.Identity)' == 'OpenTK-1.0' ) ha restituito ( 'C:\Program Files\dotnet\packs\Microsoft.NETCore.App.Ref\8.0.20\ref/net8.0/System.Runtime.Serialization.dll' == 'OpenTK-1.0' ).
       Attività "AndroidError" ignorata. Condizione false. ( '%(Reference.Identity)' == 'OpenTK-1.0' ) ha restituito ( 'C:\Program Files\dotnet\packs\Microsoft.NETCore.App.Ref\8.0.20\ref/net8.0/System.Runtime.dll' == 'OpenTK-1.0' ).
       Attività "AndroidError" ignorata. Condizione false. ( '%(Reference.Identity)' == 'OpenTK-1.0' ) ha restituito ( 'C:\Program Files\dotnet\packs\Microsoft.NETCore.App.Ref\8.0.20\ref/net8.0/System.Security.AccessControl.dll' == 'OpenTK-1.0' ).
       Attività "AndroidError" ignorata. Condizione false. ( '%(Reference.Identity)' == 'OpenTK-1.0' ) ha restituito ( 'C:\Program Files\dotnet\packs\Microsoft.NETCore.App.Ref\8.0.20\ref/net8.0/System.Security.Claims.dll' == 'OpenTK-1.0' ).
       Attività "AndroidError" ignorata. Condizione false. ( '%(Reference.Identity)' == 'OpenTK-1.0' ) ha restituito ( 'C:\Program Files\dotnet\packs\Microsoft.NETCore.App.Ref\8.0.20\ref/net8.0/System.Security.Cryptography.Algorithms.dll' == 'OpenTK-1.0' ).
       Attività "AndroidError" ignorata. Condizione false. ( '%(Reference.Identity)' == 'OpenTK-1.0' ) ha restituito ( 'C:\Program Files\dotnet\packs\Microsoft.NETCore.App.Ref\8.0.20\ref/net8.0/System.Security.Cryptography.Cng.dll' == 'OpenTK-1.0' ).
       Attività "AndroidError" ignorata. Condizione false. ( '%(Reference.Identity)' == 'OpenTK-1.0' ) ha restituito ( 'C:\Program Files\dotnet\packs\Microsoft.NETCore.App.Ref\8.0.20\ref/net8.0/System.Security.Cryptography.Csp.dll' == 'OpenTK-1.0' ).
       Attività "AndroidError" ignorata. Condizione false. ( '%(Reference.Identity)' == 'OpenTK-1.0' ) ha restituito ( 'C:\Program Files\dotnet\packs\Microsoft.NETCore.App.Ref\8.0.20\ref/net8.0/System.Security.Cryptography.Encoding.dll' == 'OpenTK-1.0' ).
       Attività "AndroidError" ignorata. Condizione false. ( '%(Reference.Identity)' == 'OpenTK-1.0' ) ha restituito ( 'C:\Program Files\dotnet\packs\Microsoft.NETCore.App.Ref\8.0.20\ref/net8.0/System.Security.Cryptography.OpenSsl.dll' == 'OpenTK-1.0' ).
       Attività "AndroidError" ignorata. Condizione false. ( '%(Reference.Identity)' == 'OpenTK-1.0' ) ha restituito ( 'C:\Program Files\dotnet\packs\Microsoft.NETCore.App.Ref\8.0.20\ref/net8.0/System.Security.Cryptography.Primitives.dll' == 'OpenTK-1.0' ).
       Attività "AndroidError" ignorata. Condizione false. ( '%(Reference.Identity)' == 'OpenTK-1.0' ) ha restituito ( 'C:\Program Files\dotnet\packs\Microsoft.NETCore.App.Ref\8.0.20\ref/net8.0/System.Security.Cryptography.X509Certificates.dll' == 'OpenTK-1.0' ).
       Attività "AndroidError" ignorata. Condizione false. ( '%(Reference.Identity)' == 'OpenTK-1.0' ) ha restituito ( 'C:\Program Files\dotnet\packs\Microsoft.NETCore.App.Ref\8.0.20\ref/net8.0/System.Security.Cryptography.dll' == 'OpenTK-1.0' ).
       Attività "AndroidError" ignorata. Condizione false. ( '%(Reference.Identity)' == 'OpenTK-1.0' ) ha restituito ( 'C:\Program Files\dotnet\packs\Microsoft.NETCore.App.Ref\8.0.20\ref/net8.0/System.Security.Principal.Windows.dll' == 'OpenTK-1.0' ).
       Attività "AndroidError" ignorata. Condizione false. ( '%(Reference.Identity)' == 'OpenTK-1.0' ) ha restituito ( 'C:\Program Files\dotnet\packs\Microsoft.NETCore.App.Ref\8.0.20\ref/net8.0/System.Security.Principal.dll' == 'OpenTK-1.0' ).
       Attività "AndroidError" ignorata. Condizione false. ( '%(Reference.Identity)' == 'OpenTK-1.0' ) ha restituito ( 'C:\Program Files\dotnet\packs\Microsoft.NETCore.App.Ref\8.0.20\ref/net8.0/System.Security.SecureString.dll' == 'OpenTK-1.0' ).
       Attività "AndroidError" ignorata. Condizione false. ( '%(Reference.Identity)' == 'OpenTK-1.0' ) ha restituito ( 'C:\Program Files\dotnet\packs\Microsoft.NETCore.App.Ref\8.0.20\ref/net8.0/System.Security.dll' == 'OpenTK-1.0' ).
       Attività "AndroidError" ignorata. Condizione false. ( '%(Reference.Identity)' == 'OpenTK-1.0' ) ha restituito ( 'C:\Program Files\dotnet\packs\Microsoft.NETCore.App.Ref\8.0.20\ref/net8.0/System.ServiceModel.Web.dll' == 'OpenTK-1.0' ).
       Attività "AndroidError" ignorata. Condizione false. ( '%(Reference.Identity)' == 'OpenTK-1.0' ) ha restituito ( 'C:\Program Files\dotnet\packs\Microsoft.NETCore.App.Ref\8.0.20\ref/net8.0/System.ServiceProcess.dll' == 'OpenTK-1.0' ).
       Attività "AndroidError" ignorata. Condizione false. ( '%(Reference.Identity)' == 'OpenTK-1.0' ) ha restituito ( 'C:\Program Files\dotnet\packs\Microsoft.NETCore.App.Ref\8.0.20\ref/net8.0/System.Text.Encoding.CodePages.dll' == 'OpenTK-1.0' ).
       Attività "AndroidError" ignorata. Condizione false. ( '%(Reference.Identity)' == 'OpenTK-1.0' ) ha restituito ( 'C:\Program Files\dotnet\packs\Microsoft.NETCore.App.Ref\8.0.20\ref/net8.0/System.Text.Encoding.Extensions.dll' == 'OpenTK-1.0' ).
       Attività "AndroidError" ignorata. Condizione false. ( '%(Reference.Identity)' == 'OpenTK-1.0' ) ha restituito ( 'C:\Program Files\dotnet\packs\Microsoft.NETCore.App.Ref\8.0.20\ref/net8.0/System.Text.Encoding.dll' == 'OpenTK-1.0' ).
       Attività "AndroidError" ignorata. Condizione false. ( '%(Reference.Identity)' == 'OpenTK-1.0' ) ha restituito ( 'C:\Program Files\dotnet\packs\Microsoft.NETCore.App.Ref\8.0.20\ref/net8.0/System.Text.Encodings.Web.dll' == 'OpenTK-1.0' ).
       Attività "AndroidError" ignorata. Condizione false. ( '%(Reference.Identity)' == 'OpenTK-1.0' ) ha restituito ( 'C:\Program Files\dotnet\packs\Microsoft.NETCore.App.Ref\8.0.20\ref/net8.0/System.Text.Json.dll' == 'OpenTK-1.0' ).
       Attività "AndroidError" ignorata. Condizione false. ( '%(Reference.Identity)' == 'OpenTK-1.0' ) ha restituito ( 'C:\Program Files\dotnet\packs\Microsoft.NETCore.App.Ref\8.0.20\ref/net8.0/System.Text.RegularExpressions.dll' == 'OpenTK-1.0' ).
       Attività "AndroidError" ignorata. Condizione false. ( '%(Reference.Identity)' == 'OpenTK-1.0' ) ha restituito ( 'C:\Program Files\dotnet\packs\Microsoft.NETCore.App.Ref\8.0.20\ref/net8.0/System.Threading.Channels.dll' == 'OpenTK-1.0' ).
       Attività "AndroidError" ignorata. Condizione false. ( '%(Reference.Identity)' == 'OpenTK-1.0' ) ha restituito ( 'C:\Program Files\dotnet\packs\Microsoft.NETCore.App.Ref\8.0.20\ref/net8.0/System.Threading.Overlapped.dll' == 'OpenTK-1.0' ).
       Attività "AndroidError" ignorata. Condizione false. ( '%(Reference.Identity)' == 'OpenTK-1.0' ) ha restituito ( 'C:\Program Files\dotnet\packs\Microsoft.NETCore.App.Ref\8.0.20\ref/net8.0/System.Threading.Tasks.Dataflow.dll' == 'OpenTK-1.0' ).
       Attività "AndroidError" ignorata. Condizione false. ( '%(Reference.Identity)' == 'OpenTK-1.0' ) ha restituito ( 'C:\Program Files\dotnet\packs\Microsoft.NETCore.App.Ref\8.0.20\ref/net8.0/System.Threading.Tasks.Extensions.dll' == 'OpenTK-1.0' ).
       Attività "AndroidError" ignorata. Condizione false. ( '%(Reference.Identity)' == 'OpenTK-1.0' ) ha restituito ( 'C:\Program Files\dotnet\packs\Microsoft.NETCore.App.Ref\8.0.20\ref/net8.0/System.Threading.Tasks.Parallel.dll' == 'OpenTK-1.0' ).
       Attività "AndroidError" ignorata. Condizione false. ( '%(Reference.Identity)' == 'OpenTK-1.0' ) ha restituito ( 'C:\Program Files\dotnet\packs\Microsoft.NETCore.App.Ref\8.0.20\ref/net8.0/System.Threading.Tasks.dll' == 'OpenTK-1.0' ).
       Attività "AndroidError" ignorata. Condizione false. ( '%(Reference.Identity)' == 'OpenTK-1.0' ) ha restituito ( 'C:\Program Files\dotnet\packs\Microsoft.NETCore.App.Ref\8.0.20\ref/net8.0/System.Threading.Thread.dll' == 'OpenTK-1.0' ).
       Attività "AndroidError" ignorata. Condizione false. ( '%(Reference.Identity)' == 'OpenTK-1.0' ) ha restituito ( 'C:\Program Files\dotnet\packs\Microsoft.NETCore.App.Ref\8.0.20\ref/net8.0/System.Threading.ThreadPool.dll' == 'OpenTK-1.0' ).
       Attività "AndroidError" ignorata. Condizione false. ( '%(Reference.Identity)' == 'OpenTK-1.0' ) ha restituito ( 'C:\Program Files\dotnet\packs\Microsoft.NETCore.App.Ref\8.0.20\ref/net8.0/System.Threading.Timer.dll' == 'OpenTK-1.0' ).
       Attività "AndroidError" ignorata. Condizione false. ( '%(Reference.Identity)' == 'OpenTK-1.0' ) ha restituito ( 'C:\Program Files\dotnet\packs\Microsoft.NETCore.App.Ref\8.0.20\ref/net8.0/System.Threading.dll' == 'OpenTK-1.0' ).
       Attività "AndroidError" ignorata. Condizione false. ( '%(Reference.Identity)' == 'OpenTK-1.0' ) ha restituito ( 'C:\Program Files\dotnet\packs\Microsoft.NETCore.App.Ref\8.0.20\ref/net8.0/System.Transactions.Local.dll' == 'OpenTK-1.0' ).
       Attività "AndroidError" ignorata. Condizione false. ( '%(Reference.Identity)' == 'OpenTK-1.0' ) ha restituito ( 'C:\Program Files\dotnet\packs\Microsoft.NETCore.App.Ref\8.0.20\ref/net8.0/System.Transactions.dll' == 'OpenTK-1.0' ).
       Attività "AndroidError" ignorata. Condizione false. ( '%(Reference.Identity)' == 'OpenTK-1.0' ) ha restituito ( 'C:\Program Files\dotnet\packs\Microsoft.NETCore.App.Ref\8.0.20\ref/net8.0/System.ValueTuple.dll' == 'OpenTK-1.0' ).
       Attività "AndroidError" ignorata. Condizione false. ( '%(Reference.Identity)' == 'OpenTK-1.0' ) ha restituito ( 'C:\Program Files\dotnet\packs\Microsoft.NETCore.App.Ref\8.0.20\ref/net8.0/System.Web.HttpUtility.dll' == 'OpenTK-1.0' ).
       Attività "AndroidError" ignorata. Condizione false. ( '%(Reference.Identity)' == 'OpenTK-1.0' ) ha restituito ( 'C:\Program Files\dotnet\packs\Microsoft.NETCore.App.Ref\8.0.20\ref/net8.0/System.Web.dll' == 'OpenTK-1.0' ).
       Attività "AndroidError" ignorata. Condizione false. ( '%(Reference.Identity)' == 'OpenTK-1.0' ) ha restituito ( 'C:\Program Files\dotnet\packs\Microsoft.NETCore.App.Ref\8.0.20\ref/net8.0/System.Windows.dll' == 'OpenTK-1.0' ).
       Attività "AndroidError" ignorata. Condizione false. ( '%(Reference.Identity)' == 'OpenTK-1.0' ) ha restituito ( 'C:\Program Files\dotnet\packs\Microsoft.NETCore.App.Ref\8.0.20\ref/net8.0/System.Xml.Linq.dll' == 'OpenTK-1.0' ).
       Attività "AndroidError" ignorata. Condizione false. ( '%(Reference.Identity)' == 'OpenTK-1.0' ) ha restituito ( 'C:\Program Files\dotnet\packs\Microsoft.NETCore.App.Ref\8.0.20\ref/net8.0/System.Xml.ReaderWriter.dll' == 'OpenTK-1.0' ).
       Attività "AndroidError" ignorata. Condizione false. ( '%(Reference.Identity)' == 'OpenTK-1.0' ) ha restituito ( 'C:\Program Files\dotnet\packs\Microsoft.NETCore.App.Ref\8.0.20\ref/net8.0/System.Xml.Serialization.dll' == 'OpenTK-1.0' ).
       Attività "AndroidError" ignorata. Condizione false. ( '%(Reference.Identity)' == 'OpenTK-1.0' ) ha restituito ( 'C:\Program Files\dotnet\packs\Microsoft.NETCore.App.Ref\8.0.20\ref/net8.0/System.Xml.XDocument.dll' == 'OpenTK-1.0' ).
       Attività "AndroidError" ignorata. Condizione false. ( '%(Reference.Identity)' == 'OpenTK-1.0' ) ha restituito ( 'C:\Program Files\dotnet\packs\Microsoft.NETCore.App.Ref\8.0.20\ref/net8.0/System.Xml.XPath.XDocument.dll' == 'OpenTK-1.0' ).
       Attività "AndroidError" ignorata. Condizione false. ( '%(Reference.Identity)' == 'OpenTK-1.0' ) ha restituito ( 'C:\Program Files\dotnet\packs\Microsoft.NETCore.App.Ref\8.0.20\ref/net8.0/System.Xml.XPath.dll' == 'OpenTK-1.0' ).
       Attività "AndroidError" ignorata. Condizione false. ( '%(Reference.Identity)' == 'OpenTK-1.0' ) ha restituito ( 'C:\Program Files\dotnet\packs\Microsoft.NETCore.App.Ref\8.0.20\ref/net8.0/System.Xml.XmlDocument.dll' == 'OpenTK-1.0' ).
       Attività "AndroidError" ignorata. Condizione false. ( '%(Reference.Identity)' == 'OpenTK-1.0' ) ha restituito ( 'C:\Program Files\dotnet\packs\Microsoft.NETCore.App.Ref\8.0.20\ref/net8.0/System.Xml.XmlSerializer.dll' == 'OpenTK-1.0' ).
       Attività "AndroidError" ignorata. Condizione false. ( '%(Reference.Identity)' == 'OpenTK-1.0' ) ha restituito ( 'C:\Program Files\dotnet\packs\Microsoft.NETCore.App.Ref\8.0.20\ref/net8.0/System.Xml.dll' == 'OpenTK-1.0' ).
       Attività "AndroidError" ignorata. Condizione false. ( '%(Reference.Identity)' == 'OpenTK-1.0' ) ha restituito ( 'C:\Program Files\dotnet\packs\Microsoft.NETCore.App.Ref\8.0.20\ref/net8.0/System.dll' == 'OpenTK-1.0' ).
       Attività "AndroidError" ignorata. Condizione false. ( '%(Reference.Identity)' == 'OpenTK-1.0' ) ha restituito ( 'C:\Program Files\dotnet\packs\Microsoft.NETCore.App.Ref\8.0.20\ref/net8.0/WindowsBase.dll' == 'OpenTK-1.0' ).
       Attività "AndroidError" ignorata. Condizione false. ( '%(Reference.Identity)' == 'OpenTK-1.0' ) ha restituito ( 'C:\Program Files\dotnet\packs\Microsoft.NETCore.App.Ref\8.0.20\ref/net8.0/mscorlib.dll' == 'OpenTK-1.0' ).
       Attività "AndroidError" ignorata. Condizione false. ( '%(Reference.Identity)' == 'OpenTK-1.0' ) ha restituito ( 'C:\Program Files\dotnet\packs\Microsoft.NETCore.App.Ref\8.0.20\ref/net8.0/netstandard.dll' == 'OpenTK-1.0' ).
       Attività "AndroidError" ignorata. Condizione false. ( '%(Reference.Identity)' == 'OpenTK-1.0' ) ha restituito ( 'C:\Users\rober\.nuget\packages\microsoft.android.ref.34\34.0.154\ref\net8.0\Java.Interop.dll' == 'OpenTK-1.0' ).
       Attività "AndroidError" ignorata. Condizione false. ( '%(Reference.Identity)' == 'OpenTK-1.0' ) ha restituito ( 'C:\Users\rober\.nuget\packages\microsoft.android.ref.34\34.0.154\ref\net8.0\Mono.Android.Export.dll' == 'OpenTK-1.0' ).
       Attività "AndroidError" ignorata. Condizione false. ( '%(Reference.Identity)' == 'OpenTK-1.0' ) ha restituito ( 'C:\Users\rober\.nuget\packages\microsoft.android.ref.34\34.0.154\ref\net8.0\Mono.Android.Runtime.dll' == 'OpenTK-1.0' ).
       Attività "AndroidError" ignorata. Condizione false. ( '%(Reference.Identity)' == 'OpenTK-1.0' ) ha restituito ( 'C:\Users\rober\.nuget\packages\microsoft.android.ref.34\34.0.154\ref\net8.0\Mono.Android.dll' == 'OpenTK-1.0' ).
       Attività "AndroidError" ignorata. Condizione false. ( '%(Reference.Identity)' == 'Xamarin.Android.NUnitLite' ) ha restituito ( 'C:\Program Files\dotnet\packs\Microsoft.NETCore.App.Ref\8.0.20\ref/net8.0/Microsoft.CSharp.dll' == 'Xamarin.Android.NUnitLite' ).
       Attività "AndroidError" ignorata. Condizione false. ( '%(Reference.Identity)' == 'Xamarin.Android.NUnitLite' ) ha restituito ( 'C:\Program Files\dotnet\packs\Microsoft.NETCore.App.Ref\8.0.20\ref/net8.0/Microsoft.VisualBasic.Core.dll' == 'Xamarin.Android.NUnitLite' ).
       Attività "AndroidError" ignorata. Condizione false. ( '%(Reference.Identity)' == 'Xamarin.Android.NUnitLite' ) ha restituito ( 'C:\Program Files\dotnet\packs\Microsoft.NETCore.App.Ref\8.0.20\ref/net8.0/Microsoft.VisualBasic.dll' == 'Xamarin.Android.NUnitLite' ).
       Attività "AndroidError" ignorata. Condizione false. ( '%(Reference.Identity)' == 'Xamarin.Android.NUnitLite' ) ha restituito ( 'C:\Program Files\dotnet\packs\Microsoft.NETCore.App.Ref\8.0.20\ref/net8.0/Microsoft.Win32.Primitives.dll' == 'Xamarin.Android.NUnitLite' ).
       Attività "AndroidError" ignorata. Condizione false. ( '%(Reference.Identity)' == 'Xamarin.Android.NUnitLite' ) ha restituito ( 'C:\Program Files\dotnet\packs\Microsoft.NETCore.App.Ref\8.0.20\ref/net8.0/Microsoft.Win32.Registry.dll' == 'Xamarin.Android.NUnitLite' ).
       Attività "AndroidError" ignorata. Condizione false. ( '%(Reference.Identity)' == 'Xamarin.Android.NUnitLite' ) ha restituito ( 'C:\Program Files\dotnet\packs\Microsoft.NETCore.App.Ref\8.0.20\ref/net8.0/System.AppContext.dll' == 'Xamarin.Android.NUnitLite' ).
       Attività "AndroidError" ignorata. Condizione false. ( '%(Reference.Identity)' == 'Xamarin.Android.NUnitLite' ) ha restituito ( 'C:\Program Files\dotnet\packs\Microsoft.NETCore.App.Ref\8.0.20\ref/net8.0/System.Buffers.dll' == 'Xamarin.Android.NUnitLite' ).
       Attività "AndroidError" ignorata. Condizione false. ( '%(Reference.Identity)' == 'Xamarin.Android.NUnitLite' ) ha restituito ( 'C:\Program Files\dotnet\packs\Microsoft.NETCore.App.Ref\8.0.20\ref/net8.0/System.Collections.Concurrent.dll' == 'Xamarin.Android.NUnitLite' ).
       Attività "AndroidError" ignorata. Condizione false. ( '%(Reference.Identity)' == 'Xamarin.Android.NUnitLite' ) ha restituito ( 'C:\Program Files\dotnet\packs\Microsoft.NETCore.App.Ref\8.0.20\ref/net8.0/System.Collections.Immutable.dll' == 'Xamarin.Android.NUnitLite' ).
       Attività "AndroidError" ignorata. Condizione false. ( '%(Reference.Identity)' == 'Xamarin.Android.NUnitLite' ) ha restituito ( 'C:\Program Files\dotnet\packs\Microsoft.NETCore.App.Ref\8.0.20\ref/net8.0/System.Collections.NonGeneric.dll' == 'Xamarin.Android.NUnitLite' ).
       Attività "AndroidError" ignorata. Condizione false. ( '%(Reference.Identity)' == 'Xamarin.Android.NUnitLite' ) ha restituito ( 'C:\Program Files\dotnet\packs\Microsoft.NETCore.App.Ref\8.0.20\ref/net8.0/System.Collections.Specialized.dll' == 'Xamarin.Android.NUnitLite' ).
       Attività "AndroidError" ignorata. Condizione false. ( '%(Reference.Identity)' == 'Xamarin.Android.NUnitLite' ) ha restituito ( 'C:\Program Files\dotnet\packs\Microsoft.NETCore.App.Ref\8.0.20\ref/net8.0/System.Collections.dll' == 'Xamarin.Android.NUnitLite' ).
       Attività "AndroidError" ignorata. Condizione false. ( '%(Reference.Identity)' == 'Xamarin.Android.NUnitLite' ) ha restituito ( 'C:\Program Files\dotnet\packs\Microsoft.NETCore.App.Ref\8.0.20\ref/net8.0/System.ComponentModel.Annotations.dll' == 'Xamarin.Android.NUnitLite' ).
       Attività "AndroidError" ignorata. Condizione false. ( '%(Reference.Identity)' == 'Xamarin.Android.NUnitLite' ) ha restituito ( 'C:\Program Files\dotnet\packs\Microsoft.NETCore.App.Ref\8.0.20\ref/net8.0/System.ComponentModel.DataAnnotations.dll' == 'Xamarin.Android.NUnitLite' ).
       Attività "AndroidError" ignorata. Condizione false. ( '%(Reference.Identity)' == 'Xamarin.Android.NUnitLite' ) ha restituito ( 'C:\Program Files\dotnet\packs\Microsoft.NETCore.App.Ref\8.0.20\ref/net8.0/System.ComponentModel.EventBasedAsync.dll' == 'Xamarin.Android.NUnitLite' ).
       Attività "AndroidError" ignorata. Condizione false. ( '%(Reference.Identity)' == 'Xamarin.Android.NUnitLite' ) ha restituito ( 'C:\Program Files\dotnet\packs\Microsoft.NETCore.App.Ref\8.0.20\ref/net8.0/System.ComponentModel.Primitives.dll' == 'Xamarin.Android.NUnitLite' ).
       Attività "AndroidError" ignorata. Condizione false. ( '%(Reference.Identity)' == 'Xamarin.Android.NUnitLite' ) ha restituito ( 'C:\Program Files\dotnet\packs\Microsoft.NETCore.App.Ref\8.0.20\ref/net8.0/System.ComponentModel.TypeConverter.dll' == 'Xamarin.Android.NUnitLite' ).
       Attività "AndroidError" ignorata. Condizione false. ( '%(Reference.Identity)' == 'Xamarin.Android.NUnitLite' ) ha restituito ( 'C:\Program Files\dotnet\packs\Microsoft.NETCore.App.Ref\8.0.20\ref/net8.0/System.ComponentModel.dll' == 'Xamarin.Android.NUnitLite' ).
       Attività "AndroidError" ignorata. Condizione false. ( '%(Reference.Identity)' == 'Xamarin.Android.NUnitLite' ) ha restituito ( 'C:\Program Files\dotnet\packs\Microsoft.NETCore.App.Ref\8.0.20\ref/net8.0/System.Configuration.dll' == 'Xamarin.Android.NUnitLite' ).
       Attività "AndroidError" ignorata. Condizione false. ( '%(Reference.Identity)' == 'Xamarin.Android.NUnitLite' ) ha restituito ( 'C:\Program Files\dotnet\packs\Microsoft.NETCore.App.Ref\8.0.20\ref/net8.0/System.Console.dll' == 'Xamarin.Android.NUnitLite' ).
       Attività "AndroidError" ignorata. Condizione false. ( '%(Reference.Identity)' == 'Xamarin.Android.NUnitLite' ) ha restituito ( 'C:\Program Files\dotnet\packs\Microsoft.NETCore.App.Ref\8.0.20\ref/net8.0/System.Core.dll' == 'Xamarin.Android.NUnitLite' ).
       Attività "AndroidError" ignorata. Condizione false. ( '%(Reference.Identity)' == 'Xamarin.Android.NUnitLite' ) ha restituito ( 'C:\Program Files\dotnet\packs\Microsoft.NETCore.App.Ref\8.0.20\ref/net8.0/System.Data.Common.dll' == 'Xamarin.Android.NUnitLite' ).
       Attività "AndroidError" ignorata. Condizione false. ( '%(Reference.Identity)' == 'Xamarin.Android.NUnitLite' ) ha restituito ( 'C:\Program Files\dotnet\packs\Microsoft.NETCore.App.Ref\8.0.20\ref/net8.0/System.Data.DataSetExtensions.dll' == 'Xamarin.Android.NUnitLite' ).
       Attività "AndroidError" ignorata. Condizione false. ( '%(Reference.Identity)' == 'Xamarin.Android.NUnitLite' ) ha restituito ( 'C:\Program Files\dotnet\packs\Microsoft.NETCore.App.Ref\8.0.20\ref/net8.0/System.Data.dll' == 'Xamarin.Android.NUnitLite' ).
       Attività "AndroidError" ignorata. Condizione false. ( '%(Reference.Identity)' == 'Xamarin.Android.NUnitLite' ) ha restituito ( 'C:\Program Files\dotnet\packs\Microsoft.NETCore.App.Ref\8.0.20\ref/net8.0/System.Diagnostics.Contracts.dll' == 'Xamarin.Android.NUnitLite' ).
       Attività "AndroidError" ignorata. Condizione false. ( '%(Reference.Identity)' == 'Xamarin.Android.NUnitLite' ) ha restituito ( 'C:\Program Files\dotnet\packs\Microsoft.NETCore.App.Ref\8.0.20\ref/net8.0/System.Diagnostics.Debug.dll' == 'Xamarin.Android.NUnitLite' ).
       Attività "AndroidError" ignorata. Condizione false. ( '%(Reference.Identity)' == 'Xamarin.Android.NUnitLite' ) ha restituito ( 'C:\Program Files\dotnet\packs\Microsoft.NETCore.App.Ref\8.0.20\ref/net8.0/System.Diagnostics.DiagnosticSource.dll' == 'Xamarin.Android.NUnitLite' ).
       Attività "AndroidError" ignorata. Condizione false. ( '%(Reference.Identity)' == 'Xamarin.Android.NUnitLite' ) ha restituito ( 'C:\Program Files\dotnet\packs\Microsoft.NETCore.App.Ref\8.0.20\ref/net8.0/System.Diagnostics.FileVersionInfo.dll' == 'Xamarin.Android.NUnitLite' ).
       Attività "AndroidError" ignorata. Condizione false. ( '%(Reference.Identity)' == 'Xamarin.Android.NUnitLite' ) ha restituito ( 'C:\Program Files\dotnet\packs\Microsoft.NETCore.App.Ref\8.0.20\ref/net8.0/System.Diagnostics.Process.dll' == 'Xamarin.Android.NUnitLite' ).
       Attività "AndroidError" ignorata. Condizione false. ( '%(Reference.Identity)' == 'Xamarin.Android.NUnitLite' ) ha restituito ( 'C:\Program Files\dotnet\packs\Microsoft.NETCore.App.Ref\8.0.20\ref/net8.0/System.Diagnostics.StackTrace.dll' == 'Xamarin.Android.NUnitLite' ).
       Attività "AndroidError" ignorata. Condizione false. ( '%(Reference.Identity)' == 'Xamarin.Android.NUnitLite' ) ha restituito ( 'C:\Program Files\dotnet\packs\Microsoft.NETCore.App.Ref\8.0.20\ref/net8.0/System.Diagnostics.TextWriterTraceListener.dll' == 'Xamarin.Android.NUnitLite' ).
       Attività "AndroidError" ignorata. Condizione false. ( '%(Reference.Identity)' == 'Xamarin.Android.NUnitLite' ) ha restituito ( 'C:\Program Files\dotnet\packs\Microsoft.NETCore.App.Ref\8.0.20\ref/net8.0/System.Diagnostics.Tools.dll' == 'Xamarin.Android.NUnitLite' ).
       Attività "AndroidError" ignorata. Condizione false. ( '%(Reference.Identity)' == 'Xamarin.Android.NUnitLite' ) ha restituito ( 'C:\Program Files\dotnet\packs\Microsoft.NETCore.App.Ref\8.0.20\ref/net8.0/System.Diagnostics.TraceSource.dll' == 'Xamarin.Android.NUnitLite' ).
       Attività "AndroidError" ignorata. Condizione false. ( '%(Reference.Identity)' == 'Xamarin.Android.NUnitLite' ) ha restituito ( 'C:\Program Files\dotnet\packs\Microsoft.NETCore.App.Ref\8.0.20\ref/net8.0/System.Diagnostics.Tracing.dll' == 'Xamarin.Android.NUnitLite' ).
       Attività "AndroidError" ignorata. Condizione false. ( '%(Reference.Identity)' == 'Xamarin.Android.NUnitLite' ) ha restituito ( 'C:\Program Files\dotnet\packs\Microsoft.NETCore.App.Ref\8.0.20\ref/net8.0/System.Drawing.Primitives.dll' == 'Xamarin.Android.NUnitLite' ).
       Attività "AndroidError" ignorata. Condizione false. ( '%(Reference.Identity)' == 'Xamarin.Android.NUnitLite' ) ha restituito ( 'C:\Program Files\dotnet\packs\Microsoft.NETCore.App.Ref\8.0.20\ref/net8.0/System.Drawing.dll' == 'Xamarin.Android.NUnitLite' ).
       Attività "AndroidError" ignorata. Condizione false. ( '%(Reference.Identity)' == 'Xamarin.Android.NUnitLite' ) ha restituito ( 'C:\Program Files\dotnet\packs\Microsoft.NETCore.App.Ref\8.0.20\ref/net8.0/System.Dynamic.Runtime.dll' == 'Xamarin.Android.NUnitLite' ).
       Attività "AndroidError" ignorata. Condizione false. ( '%(Reference.Identity)' == 'Xamarin.Android.NUnitLite' ) ha restituito ( 'C:\Program Files\dotnet\packs\Microsoft.NETCore.App.Ref\8.0.20\ref/net8.0/System.Formats.Asn1.dll' == 'Xamarin.Android.NUnitLite' ).
       Attività "AndroidError" ignorata. Condizione false. ( '%(Reference.Identity)' == 'Xamarin.Android.NUnitLite' ) ha restituito ( 'C:\Program Files\dotnet\packs\Microsoft.NETCore.App.Ref\8.0.20\ref/net8.0/System.Formats.Tar.dll' == 'Xamarin.Android.NUnitLite' ).
       Attività "AndroidError" ignorata. Condizione false. ( '%(Reference.Identity)' == 'Xamarin.Android.NUnitLite' ) ha restituito ( 'C:\Program Files\dotnet\packs\Microsoft.NETCore.App.Ref\8.0.20\ref/net8.0/System.Globalization.Calendars.dll' == 'Xamarin.Android.NUnitLite' ).
       Attività "AndroidError" ignorata. Condizione false. ( '%(Reference.Identity)' == 'Xamarin.Android.NUnitLite' ) ha restituito ( 'C:\Program Files\dotnet\packs\Microsoft.NETCore.App.Ref\8.0.20\ref/net8.0/System.Globalization.Extensions.dll' == 'Xamarin.Android.NUnitLite' ).
       Attività "AndroidError" ignorata. Condizione false. ( '%(Reference.Identity)' == 'Xamarin.Android.NUnitLite' ) ha restituito ( 'C:\Program Files\dotnet\packs\Microsoft.NETCore.App.Ref\8.0.20\ref/net8.0/System.Globalization.dll' == 'Xamarin.Android.NUnitLite' ).
       Attività "AndroidError" ignorata. Condizione false. ( '%(Reference.Identity)' == 'Xamarin.Android.NUnitLite' ) ha restituito ( 'C:\Program Files\dotnet\packs\Microsoft.NETCore.App.Ref\8.0.20\ref/net8.0/System.IO.Compression.Brotli.dll' == 'Xamarin.Android.NUnitLite' ).
       Attività "AndroidError" ignorata. Condizione false. ( '%(Reference.Identity)' == 'Xamarin.Android.NUnitLite' ) ha restituito ( 'C:\Program Files\dotnet\packs\Microsoft.NETCore.App.Ref\8.0.20\ref/net8.0/System.IO.Compression.FileSystem.dll' == 'Xamarin.Android.NUnitLite' ).
       Attività "AndroidError" ignorata. Condizione false. ( '%(Reference.Identity)' == 'Xamarin.Android.NUnitLite' ) ha restituito ( 'C:\Program Files\dotnet\packs\Microsoft.NETCore.App.Ref\8.0.20\ref/net8.0/System.IO.Compression.ZipFile.dll' == 'Xamarin.Android.NUnitLite' ).
       Attività "AndroidError" ignorata. Condizione false. ( '%(Reference.Identity)' == 'Xamarin.Android.NUnitLite' ) ha restituito ( 'C:\Program Files\dotnet\packs\Microsoft.NETCore.App.Ref\8.0.20\ref/net8.0/System.IO.Compression.dll' == 'Xamarin.Android.NUnitLite' ).
       Attività "AndroidError" ignorata. Condizione false. ( '%(Reference.Identity)' == 'Xamarin.Android.NUnitLite' ) ha restituito ( 'C:\Program Files\dotnet\packs\Microsoft.NETCore.App.Ref\8.0.20\ref/net8.0/System.IO.FileSystem.AccessControl.dll' == 'Xamarin.Android.NUnitLite' ).
       Attività "AndroidError" ignorata. Condizione false. ( '%(Reference.Identity)' == 'Xamarin.Android.NUnitLite' ) ha restituito ( 'C:\Program Files\dotnet\packs\Microsoft.NETCore.App.Ref\8.0.20\ref/net8.0/System.IO.FileSystem.DriveInfo.dll' == 'Xamarin.Android.NUnitLite' ).
       Attività "AndroidError" ignorata. Condizione false. ( '%(Reference.Identity)' == 'Xamarin.Android.NUnitLite' ) ha restituito ( 'C:\Program Files\dotnet\packs\Microsoft.NETCore.App.Ref\8.0.20\ref/net8.0/System.IO.FileSystem.Primitives.dll' == 'Xamarin.Android.NUnitLite' ).
       Attività "AndroidError" ignorata. Condizione false. ( '%(Reference.Identity)' == 'Xamarin.Android.NUnitLite' ) ha restituito ( 'C:\Program Files\dotnet\packs\Microsoft.NETCore.App.Ref\8.0.20\ref/net8.0/System.IO.FileSystem.Watcher.dll' == 'Xamarin.Android.NUnitLite' ).
       Attività "AndroidError" ignorata. Condizione false. ( '%(Reference.Identity)' == 'Xamarin.Android.NUnitLite' ) ha restituito ( 'C:\Program Files\dotnet\packs\Microsoft.NETCore.App.Ref\8.0.20\ref/net8.0/System.IO.FileSystem.dll' == 'Xamarin.Android.NUnitLite' ).
       Attività "AndroidError" ignorata. Condizione false. ( '%(Reference.Identity)' == 'Xamarin.Android.NUnitLite' ) ha restituito ( 'C:\Program Files\dotnet\packs\Microsoft.NETCore.App.Ref\8.0.20\ref/net8.0/System.IO.IsolatedStorage.dll' == 'Xamarin.Android.NUnitLite' ).
       Attività "AndroidError" ignorata. Condizione false. ( '%(Reference.Identity)' == 'Xamarin.Android.NUnitLite' ) ha restituito ( 'C:\Program Files\dotnet\packs\Microsoft.NETCore.App.Ref\8.0.20\ref/net8.0/System.IO.MemoryMappedFiles.dll' == 'Xamarin.Android.NUnitLite' ).
       Attività "AndroidError" ignorata. Condizione false. ( '%(Reference.Identity)' == 'Xamarin.Android.NUnitLite' ) ha restituito ( 'C:\Program Files\dotnet\packs\Microsoft.NETCore.App.Ref\8.0.20\ref/net8.0/System.IO.Pipes.AccessControl.dll' == 'Xamarin.Android.NUnitLite' ).
       Attività "AndroidError" ignorata. Condizione false. ( '%(Reference.Identity)' == 'Xamarin.Android.NUnitLite' ) ha restituito ( 'C:\Program Files\dotnet\packs\Microsoft.NETCore.App.Ref\8.0.20\ref/net8.0/System.IO.Pipes.dll' == 'Xamarin.Android.NUnitLite' ).
       Attività "AndroidError" ignorata. Condizione false. ( '%(Reference.Identity)' == 'Xamarin.Android.NUnitLite' ) ha restituito ( 'C:\Program Files\dotnet\packs\Microsoft.NETCore.App.Ref\8.0.20\ref/net8.0/System.IO.UnmanagedMemoryStream.dll' == 'Xamarin.Android.NUnitLite' ).
       Attività "AndroidError" ignorata. Condizione false. ( '%(Reference.Identity)' == 'Xamarin.Android.NUnitLite' ) ha restituito ( 'C:\Program Files\dotnet\packs\Microsoft.NETCore.App.Ref\8.0.20\ref/net8.0/System.IO.dll' == 'Xamarin.Android.NUnitLite' ).
       Attività "AndroidError" ignorata. Condizione false. ( '%(Reference.Identity)' == 'Xamarin.Android.NUnitLite' ) ha restituito ( 'C:\Program Files\dotnet\packs\Microsoft.NETCore.App.Ref\8.0.20\ref/net8.0/System.Linq.Expressions.dll' == 'Xamarin.Android.NUnitLite' ).
       Attività "AndroidError" ignorata. Condizione false. ( '%(Reference.Identity)' == 'Xamarin.Android.NUnitLite' ) ha restituito ( 'C:\Program Files\dotnet\packs\Microsoft.NETCore.App.Ref\8.0.20\ref/net8.0/System.Linq.Parallel.dll' == 'Xamarin.Android.NUnitLite' ).
       Attività "AndroidError" ignorata. Condizione false. ( '%(Reference.Identity)' == 'Xamarin.Android.NUnitLite' ) ha restituito ( 'C:\Program Files\dotnet\packs\Microsoft.NETCore.App.Ref\8.0.20\ref/net8.0/System.Linq.Queryable.dll' == 'Xamarin.Android.NUnitLite' ).
       Attività "AndroidError" ignorata. Condizione false. ( '%(Reference.Identity)' == 'Xamarin.Android.NUnitLite' ) ha restituito ( 'C:\Program Files\dotnet\packs\Microsoft.NETCore.App.Ref\8.0.20\ref/net8.0/System.Linq.dll' == 'Xamarin.Android.NUnitLite' ).
       Attività "AndroidError" ignorata. Condizione false. ( '%(Reference.Identity)' == 'Xamarin.Android.NUnitLite' ) ha restituito ( 'C:\Program Files\dotnet\packs\Microsoft.NETCore.App.Ref\8.0.20\ref/net8.0/System.Memory.dll' == 'Xamarin.Android.NUnitLite' ).
       Attività "AndroidError" ignorata. Condizione false. ( '%(Reference.Identity)' == 'Xamarin.Android.NUnitLite' ) ha restituito ( 'C:\Program Files\dotnet\packs\Microsoft.NETCore.App.Ref\8.0.20\ref/net8.0/System.Net.Http.Json.dll' == 'Xamarin.Android.NUnitLite' ).
       Attività "AndroidError" ignorata. Condizione false. ( '%(Reference.Identity)' == 'Xamarin.Android.NUnitLite' ) ha restituito ( 'C:\Program Files\dotnet\packs\Microsoft.NETCore.App.Ref\8.0.20\ref/net8.0/System.Net.Http.dll' == 'Xamarin.Android.NUnitLite' ).
       Attività "AndroidError" ignorata. Condizione false. ( '%(Reference.Identity)' == 'Xamarin.Android.NUnitLite' ) ha restituito ( 'C:\Program Files\dotnet\packs\Microsoft.NETCore.App.Ref\8.0.20\ref/net8.0/System.Net.HttpListener.dll' == 'Xamarin.Android.NUnitLite' ).
       Attività "AndroidError" ignorata. Condizione false. ( '%(Reference.Identity)' == 'Xamarin.Android.NUnitLite' ) ha restituito ( 'C:\Program Files\dotnet\packs\Microsoft.NETCore.App.Ref\8.0.20\ref/net8.0/System.Net.Mail.dll' == 'Xamarin.Android.NUnitLite' ).
       Attività "AndroidError" ignorata. Condizione false. ( '%(Reference.Identity)' == 'Xamarin.Android.NUnitLite' ) ha restituito ( 'C:\Program Files\dotnet\packs\Microsoft.NETCore.App.Ref\8.0.20\ref/net8.0/System.Net.NameResolution.dll' == 'Xamarin.Android.NUnitLite' ).
       Attività "AndroidError" ignorata. Condizione false. ( '%(Reference.Identity)' == 'Xamarin.Android.NUnitLite' ) ha restituito ( 'C:\Program Files\dotnet\packs\Microsoft.NETCore.App.Ref\8.0.20\ref/net8.0/System.Net.NetworkInformation.dll' == 'Xamarin.Android.NUnitLite' ).
       Attività "AndroidError" ignorata. Condizione false. ( '%(Reference.Identity)' == 'Xamarin.Android.NUnitLite' ) ha restituito ( 'C:\Program Files\dotnet\packs\Microsoft.NETCore.App.Ref\8.0.20\ref/net8.0/System.Net.Ping.dll' == 'Xamarin.Android.NUnitLite' ).
       Attività "AndroidError" ignorata. Condizione false. ( '%(Reference.Identity)' == 'Xamarin.Android.NUnitLite' ) ha restituito ( 'C:\Program Files\dotnet\packs\Microsoft.NETCore.App.Ref\8.0.20\ref/net8.0/System.Net.Primitives.dll' == 'Xamarin.Android.NUnitLite' ).
       Attività "AndroidError" ignorata. Condizione false. ( '%(Reference.Identity)' == 'Xamarin.Android.NUnitLite' ) ha restituito ( 'C:\Program Files\dotnet\packs\Microsoft.NETCore.App.Ref\8.0.20\ref/net8.0/System.Net.Quic.dll' == 'Xamarin.Android.NUnitLite' ).
       Attività "AndroidError" ignorata. Condizione false. ( '%(Reference.Identity)' == 'Xamarin.Android.NUnitLite' ) ha restituito ( 'C:\Program Files\dotnet\packs\Microsoft.NETCore.App.Ref\8.0.20\ref/net8.0/System.Net.Requests.dll' == 'Xamarin.Android.NUnitLite' ).
       Attività "AndroidError" ignorata. Condizione false. ( '%(Reference.Identity)' == 'Xamarin.Android.NUnitLite' ) ha restituito ( 'C:\Program Files\dotnet\packs\Microsoft.NETCore.App.Ref\8.0.20\ref/net8.0/System.Net.Security.dll' == 'Xamarin.Android.NUnitLite' ).
       Attività "AndroidError" ignorata. Condizione false. ( '%(Reference.Identity)' == 'Xamarin.Android.NUnitLite' ) ha restituito ( 'C:\Program Files\dotnet\packs\Microsoft.NETCore.App.Ref\8.0.20\ref/net8.0/System.Net.ServicePoint.dll' == 'Xamarin.Android.NUnitLite' ).
       Attività "AndroidError" ignorata. Condizione false. ( '%(Reference.Identity)' == 'Xamarin.Android.NUnitLite' ) ha restituito ( 'C:\Program Files\dotnet\packs\Microsoft.NETCore.App.Ref\8.0.20\ref/net8.0/System.Net.Sockets.dll' == 'Xamarin.Android.NUnitLite' ).
       Attività "AndroidError" ignorata. Condizione false. ( '%(Reference.Identity)' == 'Xamarin.Android.NUnitLite' ) ha restituito ( 'C:\Program Files\dotnet\packs\Microsoft.NETCore.App.Ref\8.0.20\ref/net8.0/System.Net.WebClient.dll' == 'Xamarin.Android.NUnitLite' ).
       Attività "AndroidError" ignorata. Condizione false. ( '%(Reference.Identity)' == 'Xamarin.Android.NUnitLite' ) ha restituito ( 'C:\Program Files\dotnet\packs\Microsoft.NETCore.App.Ref\8.0.20\ref/net8.0/System.Net.WebHeaderCollection.dll' == 'Xamarin.Android.NUnitLite' ).
       Attività "AndroidError" ignorata. Condizione false. ( '%(Reference.Identity)' == 'Xamarin.Android.NUnitLite' ) ha restituito ( 'C:\Program Files\dotnet\packs\Microsoft.NETCore.App.Ref\8.0.20\ref/net8.0/System.Net.WebProxy.dll' == 'Xamarin.Android.NUnitLite' ).
       Attività "AndroidError" ignorata. Condizione false. ( '%(Reference.Identity)' == 'Xamarin.Android.NUnitLite' ) ha restituito ( 'C:\Program Files\dotnet\packs\Microsoft.NETCore.App.Ref\8.0.20\ref/net8.0/System.Net.WebSockets.Client.dll' == 'Xamarin.Android.NUnitLite' ).
       Attività "AndroidError" ignorata. Condizione false. ( '%(Reference.Identity)' == 'Xamarin.Android.NUnitLite' ) ha restituito ( 'C:\Program Files\dotnet\packs\Microsoft.NETCore.App.Ref\8.0.20\ref/net8.0/System.Net.WebSockets.dll' == 'Xamarin.Android.NUnitLite' ).
       Attività "AndroidError" ignorata. Condizione false. ( '%(Reference.Identity)' == 'Xamarin.Android.NUnitLite' ) ha restituito ( 'C:\Program Files\dotnet\packs\Microsoft.NETCore.App.Ref\8.0.20\ref/net8.0/System.Net.dll' == 'Xamarin.Android.NUnitLite' ).
       Attività "AndroidError" ignorata. Condizione false. ( '%(Reference.Identity)' == 'Xamarin.Android.NUnitLite' ) ha restituito ( 'C:\Program Files\dotnet\packs\Microsoft.NETCore.App.Ref\8.0.20\ref/net8.0/System.Numerics.Vectors.dll' == 'Xamarin.Android.NUnitLite' ).
       Attività "AndroidError" ignorata. Condizione false. ( '%(Reference.Identity)' == 'Xamarin.Android.NUnitLite' ) ha restituito ( 'C:\Program Files\dotnet\packs\Microsoft.NETCore.App.Ref\8.0.20\ref/net8.0/System.Numerics.dll' == 'Xamarin.Android.NUnitLite' ).
       Attività "AndroidError" ignorata. Condizione false. ( '%(Reference.Identity)' == 'Xamarin.Android.NUnitLite' ) ha restituito ( 'C:\Program Files\dotnet\packs\Microsoft.NETCore.App.Ref\8.0.20\ref/net8.0/System.ObjectModel.dll' == 'Xamarin.Android.NUnitLite' ).
       Attività "AndroidError" ignorata. Condizione false. ( '%(Reference.Identity)' == 'Xamarin.Android.NUnitLite' ) ha restituito ( 'C:\Program Files\dotnet\packs\Microsoft.NETCore.App.Ref\8.0.20\ref/net8.0/System.Reflection.DispatchProxy.dll' == 'Xamarin.Android.NUnitLite' ).
       Attività "AndroidError" ignorata. Condizione false. ( '%(Reference.Identity)' == 'Xamarin.Android.NUnitLite' ) ha restituito ( 'C:\Program Files\dotnet\packs\Microsoft.NETCore.App.Ref\8.0.20\ref/net8.0/System.Reflection.Emit.ILGeneration.dll' == 'Xamarin.Android.NUnitLite' ).
       Attività "AndroidError" ignorata. Condizione false. ( '%(Reference.Identity)' == 'Xamarin.Android.NUnitLite' ) ha restituito ( 'C:\Program Files\dotnet\packs\Microsoft.NETCore.App.Ref\8.0.20\ref/net8.0/System.Reflection.Emit.Lightweight.dll' == 'Xamarin.Android.NUnitLite' ).
       Attività "AndroidError" ignorata. Condizione false. ( '%(Reference.Identity)' == 'Xamarin.Android.NUnitLite' ) ha restituito ( 'C:\Program Files\dotnet\packs\Microsoft.NETCore.App.Ref\8.0.20\ref/net8.0/System.Reflection.Emit.dll' == 'Xamarin.Android.NUnitLite' ).
       Attività "AndroidError" ignorata. Condizione false. ( '%(Reference.Identity)' == 'Xamarin.Android.NUnitLite' ) ha restituito ( 'C:\Program Files\dotnet\packs\Microsoft.NETCore.App.Ref\8.0.20\ref/net8.0/System.Reflection.Extensions.dll' == 'Xamarin.Android.NUnitLite' ).
       Attività "AndroidError" ignorata. Condizione false. ( '%(Reference.Identity)' == 'Xamarin.Android.NUnitLite' ) ha restituito ( 'C:\Program Files\dotnet\packs\Microsoft.NETCore.App.Ref\8.0.20\ref/net8.0/System.Reflection.Metadata.dll' == 'Xamarin.Android.NUnitLite' ).
       Attività "AndroidError" ignorata. Condizione false. ( '%(Reference.Identity)' == 'Xamarin.Android.NUnitLite' ) ha restituito ( 'C:\Program Files\dotnet\packs\Microsoft.NETCore.App.Ref\8.0.20\ref/net8.0/System.Reflection.Primitives.dll' == 'Xamarin.Android.NUnitLite' ).
       Attività "AndroidError" ignorata. Condizione false. ( '%(Reference.Identity)' == 'Xamarin.Android.NUnitLite' ) ha restituito ( 'C:\Program Files\dotnet\packs\Microsoft.NETCore.App.Ref\8.0.20\ref/net8.0/System.Reflection.TypeExtensions.dll' == 'Xamarin.Android.NUnitLite' ).
       Attività "AndroidError" ignorata. Condizione false. ( '%(Reference.Identity)' == 'Xamarin.Android.NUnitLite' ) ha restituito ( 'C:\Program Files\dotnet\packs\Microsoft.NETCore.App.Ref\8.0.20\ref/net8.0/System.Reflection.dll' == 'Xamarin.Android.NUnitLite' ).
       Attività "AndroidError" ignorata. Condizione false. ( '%(Reference.Identity)' == 'Xamarin.Android.NUnitLite' ) ha restituito ( 'C:\Program Files\dotnet\packs\Microsoft.NETCore.App.Ref\8.0.20\ref/net8.0/System.Resources.Reader.dll' == 'Xamarin.Android.NUnitLite' ).
       Attività "AndroidError" ignorata. Condizione false. ( '%(Reference.Identity)' == 'Xamarin.Android.NUnitLite' ) ha restituito ( 'C:\Program Files\dotnet\packs\Microsoft.NETCore.App.Ref\8.0.20\ref/net8.0/System.Resources.ResourceManager.dll' == 'Xamarin.Android.NUnitLite' ).
       Attività "AndroidError" ignorata. Condizione false. ( '%(Reference.Identity)' == 'Xamarin.Android.NUnitLite' ) ha restituito ( 'C:\Program Files\dotnet\packs\Microsoft.NETCore.App.Ref\8.0.20\ref/net8.0/System.Resources.Writer.dll' == 'Xamarin.Android.NUnitLite' ).
       Attività "AndroidError" ignorata. Condizione false. ( '%(Reference.Identity)' == 'Xamarin.Android.NUnitLite' ) ha restituito ( 'C:\Program Files\dotnet\packs\Microsoft.NETCore.App.Ref\8.0.20\ref/net8.0/System.Runtime.CompilerServices.Unsafe.dll' == 'Xamarin.Android.NUnitLite' ).
       Attività "AndroidError" ignorata. Condizione false. ( '%(Reference.Identity)' == 'Xamarin.Android.NUnitLite' ) ha restituito ( 'C:\Program Files\dotnet\packs\Microsoft.NETCore.App.Ref\8.0.20\ref/net8.0/System.Runtime.CompilerServices.VisualC.dll' == 'Xamarin.Android.NUnitLite' ).
       Attività "AndroidError" ignorata. Condizione false. ( '%(Reference.Identity)' == 'Xamarin.Android.NUnitLite' ) ha restituito ( 'C:\Program Files\dotnet\packs\Microsoft.NETCore.App.Ref\8.0.20\ref/net8.0/System.Runtime.Extensions.dll' == 'Xamarin.Android.NUnitLite' ).
       Attività "AndroidError" ignorata. Condizione false. ( '%(Reference.Identity)' == 'Xamarin.Android.NUnitLite' ) ha restituito ( 'C:\Program Files\dotnet\packs\Microsoft.NETCore.App.Ref\8.0.20\ref/net8.0/System.Runtime.Handles.dll' == 'Xamarin.Android.NUnitLite' ).
       Attività "AndroidError" ignorata. Condizione false. ( '%(Reference.Identity)' == 'Xamarin.Android.NUnitLite' ) ha restituito ( 'C:\Program Files\dotnet\packs\Microsoft.NETCore.App.Ref\8.0.20\ref/net8.0/System.Runtime.InteropServices.JavaScript.dll' == 'Xamarin.Android.NUnitLite' ).
       Attività "AndroidError" ignorata. Condizione false. ( '%(Reference.Identity)' == 'Xamarin.Android.NUnitLite' ) ha restituito ( 'C:\Program Files\dotnet\packs\Microsoft.NETCore.App.Ref\8.0.20\ref/net8.0/System.Runtime.InteropServices.RuntimeInformation.dll' == 'Xamarin.Android.NUnitLite' ).
       Attività "AndroidError" ignorata. Condizione false. ( '%(Reference.Identity)' == 'Xamarin.Android.NUnitLite' ) ha restituito ( 'C:\Program Files\dotnet\packs\Microsoft.NETCore.App.Ref\8.0.20\ref/net8.0/System.Runtime.InteropServices.dll' == 'Xamarin.Android.NUnitLite' ).
       Attività "AndroidError" ignorata. Condizione false. ( '%(Reference.Identity)' == 'Xamarin.Android.NUnitLite' ) ha restituito ( 'C:\Program Files\dotnet\packs\Microsoft.NETCore.App.Ref\8.0.20\ref/net8.0/System.Runtime.Intrinsics.dll' == 'Xamarin.Android.NUnitLite' ).
       Attività "AndroidError" ignorata. Condizione false. ( '%(Reference.Identity)' == 'Xamarin.Android.NUnitLite' ) ha restituito ( 'C:\Program Files\dotnet\packs\Microsoft.NETCore.App.Ref\8.0.20\ref/net8.0/System.Runtime.Loader.dll' == 'Xamarin.Android.NUnitLite' ).
       Attività "AndroidError" ignorata. Condizione false. ( '%(Reference.Identity)' == 'Xamarin.Android.NUnitLite' ) ha restituito ( 'C:\Program Files\dotnet\packs\Microsoft.NETCore.App.Ref\8.0.20\ref/net8.0/System.Runtime.Numerics.dll' == 'Xamarin.Android.NUnitLite' ).
       Attività "AndroidError" ignorata. Condizione false. ( '%(Reference.Identity)' == 'Xamarin.Android.NUnitLite' ) ha restituito ( 'C:\Program Files\dotnet\packs\Microsoft.NETCore.App.Ref\8.0.20\ref/net8.0/System.Runtime.Serialization.Formatters.dll' == 'Xamarin.Android.NUnitLite' ).
       Attività "AndroidError" ignorata. Condizione false. ( '%(Reference.Identity)' == 'Xamarin.Android.NUnitLite' ) ha restituito ( 'C:\Program Files\dotnet\packs\Microsoft.NETCore.App.Ref\8.0.20\ref/net8.0/System.Runtime.Serialization.Json.dll' == 'Xamarin.Android.NUnitLite' ).
       Attività "AndroidError" ignorata. Condizione false. ( '%(Reference.Identity)' == 'Xamarin.Android.NUnitLite' ) ha restituito ( 'C:\Program Files\dotnet\packs\Microsoft.NETCore.App.Ref\8.0.20\ref/net8.0/System.Runtime.Serialization.Primitives.dll' == 'Xamarin.Android.NUnitLite' ).
       Attività "AndroidError" ignorata. Condizione false. ( '%(Reference.Identity)' == 'Xamarin.Android.NUnitLite' ) ha restituito ( 'C:\Program Files\dotnet\packs\Microsoft.NETCore.App.Ref\8.0.20\ref/net8.0/System.Runtime.Serialization.Xml.dll' == 'Xamarin.Android.NUnitLite' ).
       Attività "AndroidError" ignorata. Condizione false. ( '%(Reference.Identity)' == 'Xamarin.Android.NUnitLite' ) ha restituito ( 'C:\Program Files\dotnet\packs\Microsoft.NETCore.App.Ref\8.0.20\ref/net8.0/System.Runtime.Serialization.dll' == 'Xamarin.Android.NUnitLite' ).
       Attività "AndroidError" ignorata. Condizione false. ( '%(Reference.Identity)' == 'Xamarin.Android.NUnitLite' ) ha restituito ( 'C:\Program Files\dotnet\packs\Microsoft.NETCore.App.Ref\8.0.20\ref/net8.0/System.Runtime.dll' == 'Xamarin.Android.NUnitLite' ).
       Attività "AndroidError" ignorata. Condizione false. ( '%(Reference.Identity)' == 'Xamarin.Android.NUnitLite' ) ha restituito ( 'C:\Program Files\dotnet\packs\Microsoft.NETCore.App.Ref\8.0.20\ref/net8.0/System.Security.AccessControl.dll' == 'Xamarin.Android.NUnitLite' ).
       Attività "AndroidError" ignorata. Condizione false. ( '%(Reference.Identity)' == 'Xamarin.Android.NUnitLite' ) ha restituito ( 'C:\Program Files\dotnet\packs\Microsoft.NETCore.App.Ref\8.0.20\ref/net8.0/System.Security.Claims.dll' == 'Xamarin.Android.NUnitLite' ).
       Attività "AndroidError" ignorata. Condizione false. ( '%(Reference.Identity)' == 'Xamarin.Android.NUnitLite' ) ha restituito ( 'C:\Program Files\dotnet\packs\Microsoft.NETCore.App.Ref\8.0.20\ref/net8.0/System.Security.Cryptography.Algorithms.dll' == 'Xamarin.Android.NUnitLite' ).
       Attività "AndroidError" ignorata. Condizione false. ( '%(Reference.Identity)' == 'Xamarin.Android.NUnitLite' ) ha restituito ( 'C:\Program Files\dotnet\packs\Microsoft.NETCore.App.Ref\8.0.20\ref/net8.0/System.Security.Cryptography.Cng.dll' == 'Xamarin.Android.NUnitLite' ).
       Attività "AndroidError" ignorata. Condizione false. ( '%(Reference.Identity)' == 'Xamarin.Android.NUnitLite' ) ha restituito ( 'C:\Program Files\dotnet\packs\Microsoft.NETCore.App.Ref\8.0.20\ref/net8.0/System.Security.Cryptography.Csp.dll' == 'Xamarin.Android.NUnitLite' ).
       Attività "AndroidError" ignorata. Condizione false. ( '%(Reference.Identity)' == 'Xamarin.Android.NUnitLite' ) ha restituito ( 'C:\Program Files\dotnet\packs\Microsoft.NETCore.App.Ref\8.0.20\ref/net8.0/System.Security.Cryptography.Encoding.dll' == 'Xamarin.Android.NUnitLite' ).
       Attività "AndroidError" ignorata. Condizione false. ( '%(Reference.Identity)' == 'Xamarin.Android.NUnitLite' ) ha restituito ( 'C:\Program Files\dotnet\packs\Microsoft.NETCore.App.Ref\8.0.20\ref/net8.0/System.Security.Cryptography.OpenSsl.dll' == 'Xamarin.Android.NUnitLite' ).
       Attività "AndroidError" ignorata. Condizione false. ( '%(Reference.Identity)' == 'Xamarin.Android.NUnitLite' ) ha restituito ( 'C:\Program Files\dotnet\packs\Microsoft.NETCore.App.Ref\8.0.20\ref/net8.0/System.Security.Cryptography.Primitives.dll' == 'Xamarin.Android.NUnitLite' ).
       Attività "AndroidError" ignorata. Condizione false. ( '%(Reference.Identity)' == 'Xamarin.Android.NUnitLite' ) ha restituito ( 'C:\Program Files\dotnet\packs\Microsoft.NETCore.App.Ref\8.0.20\ref/net8.0/System.Security.Cryptography.X509Certificates.dll' == 'Xamarin.Android.NUnitLite' ).
       Attività "AndroidError" ignorata. Condizione false. ( '%(Reference.Identity)' == 'Xamarin.Android.NUnitLite' ) ha restituito ( 'C:\Program Files\dotnet\packs\Microsoft.NETCore.App.Ref\8.0.20\ref/net8.0/System.Security.Cryptography.dll' == 'Xamarin.Android.NUnitLite' ).
       Attività "AndroidError" ignorata. Condizione false. ( '%(Reference.Identity)' == 'Xamarin.Android.NUnitLite' ) ha restituito ( 'C:\Program Files\dotnet\packs\Microsoft.NETCore.App.Ref\8.0.20\ref/net8.0/System.Security.Principal.Windows.dll' == 'Xamarin.Android.NUnitLite' ).
       Attività "AndroidError" ignorata. Condizione false. ( '%(Reference.Identity)' == 'Xamarin.Android.NUnitLite' ) ha restituito ( 'C:\Program Files\dotnet\packs\Microsoft.NETCore.App.Ref\8.0.20\ref/net8.0/System.Security.Principal.dll' == 'Xamarin.Android.NUnitLite' ).
       Attività "AndroidError" ignorata. Condizione false. ( '%(Reference.Identity)' == 'Xamarin.Android.NUnitLite' ) ha restituito ( 'C:\Program Files\dotnet\packs\Microsoft.NETCore.App.Ref\8.0.20\ref/net8.0/System.Security.SecureString.dll' == 'Xamarin.Android.NUnitLite' ).
       Attività "AndroidError" ignorata. Condizione false. ( '%(Reference.Identity)' == 'Xamarin.Android.NUnitLite' ) ha restituito ( 'C:\Program Files\dotnet\packs\Microsoft.NETCore.App.Ref\8.0.20\ref/net8.0/System.Security.dll' == 'Xamarin.Android.NUnitLite' ).
       Attività "AndroidError" ignorata. Condizione false. ( '%(Reference.Identity)' == 'Xamarin.Android.NUnitLite' ) ha restituito ( 'C:\Program Files\dotnet\packs\Microsoft.NETCore.App.Ref\8.0.20\ref/net8.0/System.ServiceModel.Web.dll' == 'Xamarin.Android.NUnitLite' ).
       Attività "AndroidError" ignorata. Condizione false. ( '%(Reference.Identity)' == 'Xamarin.Android.NUnitLite' ) ha restituito ( 'C:\Program Files\dotnet\packs\Microsoft.NETCore.App.Ref\8.0.20\ref/net8.0/System.ServiceProcess.dll' == 'Xamarin.Android.NUnitLite' ).
       Attività "AndroidError" ignorata. Condizione false. ( '%(Reference.Identity)' == 'Xamarin.Android.NUnitLite' ) ha restituito ( 'C:\Program Files\dotnet\packs\Microsoft.NETCore.App.Ref\8.0.20\ref/net8.0/System.Text.Encoding.CodePages.dll' == 'Xamarin.Android.NUnitLite' ).
       Attività "AndroidError" ignorata. Condizione false. ( '%(Reference.Identity)' == 'Xamarin.Android.NUnitLite' ) ha restituito ( 'C:\Program Files\dotnet\packs\Microsoft.NETCore.App.Ref\8.0.20\ref/net8.0/System.Text.Encoding.Extensions.dll' == 'Xamarin.Android.NUnitLite' ).
       Attività "AndroidError" ignorata. Condizione false. ( '%(Reference.Identity)' == 'Xamarin.Android.NUnitLite' ) ha restituito ( 'C:\Program Files\dotnet\packs\Microsoft.NETCore.App.Ref\8.0.20\ref/net8.0/System.Text.Encoding.dll' == 'Xamarin.Android.NUnitLite' ).
       Attività "AndroidError" ignorata. Condizione false. ( '%(Reference.Identity)' == 'Xamarin.Android.NUnitLite' ) ha restituito ( 'C:\Program Files\dotnet\packs\Microsoft.NETCore.App.Ref\8.0.20\ref/net8.0/System.Text.Encodings.Web.dll' == 'Xamarin.Android.NUnitLite' ).
       Attività "AndroidError" ignorata. Condizione false. ( '%(Reference.Identity)' == 'Xamarin.Android.NUnitLite' ) ha restituito ( 'C:\Program Files\dotnet\packs\Microsoft.NETCore.App.Ref\8.0.20\ref/net8.0/System.Text.Json.dll' == 'Xamarin.Android.NUnitLite' ).
       Attività "AndroidError" ignorata. Condizione false. ( '%(Reference.Identity)' == 'Xamarin.Android.NUnitLite' ) ha restituito ( 'C:\Program Files\dotnet\packs\Microsoft.NETCore.App.Ref\8.0.20\ref/net8.0/System.Text.RegularExpressions.dll' == 'Xamarin.Android.NUnitLite' ).
       Attività "AndroidError" ignorata. Condizione false. ( '%(Reference.Identity)' == 'Xamarin.Android.NUnitLite' ) ha restituito ( 'C:\Program Files\dotnet\packs\Microsoft.NETCore.App.Ref\8.0.20\ref/net8.0/System.Threading.Channels.dll' == 'Xamarin.Android.NUnitLite' ).
       Attività "AndroidError" ignorata. Condizione false. ( '%(Reference.Identity)' == 'Xamarin.Android.NUnitLite' ) ha restituito ( 'C:\Program Files\dotnet\packs\Microsoft.NETCore.App.Ref\8.0.20\ref/net8.0/System.Threading.Overlapped.dll' == 'Xamarin.Android.NUnitLite' ).
       Attività "AndroidError" ignorata. Condizione false. ( '%(Reference.Identity)' == 'Xamarin.Android.NUnitLite' ) ha restituito ( 'C:\Program Files\dotnet\packs\Microsoft.NETCore.App.Ref\8.0.20\ref/net8.0/System.Threading.Tasks.Dataflow.dll' == 'Xamarin.Android.NUnitLite' ).
       Attività "AndroidError" ignorata. Condizione false. ( '%(Reference.Identity)' == 'Xamarin.Android.NUnitLite' ) ha restituito ( 'C:\Program Files\dotnet\packs\Microsoft.NETCore.App.Ref\8.0.20\ref/net8.0/System.Threading.Tasks.Extensions.dll' == 'Xamarin.Android.NUnitLite' ).
       Attività "AndroidError" ignorata. Condizione false. ( '%(Reference.Identity)' == 'Xamarin.Android.NUnitLite' ) ha restituito ( 'C:\Program Files\dotnet\packs\Microsoft.NETCore.App.Ref\8.0.20\ref/net8.0/System.Threading.Tasks.Parallel.dll' == 'Xamarin.Android.NUnitLite' ).
       Attività "AndroidError" ignorata. Condizione false. ( '%(Reference.Identity)' == 'Xamarin.Android.NUnitLite' ) ha restituito ( 'C:\Program Files\dotnet\packs\Microsoft.NETCore.App.Ref\8.0.20\ref/net8.0/System.Threading.Tasks.dll' == 'Xamarin.Android.NUnitLite' ).
       Attività "AndroidError" ignorata. Condizione false. ( '%(Reference.Identity)' == 'Xamarin.Android.NUnitLite' ) ha restituito ( 'C:\Program Files\dotnet\packs\Microsoft.NETCore.App.Ref\8.0.20\ref/net8.0/System.Threading.Thread.dll' == 'Xamarin.Android.NUnitLite' ).
       Attività "AndroidError" ignorata. Condizione false. ( '%(Reference.Identity)' == 'Xamarin.Android.NUnitLite' ) ha restituito ( 'C:\Program Files\dotnet\packs\Microsoft.NETCore.App.Ref\8.0.20\ref/net8.0/System.Threading.ThreadPool.dll' == 'Xamarin.Android.NUnitLite' ).
       Attività "AndroidError" ignorata. Condizione false. ( '%(Reference.Identity)' == 'Xamarin.Android.NUnitLite' ) ha restituito ( 'C:\Program Files\dotnet\packs\Microsoft.NETCore.App.Ref\8.0.20\ref/net8.0/System.Threading.Timer.dll' == 'Xamarin.Android.NUnitLite' ).
       Attività "AndroidError" ignorata. Condizione false. ( '%(Reference.Identity)' == 'Xamarin.Android.NUnitLite' ) ha restituito ( 'C:\Program Files\dotnet\packs\Microsoft.NETCore.App.Ref\8.0.20\ref/net8.0/System.Threading.dll' == 'Xamarin.Android.NUnitLite' ).
       Attività "AndroidError" ignorata. Condizione false. ( '%(Reference.Identity)' == 'Xamarin.Android.NUnitLite' ) ha restituito ( 'C:\Program Files\dotnet\packs\Microsoft.NETCore.App.Ref\8.0.20\ref/net8.0/System.Transactions.Local.dll' == 'Xamarin.Android.NUnitLite' ).
       Attività "AndroidError" ignorata. Condizione false. ( '%(Reference.Identity)' == 'Xamarin.Android.NUnitLite' ) ha restituito ( 'C:\Program Files\dotnet\packs\Microsoft.NETCore.App.Ref\8.0.20\ref/net8.0/System.Transactions.dll' == 'Xamarin.Android.NUnitLite' ).
       Attività "AndroidError" ignorata. Condizione false. ( '%(Reference.Identity)' == 'Xamarin.Android.NUnitLite' ) ha restituito ( 'C:\Program Files\dotnet\packs\Microsoft.NETCore.App.Ref\8.0.20\ref/net8.0/System.ValueTuple.dll' == 'Xamarin.Android.NUnitLite' ).
       Attività "AndroidError" ignorata. Condizione false. ( '%(Reference.Identity)' == 'Xamarin.Android.NUnitLite' ) ha restituito ( 'C:\Program Files\dotnet\packs\Microsoft.NETCore.App.Ref\8.0.20\ref/net8.0/System.Web.HttpUtility.dll' == 'Xamarin.Android.NUnitLite' ).
       Attività "AndroidError" ignorata. Condizione false. ( '%(Reference.Identity)' == 'Xamarin.Android.NUnitLite' ) ha restituito ( 'C:\Program Files\dotnet\packs\Microsoft.NETCore.App.Ref\8.0.20\ref/net8.0/System.Web.dll' == 'Xamarin.Android.NUnitLite' ).
       Attività "AndroidError" ignorata. Condizione false. ( '%(Reference.Identity)' == 'Xamarin.Android.NUnitLite' ) ha restituito ( 'C:\Program Files\dotnet\packs\Microsoft.NETCore.App.Ref\8.0.20\ref/net8.0/System.Windows.dll' == 'Xamarin.Android.NUnitLite' ).
       Attività "AndroidError" ignorata. Condizione false. ( '%(Reference.Identity)' == 'Xamarin.Android.NUnitLite' ) ha restituito ( 'C:\Program Files\dotnet\packs\Microsoft.NETCore.App.Ref\8.0.20\ref/net8.0/System.Xml.Linq.dll' == 'Xamarin.Android.NUnitLite' ).
       Attività "AndroidError" ignorata. Condizione false. ( '%(Reference.Identity)' == 'Xamarin.Android.NUnitLite' ) ha restituito ( 'C:\Program Files\dotnet\packs\Microsoft.NETCore.App.Ref\8.0.20\ref/net8.0/System.Xml.ReaderWriter.dll' == 'Xamarin.Android.NUnitLite' ).
       Attività "AndroidError" ignorata. Condizione false. ( '%(Reference.Identity)' == 'Xamarin.Android.NUnitLite' ) ha restituito ( 'C:\Program Files\dotnet\packs\Microsoft.NETCore.App.Ref\8.0.20\ref/net8.0/System.Xml.Serialization.dll' == 'Xamarin.Android.NUnitLite' ).
       Attività "AndroidError" ignorata. Condizione false. ( '%(Reference.Identity)' == 'Xamarin.Android.NUnitLite' ) ha restituito ( 'C:\Program Files\dotnet\packs\Microsoft.NETCore.App.Ref\8.0.20\ref/net8.0/System.Xml.XDocument.dll' == 'Xamarin.Android.NUnitLite' ).
       Attività "AndroidError" ignorata. Condizione false. ( '%(Reference.Identity)' == 'Xamarin.Android.NUnitLite' ) ha restituito ( 'C:\Program Files\dotnet\packs\Microsoft.NETCore.App.Ref\8.0.20\ref/net8.0/System.Xml.XPath.XDocument.dll' == 'Xamarin.Android.NUnitLite' ).
       Attività "AndroidError" ignorata. Condizione false. ( '%(Reference.Identity)' == 'Xamarin.Android.NUnitLite' ) ha restituito ( 'C:\Program Files\dotnet\packs\Microsoft.NETCore.App.Ref\8.0.20\ref/net8.0/System.Xml.XPath.dll' == 'Xamarin.Android.NUnitLite' ).
       Attività "AndroidError" ignorata. Condizione false. ( '%(Reference.Identity)' == 'Xamarin.Android.NUnitLite' ) ha restituito ( 'C:\Program Files\dotnet\packs\Microsoft.NETCore.App.Ref\8.0.20\ref/net8.0/System.Xml.XmlDocument.dll' == 'Xamarin.Android.NUnitLite' ).
       Attività "AndroidError" ignorata. Condizione false. ( '%(Reference.Identity)' == 'Xamarin.Android.NUnitLite' ) ha restituito ( 'C:\Program Files\dotnet\packs\Microsoft.NETCore.App.Ref\8.0.20\ref/net8.0/System.Xml.XmlSerializer.dll' == 'Xamarin.Android.NUnitLite' ).
       Attività "AndroidError" ignorata. Condizione false. ( '%(Reference.Identity)' == 'Xamarin.Android.NUnitLite' ) ha restituito ( 'C:\Program Files\dotnet\packs\Microsoft.NETCore.App.Ref\8.0.20\ref/net8.0/System.Xml.dll' == 'Xamarin.Android.NUnitLite' ).
       Attività "AndroidError" ignorata. Condizione false. ( '%(Reference.Identity)' == 'Xamarin.Android.NUnitLite' ) ha restituito ( 'C:\Program Files\dotnet\packs\Microsoft.NETCore.App.Ref\8.0.20\ref/net8.0/System.dll' == 'Xamarin.Android.NUnitLite' ).
       Attività "AndroidError" ignorata. Condizione false. ( '%(Reference.Identity)' == 'Xamarin.Android.NUnitLite' ) ha restituito ( 'C:\Program Files\dotnet\packs\Microsoft.NETCore.App.Ref\8.0.20\ref/net8.0/WindowsBase.dll' == 'Xamarin.Android.NUnitLite' ).
       Attività "AndroidError" ignorata. Condizione false. ( '%(Reference.Identity)' == 'Xamarin.Android.NUnitLite' ) ha restituito ( 'C:\Program Files\dotnet\packs\Microsoft.NETCore.App.Ref\8.0.20\ref/net8.0/mscorlib.dll' == 'Xamarin.Android.NUnitLite' ).
       Attività "AndroidError" ignorata. Condizione false. ( '%(Reference.Identity)' == 'Xamarin.Android.NUnitLite' ) ha restituito ( 'C:\Program Files\dotnet\packs\Microsoft.NETCore.App.Ref\8.0.20\ref/net8.0/netstandard.dll' == 'Xamarin.Android.NUnitLite' ).
       Attività "AndroidError" ignorata. Condizione false. ( '%(Reference.Identity)' == 'Xamarin.Android.NUnitLite' ) ha restituito ( 'C:\Users\rober\.nuget\packages\microsoft.android.ref.34\34.0.154\ref\net8.0\Java.Interop.dll' == 'Xamarin.Android.NUnitLite' ).
       Attività "AndroidError" ignorata. Condizione false. ( '%(Reference.Identity)' == 'Xamarin.Android.NUnitLite' ) ha restituito ( 'C:\Users\rober\.nuget\packages\microsoft.android.ref.34\34.0.154\ref\net8.0\Mono.Android.Export.dll' == 'Xamarin.Android.NUnitLite' ).
       Attività "AndroidError" ignorata. Condizione false. ( '%(Reference.Identity)' == 'Xamarin.Android.NUnitLite' ) ha restituito ( 'C:\Users\rober\.nuget\packages\microsoft.android.ref.34\34.0.154\ref\net8.0\Mono.Android.Runtime.dll' == 'Xamarin.Android.NUnitLite' ).
       Attività "AndroidError" ignorata. Condizione false. ( '%(Reference.Identity)' == 'Xamarin.Android.NUnitLite' ) ha restituito ( 'C:\Users\rober\.nuget\packages\microsoft.android.ref.34\34.0.154\ref\net8.0\Mono.Android.dll' == 'Xamarin.Android.NUnitLite' ).
     1>Compilazione destinazione "_CheckForObsoleteFrameworkAssemblies" nel progetto "MoneyMindApp.csproj" completata.
     1>Destinazione "_GetAndroidPackageName" nel file "C:\Program Files\dotnet\packs\Microsoft.Android.Sdk.Windows\34.0.154\tools\Xamarin.Android.Common.targets" dal progetto "C:\Users\rober\Documents\MoneyMindApp\MoneyMindApp.csproj" (la destinazione "_ValidateAndroidPackageProperties" dipende da essa):
       Attività "AndroidError" ignorata. Condizione false. ( '$(_AndroidManifestAbs)' != '' and !Exists ('$(_AndroidManifestAbs)') ) ha restituito ( 'C:\Users\rober\Documents\MoneyMindApp\Platforms\Android\AndroidManifest.xml' != '' and !Exists ('C:\Users\rober\Documents\MoneyMindApp\Platforms\Android\AndroidManifest.xml') ).
       Verrà usata l'attività "GetAndroidPackageName" dall'assembly "C:\Program Files\dotnet\packs\Microsoft.Android.Sdk.Windows\34.0.154\tools\Xamarin.Android.Build.Tasks.dll".
       Attività "GetAndroidPackageName"
           PackageName: com.moneymind.app
       Esecuzione attività "GetAndroidPackageName" completata.
     1>Compilazione destinazione "_GetAndroidPackageName" nel progetto "MoneyMindApp.csproj" completata.
     1>Destinazione "_GetJavaPlatformJar" nel file "C:\Program Files\dotnet\packs\Microsoft.Android.Sdk.Windows\34.0.154\tools\Xamarin.Android.Tooling.targets" dal progetto "C:\Users\rober\Documents\MoneyMindApp\MoneyMindApp.csproj" (la destinazione "_ValidateAndroidPackageProperties" dipende da essa):
       Verrà usata l'attività "GetJavaPlatformJar" dall'assembly "C:\Program Files\dotnet\packs\Microsoft.Android.Sdk.Windows\34.0.154\tools\Xamarin.Android.Build.Tasks.dll".
       Attività "GetJavaPlatformJar"
       Esecuzione attività "GetJavaPlatformJar" completata.
     1>Compilazione destinazione "_GetJavaPlatformJar" nel progetto "MoneyMindApp.csproj" completata.
     1>Destinazione "_ValidateAndroidPackageProperties" nel file "C:\Program Files\dotnet\packs\Microsoft.Android.Sdk.Windows\34.0.154\tools\Xamarin.Android.Common.targets" dal progetto "C:\Users\rober\Documents\MoneyMindApp\MoneyMindApp.csproj" (la destinazione "Build" dipende da essa):
     1>Compilazione destinazione "_ValidateAndroidPackageProperties" nel progetto "MoneyMindApp.csproj" completata.
     1>Destinazione "_ExtractAar" nel file "C:\Program Files\dotnet\packs\Microsoft.Android.Sdk.Windows\34.0.154\targets\Microsoft.Android.Sdk.AndroidLibraries.targets" dal progetto "C:\Users\rober\Documents\MoneyMindApp\MoneyMindApp.csproj" (la destinazione "ResolveLibraryProjects" dipende da essa):
       La destinazione "_ExtractAar" verrà ignorata. Non sono presenti input.
       Per la destinazione sono dichiarati gli input, ma la specifica dell'input fa riferimento solo a proprietà vuote e/o elenchi di elementi vuoti.
     1>Compilazione destinazione "_ExtractAar" nel progetto "MoneyMindApp.csproj" completata.
     1>Destinazione "ResolveLibraryProjects" nel file "C:\Program Files\dotnet\packs\Microsoft.Android.Sdk.Windows\34.0.154\tools\Xamarin.Android.Bindings.Core.targets" dal progetto "C:\Users\rober\Documents\MoneyMindApp\MoneyMindApp.csproj" (la destinazione "AddLibraryJarsToBind" dipende da essa):
     1>Compilazione destinazione "ResolveLibraryProjects" nel progetto "MoneyMindApp.csproj" completata.
     1>Destinazione "AddLibraryJarsToBind" nel file "C:\Program Files\dotnet\packs\Microsoft.Android.Sdk.Windows\34.0.154\tools\Xamarin.Android.Bindings.Core.targets" dal progetto "C:\Users\rober\Documents\MoneyMindApp\MoneyMindApp.csproj" (la destinazione "Build" dipende da essa):
     1>Compilazione destinazione "AddLibraryJarsToBind" nel progetto "MoneyMindApp.csproj" completata.
     1>Destinazione "_CollectJavaSourceForBinding" nel file "C:\Program Files\dotnet\packs\Microsoft.Android.Sdk.Windows\34.0.154\tools\Xamarin.Android.Javac.targets" dal progetto "C:\Users\rober\Documents\MoneyMindApp\MoneyMindApp.csproj" (la destinazione "Build" dipende da essa):
       Attività "WriteLinesToFile"
         L'operazione di scrittura nel file "obj\Debug\net8.0-android\_CompileBindingJava.FileList.txt" non è stata eseguita perché non avrebbe comportato la modifica del contenuto.
       Esecuzione attività "WriteLinesToFile" completata.
     1>Compilazione destinazione "_CollectJavaSourceForBinding" nel progetto "MoneyMindApp.csproj" completata.
       Destinazione"_CompileBindingJava" ignorata. Condizione false. ( '@(_JavaBindingSource->Count())' != '0' ) ha restituito ( '0' != '0' ).
     1>Destinazione "BeforeBuild" nel file "C:\Program Files\dotnet\sdk\9.0.305\Microsoft.Common.CurrentVersion.targets" dal progetto "C:\Users\rober\Documents\MoneyMindApp\MoneyMindApp.csproj" (la destinazione "Build" dipende da essa):
     1>Compilazione destinazione "BeforeBuild" nel progetto "MoneyMindApp.csproj" completata.
       Destinazione"_CheckForBuildWithNoBuild" ignorata. Condizione false. ('$(NoBuild)' == 'true' and '$(GeneratePackageOnBuild)' != 'true') ha restituito ('' == 'true' and 'false' != 'true').
     1>Destinazione "BuildOnlySettings" nel file "C:\Program Files\dotnet\sdk\9.0.305\Microsoft.Common.CurrentVersion.targets" dal progetto "C:\Users\rober\Documents\MoneyMindApp\MoneyMindApp.csproj" (la destinazione "CoreBuild" dipende da essa):
       C:\Program Files\dotnet\sdk\9.0.305\Microsoft.Common.CurrentVersion.targets(1168,7): message : Riassegnazione della proprietà: $(BuildingProject)="true" (valore precedente: "false") in C:\Program Files\dotnet\sdk\9.0.305\Microsoft.Common.CurrentVersion.targets (1168,7) [C:\Users\rober\Documents\MoneyMindApp\MoneyMindApp.csproj::TargetFramework=net8.0-android]
     1>Compilazione destinazione "BuildOnlySettings" nel progetto "MoneyMindApp.csproj" completata.
       Destinazione"_CheckForUnsupportedTargetFramework" ignorata. Condizione false. ('$(_UnsupportedTargetFrameworkError)' == 'true') ha restituito ('' == 'true').
     1>Destinazione "GetFrameworkPaths" nel file "C:\Program Files\dotnet\sdk\9.0.305\Sdks\Microsoft.NET.Sdk\targets\Microsoft.NET.DisableStandardFrameworkResolution.targets" dal progetto "C:\Users\rober\Documents\MoneyMindApp\MoneyMindApp.csproj" (la destinazione "PrepareForBuild" dipende da essa):
     1>Compilazione destinazione "GetFrameworkPaths" nel progetto "MoneyMindApp.csproj" completata.
       La destinazione "GetReferenceAssemblyPaths" è stata ignorata. La compilazione era stata completata in precedenza.
     1>Destinazione "AssignLinkMetadata" nel file "C:\Program Files\dotnet\sdk\9.0.305\Microsoft.Common.CurrentVersion.targets" dal progetto "C:\Users\rober\Documents\MoneyMindApp\MoneyMindApp.csproj" (la destinazione "PrepareForBuild" dipende da essa):
       Verrà usata l'attività "AssignLinkMetadata" dall'assembly "Microsoft.Build.Tasks.Core, Version=15.1.0.0, Culture=neutral, PublicKeyToken=b03f5f7f11d50a3a".
       Attività "AssignLinkMetadata"
       Esecuzione attività "AssignLinkMetadata" completata.
       Attività "AssignLinkMetadata" ignorata. Condizione false. ('@(Content)' != '' and '%(Content.DefiningProjectFullPath)' != '$(MSBuildProjectFullPath)') ha restituito ('' != '' and '' != 'C:\Users\rober\Documents\MoneyMindApp\MoneyMindApp.csproj').
       Attività "AssignLinkMetadata" ignorata. Condizione false. ('@(Page)' != '' and '%(Page.DefiningProjectFullPath)' != '$(MSBuildProjectFullPath)') ha restituito ('' != '' and '' != 'C:\Users\rober\Documents\MoneyMindApp\MoneyMindApp.csproj').
       Attività "AssignLinkMetadata" ignorata. Condizione false. ('@(ApplicationDefinition)' != '' and '%(ApplicationDefinition.DefiningProjectFullPath)' != '$(MSBuildProjectFullPath)') ha restituito ('' != '' and '' != 'C:\Users\rober\Documents\MoneyMindApp\MoneyMindApp.csproj').
       Attività "AssignLinkMetadata" ignorata. Condizione false. ('@(EmbeddedResource)' != '' and '%(EmbeddedResource.DefiningProjectFullPath)' != '$(MSBuildProjectFullPath)') ha restituito ('' != '' and '' != 'C:\Users\rober\Documents\MoneyMindApp\MoneyMindApp.csproj').
       Attività "AssignLinkMetadata" ignorata. Condizione false. ('@(Resource)' != '' and '%(Resource.DefiningProjectFullPath)' != '$(MSBuildProjectFullPath)' and $([MSBuild]::AreFeaturesEnabled('17.10'))) ha restituito ('' != '' and '' != 'C:\Users\rober\Documents\MoneyMindApp\MoneyMindApp.csproj' and True).
     1>Compilazione destinazione "AssignLinkMetadata" nel progetto "MoneyMindApp.csproj" completata.
       Destinazione"_VerifyPackReleaseConfigurations" ignorata. Condizione false. ('$(_IsPacking)' == 'true' and '$(DOTNET_CLI_DISABLE_PUBLISH_AND_PACK_RELEASE)' != 'true' and '$(DOTNET_CLI_LAZY_PUBLISH_AND_PACK_RELEASE_FOR_SOLUTIONS)' == 'true') ha restituito ('' == 'true' and '' != 'true' and '' == 'true').
     1>Destinazione "PrepareForBuild" nel file "C:\Program Files\dotnet\sdk\9.0.305\Microsoft.Common.CurrentVersion.targets" dal progetto "C:\Users\rober\Documents\MoneyMindApp\MoneyMindApp.csproj" (la destinazione "CoreBuild" dipende da essa):
       Verrà usata l'attività "FindAppConfigFile" dall'assembly "Microsoft.Build.Tasks.Core, Version=15.1.0.0, Culture=neutral, PublicKeyToken=b03f5f7f11d50a3a".
       Attività "FindAppConfigFile"
       Esecuzione attività "FindAppConfigFile" completata.
       Verrà usata l'attività "MakeDir" dall'assembly "Microsoft.Build.Tasks.Core, Version=15.1.0.0, Culture=neutral, PublicKeyToken=b03f5f7f11d50a3a".
       Attività "MakeDir"
       Esecuzione attività "MakeDir" completata.
     1>Compilazione destinazione "PrepareForBuild" nel progetto "MoneyMindApp.csproj" completata.
     1>Destinazione "GenerateTargetPlatformDefineConstants" nel file "C:\Program Files\dotnet\sdk\9.0.305\Sdks\Microsoft.NET.Sdk\targets\Microsoft.NET.Sdk.BeforeCommon.targets" dal progetto "C:\Users\rober\Documents\MoneyMindApp\MoneyMindApp.csproj" (la destinazione "AddImplicitDefineConstants" dipende da essa):
     1>Compilazione destinazione "GenerateTargetPlatformDefineConstants" nel progetto "MoneyMindApp.csproj" completata.
     1>Destinazione "GenerateNETCompatibleDefineConstants" nel file "C:\Program Files\dotnet\sdk\9.0.305\Sdks\Microsoft.NET.Sdk\targets\Microsoft.NET.Sdk.BeforeCommon.targets" dal progetto "C:\Users\rober\Documents\MoneyMindApp\MoneyMindApp.csproj" (la destinazione "AddImplicitDefineConstants" dipende da essa):
     1>Compilazione destinazione "GenerateNETCompatibleDefineConstants" nel progetto "MoneyMindApp.csproj" completata.
     1>Destinazione "GeneratePlatformCompatibleDefineConstants" nel file "C:\Program Files\dotnet\sdk\9.0.305\Sdks\Microsoft.NET.Sdk\targets\Microsoft.NET.Sdk.BeforeCommon.targets" dal progetto "C:\Users\rober\Documents\MoneyMindApp\MoneyMindApp.csproj" (la destinazione "AddImplicitDefineConstants" dipende da essa):
     1>Compilazione destinazione "GeneratePlatformCompatibleDefineConstants" nel progetto "MoneyMindApp.csproj" completata.
       Destinazione"_DisableDiagnosticTracing" ignorata. Condizione false. ('$(DisableDiagnosticTracing)' == 'true') ha restituito ('' == 'true').
     1>Destinazione "AddImplicitDefineConstants" nel file "C:\Program Files\dotnet\sdk\9.0.305\Sdks\Microsoft.NET.Sdk\targets\Microsoft.NET.Sdk.BeforeCommon.targets" dal progetto "C:\Users\rober\Documents\MoneyMindApp\MoneyMindApp.csproj" (la destinazione "CoreBuild" dipende da essa):
       C:\Program Files\dotnet\sdk\9.0.305\Sdks\Microsoft.NET.Sdk\targets\Microsoft.NET.Sdk.BeforeCommon.targets(267,7): message : Riassegnazione della proprietà: $(DefineConstants)="TRACE;DEBUG;NET;NET8_0;NETCOREAPP;__XAMARIN_ANDROID_v1_0__;__MOBILE__;__ANDROID__;__ANDROID_1__;__ANDROID_2__;__ANDROID_3__;__ANDROID_4__;__ANDROID_5__;__ANDROID_6__;__ANDROID_7__;__ANDROID_8__;__ANDROID_9__;__ANDROID_10__;__ANDROID_11__;__ANDROID_12__;__ANDROID_13__;__ANDROID_14__;__ANDROID_15__;__ANDROID_16__;__ANDROID_17__;__ANDROID_18__;__ANDROID_19__;__ANDROID_20__;__ANDROID_21__;__ANDROID_22__;__ANDROID_23__;__ANDROID_24__;__ANDROID_25__;__ANDROID_26__;__ANDROID_27__;__ANDROID_28__;__ANDROID_29__;__ANDROID_30__;__ANDROID_31__;__ANDROID_32__;__ANDROID_33__;__ANDROID_34__;ANDROID;ANDROID34_0;NET5_0_OR_GREATER;NET6_0_OR_GREATER;NET7_0_OR_GREATER;NET8_0_OR_GREATER;NETCOREAPP1_0_OR_GREATER;NETCOREAPP1_1_OR_GREATER;NETCOREAPP2_0_OR_GREATER;NETCOREAPP2_1_OR_GREATER;NETCOREAPP2_2_OR_GREATER;NETCOREAPP3_0_OR_GREATER;NETCOREAPP3_1_OR_GREATER;ANDROID21_0_OR_GREATER;ANDROID22_0_OR_GREATER;ANDROID23_0_OR_GREATER;ANDROID24_0_OR_GREATER;ANDROID25_0_OR_GREATER;ANDROID26_0_OR_GREATER;ANDROID27_0_OR_GREATER;ANDROID28_0_OR_GREATER;ANDROID29_0_OR_GREATER;ANDROID30_0_OR_GREATER;ANDROID31_0_OR_GREATER;ANDROID32_0_OR_GREATER;ANDROID33_0_OR_GREATER;ANDROID34_0_OR_GREATER" (valore precedente: "TRACE;DEBUG;NET;NET8_0;NETCOREAPP;__XAMARIN_ANDROID_v1_0__;__MOBILE__;__ANDROID__;__ANDROID_1__;__ANDROID_2__;__ANDROID_3__;__ANDROID_4__;__ANDROID_5__;__ANDROID_6__;__ANDROID_7__;__ANDROID_8__;__ANDROID_9__;__ANDROID_10__;__ANDROID_11__;__ANDROID_12__;__ANDROID_13__;__ANDROID_14__;__ANDROID_15__;__ANDROID_16__;__ANDROID_17__;__ANDROID_18__;__ANDROID_19__;__ANDROID_20__;__ANDROID_21__;__ANDROID_22__;__ANDROID_23__;__ANDROID_24__;__ANDROID_25__;__ANDROID_26__;__ANDROID_27__;__ANDROID_28__;__ANDROID_29__;__ANDROID_30__;__ANDROID_31__;__ANDROID_32__;__ANDROID_33__;__ANDROID_34__") in C:\Program Files\dotnet\sdk\9.0.305\Sdks\Microsoft.NET.Sdk\targets\Microsoft.NET.Sdk.BeforeCommon.targets (267,7) [C:\Users\rober\Documents\MoneyMindApp\MoneyMindApp.csproj::TargetFramework=net8.0-android]
     1>Compilazione destinazione "AddImplicitDefineConstants" nel progetto "MoneyMindApp.csproj" completata.
     1>Destinazione "GenerateGlobalUsings" nel file "C:\Program Files\dotnet\sdk\9.0.305\Sdks\Microsoft.NET.Sdk\targets\Microsoft.NET.GenerateGlobalUsings.targets" dal progetto "C:\Users\rober\Documents\MoneyMindApp\MoneyMindApp.csproj" (la destinazione "CoreBuild" dipende da essa):
       Verrà usata l'attività "GenerateGlobalUsings" dall'assembly "C:\Program Files\dotnet\sdk\9.0.305\Sdks\Microsoft.NET.Sdk\targets\..\tools\net9.0\Microsoft.NET.Build.Tasks.dll".
       Attività "GenerateGlobalUsings"
       Esecuzione attività "GenerateGlobalUsings" completata.
       Attività "WriteLinesToFile"
         L'operazione di scrittura nel file "obj\Debug\net8.0-android\MoneyMindApp.GlobalUsings.g.cs" non è stata eseguita perché non avrebbe comportato la modifica del contenuto.
       Esecuzione attività "WriteLinesToFile" completata.
     1>Compilazione destinazione "GenerateGlobalUsings" nel progetto "MoneyMindApp.csproj" completata.
     1>Destinazione "_SetupDesignerProperties" nel file "C:\Program Files\dotnet\packs\Microsoft.Android.Sdk.Windows\34.0.154\tools\Xamarin.Android.Resource.Designer.targets" dal progetto "C:\Users\rober\Documents\MoneyMindApp\MoneyMindApp.csproj" (la destinazione "_AddResourceDesignerFiles" dipende da essa):
       Attività "Message"
         _OuterIntermediateOutputPath: 
       Esecuzione attività "Message" completata.
       Attività "Message"
         IntermediateOutputPath: obj\Debug\net8.0-android\
       Esecuzione attività "Message" completata.
     1>Compilazione destinazione "_SetupDesignerProperties" nel progetto "MoneyMindApp.csproj" completata.
     1>Destinazione "_AddResourceDesignerFiles" nel file "C:\Program Files\dotnet\packs\Microsoft.Android.Sdk.Windows\34.0.154\tools\Xamarin.Android.Resource.Designer.targets" dal progetto "C:\Users\rober\Documents\MoneyMindApp\MoneyMindApp.csproj" (la destinazione "CoreBuild" dipende da essa):
     1>Compilazione destinazione "_AddResourceDesignerFiles" nel progetto "MoneyMindApp.csproj" completata.
       Destinazione"PreBuildEvent" ignorata. Condizione false. ('$(PreBuildEvent)'!='') ha restituito (''!='').
       La destinazione "_CreatePropertiesCache" è stata ignorata. La compilazione era stata completata in precedenza.
     1>Destinazione "_SeparateAppExtensionReferences" nel file "C:\Program Files\dotnet\packs\Microsoft.Android.Sdk.Windows\34.0.154\tools\Xamarin.Android.Common.targets" dal progetto "C:\Users\rober\Documents\MoneyMindApp\MoneyMindApp.csproj" (la destinazione "ResolveReferences" dipende da essa):
       Attività "AndroidError" ignorata. Condizione false. ( '%(FullPath)' != '' ) ha restituito ( '' != '' ).
     1>Compilazione destinazione "_SeparateAppExtensionReferences" nel progetto "MoneyMindApp.csproj" completata.
     1>Destinazione "BeforeResolveReferences" nel file "C:\Program Files\dotnet\sdk\9.0.305\Microsoft.Common.CurrentVersion.targets" dal progetto "C:\Users\rober\Documents\MoneyMindApp\MoneyMindApp.csproj" (la destinazione "ResolveReferences" dipende da essa):
     1>Compilazione destinazione "BeforeResolveReferences" nel progetto "MoneyMindApp.csproj" completata.
       Destinazione"AssignProjectConfiguration" ignorata. Condizione false. ('$(CurrentSolutionConfigurationContents)' != '' or '@(ProjectReference)'!='') ha restituito ('' != '' or ''!='').
     1>Destinazione "IgnoreJavaScriptOutputAssembly" nel file "C:\Program Files\dotnet\sdk\9.0.305\Microsoft.Common.CurrentVersion.targets" dal progetto "C:\Users\rober\Documents\MoneyMindApp\MoneyMindApp.csproj" (la destinazione "AssignProjectConfiguration" dipende da essa):
     1>Compilazione destinazione "IgnoreJavaScriptOutputAssembly" nel progetto "MoneyMindApp.csproj" completata.
       La destinazione "ResolvePackageAssets" è stata ignorata. La compilazione era stata completata in precedenza.
     1>Destinazione "ResolveLockFileReferences" nel file "C:\Program Files\dotnet\sdk\9.0.305\Sdks\Microsoft.NET.Sdk\targets\Microsoft.PackageDependencyResolution.targets" dal progetto "C:\Users\rober\Documents\MoneyMindApp\MoneyMindApp.csproj" (la destinazione "ResolvePackageDependenciesForBuild" dipende da essa):
       Verrà usata l'attività "JoinItems" dall'assembly "C:\Program Files\dotnet\sdk\9.0.305\Sdks\Microsoft.NET.Sdk\targets\..\tools\net9.0\Microsoft.NET.Build.Tasks.dll".
       Attività "JoinItems"
       Esecuzione attività "JoinItems" completata.
     1>Compilazione destinazione "ResolveLockFileReferences" nel progetto "MoneyMindApp.csproj" completata.
       La destinazione "ResolvePackageAssets" è stata ignorata. La compilazione era stata completata in precedenza.
     1>Destinazione "ResolveLockFileAnalyzers" nel file "C:\Program Files\dotnet\sdk\9.0.305\Sdks\Microsoft.NET.Sdk\targets\Microsoft.PackageDependencyResolution.targets" dal progetto "C:\Users\rober\Documents\MoneyMindApp\MoneyMindApp.csproj" (la destinazione "ResolvePackageDependenciesForBuild" dipende da essa):
     1>Compilazione destinazione "ResolveLockFileAnalyzers" nel progetto "MoneyMindApp.csproj" completata.
       La destinazione "ResolvePackageAssets" è stata ignorata. La compilazione era stata completata in precedenza.
       Destinazione"RunProduceContentAssets" ignorata. Condizione false. ('@(_ContentFilesToPreprocess)' != '' and '$(_CleaningWithoutRebuilding)' != 'true') ha restituito ('' != '' and '' != 'true').
     1>Destinazione "ResolveLockFileCopyLocalFiles" nel file "C:\Program Files\dotnet\sdk\9.0.305\Sdks\Microsoft.NET.Sdk\targets\Microsoft.PackageDependencyResolution.targets" dal progetto "C:\Users\rober\Documents\MoneyMindApp\MoneyMindApp.csproj" (la destinazione "ResolvePackageDependenciesForBuild" dipende da essa):
     1>Compilazione destinazione "ResolveLockFileCopyLocalFiles" nel progetto "MoneyMindApp.csproj" completata.
       Destinazione"ResolveRuntimePackAssets" ignorata. Condizione false. ('@(RuntimePack)' != '') ha restituito ('' != '').
       Destinazione"RunProduceContentAssets" ignorata. Condizione false. ('@(_ContentFilesToPreprocess)' != '' and '$(_CleaningWithoutRebuilding)' != 'true') ha restituito ('' != '' and '' != 'true').
       La destinazione "ResolvePackageAssets" è stata ignorata. La compilazione era stata completata in precedenza.
     1>Destinazione "IncludeTransitiveProjectReferences" nel file "C:\Program Files\dotnet\sdk\9.0.305\Sdks\Microsoft.NET.Sdk\targets\Microsoft.PackageDependencyResolution.targets" dal progetto "C:\Users\rober\Documents\MoneyMindApp\MoneyMindApp.csproj" (la destinazione "ResolvePackageDependenciesForBuild" dipende da essa):
     1>Compilazione destinazione "IncludeTransitiveProjectReferences" nel progetto "MoneyMindApp.csproj" completata.
     1>Destinazione "ResolvePackageDependenciesForBuild" nel file "C:\Program Files\dotnet\sdk\9.0.305\Sdks\Microsoft.NET.Sdk\targets\Microsoft.PackageDependencyResolution.targets" dal progetto "C:\Users\rober\Documents\MoneyMindApp\MoneyMindApp.csproj" (la destinazione "AssignProjectConfiguration" dipende da essa):
     1>Compilazione destinazione "ResolvePackageDependenciesForBuild" nel progetto "MoneyMindApp.csproj" completata.
       Destinazione"_Microsoft_Extensions_OptionsAnalyzerMultiTargeting" ignorata. Condizione false. ('$(SupportsRoslynComponentVersioning)' != 'true') ha restituito ('true' != 'true').
       Destinazione"_Microsoft_Extensions_OptionsRemoveAnalyzers" ignorata. Condizione false. ('$(DisableMicrosoftExtensionsOptionsSourceGenerator)' == 'true') ha restituito ('' == 'true').
       Destinazione"_Microsoft_Extensions_Logging_AbstractionsAnalyzerMultiTargeting" ignorata. Condizione false. ('$(SupportsRoslynComponentVersioning)' != 'true') ha restituito ('true' != 'true').
       Destinazione"_Microsoft_Extensions_Logging_AbstractionsRemoveAnalyzers" ignorata. Condizione false. ('$(DisableMicrosoftExtensionsLoggingSourceGenerator)' == 'true') ha restituito ('' == 'true').
       Destinazione"MVVMToolkitRemoveAnalyzersForRosynNotFound" ignorata. Condizione false. ('$(CSharpCoreTargetsPath)' == '') ha restituito ('C:\Program Files\dotnet\sdk\9.0.305\Roslyn\Microsoft.CSharp.Core.targets' == '').
     1>Destinazione "MVVMToolkitGatherAnalyzers" nel file "C:\Users\rober\.nuget\packages\communitytoolkit.mvvm\8.3.2\buildTransitive\CommunityToolkit.Mvvm.SourceGenerators.targets" dal progetto "C:\Users\rober\Documents\MoneyMindApp\MoneyMindApp.csproj" (la destinazione "MVVMToolkitRemoveAnalyzersForRoslyn3" dipende da essa):
     1>Compilazione destinazione "MVVMToolkitGatherAnalyzers" nel progetto "MoneyMindApp.csproj" completata.
     1>Destinazione "MVVMToolkitRemoveAnalyzersForRoslyn3" nel file "C:\Users\rober\.nuget\packages\communitytoolkit.mvvm\8.3.2\buildTransitive\CommunityToolkit.Mvvm.SourceGenerators.targets" dal progetto "C:\Users\rober\Documents\MoneyMindApp\MoneyMindApp.csproj" (la destinazione "AssignProjectConfiguration" dipende da essa):
       Verrà usata l'attività "GetAssemblyIdentity" dall'assembly "Microsoft.Build.Tasks.Core, Version=15.1.0.0, Culture=neutral, PublicKeyToken=b03f5f7f11d50a3a".
       Attività "GetAssemblyIdentity"
       Esecuzione attività "GetAssemblyIdentity" completata.
       Attività "Warning" ignorata. Condizione false. ('$(MVVMToolkitCurrentCompilerVersionIsNotNewEnough)' == 'true') ha restituito ('' == 'true').
     1>Compilazione destinazione "MVVMToolkitRemoveAnalyzersForRoslyn3" nel progetto "MoneyMindApp.csproj" completata.
       Destinazione"MVVMToolkitRemoveDuplicateAnalyzersWhenRoslynComponentVersioningIsNotSupported" ignorata. Condizione false. ('$(MVVMToolkitIsManualRoslynMultiTargetingLogicNeeded)' == 'true') ha restituito ('' == 'true').
       Destinazione"MVVMToolkitWarnForPackagesConfigUse" ignorata. Condizione false. ('$(UsingMicrosoftNetSDK)' != 'true') ha restituito ('true' != 'true').
       Destinazione"AssignProjectConfiguration" ignorata. Condizione false. ('$(CurrentSolutionConfigurationContents)' != '' or '@(ProjectReference)'!='') ha restituito ('' != '' or ''!='').
     1>Destinazione "_SplitProjectReferencesByFileExistence" nel file "C:\Program Files\dotnet\sdk\9.0.305\Microsoft.Common.CurrentVersion.targets" dal progetto "C:\Users\rober\Documents\MoneyMindApp\MoneyMindApp.csproj" (la destinazione "PrepareProjectReferences" dipende da essa):
       Attività "ResolveNonMSBuildProjectOutput" ignorata. Condizione false. ('$(BuildingInsideVisualStudio)'=='true' and '@(ProjectReferenceWithConfiguration)'!='') ha restituito (''=='true' and ''!='').
     1>Compilazione destinazione "_SplitProjectReferencesByFileExistence" nel progetto "MoneyMindApp.csproj" completata.
     1>Destinazione "_AddOutputPathToGlobalPropertiesToRemove" nel file "C:\Program Files\dotnet\sdk\9.0.305\Microsoft.Common.CurrentVersion.targets" dal progetto "C:\Users\rober\Documents\MoneyMindApp\MoneyMindApp.csproj" (la destinazione "_GetProjectReferenceTargetFrameworkProperties" dipende da essa):
     1>Compilazione destinazione "_AddOutputPathToGlobalPropertiesToRemove" nel progetto "MoneyMindApp.csproj" completata.
     1>Destinazione "_GetProjectReferenceTargetFrameworkProperties" nel file "C:\Program Files\dotnet\sdk\9.0.305\Microsoft.Common.CurrentVersion.targets" dal progetto "C:\Users\rober\Documents\MoneyMindApp\MoneyMindApp.csproj" (la destinazione "PrepareProjectReferences" dipende da essa):
       Verrà usata l'attività "MSBuild" dall'assembly "Microsoft.Build.Tasks.Core, Version=15.1.0.0, Culture=neutral, PublicKeyToken=b03f5f7f11d50a3a".
       Attività "MSBuild"
       Esecuzione attività "MSBuild" completata.
       Attività "MSBuild" ignorata. Condizione false. ('%(_MSBuildProjectReferenceExistent.SkipGetTargetFrameworkProperties)' != 'true' and '$(EnableDynamicPlatformResolution)' == 'true') ha restituito ('' != 'true' and '' == 'true').
       Attività "GetReferenceNearestTargetFrameworkTask" ignorata. Condizione false. ('@(_ProjectReferenceTargetFrameworkPossibilities)' != '' and '$(ReferringTargetFrameworkForProjectReferences)' != ''
                                                               And '$(GetReferenceNearestTargetFrameworkTaskSupportsTargetPlatformParameter)' == 'true' and '%(_ProjectReferenceTargetFrameworkPossibilities.IsVcxOrNativeProj)' != 'true') ha restituito ('' != '' and '.NETCoreApp,Version=v8.0' != ''
                                                               And 'true' == 'true' and '' != 'true').
       Attività "GetReferenceNearestTargetFrameworkTask" ignorata. Condizione false. ('@(_ProjectReferenceTargetFrameworkPossibilities)' != '' and '$(ReferringTargetFrameworkForProjectReferences)' != ''
                                                               And '$(GetReferenceNearestTargetFrameworkTaskSupportsTargetPlatformParameter)' != 'true' and '%(_ProjectReferenceTargetFrameworkPossibilities.IsVcxOrNativeProj)' != 'true') ha restituito ('' != '' and '.NETCoreApp,Version=v8.0' != ''
                                                               And 'true' != 'true' and '' != 'true').
       Verrà usata l'attività "SetRidAgnosticValueForProjects" dall'assembly "Microsoft.Build.Tasks.Core, Version=15.1.0.0, Culture=neutral, PublicKeyToken=b03f5f7f11d50a3a".
       Attività "SetRidAgnosticValueForProjects"
       Esecuzione attività "SetRidAgnosticValueForProjects" completata.
     1>Compilazione destinazione "_GetProjectReferenceTargetFrameworkProperties" nel progetto "MoneyMindApp.csproj" completata.
     1>Destinazione "ValidateExecutableReferences" nel file "C:\Program Files\dotnet\sdk\9.0.305\Sdks\Microsoft.NET.Sdk\targets\Microsoft.NET.Sdk.targets" dal progetto "C:\Users\rober\Documents\MoneyMindApp\MoneyMindApp.csproj" (la destinazione "PrepareProjectReferences" dipende da essa):
       Verrà usata l'attività "ValidateExecutableReferences" dall'assembly "C:\Program Files\dotnet\sdk\9.0.305\Sdks\Microsoft.NET.Sdk\targets\..\tools\net9.0\Microsoft.NET.Build.Tasks.dll".
       Attività "ValidateExecutableReferences"
       Esecuzione attività "ValidateExecutableReferences" completata.
     1>Compilazione destinazione "ValidateExecutableReferences" nel progetto "MoneyMindApp.csproj" completata.
       Destinazione"_GetProjectReferencePlatformProperties" ignorata. Condizione false. ('$(EnableDynamicPlatformResolution)' == 'true'
                            and '@(_MSBuildProjectReferenceExistent)' != '') ha restituito ('' == 'true'
                            and '' != '').
     1>Destinazione "PrepareProjectReferences" nel file "C:\Program Files\dotnet\sdk\9.0.305\Microsoft.Common.CurrentVersion.targets" dal progetto "C:\Users\rober\Documents\MoneyMindApp\MoneyMindApp.csproj" (la destinazione "ResolveProjectReferences" dipende da essa):
     1>Compilazione destinazione "PrepareProjectReferences" nel progetto "MoneyMindApp.csproj" completata.
     1>Destinazione "ResolveProjectReferences" nel file "C:\Program Files\dotnet\sdk\9.0.305\Microsoft.Common.CurrentVersion.targets" dal progetto "C:\Users\rober\Documents\MoneyMindApp\MoneyMindApp.csproj" (la destinazione "ResolveReferences" dipende da essa):
       Attività "MSBuild" ignorata. Condizione false. ('%(_MSBuildProjectReferenceExistent.BuildReference)' == 'true' and '@(ProjectReferenceWithConfiguration)' != '' and ('$(BuildingInsideVisualStudio)' == 'true' or '$(BuildProjectReferences)' != 'true') and '$(VisualStudioVersion)' != '10.0' and '@(_MSBuildProjectReferenceExistent)' != '') ha restituito ('' == 'true' and '' != '' and ('' == 'true' or 'true' != 'true') and '17.0' != '10.0' and '' != '').
       Attività "MSBuild" ignorata. Condizione false. ('%(_MSBuildProjectReferenceExistent.BuildReference)' == 'true' and '@(ProjectReferenceWithConfiguration)' != '' and '$(BuildingInsideVisualStudio)' != 'true' and '$(BuildProjectReferences)' == 'true' and '@(_MSBuildProjectReferenceExistent)' != '') ha restituito ('' == 'true' and '' != '' and '' != 'true' and 'true' == 'true' and '' != '').
       Attività "MSBuild" ignorata. Condizione false. ('%(_MSBuildProjectReferenceExistent.BuildReference)' == 'true' and '@(ProjectReferenceWithConfiguration)' != '' and '$(BuildingProject)' == 'true' and '@(_MSBuildProjectReferenceExistent)' != '') ha restituito ('' == 'true' and '' != '' and 'true' == 'true' and '' != '').
       Attività "MSBuildInternalMessage" ignorata. Condizione false. ('$(_NonExistentProjectReferenceSeverity)' != '') ha restituito ('' != '').
     1>Compilazione destinazione "ResolveProjectReferences" nel progetto "MoneyMindApp.csproj" completata.
       Destinazione"FindInvalidProjectReferences" ignorata. Condizione false. ('$(FindInvalidProjectReferences)' == 'true') ha restituito ('' == 'true').
       Destinazione"ResolveNativeReferences" ignorata. Condizione false. ('@(NativeReference)'!='') ha restituito (''!='').
       La destinazione "ResolveProjectReferences" è stata ignorata. La compilazione era stata completata in precedenza.
       Destinazione"FindInvalidProjectReferences" ignorata. Condizione false. ('$(FindInvalidProjectReferences)' == 'true') ha restituito ('' == 'true').
       La destinazione "GetFrameworkPaths" è stata ignorata. La compilazione era stata completata in precedenza.
       La destinazione "GetReferenceAssemblyPaths" è stata ignorata. La compilazione era stata completata in precedenza.
       La destinazione "PrepareForBuild" è stata ignorata. La compilazione era stata completata in precedenza.
       Destinazione"GetInstalledSDKLocations" ignorata. Condizione false. ('@(SDKReference)' != '') ha restituito ('' != '').
     1>Destinazione "ResolveSDKReferences" nel file "C:\Program Files\dotnet\sdk\9.0.305\Microsoft.Common.CurrentVersion.targets" dal progetto "C:\Users\rober\Documents\MoneyMindApp\MoneyMindApp.csproj" (la destinazione "ResolveAssemblyReferences" dipende da essa):
       Attività "ResolveSDKReference" ignorata. Condizione false. ('@(SDKReference)'!='') ha restituito (''!='').
     1>Compilazione destinazione "ResolveSDKReferences" nel progetto "MoneyMindApp.csproj" completata.
       La destinazione "ResolveSDKReferences" è stata ignorata. La compilazione era stata completata in precedenza.
     1>Destinazione "ExpandSDKReferences" nel file "C:\Program Files\dotnet\sdk\9.0.305\Microsoft.Common.CurrentVersion.targets" dal progetto "C:\Users\rober\Documents\MoneyMindApp\MoneyMindApp.csproj" (la destinazione "ResolveAssemblyReferences" dipende da essa):
       Attività "GetSDKReferenceFiles" ignorata. Condizione false. ('@(ResolvedSDKReference)'!='') ha restituito (''!='').
     1>Compilazione destinazione "ExpandSDKReferences" nel progetto "MoneyMindApp.csproj" completata.
       La destinazione "ResolvePackageDependenciesForBuild" è stata ignorata. La compilazione era stata completata in precedenza.
       La destinazione "GetFrameworkPaths" è stata ignorata. La compilazione era stata completata in precedenza.
       La destinazione "GetReferenceAssemblyPaths" è stata ignorata. La compilazione era stata completata in precedenza.
       La destinazione "ResolveTargetingPackAssets" è stata ignorata. La compilazione era stata completata in precedenza.
     1>Destinazione "_HandlePackageFileConflicts" nel file "C:\Program Files\dotnet\sdk\9.0.305\Sdks\Microsoft.NET.Sdk\targets\Microsoft.NET.ConflictResolution.targets" dal progetto "C:\Users\rober\Documents\MoneyMindApp\MoneyMindApp.csproj" (la destinazione "ResolveAssemblyReferences" dipende da essa):
       Verrà usata l'attività "ResolvePackageFileConflicts" dall'assembly "C:\Program Files\dotnet\sdk\9.0.305\Sdks\Microsoft.NET.Sdk\targets\..\tools\net9.0\Microsoft.NET.Build.Tasks.dll".
       Attività "ResolvePackageFileConflicts"
         È stato rilevato un conflitto tra 'Reference:C:\Program Files\dotnet\packs\Microsoft.NETCore.App.Ref\8.0.20\ref/net8.0/System.Diagnostics.DiagnosticSource.dll' e 'Reference:C:\Users\rober\.nuget\packages\system.diagnostics.diagnosticsource\4.5.0\lib\netstandard1.3\System.Diagnostics.DiagnosticSource.dll'. Verrà scelto 'Reference:C:\Program Files\dotnet\packs\Microsoft.NETCore.App.Ref\8.0.20\ref/net8.0/System.Diagnostics.DiagnosticSource.dll' perché il valore di AssemblyVersion '8.0.0.0' è maggiore di '4.0.3.0'.
         È stato rilevato un conflitto tra 'Reference:C:\Program Files\dotnet\packs\Microsoft.NETCore.App.Ref\8.0.20\ref/net8.0/System.Reflection.Metadata.dll' e 'Reference:C:\Users\rober\.nuget\packages\system.reflection.metadata\1.6.0\lib\netstandard2.0\System.Reflection.Metadata.dll'. Verrà scelto 'Reference:C:\Program Files\dotnet\packs\Microsoft.NETCore.App.Ref\8.0.20\ref/net8.0/System.Reflection.Metadata.dll' perché il valore di AssemblyVersion '8.0.0.0' è maggiore di '1.4.3.0'.
         È stato rilevato un conflitto tra 'Reference:C:\Program Files\dotnet\packs\Microsoft.NETCore.App.Ref\8.0.20\ref/net8.0/System.Runtime.CompilerServices.Unsafe.dll' e 'Reference:C:\Users\rober\.nuget\packages\system.runtime.compilerservices.unsafe\4.5.2\ref\netstandard2.0\System.Runtime.CompilerServices.Unsafe.dll'. Verrà scelto 'Reference:C:\Program Files\dotnet\packs\Microsoft.NETCore.App.Ref\8.0.20\ref/net8.0/System.Runtime.CompilerServices.Unsafe.dll' perché il valore di AssemblyVersion '8.0.0.0' è maggiore di '4.0.4.1'.
         È stato rilevato un conflitto tra 'Reference:C:\Program Files\dotnet\packs\Microsoft.NETCore.App.Ref\8.0.20\ref/net8.0/System.Text.Encoding.CodePages.dll' e 'Reference:C:\Users\rober\.nuget\packages\system.text.encoding.codepages\8.0.0\lib\net8.0\System.Text.Encoding.CodePages.dll'. Verrà scelto 'Reference:C:\Program Files\dotnet\packs\Microsoft.NETCore.App.Ref\8.0.20\ref/net8.0/System.Text.Encoding.CodePages.dll' perché la versione del file '8.0.2025.41914' è maggiore di '8.0.23.53103'.
         È stato rilevato un conflitto tra 'Reference:C:\Program Files\dotnet\packs\Microsoft.NETCore.App.Ref\8.0.20\ref/net8.0/System.Text.Encodings.Web.dll' e 'Reference:C:\Users\rober\.nuget\packages\system.text.encodings.web\4.5.0\lib\netstandard2.0\System.Text.Encodings.Web.dll'. Verrà scelto 'Reference:C:\Program Files\dotnet\packs\Microsoft.NETCore.App.Ref\8.0.20\ref/net8.0/System.Text.Encodings.Web.dll' perché il valore di AssemblyVersion '8.0.0.0' è maggiore di '4.0.3.0'.
         È stato rilevato un conflitto tra 'Platform:System.Diagnostics.DiagnosticSource.dll' e 'Runtime:C:\Users\rober\.nuget\packages\system.diagnostics.diagnosticsource\4.5.0\lib\netstandard1.3\System.Diagnostics.DiagnosticSource.dll'. Verrà scelto 'Platform:System.Diagnostics.DiagnosticSource.dll' perché il valore di AssemblyVersion '8.0.0.0' è maggiore di '4.0.3.0'.
         È stato rilevato un conflitto tra 'Platform:System.Reflection.Metadata.dll' e 'Runtime:C:\Users\rober\.nuget\packages\system.reflection.metadata\1.6.0\lib\netstandard2.0\System.Reflection.Metadata.dll'. Verrà scelto 'Platform:System.Reflection.Metadata.dll' perché il valore di AssemblyVersion '8.0.0.0' è maggiore di '1.4.3.0'.
         È stato rilevato un conflitto tra 'Platform:System.Runtime.CompilerServices.Unsafe.dll' e 'Runtime:C:\Users\rober\.nuget\packages\system.runtime.compilerservices.unsafe\4.5.2\lib\netcoreapp2.0\System.Runtime.CompilerServices.Unsafe.dll'. Verrà scelto 'Platform:System.Runtime.CompilerServices.Unsafe.dll' perché il valore di AssemblyVersion '8.0.0.0' è maggiore di '4.0.4.1'.
         È stato rilevato un conflitto tra 'Platform:System.Text.Encoding.CodePages.dll' e 'Runtime:C:\Users\rober\.nuget\packages\system.text.encoding.codepages\8.0.0\lib\net8.0\System.Text.Encoding.CodePages.dll'. Verrà scelto 'Platform:System.Text.Encoding.CodePages.dll' perché la versione del file '8.0.2025.41914' è maggiore di '8.0.23.53103'.
         È stato rilevato un conflitto tra 'Platform:System.Text.Encodings.Web.dll' e 'Runtime:C:\Users\rober\.nuget\packages\system.text.encodings.web\4.5.0\lib\netstandard2.0\System.Text.Encodings.Web.dll'. Verrà scelto 'Platform:System.Text.Encodings.Web.dll' perché il valore di AssemblyVersion '8.0.0.0' è maggiore di '4.0.3.0'.
         È stato rilevato un conflitto tra 'Platform:System.Security.Cryptography.Cng.dll' e 'Runtime:C:\Users\rober\.nuget\packages\system.security.cryptography.cng\4.5.0\runtimes\win\lib\netcoreapp2.1\System.Security.Cryptography.Cng.dll'. Verrà scelto 'Platform:System.Security.Cryptography.Cng.dll' perché il valore di AssemblyVersion '8.0.0.0' è maggiore di '4.3.1.0'.
         È stato rilevato un conflitto tra 'Platform:System.Text.Encoding.CodePages.dll' e 'Runtime:C:\Users\rober\.nuget\packages\system.text.encoding.codepages\8.0.0\runtimes\win\lib\net8.0\System.Text.Encoding.CodePages.dll'. Verrà scelto 'Platform:System.Text.Encoding.CodePages.dll' perché la versione del file '8.0.2025.41914' è maggiore di '8.0.23.53103'.
         È stato rilevato un conflitto tra 'Platform:mscorlib.dll' e 'Platform:mscorlib.dll'. Non è stato possibile determinare la versione da usare perché le versioni dell'assembly e del file sono uguali.
         È stato rilevato un conflitto tra 'Platform:Microsoft.VisualBasic.dll' e 'Platform:Microsoft.VisualBasic.dll'. Non è stato possibile determinare la versione da usare perché le versioni dell'assembly e del file sono uguali.
         È stato rilevato un conflitto tra 'Platform:System.dll' e 'Platform:System.dll'. Non è stato possibile determinare la versione da usare perché le versioni dell'assembly e del file sono uguali.
         È stato rilevato un conflitto tra 'Platform:System.ComponentModel.DataAnnotations.dll' e 'Platform:System.ComponentModel.DataAnnotations.dll'. Non è stato possibile determinare la versione da usare perché le versioni dell'assembly e del file sono uguali.
         È stato rilevato un conflitto tra 'Platform:System.Configuration.dll' e 'Platform:System.Configuration.dll'. Non è stato possibile determinare la versione da usare perché le versioni dell'assembly e del file sono uguali.
         È stato rilevato un conflitto tra 'Platform:System.Core.dll' e 'Platform:System.Core.dll'. Non è stato possibile determinare la versione da usare perché le versioni dell'assembly e del file sono uguali.
         È stato rilevato un conflitto tra 'Platform:System.Data.dll' e 'Platform:System.Data.dll'. Non è stato possibile determinare la versione da usare perché le versioni dell'assembly e del file sono uguali.
         È stato rilevato un conflitto tra 'Platform:System.Drawing.dll' e 'Platform:System.Drawing.dll'. Non è stato possibile determinare la versione da usare perché le versioni dell'assembly e del file sono uguali.
         È stato rilevato un conflitto tra 'Platform:System.IO.Compression.FileSystem.dll' e 'Platform:System.IO.Compression.FileSystem.dll'. Non è stato possibile determinare la versione da usare perché le versioni dell'assembly e del file sono uguali.
         È stato rilevato un conflitto tra 'Platform:System.Net.dll' e 'Platform:System.Net.dll'. Non è stato possibile determinare la versione da usare perché le versioni dell'assembly e del file sono uguali.
         È stato rilevato un conflitto tra 'Platform:System.Numerics.dll' e 'Platform:System.Numerics.dll'. Non è stato possibile determinare la versione da usare perché le versioni dell'assembly e del file sono uguali.
         È stato rilevato un conflitto tra 'Platform:System.Runtime.Serialization.dll' e 'Platform:System.Runtime.Serialization.dll'. Non è stato possibile determinare la versione da usare perché le versioni dell'assembly e del file sono uguali.
         È stato rilevato un conflitto tra 'Platform:System.Security.dll' e 'Platform:System.Security.dll'. Non è stato possibile determinare la versione da usare perché le versioni dell'assembly e del file sono uguali.
         È stato rilevato un conflitto tra 'Platform:System.ServiceProcess.dll' e 'Platform:System.ServiceProcess.dll'. Non è stato possibile determinare la versione da usare perché le versioni dell'assembly e del file sono uguali.
         È stato rilevato un conflitto tra 'Platform:System.ServiceModel.Web.dll' e 'Platform:System.ServiceModel.Web.dll'. Non è stato possibile determinare la versione da usare perché le versioni dell'assembly e del file sono uguali.
         È stato rilevato un conflitto tra 'Platform:System.Transactions.dll' e 'Platform:System.Transactions.dll'. Non è stato possibile determinare la versione da usare perché le versioni dell'assembly e del file sono uguali.
         È stato rilevato un conflitto tra 'Platform:System.Web.dll' e 'Platform:System.Web.dll'. Non è stato possibile determinare la versione da usare perché le versioni dell'assembly e del file sono uguali.
         È stato rilevato un conflitto tra 'Platform:System.Windows.dll' e 'Platform:System.Windows.dll'. Non è stato possibile determinare la versione da usare perché le versioni dell'assembly e del file sono uguali.
         È stato rilevato un conflitto tra 'Platform:System.Xml.dll' e 'Platform:System.Xml.dll'. Non è stato possibile determinare la versione da usare perché le versioni dell'assembly e del file sono uguali.
         È stato rilevato un conflitto tra 'Platform:System.Xml.Serialization.dll' e 'Platform:System.Xml.Serialization.dll'. Non è stato possibile determinare la versione da usare perché le versioni dell'assembly e del file sono uguali.
         È stato rilevato un conflitto tra 'Platform:System.Xml.Linq.dll' e 'Platform:System.Xml.Linq.dll'. Non è stato possibile determinare la versione da usare perché le versioni dell'assembly e del file sono uguali.
         È stato rilevato un conflitto tra 'Platform:WindowsBase.dll' e 'Platform:WindowsBase.dll'. Non è stato possibile determinare la versione da usare perché le versioni dell'assembly e del file sono uguali.
         È stato rilevato un conflitto tra 'Platform:netstandard.dll' e 'Platform:netstandard.dll'. Non è stato possibile determinare la versione da usare perché le versioni dell'assembly e del file sono uguali.
         È stato rilevato un conflitto tra 'Platform:System.Private.CoreLib.dll' e 'Platform:System.Private.CoreLib.dll'. Non è stato possibile determinare la versione da usare perché le versioni dell'assembly e del file sono uguali.
         È stato rilevato un conflitto tra 'Platform:System.Private.DataContractSerialization.dll' e 'Platform:System.Private.DataContractSerialization.dll'. Non è stato possibile determinare la versione da usare perché le versioni dell'assembly e del file sono uguali.
         È stato rilevato un conflitto tra 'Platform:System.Private.Uri.dll' e 'Platform:System.Private.Uri.dll'. Non è stato possibile determinare la versione da usare perché le versioni dell'assembly e del file sono uguali.
         È stato rilevato un conflitto tra 'Platform:System.Private.Xml.dll' e 'Platform:System.Private.Xml.dll'. Non è stato possibile determinare la versione da usare perché le versioni dell'assembly e del file sono uguali.
         È stato rilevato un conflitto tra 'Platform:System.Private.Xml.Linq.dll' e 'Platform:System.Private.Xml.Linq.dll'. Non è stato possibile determinare la versione da usare perché le versioni dell'assembly e del file sono uguali.
         È stato rilevato un conflitto tra 'Platform:mscordaccore_amd64_amd64_8.0.2025.41914.dll' e 'Platform:mscordaccore_amd64_amd64_8.0.2025.41914.dll'. Non è stato possibile determinare la versione da usare perché le versioni dell'assembly e del file sono uguali.
       Esecuzione attività "ResolvePackageFileConflicts" completata.
     1>Compilazione destinazione "_HandlePackageFileConflicts" nel progetto "MoneyMindApp.csproj" completata.
       La destinazione "ResolveTargetingPackAssets" è stata ignorata. La compilazione era stata completata in precedenza.
     1>Destinazione "ResolveAssemblyReferences" nel file "C:\Program Files\dotnet\sdk\9.0.305\Microsoft.Common.CurrentVersion.targets" dal progetto "C:\Users\rober\Documents\MoneyMindApp\MoneyMindApp.csproj" (la destinazione "ResolveReferences" dipende da essa):
       Verrà usata l'attività "ResolveAssemblyReference" dall'assembly "Microsoft.Build.Tasks.Core, Version=15.1.0.0, Culture=neutral, PublicKeyToken=b03f5f7f11d50a3a".
       Attività "ResolveAssemblyReference"
         TargetFrameworkMoniker:
             .NETCoreApp,Version=v8.0
         TargetFrameworkMonikerDisplayName:
             .NET 8.0
         TargetedRuntimeVersion:
             
         Assemblies:
             C:\Program Files\dotnet\packs\Microsoft.NETCore.App.Ref\8.0.20\ref/net8.0/Microsoft.CSharp.dll
                 Private = 'false'
             C:\Program Files\dotnet\packs\Microsoft.NETCore.App.Ref\8.0.20\ref/net8.0/Microsoft.VisualBasic.Core.dll
                 Private = 'false'
             C:\Program Files\dotnet\packs\Microsoft.NETCore.App.Ref\8.0.20\ref/net8.0/Microsoft.VisualBasic.dll
                 Private = 'false'
             C:\Program Files\dotnet\packs\Microsoft.NETCore.App.Ref\8.0.20\ref/net8.0/Microsoft.Win32.Primitives.dll
                 Private = 'false'
             C:\Program Files\dotnet\packs\Microsoft.NETCore.App.Ref\8.0.20\ref/net8.0/Microsoft.Win32.Registry.dll
                 Private = 'false'
             C:\Program Files\dotnet\packs\Microsoft.NETCore.App.Ref\8.0.20\ref/net8.0/System.AppContext.dll
                 Private = 'false'
             C:\Program Files\dotnet\packs\Microsoft.NETCore.App.Ref\8.0.20\ref/net8.0/System.Buffers.dll
                 Private = 'false'
             C:\Program Files\dotnet\packs\Microsoft.NETCore.App.Ref\8.0.20\ref/net8.0/System.Collections.Concurrent.dll
                 Private = 'false'
             C:\Program Files\dotnet\packs\Microsoft.NETCore.App.Ref\8.0.20\ref/net8.0/System.Collections.Immutable.dll
                 Private = 'false'
             C:\Program Files\dotnet\packs\Microsoft.NETCore.App.Ref\8.0.20\ref/net8.0/System.Collections.NonGeneric.dll
                 Private = 'false'
             C:\Program Files\dotnet\packs\Microsoft.NETCore.App.Ref\8.0.20\ref/net8.0/System.Collections.Specialized.dll
                 Private = 'false'
             C:\Program Files\dotnet\packs\Microsoft.NETCore.App.Ref\8.0.20\ref/net8.0/System.Collections.dll
                 Private = 'false'
             C:\Program Files\dotnet\packs\Microsoft.NETCore.App.Ref\8.0.20\ref/net8.0/System.ComponentModel.Annotations.dll
                 Private = 'false'
             C:\Program Files\dotnet\packs\Microsoft.NETCore.App.Ref\8.0.20\ref/net8.0/System.ComponentModel.DataAnnotations.dll
                 Private = 'false'
             C:\Program Files\dotnet\packs\Microsoft.NETCore.App.Ref\8.0.20\ref/net8.0/System.ComponentModel.EventBasedAsync.dll
                 Private = 'false'
             C:\Program Files\dotnet\packs\Microsoft.NETCore.App.Ref\8.0.20\ref/net8.0/System.ComponentModel.Primitives.dll
                 Private = 'false'
             C:\Program Files\dotnet\packs\Microsoft.NETCore.App.Ref\8.0.20\ref/net8.0/System.ComponentModel.TypeConverter.dll
                 Private = 'false'
             C:\Program Files\dotnet\packs\Microsoft.NETCore.App.Ref\8.0.20\ref/net8.0/System.ComponentModel.dll
                 Private = 'false'
             C:\Program Files\dotnet\packs\Microsoft.NETCore.App.Ref\8.0.20\ref/net8.0/System.Configuration.dll
                 Private = 'false'
             C:\Program Files\dotnet\packs\Microsoft.NETCore.App.Ref\8.0.20\ref/net8.0/System.Console.dll
                 Private = 'false'
             C:\Program Files\dotnet\packs\Microsoft.NETCore.App.Ref\8.0.20\ref/net8.0/System.Core.dll
                 Private = 'false'
             C:\Program Files\dotnet\packs\Microsoft.NETCore.App.Ref\8.0.20\ref/net8.0/System.Data.Common.dll
                 Private = 'false'
             C:\Program Files\dotnet\packs\Microsoft.NETCore.App.Ref\8.0.20\ref/net8.0/System.Data.DataSetExtensions.dll
                 Private = 'false'
             C:\Program Files\dotnet\packs\Microsoft.NETCore.App.Ref\8.0.20\ref/net8.0/System.Data.dll
                 Private = 'false'
             C:\Program Files\dotnet\packs\Microsoft.NETCore.App.Ref\8.0.20\ref/net8.0/System.Diagnostics.Contracts.dll
                 Private = 'false'
             C:\Program Files\dotnet\packs\Microsoft.NETCore.App.Ref\8.0.20\ref/net8.0/System.Diagnostics.Debug.dll
                 Private = 'false'
             C:\Program Files\dotnet\packs\Microsoft.NETCore.App.Ref\8.0.20\ref/net8.0/System.Diagnostics.DiagnosticSource.dll
                 Private = 'false'
             C:\Program Files\dotnet\packs\Microsoft.NETCore.App.Ref\8.0.20\ref/net8.0/System.Diagnostics.FileVersionInfo.dll
                 Private = 'false'
             C:\Program Files\dotnet\packs\Microsoft.NETCore.App.Ref\8.0.20\ref/net8.0/System.Diagnostics.Process.dll
                 Private = 'false'
             C:\Program Files\dotnet\packs\Microsoft.NETCore.App.Ref\8.0.20\ref/net8.0/System.Diagnostics.StackTrace.dll
                 Private = 'false'
             C:\Program Files\dotnet\packs\Microsoft.NETCore.App.Ref\8.0.20\ref/net8.0/System.Diagnostics.TextWriterTraceListener.dll
                 Private = 'false'
             C:\Program Files\dotnet\packs\Microsoft.NETCore.App.Ref\8.0.20\ref/net8.0/System.Diagnostics.Tools.dll
                 Private = 'false'
             C:\Program Files\dotnet\packs\Microsoft.NETCore.App.Ref\8.0.20\ref/net8.0/System.Diagnostics.TraceSource.dll
                 Private = 'false'
             C:\Program Files\dotnet\packs\Microsoft.NETCore.App.Ref\8.0.20\ref/net8.0/System.Diagnostics.Tracing.dll
                 Private = 'false'
             C:\Program Files\dotnet\packs\Microsoft.NETCore.App.Ref\8.0.20\ref/net8.0/System.Drawing.Primitives.dll
                 Private = 'false'
             C:\Program Files\dotnet\packs\Microsoft.NETCore.App.Ref\8.0.20\ref/net8.0/System.Drawing.dll
                 Private = 'false'
             C:\Program Files\dotnet\packs\Microsoft.NETCore.App.Ref\8.0.20\ref/net8.0/System.Dynamic.Runtime.dll
                 Private = 'false'
             C:\Program Files\dotnet\packs\Microsoft.NETCore.App.Ref\8.0.20\ref/net8.0/System.Formats.Asn1.dll
                 Private = 'false'
             C:\Program Files\dotnet\packs\Microsoft.NETCore.App.Ref\8.0.20\ref/net8.0/System.Formats.Tar.dll
                 Private = 'false'
             C:\Program Files\dotnet\packs\Microsoft.NETCore.App.Ref\8.0.20\ref/net8.0/System.Globalization.Calendars.dll
                 Private = 'false'
             C:\Program Files\dotnet\packs\Microsoft.NETCore.App.Ref\8.0.20\ref/net8.0/System.Globalization.Extensions.dll
                 Private = 'false'
             C:\Program Files\dotnet\packs\Microsoft.NETCore.App.Ref\8.0.20\ref/net8.0/System.Globalization.dll
                 Private = 'false'
             C:\Program Files\dotnet\packs\Microsoft.NETCore.App.Ref\8.0.20\ref/net8.0/System.IO.Compression.Brotli.dll
                 Private = 'false'
             C:\Program Files\dotnet\packs\Microsoft.NETCore.App.Ref\8.0.20\ref/net8.0/System.IO.Compression.FileSystem.dll
                 Private = 'false'
             C:\Program Files\dotnet\packs\Microsoft.NETCore.App.Ref\8.0.20\ref/net8.0/System.IO.Compression.ZipFile.dll
                 Private = 'false'
             C:\Program Files\dotnet\packs\Microsoft.NETCore.App.Ref\8.0.20\ref/net8.0/System.IO.Compression.dll
                 Private = 'false'
             C:\Program Files\dotnet\packs\Microsoft.NETCore.App.Ref\8.0.20\ref/net8.0/System.IO.FileSystem.AccessControl.dll
                 Private = 'false'
             C:\Program Files\dotnet\packs\Microsoft.NETCore.App.Ref\8.0.20\ref/net8.0/System.IO.FileSystem.DriveInfo.dll
                 Private = 'false'
             C:\Program Files\dotnet\packs\Microsoft.NETCore.App.Ref\8.0.20\ref/net8.0/System.IO.FileSystem.Primitives.dll
                 Private = 'false'
             C:\Program Files\dotnet\packs\Microsoft.NETCore.App.Ref\8.0.20\ref/net8.0/System.IO.FileSystem.Watcher.dll
                 Private = 'false'
             C:\Program Files\dotnet\packs\Microsoft.NETCore.App.Ref\8.0.20\ref/net8.0/System.IO.FileSystem.dll
                 Private = 'false'
             C:\Program Files\dotnet\packs\Microsoft.NETCore.App.Ref\8.0.20\ref/net8.0/System.IO.IsolatedStorage.dll
                 Private = 'false'
             C:\Program Files\dotnet\packs\Microsoft.NETCore.App.Ref\8.0.20\ref/net8.0/System.IO.MemoryMappedFiles.dll
                 Private = 'false'
             C:\Program Files\dotnet\packs\Microsoft.NETCore.App.Ref\8.0.20\ref/net8.0/System.IO.Pipes.AccessControl.dll
                 Private = 'false'
             C:\Program Files\dotnet\packs\Microsoft.NETCore.App.Ref\8.0.20\ref/net8.0/System.IO.Pipes.dll
                 Private = 'false'
             C:\Program Files\dotnet\packs\Microsoft.NETCore.App.Ref\8.0.20\ref/net8.0/System.IO.UnmanagedMemoryStream.dll
                 Private = 'false'
             C:\Program Files\dotnet\packs\Microsoft.NETCore.App.Ref\8.0.20\ref/net8.0/System.IO.dll
                 Private = 'false'
             C:\Program Files\dotnet\packs\Microsoft.NETCore.App.Ref\8.0.20\ref/net8.0/System.Linq.Expressions.dll
                 Private = 'false'
             C:\Program Files\dotnet\packs\Microsoft.NETCore.App.Ref\8.0.20\ref/net8.0/System.Linq.Parallel.dll
                 Private = 'false'
             C:\Program Files\dotnet\packs\Microsoft.NETCore.App.Ref\8.0.20\ref/net8.0/System.Linq.Queryable.dll
                 Private = 'false'
             C:\Program Files\dotnet\packs\Microsoft.NETCore.App.Ref\8.0.20\ref/net8.0/System.Linq.dll
                 Private = 'false'
             C:\Program Files\dotnet\packs\Microsoft.NETCore.App.Ref\8.0.20\ref/net8.0/System.Memory.dll
                 Private = 'false'
             C:\Program Files\dotnet\packs\Microsoft.NETCore.App.Ref\8.0.20\ref/net8.0/System.Net.Http.Json.dll
                 Private = 'false'
             C:\Program Files\dotnet\packs\Microsoft.NETCore.App.Ref\8.0.20\ref/net8.0/System.Net.Http.dll
                 Private = 'false'
             C:\Program Files\dotnet\packs\Microsoft.NETCore.App.Ref\8.0.20\ref/net8.0/System.Net.HttpListener.dll
                 Private = 'false'
             C:\Program Files\dotnet\packs\Microsoft.NETCore.App.Ref\8.0.20\ref/net8.0/System.Net.Mail.dll
                 Private = 'false'
             C:\Program Files\dotnet\packs\Microsoft.NETCore.App.Ref\8.0.20\ref/net8.0/System.Net.NameResolution.dll
                 Private = 'false'
             C:\Program Files\dotnet\packs\Microsoft.NETCore.App.Ref\8.0.20\ref/net8.0/System.Net.NetworkInformation.dll
                 Private = 'false'
             C:\Program Files\dotnet\packs\Microsoft.NETCore.App.Ref\8.0.20\ref/net8.0/System.Net.Ping.dll
                 Private = 'false'
             C:\Program Files\dotnet\packs\Microsoft.NETCore.App.Ref\8.0.20\ref/net8.0/System.Net.Primitives.dll
                 Private = 'false'
             C:\Program Files\dotnet\packs\Microsoft.NETCore.App.Ref\8.0.20\ref/net8.0/System.Net.Quic.dll
                 Private = 'false'
             C:\Program Files\dotnet\packs\Microsoft.NETCore.App.Ref\8.0.20\ref/net8.0/System.Net.Requests.dll
                 Private = 'false'
             C:\Program Files\dotnet\packs\Microsoft.NETCore.App.Ref\8.0.20\ref/net8.0/System.Net.Security.dll
                 Private = 'false'
             C:\Program Files\dotnet\packs\Microsoft.NETCore.App.Ref\8.0.20\ref/net8.0/System.Net.ServicePoint.dll
                 Private = 'false'
             C:\Program Files\dotnet\packs\Microsoft.NETCore.App.Ref\8.0.20\ref/net8.0/System.Net.Sockets.dll
                 Private = 'false'
             C:\Program Files\dotnet\packs\Microsoft.NETCore.App.Ref\8.0.20\ref/net8.0/System.Net.WebClient.dll
                 Private = 'false'
             C:\Program Files\dotnet\packs\Microsoft.NETCore.App.Ref\8.0.20\ref/net8.0/System.Net.WebHeaderCollection.dll
                 Private = 'false'
             C:\Program Files\dotnet\packs\Microsoft.NETCore.App.Ref\8.0.20\ref/net8.0/System.Net.WebProxy.dll
                 Private = 'false'
             C:\Program Files\dotnet\packs\Microsoft.NETCore.App.Ref\8.0.20\ref/net8.0/System.Net.WebSockets.Client.dll
                 Private = 'false'
             C:\Program Files\dotnet\packs\Microsoft.NETCore.App.Ref\8.0.20\ref/net8.0/System.Net.WebSockets.dll
                 Private = 'false'
             C:\Program Files\dotnet\packs\Microsoft.NETCore.App.Ref\8.0.20\ref/net8.0/System.Net.dll
                 Private = 'false'
             C:\Program Files\dotnet\packs\Microsoft.NETCore.App.Ref\8.0.20\ref/net8.0/System.Numerics.Vectors.dll
                 Private = 'false'
             C:\Program Files\dotnet\packs\Microsoft.NETCore.App.Ref\8.0.20\ref/net8.0/System.Numerics.dll
                 Private = 'false'
             C:\Program Files\dotnet\packs\Microsoft.NETCore.App.Ref\8.0.20\ref/net8.0/System.ObjectModel.dll
                 Private = 'false'
             C:\Program Files\dotnet\packs\Microsoft.NETCore.App.Ref\8.0.20\ref/net8.0/System.Reflection.DispatchProxy.dll
                 Private = 'false'
             C:\Program Files\dotnet\packs\Microsoft.NETCore.App.Ref\8.0.20\ref/net8.0/System.Reflection.Emit.ILGeneration.dll
                 Private = 'false'
             C:\Program Files\dotnet\packs\Microsoft.NETCore.App.Ref\8.0.20\ref/net8.0/System.Reflection.Emit.Lightweight.dll
                 Private = 'false'
             C:\Program Files\dotnet\packs\Microsoft.NETCore.App.Ref\8.0.20\ref/net8.0/System.Reflection.Emit.dll
                 Private = 'false'
             C:\Program Files\dotnet\packs\Microsoft.NETCore.App.Ref\8.0.20\ref/net8.0/System.Reflection.Extensions.dll
                 Private = 'false'
             C:\Program Files\dotnet\packs\Microsoft.NETCore.App.Ref\8.0.20\ref/net8.0/System.Reflection.Metadata.dll
                 Private = 'false'
             C:\Program Files\dotnet\packs\Microsoft.NETCore.App.Ref\8.0.20\ref/net8.0/System.Reflection.Primitives.dll
                 Private = 'false'
             C:\Program Files\dotnet\packs\Microsoft.NETCore.App.Ref\8.0.20\ref/net8.0/System.Reflection.TypeExtensions.dll
                 Private = 'false'
             C:\Program Files\dotnet\packs\Microsoft.NETCore.App.Ref\8.0.20\ref/net8.0/System.Reflection.dll
                 Private = 'false'
             C:\Program Files\dotnet\packs\Microsoft.NETCore.App.Ref\8.0.20\ref/net8.0/System.Resources.Reader.dll
                 Private = 'false'
             C:\Program Files\dotnet\packs\Microsoft.NETCore.App.Ref\8.0.20\ref/net8.0/System.Resources.ResourceManager.dll
                 Private = 'false'
             C:\Program Files\dotnet\packs\Microsoft.NETCore.App.Ref\8.0.20\ref/net8.0/System.Resources.Writer.dll
                 Private = 'false'
             C:\Program Files\dotnet\packs\Microsoft.NETCore.App.Ref\8.0.20\ref/net8.0/System.Runtime.CompilerServices.Unsafe.dll
                 Private = 'false'
             C:\Program Files\dotnet\packs\Microsoft.NETCore.App.Ref\8.0.20\ref/net8.0/System.Runtime.CompilerServices.VisualC.dll
                 Private = 'false'
             C:\Program Files\dotnet\packs\Microsoft.NETCore.App.Ref\8.0.20\ref/net8.0/System.Runtime.Extensions.dll
                 Private = 'false'
             C:\Program Files\dotnet\packs\Microsoft.NETCore.App.Ref\8.0.20\ref/net8.0/System.Runtime.Handles.dll
                 Private = 'false'
             C:\Program Files\dotnet\packs\Microsoft.NETCore.App.Ref\8.0.20\ref/net8.0/System.Runtime.InteropServices.JavaScript.dll
                 Private = 'false'
             C:\Program Files\dotnet\packs\Microsoft.NETCore.App.Ref\8.0.20\ref/net8.0/System.Runtime.InteropServices.RuntimeInformation.dll
                 Private = 'false'
             C:\Program Files\dotnet\packs\Microsoft.NETCore.App.Ref\8.0.20\ref/net8.0/System.Runtime.InteropServices.dll
                 Private = 'false'
             C:\Program Files\dotnet\packs\Microsoft.NETCore.App.Ref\8.0.20\ref/net8.0/System.Runtime.Intrinsics.dll
                 Private = 'false'
             C:\Program Files\dotnet\packs\Microsoft.NETCore.App.Ref\8.0.20\ref/net8.0/System.Runtime.Loader.dll
                 Private = 'false'
             C:\Program Files\dotnet\packs\Microsoft.NETCore.App.Ref\8.0.20\ref/net8.0/System.Runtime.Numerics.dll
                 Private = 'false'
             C:\Program Files\dotnet\packs\Microsoft.NETCore.App.Ref\8.0.20\ref/net8.0/System.Runtime.Serialization.Formatters.dll
                 Private = 'false'
             C:\Program Files\dotnet\packs\Microsoft.NETCore.App.Ref\8.0.20\ref/net8.0/System.Runtime.Serialization.Json.dll
                 Private = 'false'
             C:\Program Files\dotnet\packs\Microsoft.NETCore.App.Ref\8.0.20\ref/net8.0/System.Runtime.Serialization.Primitives.dll
                 Private = 'false'
             C:\Program Files\dotnet\packs\Microsoft.NETCore.App.Ref\8.0.20\ref/net8.0/System.Runtime.Serialization.Xml.dll
                 Private = 'false'
             C:\Program Files\dotnet\packs\Microsoft.NETCore.App.Ref\8.0.20\ref/net8.0/System.Runtime.Serialization.dll
                 Private = 'false'
             C:\Program Files\dotnet\packs\Microsoft.NETCore.App.Ref\8.0.20\ref/net8.0/System.Runtime.dll
                 Private = 'false'
             C:\Program Files\dotnet\packs\Microsoft.NETCore.App.Ref\8.0.20\ref/net8.0/System.Security.AccessControl.dll
                 Private = 'false'
             C:\Program Files\dotnet\packs\Microsoft.NETCore.App.Ref\8.0.20\ref/net8.0/System.Security.Claims.dll
                 Private = 'false'
             C:\Program Files\dotnet\packs\Microsoft.NETCore.App.Ref\8.0.20\ref/net8.0/System.Security.Cryptography.Algorithms.dll
                 Private = 'false'
             C:\Program Files\dotnet\packs\Microsoft.NETCore.App.Ref\8.0.20\ref/net8.0/System.Security.Cryptography.Cng.dll
                 Private = 'false'
             C:\Program Files\dotnet\packs\Microsoft.NETCore.App.Ref\8.0.20\ref/net8.0/System.Security.Cryptography.Csp.dll
                 Private = 'false'
             C:\Program Files\dotnet\packs\Microsoft.NETCore.App.Ref\8.0.20\ref/net8.0/System.Security.Cryptography.Encoding.dll
                 Private = 'false'
             C:\Program Files\dotnet\packs\Microsoft.NETCore.App.Ref\8.0.20\ref/net8.0/System.Security.Cryptography.OpenSsl.dll
                 Private = 'false'
             C:\Program Files\dotnet\packs\Microsoft.NETCore.App.Ref\8.0.20\ref/net8.0/System.Security.Cryptography.Primitives.dll
                 Private = 'false'
             C:\Program Files\dotnet\packs\Microsoft.NETCore.App.Ref\8.0.20\ref/net8.0/System.Security.Cryptography.X509Certificates.dll
                 Private = 'false'
             C:\Program Files\dotnet\packs\Microsoft.NETCore.App.Ref\8.0.20\ref/net8.0/System.Security.Cryptography.dll
                 Private = 'false'
             C:\Program Files\dotnet\packs\Microsoft.NETCore.App.Ref\8.0.20\ref/net8.0/System.Security.Principal.Windows.dll
                 Private = 'false'
             C:\Program Files\dotnet\packs\Microsoft.NETCore.App.Ref\8.0.20\ref/net8.0/System.Security.Principal.dll
                 Private = 'false'
             C:\Program Files\dotnet\packs\Microsoft.NETCore.App.Ref\8.0.20\ref/net8.0/System.Security.SecureString.dll
                 Private = 'false'
             C:\Program Files\dotnet\packs\Microsoft.NETCore.App.Ref\8.0.20\ref/net8.0/System.Security.dll
                 Private = 'false'
             C:\Program Files\dotnet\packs\Microsoft.NETCore.App.Ref\8.0.20\ref/net8.0/System.ServiceModel.Web.dll
                 Private = 'false'
             C:\Program Files\dotnet\packs\Microsoft.NETCore.App.Ref\8.0.20\ref/net8.0/System.ServiceProcess.dll
                 Private = 'false'
             C:\Program Files\dotnet\packs\Microsoft.NETCore.App.Ref\8.0.20\ref/net8.0/System.Text.Encoding.CodePages.dll
                 Private = 'false'
             C:\Program Files\dotnet\packs\Microsoft.NETCore.App.Ref\8.0.20\ref/net8.0/System.Text.Encoding.Extensions.dll
                 Private = 'false'
             C:\Program Files\dotnet\packs\Microsoft.NETCore.App.Ref\8.0.20\ref/net8.0/System.Text.Encoding.dll
                 Private = 'false'
             C:\Program Files\dotnet\packs\Microsoft.NETCore.App.Ref\8.0.20\ref/net8.0/System.Text.Encodings.Web.dll
                 Private = 'false'
             C:\Program Files\dotnet\packs\Microsoft.NETCore.App.Ref\8.0.20\ref/net8.0/System.Text.Json.dll
                 Private = 'false'
             C:\Program Files\dotnet\packs\Microsoft.NETCore.App.Ref\8.0.20\ref/net8.0/System.Text.RegularExpressions.dll
                 Private = 'false'
             C:\Program Files\dotnet\packs\Microsoft.NETCore.App.Ref\8.0.20\ref/net8.0/System.Threading.Channels.dll
                 Private = 'false'
             C:\Program Files\dotnet\packs\Microsoft.NETCore.App.Ref\8.0.20\ref/net8.0/System.Threading.Overlapped.dll
                 Private = 'false'
             C:\Program Files\dotnet\packs\Microsoft.NETCore.App.Ref\8.0.20\ref/net8.0/System.Threading.Tasks.Dataflow.dll
                 Private = 'false'
             C:\Program Files\dotnet\packs\Microsoft.NETCore.App.Ref\8.0.20\ref/net8.0/System.Threading.Tasks.Extensions.dll
                 Private = 'false'
             C:\Program Files\dotnet\packs\Microsoft.NETCore.App.Ref\8.0.20\ref/net8.0/System.Threading.Tasks.Parallel.dll
                 Private = 'false'
             C:\Program Files\dotnet\packs\Microsoft.NETCore.App.Ref\8.0.20\ref/net8.0/System.Threading.Tasks.dll
                 Private = 'false'
             C:\Program Files\dotnet\packs\Microsoft.NETCore.App.Ref\8.0.20\ref/net8.0/System.Threading.Thread.dll
                 Private = 'false'
             C:\Program Files\dotnet\packs\Microsoft.NETCore.App.Ref\8.0.20\ref/net8.0/System.Threading.ThreadPool.dll
                 Private = 'false'
             C:\Program Files\dotnet\packs\Microsoft.NETCore.App.Ref\8.0.20\ref/net8.0/System.Threading.Timer.dll
                 Private = 'false'
             C:\Program Files\dotnet\packs\Microsoft.NETCore.App.Ref\8.0.20\ref/net8.0/System.Threading.dll
                 Private = 'false'
             C:\Program Files\dotnet\packs\Microsoft.NETCore.App.Ref\8.0.20\ref/net8.0/System.Transactions.Local.dll
                 Private = 'false'
             C:\Program Files\dotnet\packs\Microsoft.NETCore.App.Ref\8.0.20\ref/net8.0/System.Transactions.dll
                 Private = 'false'
             C:\Program Files\dotnet\packs\Microsoft.NETCore.App.Ref\8.0.20\ref/net8.0/System.ValueTuple.dll
                 Private = 'false'
             C:\Program Files\dotnet\packs\Microsoft.NETCore.App.Ref\8.0.20\ref/net8.0/System.Web.HttpUtility.dll
                 Private = 'false'
             C:\Program Files\dotnet\packs\Microsoft.NETCore.App.Ref\8.0.20\ref/net8.0/System.Web.dll
                 Private = 'false'
             C:\Program Files\dotnet\packs\Microsoft.NETCore.App.Ref\8.0.20\ref/net8.0/System.Windows.dll
                 Private = 'false'
             C:\Program Files\dotnet\packs\Microsoft.NETCore.App.Ref\8.0.20\ref/net8.0/System.Xml.Linq.dll
                 Private = 'false'
             C:\Program Files\dotnet\packs\Microsoft.NETCore.App.Ref\8.0.20\ref/net8.0/System.Xml.ReaderWriter.dll
                 Private = 'false'
             C:\Program Files\dotnet\packs\Microsoft.NETCore.App.Ref\8.0.20\ref/net8.0/System.Xml.Serialization.dll
                 Private = 'false'
             C:\Program Files\dotnet\packs\Microsoft.NETCore.App.Ref\8.0.20\ref/net8.0/System.Xml.XDocument.dll
                 Private = 'false'
             C:\Program Files\dotnet\packs\Microsoft.NETCore.App.Ref\8.0.20\ref/net8.0/System.Xml.XPath.XDocument.dll
                 Private = 'false'
             C:\Program Files\dotnet\packs\Microsoft.NETCore.App.Ref\8.0.20\ref/net8.0/System.Xml.XPath.dll
                 Private = 'false'
             C:\Program Files\dotnet\packs\Microsoft.NETCore.App.Ref\8.0.20\ref/net8.0/System.Xml.XmlDocument.dll
                 Private = 'false'
             C:\Program Files\dotnet\packs\Microsoft.NETCore.App.Ref\8.0.20\ref/net8.0/System.Xml.XmlSerializer.dll
                 Private = 'false'
             C:\Program Files\dotnet\packs\Microsoft.NETCore.App.Ref\8.0.20\ref/net8.0/System.Xml.dll
                 Private = 'false'
             C:\Program Files\dotnet\packs\Microsoft.NETCore.App.Ref\8.0.20\ref/net8.0/System.dll
                 Private = 'false'
             C:\Program Files\dotnet\packs\Microsoft.NETCore.App.Ref\8.0.20\ref/net8.0/WindowsBase.dll
                 Private = 'false'
             C:\Program Files\dotnet\packs\Microsoft.NETCore.App.Ref\8.0.20\ref/net8.0/mscorlib.dll
                 Private = 'false'
             C:\Program Files\dotnet\packs\Microsoft.NETCore.App.Ref\8.0.20\ref/net8.0/netstandard.dll
                 Private = 'false'
             C:\Users\rober\.nuget\packages\microsoft.android.ref.34\34.0.154\ref\net8.0\Java.Interop.dll
                 Private = 'false'
             C:\Users\rober\.nuget\packages\microsoft.android.ref.34\34.0.154\ref\net8.0\Mono.Android.Export.dll
                 Private = 'false'
             C:\Users\rober\.nuget\packages\microsoft.android.ref.34\34.0.154\ref\net8.0\Mono.Android.Runtime.dll
                 Private = 'false'
             C:\Users\rober\.nuget\packages\microsoft.android.ref.34\34.0.154\ref\net8.0\Mono.Android.dll
                 Private = 'false'
             C:\Users\rober\.nuget\packages\communitytoolkit.maui\9.1.0\lib\net8.0-android34.0\CommunityToolkit.Maui.dll
                 Private = 'false'
                 HintPath = 'C:\Users\rober\.nuget\packages\communitytoolkit.maui\9.1.0\lib\net8.0-android34.0\CommunityToolkit.Maui.dll'
             C:\Users\rober\.nuget\packages\communitytoolkit.maui.core\9.1.0\lib\net8.0-android34.0\CommunityToolkit.Maui.Core.dll
                 Private = 'false'
                 HintPath = 'C:\Users\rober\.nuget\packages\communitytoolkit.maui.core\9.1.0\lib\net8.0-android34.0\CommunityToolkit.Maui.Core.dll'
             C:\Users\rober\.nuget\packages\communitytoolkit.mvvm\8.3.2\lib\net8.0\CommunityToolkit.Mvvm.dll
                 Private = 'false'
                 HintPath = 'C:\Users\rober\.nuget\packages\communitytoolkit.mvvm\8.3.2\lib\net8.0\CommunityToolkit.Mvvm.dll'
             C:\Users\rober\.nuget\packages\exceldatareader\3.7.0\lib\netstandard2.1\ExcelDataReader.dll
                 Private = 'false'
                 HintPath = 'C:\Users\rober\.nuget\packages\exceldatareader\3.7.0\lib\netstandard2.1\ExcelDataReader.dll'
             C:\Users\rober\.nuget\packages\exceldatareader.dataset\3.7.0\lib\netstandard2.1\ExcelDataReader.DataSet.dll
                 Private = 'false'
                 HintPath = 'C:\Users\rober\.nuget\packages\exceldatareader.dataset\3.7.0\lib\netstandard2.1\ExcelDataReader.DataSet.dll'
             C:\Users\rober\.nuget\packages\googlegson\2.10.1.4\lib\net6.0-android31.0\GoogleGson.dll
                 Private = 'false'
                 HintPath = 'C:\Users\rober\.nuget\packages\googlegson\2.10.1.4\lib\net6.0-android31.0\GoogleGson.dll'
             C:\Users\rober\.nuget\packages\harfbuzzsharp\7.3.0\lib\net6.0-android30.0\HarfBuzzSharp.dll
                 Private = 'false'
                 HintPath = 'C:\Users\rober\.nuget\packages\harfbuzzsharp\7.3.0\lib\net6.0-android30.0\HarfBuzzSharp.dll'
             C:\Users\rober\.nuget\packages\livechartscore\2.0.0-rc2\lib\net6.0-android31.0\LiveChartsCore.dll
                 Private = 'false'
                 HintPath = 'C:\Users\rober\.nuget\packages\livechartscore\2.0.0-rc2\lib\net6.0-android31.0\LiveChartsCore.dll'
             C:\Users\rober\.nuget\packages\livechartscore.behaviours\2.0.0-rc2\lib\net7.0-android31.0\LiveChartsCore.Behaviours.dll
                 Private = 'false'
                 HintPath = 'C:\Users\rober\.nuget\packages\livechartscore.behaviours\2.0.0-rc2\lib\net7.0-android31.0\LiveChartsCore.Behaviours.dll'
             C:\Users\rober\.nuget\packages\livechartscore.skiasharpview\2.0.0-rc2\lib\net6.0-android31.0\LiveChartsCore.SkiaSharpView.dll
                 Private = 'false'
                 HintPath = 'C:\Users\rober\.nuget\packages\livechartscore.skiasharpview\2.0.0-rc2\lib\net6.0-android31.0\LiveChartsCore.SkiaSharpView.dll'
             C:\Users\rober\.nuget\packages\livechartscore.skiasharpview.maui\2.0.0-rc2\lib\net6.0-android31.0\LiveChartsCore.SkiaSharpView.Maui.dll
                 Private = 'false'
                 HintPath = 'C:\Users\rober\.nuget\packages\livechartscore.skiasharpview.maui\2.0.0-rc2\lib\net6.0-android31.0\LiveChartsCore.SkiaSharpView.Maui.dll'
             C:\Users\rober\.nuget\packages\microsoft.aspnetcore.connections.abstractions\2.2.0\lib\netstandard2.0\Microsoft.AspNetCore.Connections.Abstractions.dll
                 Private = 'false'
                 HintPath = 'C:\Users\rober\.nuget\packages\microsoft.aspnetcore.connections.abstractions\2.2.0\lib\netstandard2.0\Microsoft.AspNetCore.Connections.Abstractions.dll'
             C:\Users\rober\.nuget\packages\microsoft.aspnetcore.hosting\2.2.0\lib\netstandard2.0\Microsoft.AspNetCore.Hosting.dll
                 Private = 'false'
                 HintPath = 'C:\Users\rober\.nuget\packages\microsoft.aspnetcore.hosting\2.2.0\lib\netstandard2.0\Microsoft.AspNetCore.Hosting.dll'
             C:\Users\rober\.nuget\packages\microsoft.aspnetcore.hosting.abstractions\2.2.0\lib\netstandard2.0\Microsoft.AspNetCore.Hosting.Abstractions.dll
                 Private = 'false'
                 HintPath = 'C:\Users\rober\.nuget\packages\microsoft.aspnetcore.hosting.abstractions\2.2.0\lib\netstandard2.0\Microsoft.AspNetCore.Hosting.Abstractions.dll'
             C:\Users\rober\.nuget\packages\microsoft.aspnetcore.hosting.server.abstractions\2.2.0\lib\netstandard2.0\Microsoft.AspNetCore.Hosting.Server.Abstractions.dll
                 Private = 'false'
                 HintPath = 'C:\Users\rober\.nuget\packages\microsoft.aspnetcore.hosting.server.abstractions\2.2.0\lib\netstandard2.0\Microsoft.AspNetCore.Hosting.Server.Abstractions.dll'
             C:\Users\rober\.nuget\packages\microsoft.aspnetcore.http\2.2.0\lib\netstandard2.0\Microsoft.AspNetCore.Http.dll
                 Private = 'false'
                 HintPath = 'C:\Users\rober\.nuget\packages\microsoft.aspnetcore.http\2.2.0\lib\netstandard2.0\Microsoft.AspNetCore.Http.dll'
             C:\Users\rober\.nuget\packages\microsoft.aspnetcore.http.abstractions\2.2.0\lib\netstandard2.0\Microsoft.AspNetCore.Http.Abstractions.dll
                 Private = 'false'
                 HintPath = 'C:\Users\rober\.nuget\packages\microsoft.aspnetcore.http.abstractions\2.2.0\lib\netstandard2.0\Microsoft.AspNetCore.Http.Abstractions.dll'
             C:\Users\rober\.nuget\packages\microsoft.aspnetcore.http.extensions\2.2.0\lib\netstandard2.0\Microsoft.AspNetCore.Http.Extensions.dll
                 Private = 'false'
                 HintPath = 'C:\Users\rober\.nuget\packages\microsoft.aspnetcore.http.extensions\2.2.0\lib\netstandard2.0\Microsoft.AspNetCore.Http.Extensions.dll'
             C:\Users\rober\.nuget\packages\microsoft.aspnetcore.http.features\2.2.0\lib\netstandard2.0\Microsoft.AspNetCore.Http.Features.dll
                 Private = 'false'
                 HintPath = 'C:\Users\rober\.nuget\packages\microsoft.aspnetcore.http.features\2.2.0\lib\netstandard2.0\Microsoft.AspNetCore.Http.Features.dll'
             C:\Users\rober\.nuget\packages\microsoft.aspnetcore.server.kestrel\2.2.0\lib\netstandard2.0\Microsoft.AspNetCore.Server.Kestrel.dll
                 Private = 'false'
                 HintPath = 'C:\Users\rober\.nuget\packages\microsoft.aspnetcore.server.kestrel\2.2.0\lib\netstandard2.0\Microsoft.AspNetCore.Server.Kestrel.dll'
             C:\Users\rober\.nuget\packages\microsoft.aspnetcore.server.kestrel.core\2.2.0\lib\netcoreapp2.1\Microsoft.AspNetCore.Server.Kestrel.Core.dll
                 Private = 'false'
                 HintPath = 'C:\Users\rober\.nuget\packages\microsoft.aspnetcore.server.kestrel.core\2.2.0\lib\netcoreapp2.1\Microsoft.AspNetCore.Server.Kestrel.Core.dll'
             C:\Users\rober\.nuget\packages\microsoft.aspnetcore.server.kestrel.https\2.2.0\lib\netcoreapp2.1\Microsoft.AspNetCore.Server.Kestrel.Https.dll
                 Private = 'false'
                 HintPath = 'C:\Users\rober\.nuget\packages\microsoft.aspnetcore.server.kestrel.https\2.2.0\lib\netcoreapp2.1\Microsoft.AspNetCore.Server.Kestrel.Https.dll'
             C:\Users\rober\.nuget\packages\microsoft.aspnetcore.server.kestrel.transport.abstractions\2.2.0\lib\netstandard2.0\Microsoft.AspNetCore.Server.Kestrel.Transport.Abstractions.dll
                 Private = 'false'
                 HintPath = 'C:\Users\rober\.nuget\packages\microsoft.aspnetcore.server.kestrel.transport.abstractions\2.2.0\lib\netstandard2.0\Microsoft.AspNetCore.Server.Kestrel.Transport.Abstractions.dll'
             C:\Users\rober\.nuget\packages\microsoft.aspnetcore.server.kestrel.transport.sockets\2.2.0\lib\netcoreapp2.1\Microsoft.AspNetCore.Server.Kestrel.Transport.Sockets.dll
                 Private = 'false'
                 HintPath = 'C:\Users\rober\.nuget\packages\microsoft.aspnetcore.server.kestrel.transport.sockets\2.2.0\lib\netcoreapp2.1\Microsoft.AspNetCore.Server.Kestrel.Transport.Sockets.dll'
             C:\Users\rober\.nuget\packages\microsoft.aspnetcore.webutilities\2.2.0\lib\netstandard2.0\Microsoft.AspNetCore.WebUtilities.dll
                 Private = 'false'
                 HintPath = 'C:\Users\rober\.nuget\packages\microsoft.aspnetcore.webutilities\2.2.0\lib\netstandard2.0\Microsoft.AspNetCore.WebUtilities.dll'
             C:\Users\rober\.nuget\packages\microsoft.extensions.configuration\8.0.0\lib\net8.0\Microsoft.Extensions.Configuration.dll
                 Private = 'false'
                 HintPath = 'C:\Users\rober\.nuget\packages\microsoft.extensions.configuration\8.0.0\lib\net8.0\Microsoft.Extensions.Configuration.dll'
             C:\Users\rober\.nuget\packages\microsoft.extensions.configuration.abstractions\8.0.0\lib\net8.0\Microsoft.Extensions.Configuration.Abstractions.dll
                 Private = 'false'
                 HintPath = 'C:\Users\rober\.nuget\packages\microsoft.extensions.configuration.abstractions\8.0.0\lib\net8.0\Microsoft.Extensions.Configuration.Abstractions.dll'
             C:\Users\rober\.nuget\packages\microsoft.extensions.configuration.binder\2.2.0\lib\netstandard2.0\Microsoft.Extensions.Configuration.Binder.dll
                 Private = 'false'
                 HintPath = 'C:\Users\rober\.nuget\packages\microsoft.extensions.configuration.binder\2.2.0\lib\netstandard2.0\Microsoft.Extensions.Configuration.Binder.dll'
             C:\Users\rober\.nuget\packages\microsoft.extensions.configuration.environmentvariables\2.2.0\lib\netstandard2.0\Microsoft.Extensions.Configuration.EnvironmentVariables.dll
                 Private = 'false'
                 HintPath = 'C:\Users\rober\.nuget\packages\microsoft.extensions.configuration.environmentvariables\2.2.0\lib\netstandard2.0\Microsoft.Extensions.Configuration.EnvironmentVariables.dll'
             C:\Users\rober\.nuget\packages\microsoft.extensions.configuration.fileextensions\2.2.0\lib\netstandard2.0\Microsoft.Extensions.Configuration.FileExtensions.dll
                 Private = 'false'
                 HintPath = 'C:\Users\rober\.nuget\packages\microsoft.extensions.configuration.fileextensions\2.2.0\lib\netstandard2.0\Microsoft.Extensions.Configuration.FileExtensions.dll'
             C:\Users\rober\.nuget\packages\microsoft.extensions.dependencyinjection\8.0.0\lib\net8.0\Microsoft.Extensions.DependencyInjection.dll
                 Private = 'false'
                 HintPath = 'C:\Users\rober\.nuget\packages\microsoft.extensions.dependencyinjection\8.0.0\lib\net8.0\Microsoft.Extensions.DependencyInjection.dll'
             C:\Users\rober\.nuget\packages\microsoft.extensions.dependencyinjection.abstractions\8.0.0\lib\net8.0\Microsoft.Extensions.DependencyInjection.Abstractions.dll
                 Private = 'false'
                 HintPath = 'C:\Users\rober\.nuget\packages\microsoft.extensions.dependencyinjection.abstractions\8.0.0\lib\net8.0\Microsoft.Extensions.DependencyInjection.Abstractions.dll'
             C:\Users\rober\.nuget\packages\microsoft.extensions.fileproviders.abstractions\2.2.0\lib\netstandard2.0\Microsoft.Extensions.FileProviders.Abstractions.dll
                 Private = 'false'
                 HintPath = 'C:\Users\rober\.nuget\packages\microsoft.extensions.fileproviders.abstractions\2.2.0\lib\netstandard2.0\Microsoft.Extensions.FileProviders.Abstractions.dll'
             C:\Users\rober\.nuget\packages\microsoft.extensions.fileproviders.physical\2.2.0\lib\netstandard2.0\Microsoft.Extensions.FileProviders.Physical.dll
                 Private = 'false'
                 HintPath = 'C:\Users\rober\.nuget\packages\microsoft.extensions.fileproviders.physical\2.2.0\lib\netstandard2.0\Microsoft.Extensions.FileProviders.Physical.dll'
             C:\Users\rober\.nuget\packages\microsoft.extensions.filesystemglobbing\2.2.0\lib\netstandard2.0\Microsoft.Extensions.FileSystemGlobbing.dll
                 Private = 'false'
                 HintPath = 'C:\Users\rober\.nuget\packages\microsoft.extensions.filesystemglobbing\2.2.0\lib\netstandard2.0\Microsoft.Extensions.FileSystemGlobbing.dll'
             C:\Users\rober\.nuget\packages\microsoft.extensions.hosting.abstractions\2.2.0\lib\netstandard2.0\Microsoft.Extensions.Hosting.Abstractions.dll
                 Private = 'false'
                 HintPath = 'C:\Users\rober\.nuget\packages\microsoft.extensions.hosting.abstractions\2.2.0\lib\netstandard2.0\Microsoft.Extensions.Hosting.Abstractions.dll'
             C:\Users\rober\.nuget\packages\microsoft.extensions.logging\8.0.0\lib\net8.0\Microsoft.Extensions.Logging.dll
                 Private = 'false'
                 HintPath = 'C:\Users\rober\.nuget\packages\microsoft.extensions.logging\8.0.0\lib\net8.0\Microsoft.Extensions.Logging.dll'
             C:\Users\rober\.nuget\packages\microsoft.extensions.logging.abstractions\8.0.0\lib\net8.0\Microsoft.Extensions.Logging.Abstractions.dll
                 Private = 'false'
                 HintPath = 'C:\Users\rober\.nuget\packages\microsoft.extensions.logging.abstractions\8.0.0\lib\net8.0\Microsoft.Extensions.Logging.Abstractions.dll'
             C:\Users\rober\.nuget\packages\microsoft.extensions.logging.debug\8.0.0\lib\net8.0\Microsoft.Extensions.Logging.Debug.dll
                 Private = 'false'
                 HintPath = 'C:\Users\rober\.nuget\packages\microsoft.extensions.logging.debug\8.0.0\lib\net8.0\Microsoft.Extensions.Logging.Debug.dll'
             C:\Users\rober\.nuget\packages\microsoft.extensions.objectpool\2.2.0\lib\netstandard2.0\Microsoft.Extensions.ObjectPool.dll
                 Private = 'false'
                 HintPath = 'C:\Users\rober\.nuget\packages\microsoft.extensions.objectpool\2.2.0\lib\netstandard2.0\Microsoft.Extensions.ObjectPool.dll'
             C:\Users\rober\.nuget\packages\microsoft.extensions.options\8.0.0\lib\net8.0\Microsoft.Extensions.Options.dll
                 Private = 'false'
                 HintPath = 'C:\Users\rober\.nuget\packages\microsoft.extensions.options\8.0.0\lib\net8.0\Microsoft.Extensions.Options.dll'
             C:\Users\rober\.nuget\packages\microsoft.extensions.primitives\8.0.0\lib\net8.0\Microsoft.Extensions.Primitives.dll
                 Private = 'false'
                 HintPath = 'C:\Users\rober\.nuget\packages\microsoft.extensions.primitives\8.0.0\lib\net8.0\Microsoft.Extensions.Primitives.dll'
             C:\Users\rober\.nuget\packages\microsoft.maui.controls.compatibility\8.0.90\lib\net8.0-android34.0\Microsoft.Maui.Controls.Compatibility.dll
                 Private = 'false'
                 HintPath = 'C:\Users\rober\.nuget\packages\microsoft.maui.controls.compatibility\8.0.90\lib\net8.0-android34.0\Microsoft.Maui.Controls.Compatibility.dll'
             C:\Users\rober\.nuget\packages\microsoft.maui.controls.core\8.0.90\lib\net8.0-android34.0\Microsoft.Maui.Controls.dll
                 Private = 'false'
                 HintPath = 'C:\Users\rober\.nuget\packages\microsoft.maui.controls.core\8.0.90\lib\net8.0-android34.0\Microsoft.Maui.Controls.dll'
             C:\Users\rober\.nuget\packages\microsoft.maui.controls.xaml\8.0.90\lib\net8.0-android34.0\Microsoft.Maui.Controls.Xaml.dll
                 Private = 'false'
                 HintPath = 'C:\Users\rober\.nuget\packages\microsoft.maui.controls.xaml\8.0.90\lib\net8.0-android34.0\Microsoft.Maui.Controls.Xaml.dll'
             C:\Users\rober\.nuget\packages\microsoft.maui.core\8.0.90\lib\net8.0-android34.0\Microsoft.Maui.dll
                 Private = 'false'
                 HintPath = 'C:\Users\rober\.nuget\packages\microsoft.maui.core\8.0.90\lib\net8.0-android34.0\Microsoft.Maui.dll'
             C:\Users\rober\.nuget\packages\microsoft.maui.essentials\8.0.90\lib\net8.0-android34.0\Microsoft.Maui.Essentials.dll
                 Private = 'false'
                 HintPath = 'C:\Users\rober\.nuget\packages\microsoft.maui.essentials\8.0.90\lib\net8.0-android34.0\Microsoft.Maui.Essentials.dll'
             C:\Users\rober\.nuget\packages\microsoft.maui.graphics\8.0.90\lib\net8.0-android34.0\Microsoft.Maui.Graphics.dll
                 Private = 'false'
                 HintPath = 'C:\Users\rober\.nuget\packages\microsoft.maui.graphics\8.0.90\lib\net8.0-android34.0\Microsoft.Maui.Graphics.dll'
             C:\Users\rober\.nuget\packages\microsoft.net.http.headers\2.2.0\lib\netstandard2.0\Microsoft.Net.Http.Headers.dll
                 Private = 'false'
                 HintPath = 'C:\Users\rober\.nuget\packages\microsoft.net.http.headers\2.2.0\lib\netstandard2.0\Microsoft.Net.Http.Headers.dll'
             C:\Users\rober\.nuget\packages\newtonsoft.json\13.0.3\lib\net6.0\Newtonsoft.Json.dll
                 Private = 'false'
                 HintPath = 'C:\Users\rober\.nuget\packages\newtonsoft.json\13.0.3\lib\net6.0\Newtonsoft.Json.dll'
             C:\Users\rober\.nuget\packages\plugin.fingerprint\3.0.0-beta.1\lib\net6.0-android31.0\Plugin.Fingerprint.dll
                 Private = 'false'
                 HintPath = 'C:\Users\rober\.nuget\packages\plugin.fingerprint\3.0.0-beta.1\lib\net6.0-android31.0\Plugin.Fingerprint.dll'
             C:\Users\rober\.nuget\packages\serilog\4.1.0\lib\net8.0\Serilog.dll
                 Private = 'false'
                 HintPath = 'C:\Users\rober\.nuget\packages\serilog\4.1.0\lib\net8.0\Serilog.dll'
             C:\Users\rober\.nuget\packages\serilog.extensions.logging\8.0.0\lib\net8.0\Serilog.Extensions.Logging.dll
                 Private = 'false'
                 HintPath = 'C:\Users\rober\.nuget\packages\serilog.extensions.logging\8.0.0\lib\net8.0\Serilog.Extensions.Logging.dll'
             C:\Users\rober\.nuget\packages\serilog.sinks.file\6.0.0\lib\net8.0\Serilog.Sinks.File.dll
                 Private = 'false'
                 HintPath = 'C:\Users\rober\.nuget\packages\serilog.sinks.file\6.0.0\lib\net8.0\Serilog.Sinks.File.dll'
             C:\Users\rober\.nuget\packages\skiasharp\2.88.6\lib\net6.0-android30.0\SkiaSharp.dll
                 Private = 'false'
                 HintPath = 'C:\Users\rober\.nuget\packages\skiasharp\2.88.6\lib\net6.0-android30.0\SkiaSharp.dll'
             C:\Users\rober\.nuget\packages\skiasharp.harfbuzz\2.88.6\lib\net6.0\SkiaSharp.HarfBuzz.dll
                 Private = 'false'
                 HintPath = 'C:\Users\rober\.nuget\packages\skiasharp.harfbuzz\2.88.6\lib\net6.0\SkiaSharp.HarfBuzz.dll'
             C:\Users\rober\.nuget\packages\skiasharp.views\2.88.6\lib\net6.0-android30.0\SkiaSharp.Views.Android.dll
                 Private = 'false'
                 HintPath = 'C:\Users\rober\.nuget\packages\skiasharp.views\2.88.6\lib\net6.0-android30.0\SkiaSharp.Views.Android.dll'
             C:\Users\rober\.nuget\packages\skiasharp.views.maui.controls\2.88.6\lib\net6.0-android30.0\SkiaSharp.Views.Maui.Controls.dll
                 Private = 'false'
                 HintPath = 'C:\Users\rober\.nuget\packages\skiasharp.views.maui.controls\2.88.6\lib\net6.0-android30.0\SkiaSharp.Views.Maui.Controls.dll'
             C:\Users\rober\.nuget\packages\skiasharp.views.maui.controls.compatibility\2.88.6\lib\net6.0-android30.0\SkiaSharp.Views.Maui.Controls.Compatibility.dll
                 Private = 'false'
                 HintPath = 'C:\Users\rober\.nuget\packages\skiasharp.views.maui.controls.compatibility\2.88.6\lib\net6.0-android30.0\SkiaSharp.Views.Maui.Controls.Compatibility.dll'
             C:\Users\rober\.nuget\packages\skiasharp.views.maui.core\2.88.6\lib\net6.0-android30.0\SkiaSharp.Views.Maui.Core.dll
                 Private = 'false'
                 HintPath = 'C:\Users\rober\.nuget\packages\skiasharp.views.maui.core\2.88.6\lib\net6.0-android30.0\SkiaSharp.Views.Maui.Core.dll'
             C:\Users\rober\.nuget\packages\sqlite-net-pcl\1.8.116\lib\netstandard2.0\SQLite-net.dll
                 Private = 'false'
                 HintPath = 'C:\Users\rober\.nuget\packages\sqlite-net-pcl\1.8.116\lib\netstandard2.0\SQLite-net.dll'
             C:\Users\rober\.nuget\packages\sqlitepclraw.bundle_green\2.1.8\lib\net6.0-android31.0\SQLitePCLRaw.batteries_v2.dll
                 Private = 'false'
                 HintPath = 'C:\Users\rober\.nuget\packages\sqlitepclraw.bundle_green\2.1.8\lib\net6.0-android31.0\SQLitePCLRaw.batteries_v2.dll'
             C:\Users\rober\.nuget\packages\sqlitepclraw.core\2.1.8\lib\netstandard2.0\SQLitePCLRaw.core.dll
                 Private = 'false'
                 HintPath = 'C:\Users\rober\.nuget\packages\sqlitepclraw.core\2.1.8\lib\netstandard2.0\SQLitePCLRaw.core.dll'
             C:\Users\rober\.nuget\packages\sqlitepclraw.lib.e_sqlite3.android\2.1.8\lib\net6.0-android31.0\SQLitePCLRaw.lib.e_sqlite3.android.dll
                 Private = 'false'
                 HintPath = 'C:\Users\rober\.nuget\packages\sqlitepclraw.lib.e_sqlite3.android\2.1.8\lib\net6.0-android31.0\SQLitePCLRaw.lib.e_sqlite3.android.dll'
             C:\Users\rober\.nuget\packages\sqlitepclraw.provider.e_sqlite3\2.1.8\lib\net6.0\SQLitePCLRaw.provider.e_sqlite3.dll
                 Private = 'false'
                 HintPath = 'C:\Users\rober\.nuget\packages\sqlitepclraw.provider.e_sqlite3\2.1.8\lib\net6.0\SQLitePCLRaw.provider.e_sqlite3.dll'
             C:\Users\rober\.nuget\packages\system.io.pipelines\4.5.2\ref\netstandard1.3\System.IO.Pipelines.dll
                 Private = 'false'
                 HintPath = 'C:\Users\rober\.nuget\packages\system.io.pipelines\4.5.2\ref\netstandard1.3\System.IO.Pipelines.dll'
             C:\Users\rober\.nuget\packages\xamarin.android.glide\4.15.1.2\lib\net6.0-android31.0\Xamarin.Android.Glide.dll
                 Private = 'false'
                 HintPath = 'C:\Users\rober\.nuget\packages\xamarin.android.glide\4.15.1.2\lib\net6.0-android31.0\Xamarin.Android.Glide.dll'
             C:\Users\rober\.nuget\packages\xamarin.android.glide.annotations\4.15.1.2\lib\net6.0-android31.0\Xamarin.Android.Glide.Annotations.dll
                 Private = 'false'
                 HintPath = 'C:\Users\rober\.nuget\packages\xamarin.android.glide.annotations\4.15.1.2\lib\net6.0-android31.0\Xamarin.Android.Glide.Annotations.dll'
             C:\Users\rober\.nuget\packages\xamarin.android.glide.disklrucache\4.15.1.2\lib\net6.0-android31.0\Xamarin.Android.Glide.DiskLruCache.dll
                 Private = 'false'
                 HintPath = 'C:\Users\rober\.nuget\packages\xamarin.android.glide.disklrucache\4.15.1.2\lib\net6.0-android31.0\Xamarin.Android.Glide.DiskLruCache.dll'
             C:\Users\rober\.nuget\packages\xamarin.android.glide.gifdecoder\4.15.1.2\lib\net6.0-android31.0\Xamarin.Android.Glide.GifDecoder.dll
                 Private = 'false'
                 HintPath = 'C:\Users\rober\.nuget\packages\xamarin.android.glide.gifdecoder\4.15.1.2\lib\net6.0-android31.0\Xamarin.Android.Glide.GifDecoder.dll'
             C:\Users\rober\.nuget\packages\xamarin.androidx.activity\1.7.2.1\lib\net6.0-android31.0\Xamarin.AndroidX.Activity.dll
                 Private = 'false'
                 HintPath = 'C:\Users\rober\.nuget\packages\xamarin.androidx.activity\1.7.2.1\lib\net6.0-android31.0\Xamarin.AndroidX.Activity.dll'
             C:\Users\rober\.nuget\packages\xamarin.androidx.activity.ktx\1.7.2.1\lib\net6.0-android31.0\Xamarin.AndroidX.Activity.Ktx.dll
                 Private = 'false'
                 HintPath = 'C:\Users\rober\.nuget\packages\xamarin.androidx.activity.ktx\1.7.2.1\lib\net6.0-android31.0\Xamarin.AndroidX.Activity.Ktx.dll'
             C:\Users\rober\.nuget\packages\xamarin.androidx.annotation\1.6.0.4\lib\net6.0-android31.0\Xamarin.AndroidX.Annotation.dll
                 Private = 'false'
                 HintPath = 'C:\Users\rober\.nuget\packages\xamarin.androidx.annotation\1.6.0.4\lib\net6.0-android31.0\Xamarin.AndroidX.Annotation.dll'
             C:\Users\rober\.nuget\packages\xamarin.androidx.annotation.experimental\1.3.1.1\lib\net6.0-android31.0\Xamarin.AndroidX.Annotation.Experimental.dll
                 Private = 'false'
                 HintPath = 'C:\Users\rober\.nuget\packages\xamarin.androidx.annotation.experimental\1.3.1.1\lib\net6.0-android31.0\Xamarin.AndroidX.Annotation.Experimental.dll'
             C:\Users\rober\.nuget\packages\xamarin.androidx.annotation.jvm\1.6.0.2\lib\net6.0-android31.0\Xamarin.AndroidX.Annotation.Jvm.dll
                 Private = 'false'
                 HintPath = 'C:\Users\rober\.nuget\packages\xamarin.androidx.annotation.jvm\1.6.0.2\lib\net6.0-android31.0\Xamarin.AndroidX.Annotation.Jvm.dll'
             C:\Users\rober\.nuget\packages\xamarin.androidx.appcompat\1.6.1.3\lib\net6.0-android31.0\Xamarin.AndroidX.AppCompat.dll
                 Private = 'false'
                 HintPath = 'C:\Users\rober\.nuget\packages\xamarin.androidx.appcompat\1.6.1.3\lib\net6.0-android31.0\Xamarin.AndroidX.AppCompat.dll'
             C:\Users\rober\.nuget\packages\xamarin.androidx.appcompat.appcompatresources\1.6.1.3\lib\net6.0-android31.0\Xamarin.AndroidX.AppCompat.AppCompatResources.dll
                 Private = 'false'
                 HintPath = 'C:\Users\rober\.nuget\packages\xamarin.androidx.appcompat.appcompatresources\1.6.1.3\lib\net6.0-android31.0\Xamarin.AndroidX.AppCompat.AppCompatResources.dll'
             C:\Users\rober\.nuget\packages\xamarin.androidx.arch.core.common\2.2.0.3\lib\net6.0-android31.0\Xamarin.AndroidX.Arch.Core.Common.dll
                 Private = 'false'
                 HintPath = 'C:\Users\rober\.nuget\packages\xamarin.androidx.arch.core.common\2.2.0.3\lib\net6.0-android31.0\Xamarin.AndroidX.Arch.Core.Common.dll'
             C:\Users\rober\.nuget\packages\xamarin.androidx.arch.core.runtime\2.2.0.3\lib\net6.0-android31.0\Xamarin.AndroidX.Arch.Core.Runtime.dll
                 Private = 'false'
                 HintPath = 'C:\Users\rober\.nuget\packages\xamarin.androidx.arch.core.runtime\2.2.0.3\lib\net6.0-android31.0\Xamarin.AndroidX.Arch.Core.Runtime.dll'
             C:\Users\rober\.nuget\packages\xamarin.androidx.biometric\1.1.0.9\lib\net6.0-android31.0\Xamarin.AndroidX.Biometric.dll
                 Private = 'false'
                 HintPath = 'C:\Users\rober\.nuget\packages\xamarin.androidx.biometric\1.1.0.9\lib\net6.0-android31.0\Xamarin.AndroidX.Biometric.dll'
             C:\Users\rober\.nuget\packages\xamarin.androidx.browser\1.5.0.3\lib\net6.0-android31.0\Xamarin.AndroidX.Browser.dll
                 Private = 'false'
                 HintPath = 'C:\Users\rober\.nuget\packages\xamarin.androidx.browser\1.5.0.3\lib\net6.0-android31.0\Xamarin.AndroidX.Browser.dll'
             C:\Users\rober\.nuget\packages\xamarin.androidx.cardview\1.0.0.21\lib\net6.0-android31.0\Xamarin.AndroidX.CardView.dll
                 Private = 'false'
                 HintPath = 'C:\Users\rober\.nuget\packages\xamarin.androidx.cardview\1.0.0.21\lib\net6.0-android31.0\Xamarin.AndroidX.CardView.dll'
             C:\Users\rober\.nuget\packages\xamarin.androidx.collection\1.2.0.9\lib\net6.0-android31.0\Xamarin.AndroidX.Collection.dll
                 Private = 'false'
                 HintPath = 'C:\Users\rober\.nuget\packages\xamarin.androidx.collection\1.2.0.9\lib\net6.0-android31.0\Xamarin.AndroidX.Collection.dll'
             C:\Users\rober\.nuget\packages\xamarin.androidx.collection.ktx\1.2.0.9\lib\net6.0-android31.0\Xamarin.AndroidX.Collection.Ktx.dll
                 Private = 'false'
                 HintPath = 'C:\Users\rober\.nuget\packages\xamarin.androidx.collection.ktx\1.2.0.9\lib\net6.0-android31.0\Xamarin.AndroidX.Collection.Ktx.dll'
             C:\Users\rober\.nuget\packages\xamarin.androidx.concurrent.futures\1.1.0.14\lib\net6.0-android31.0\Xamarin.AndroidX.Concurrent.Futures.dll
                 Private = 'false'
                 HintPath = 'C:\Users\rober\.nuget\packages\xamarin.androidx.concurrent.futures\1.1.0.14\lib\net6.0-android31.0\Xamarin.AndroidX.Concurrent.Futures.dll'
             C:\Users\rober\.nuget\packages\xamarin.androidx.constraintlayout\2.1.4.6\lib\net6.0-android31.0\Xamarin.AndroidX.ConstraintLayout.dll
                 Private = 'false'
                 HintPath = 'C:\Users\rober\.nuget\packages\xamarin.androidx.constraintlayout\2.1.4.6\lib\net6.0-android31.0\Xamarin.AndroidX.ConstraintLayout.dll'
             C:\Users\rober\.nuget\packages\xamarin.androidx.constraintlayout.core\1.0.4.6\lib\net6.0-android31.0\Xamarin.AndroidX.ConstraintLayout.Core.dll
                 Private = 'false'
                 HintPath = 'C:\Users\rober\.nuget\packages\xamarin.androidx.constraintlayout.core\1.0.4.6\lib\net6.0-android31.0\Xamarin.AndroidX.ConstraintLayout.Core.dll'
             C:\Users\rober\.nuget\packages\xamarin.androidx.coordinatorlayout\1.2.0.7\lib\net6.0-android31.0\Xamarin.AndroidX.CoordinatorLayout.dll
                 Private = 'false'
                 HintPath = 'C:\Users\rober\.nuget\packages\xamarin.androidx.coordinatorlayout\1.2.0.7\lib\net6.0-android31.0\Xamarin.AndroidX.CoordinatorLayout.dll'
             C:\Users\rober\.nuget\packages\xamarin.androidx.core\1.10.1.2\lib\net6.0-android31.0\Xamarin.AndroidX.Core.dll
                 Private = 'false'
                 HintPath = 'C:\Users\rober\.nuget\packages\xamarin.androidx.core\1.10.1.2\lib\net6.0-android31.0\Xamarin.AndroidX.Core.dll'
             C:\Users\rober\.nuget\packages\xamarin.androidx.core.core.ktx\1.10.1.2\lib\net6.0-android31.0\Xamarin.AndroidX.Core.Core.Ktx.dll
                 Private = 'false'
                 HintPath = 'C:\Users\rober\.nuget\packages\xamarin.androidx.core.core.ktx\1.10.1.2\lib\net6.0-android31.0\Xamarin.AndroidX.Core.Core.Ktx.dll'
             C:\Users\rober\.nuget\packages\xamarin.androidx.cursoradapter\1.0.0.19\lib\net6.0-android31.0\Xamarin.AndroidX.CursorAdapter.dll
                 Private = 'false'
                 HintPath = 'C:\Users\rober\.nuget\packages\xamarin.androidx.cursoradapter\1.0.0.19\lib\net6.0-android31.0\Xamarin.AndroidX.CursorAdapter.dll'
             C:\Users\rober\.nuget\packages\xamarin.androidx.customview\1.1.0.18\lib\net6.0-android31.0\Xamarin.AndroidX.CustomView.dll
                 Private = 'false'
                 HintPath = 'C:\Users\rober\.nuget\packages\xamarin.androidx.customview\1.1.0.18\lib\net6.0-android31.0\Xamarin.AndroidX.CustomView.dll'
             C:\Users\rober\.nuget\packages\xamarin.androidx.customview.poolingcontainer\1.0.0.5\lib\net6.0-android31.0\Xamarin.AndroidX.CustomView.PoolingContainer.dll
                 Private = 'false'
                 HintPath = 'C:\Users\rober\.nuget\packages\xamarin.androidx.customview.poolingcontainer\1.0.0.5\lib\net6.0-android31.0\Xamarin.AndroidX.CustomView.PoolingContainer.dll'
             C:\Users\rober\.nuget\packages\xamarin.androidx.documentfile\1.0.1.19\lib\net6.0-android31.0\Xamarin.AndroidX.DocumentFile.dll
                 Private = 'false'
                 HintPath = 'C:\Users\rober\.nuget\packages\xamarin.androidx.documentfile\1.0.1.19\lib\net6.0-android31.0\Xamarin.AndroidX.DocumentFile.dll'
             C:\Users\rober\.nuget\packages\xamarin.androidx.drawerlayout\1.2.0.3\lib\net6.0-android31.0\Xamarin.AndroidX.DrawerLayout.dll
                 Private = 'false'
                 HintPath = 'C:\Users\rober\.nuget\packages\xamarin.androidx.drawerlayout\1.2.0.3\lib\net6.0-android31.0\Xamarin.AndroidX.DrawerLayout.dll'
             C:\Users\rober\.nuget\packages\xamarin.androidx.dynamicanimation\1.0.0.19\lib\net6.0-android31.0\Xamarin.AndroidX.DynamicAnimation.dll
                 Private = 'false'
                 HintPath = 'C:\Users\rober\.nuget\packages\xamarin.androidx.dynamicanimation\1.0.0.19\lib\net6.0-android31.0\Xamarin.AndroidX.DynamicAnimation.dll'
             C:\Users\rober\.nuget\packages\xamarin.androidx.emoji2\1.3.0.3\lib\net6.0-android31.0\Xamarin.AndroidX.Emoji2.dll
                 Private = 'false'
                 HintPath = 'C:\Users\rober\.nuget\packages\xamarin.androidx.emoji2\1.3.0.3\lib\net6.0-android31.0\Xamarin.AndroidX.Emoji2.dll'
             C:\Users\rober\.nuget\packages\xamarin.androidx.emoji2.viewshelper\1.3.0.3\lib\net6.0-android31.0\Xamarin.AndroidX.Emoji2.ViewsHelper.dll
                 Private = 'false'
                 HintPath = 'C:\Users\rober\.nuget\packages\xamarin.androidx.emoji2.viewshelper\1.3.0.3\lib\net6.0-android31.0\Xamarin.AndroidX.Emoji2.ViewsHelper.dll'
             C:\Users\rober\.nuget\packages\xamarin.androidx.exifinterface\1.3.6.2\lib\net6.0-android31.0\Xamarin.AndroidX.ExifInterface.dll
                 Private = 'false'
                 HintPath = 'C:\Users\rober\.nuget\packages\xamarin.androidx.exifinterface\1.3.6.2\lib\net6.0-android31.0\Xamarin.AndroidX.ExifInterface.dll'
             C:\Users\rober\.nuget\packages\xamarin.androidx.fragment\1.6.0.1\lib\net6.0-android31.0\Xamarin.AndroidX.Fragment.dll
                 Private = 'false'
                 HintPath = 'C:\Users\rober\.nuget\packages\xamarin.androidx.fragment\1.6.0.1\lib\net6.0-android31.0\Xamarin.AndroidX.Fragment.dll'
             C:\Users\rober\.nuget\packages\xamarin.androidx.fragment.ktx\1.6.0.1\lib\net6.0-android31.0\Xamarin.AndroidX.Fragment.Ktx.dll
                 Private = 'false'
                 HintPath = 'C:\Users\rober\.nuget\packages\xamarin.androidx.fragment.ktx\1.6.0.1\lib\net6.0-android31.0\Xamarin.AndroidX.Fragment.Ktx.dll'
             C:\Users\rober\.nuget\packages\xamarin.androidx.interpolator\1.0.0.19\lib\net6.0-android31.0\Xamarin.AndroidX.Interpolator.dll
                 Private = 'false'
                 HintPath = 'C:\Users\rober\.nuget\packages\xamarin.androidx.interpolator\1.0.0.19\lib\net6.0-android31.0\Xamarin.AndroidX.Interpolator.dll'
             C:\Users\rober\.nuget\packages\xamarin.androidx.legacy.support.core.utils\1.0.0.19\lib\net6.0-android31.0\Xamarin.AndroidX.Legacy.Support.Core.Utils.dll
                 Private = 'false'
                 HintPath = 'C:\Users\rober\.nuget\packages\xamarin.androidx.legacy.support.core.utils\1.0.0.19\lib\net6.0-android31.0\Xamarin.AndroidX.Legacy.Support.Core.Utils.dll'
             C:\Users\rober\.nuget\packages\xamarin.androidx.lifecycle.common\2.6.1.3\lib\net6.0-android31.0\Xamarin.AndroidX.Lifecycle.Common.dll
                 Private = 'false'
                 HintPath = 'C:\Users\rober\.nuget\packages\xamarin.androidx.lifecycle.common\2.6.1.3\lib\net6.0-android31.0\Xamarin.AndroidX.Lifecycle.Common.dll'
             C:\Users\rober\.nuget\packages\xamarin.androidx.lifecycle.livedata\2.6.1.3\lib\net6.0-android31.0\Xamarin.AndroidX.Lifecycle.LiveData.dll
                 Private = 'false'
                 HintPath = 'C:\Users\rober\.nuget\packages\xamarin.androidx.lifecycle.livedata\2.6.1.3\lib\net6.0-android31.0\Xamarin.AndroidX.Lifecycle.LiveData.dll'
             C:\Users\rober\.nuget\packages\xamarin.androidx.lifecycle.livedata.core\2.6.1.3\lib\net6.0-android31.0\Xamarin.AndroidX.Lifecycle.LiveData.Core.dll
                 Private = 'false'
                 HintPath = 'C:\Users\rober\.nuget\packages\xamarin.androidx.lifecycle.livedata.core\2.6.1.3\lib\net6.0-android31.0\Xamarin.AndroidX.Lifecycle.LiveData.Core.dll'
             C:\Users\rober\.nuget\packages\xamarin.androidx.lifecycle.livedata.core.ktx\2.6.1.3\lib\net6.0-android31.0\Xamarin.AndroidX.Lifecycle.LiveData.Core.Ktx.dll
                 Private = 'false'
                 HintPath = 'C:\Users\rober\.nuget\packages\xamarin.androidx.lifecycle.livedata.core.ktx\2.6.1.3\lib\net6.0-android31.0\Xamarin.AndroidX.Lifecycle.LiveData.Core.Ktx.dll'
             C:\Users\rober\.nuget\packages\xamarin.androidx.lifecycle.process\2.6.1.3\lib\net6.0-android31.0\Xamarin.AndroidX.Lifecycle.Process.dll
                 Private = 'false'
                 HintPath = 'C:\Users\rober\.nuget\packages\xamarin.androidx.lifecycle.process\2.6.1.3\lib\net6.0-android31.0\Xamarin.AndroidX.Lifecycle.Process.dll'
             C:\Users\rober\.nuget\packages\xamarin.androidx.lifecycle.runtime\2.6.1.3\lib\net6.0-android31.0\Xamarin.AndroidX.Lifecycle.Runtime.dll
                 Private = 'false'
                 HintPath = 'C:\Users\rober\.nuget\packages\xamarin.androidx.lifecycle.runtime\2.6.1.3\lib\net6.0-android31.0\Xamarin.AndroidX.Lifecycle.Runtime.dll'
             C:\Users\rober\.nuget\packages\xamarin.androidx.lifecycle.runtime.ktx\2.6.1.3\lib\net6.0-android31.0\Xamarin.AndroidX.Lifecycle.Runtime.Ktx.dll
                 Private = 'false'
                 HintPath = 'C:\Users\rober\.nuget\packages\xamarin.androidx.lifecycle.runtime.ktx\2.6.1.3\lib\net6.0-android31.0\Xamarin.AndroidX.Lifecycle.Runtime.Ktx.dll'
             C:\Users\rober\.nuget\packages\xamarin.androidx.lifecycle.viewmodel\2.6.1.3\lib\net6.0-android31.0\Xamarin.AndroidX.Lifecycle.ViewModel.dll
                 Private = 'false'
                 HintPath = 'C:\Users\rober\.nuget\packages\xamarin.androidx.lifecycle.viewmodel\2.6.1.3\lib\net6.0-android31.0\Xamarin.AndroidX.Lifecycle.ViewModel.dll'
             C:\Users\rober\.nuget\packages\xamarin.androidx.lifecycle.viewmodel.ktx\2.6.1.3\lib\net6.0-android31.0\Xamarin.AndroidX.Lifecycle.ViewModel.Ktx.dll
                 Private = 'false'
                 HintPath = 'C:\Users\rober\.nuget\packages\xamarin.androidx.lifecycle.viewmodel.ktx\2.6.1.3\lib\net6.0-android31.0\Xamarin.AndroidX.Lifecycle.ViewModel.Ktx.dll'
             C:\Users\rober\.nuget\packages\xamarin.androidx.lifecycle.viewmodelsavedstate\2.6.1.3\lib\net6.0-android31.0\Xamarin.AndroidX.Lifecycle.ViewModelSavedState.dll
                 Private = 'false'
                 HintPath = 'C:\Users\rober\.nuget\packages\xamarin.androidx.lifecycle.viewmodelsavedstate\2.6.1.3\lib\net6.0-android31.0\Xamarin.AndroidX.Lifecycle.ViewModelSavedState.dll'
             C:\Users\rober\.nuget\packages\xamarin.androidx.loader\1.1.0.19\lib\net6.0-android31.0\Xamarin.AndroidX.Loader.dll
                 Private = 'false'
                 HintPath = 'C:\Users\rober\.nuget\packages\xamarin.androidx.loader\1.1.0.19\lib\net6.0-android31.0\Xamarin.AndroidX.Loader.dll'
             C:\Users\rober\.nuget\packages\xamarin.androidx.localbroadcastmanager\1.1.0.7\lib\net6.0-android31.0\Xamarin.AndroidX.LocalBroadcastManager.dll
                 Private = 'false'
                 HintPath = 'C:\Users\rober\.nuget\packages\xamarin.androidx.localbroadcastmanager\1.1.0.7\lib\net6.0-android31.0\Xamarin.AndroidX.LocalBroadcastManager.dll'
             C:\Users\rober\.nuget\packages\xamarin.androidx.navigation.common\2.6.0.1\lib\net6.0-android31.0\Xamarin.AndroidX.Navigation.Common.dll
                 Private = 'false'
                 HintPath = 'C:\Users\rober\.nuget\packages\xamarin.androidx.navigation.common\2.6.0.1\lib\net6.0-android31.0\Xamarin.AndroidX.Navigation.Common.dll'
             C:\Users\rober\.nuget\packages\xamarin.androidx.navigation.fragment\2.6.0.1\lib\net6.0-android31.0\Xamarin.AndroidX.Navigation.Fragment.dll
                 Private = 'false'
                 HintPath = 'C:\Users\rober\.nuget\packages\xamarin.androidx.navigation.fragment\2.6.0.1\lib\net6.0-android31.0\Xamarin.AndroidX.Navigation.Fragment.dll'
             C:\Users\rober\.nuget\packages\xamarin.androidx.navigation.runtime\2.6.0.1\lib\net6.0-android31.0\Xamarin.AndroidX.Navigation.Runtime.dll
                 Private = 'false'
                 HintPath = 'C:\Users\rober\.nuget\packages\xamarin.androidx.navigation.runtime\2.6.0.1\lib\net6.0-android31.0\Xamarin.AndroidX.Navigation.Runtime.dll'
             C:\Users\rober\.nuget\packages\xamarin.androidx.navigation.ui\2.6.0.1\lib\net6.0-android31.0\Xamarin.AndroidX.Navigation.UI.dll
                 Private = 'false'
                 HintPath = 'C:\Users\rober\.nuget\packages\xamarin.androidx.navigation.ui\2.6.0.1\lib\net6.0-android31.0\Xamarin.AndroidX.Navigation.UI.dll'
             C:\Users\rober\.nuget\packages\xamarin.androidx.print\1.0.0.19\lib\net6.0-android31.0\Xamarin.AndroidX.Print.dll
                 Private = 'false'
                 HintPath = 'C:\Users\rober\.nuget\packages\xamarin.androidx.print\1.0.0.19\lib\net6.0-android31.0\Xamarin.AndroidX.Print.dll'
             C:\Users\rober\.nuget\packages\xamarin.androidx.profileinstaller.profileinstaller\1.3.1.2\lib\net6.0-android31.0\Xamarin.AndroidX.ProfileInstaller.ProfileInstaller.dll
                 Private = 'false'
                 HintPath = 'C:\Users\rober\.nuget\packages\xamarin.androidx.profileinstaller.profileinstaller\1.3.1.2\lib\net6.0-android31.0\Xamarin.AndroidX.ProfileInstaller.ProfileInstaller.dll'
             C:\Users\rober\.nuget\packages\xamarin.androidx.recyclerview\1.3.0.3\lib\net6.0-android31.0\Xamarin.AndroidX.RecyclerView.dll
                 Private = 'false'
                 HintPath = 'C:\Users\rober\.nuget\packages\xamarin.androidx.recyclerview\1.3.0.3\lib\net6.0-android31.0\Xamarin.AndroidX.RecyclerView.dll'
             C:\Users\rober\.nuget\packages\xamarin.androidx.resourceinspection.annotation\1.0.1.7\lib\net6.0-android31.0\Xamarin.AndroidX.ResourceInspection.Annotation.dll
                 Private = 'false'
                 HintPath = 'C:\Users\rober\.nuget\packages\xamarin.androidx.resourceinspection.annotation\1.0.1.7\lib\net6.0-android31.0\Xamarin.AndroidX.ResourceInspection.Annotation.dll'
             C:\Users\rober\.nuget\packages\xamarin.androidx.savedstate\1.2.1.3\lib\net6.0-android31.0\Xamarin.AndroidX.SavedState.dll
                 Private = 'false'
                 HintPath = 'C:\Users\rober\.nuget\packages\xamarin.androidx.savedstate\1.2.1.3\lib\net6.0-android31.0\Xamarin.AndroidX.SavedState.dll'
             C:\Users\rober\.nuget\packages\xamarin.androidx.savedstate.savedstate.ktx\1.2.1.3\lib\net6.0-android31.0\Xamarin.AndroidX.SavedState.SavedState.Ktx.dll
                 Private = 'false'
                 HintPath = 'C:\Users\rober\.nuget\packages\xamarin.androidx.savedstate.savedstate.ktx\1.2.1.3\lib\net6.0-android31.0\Xamarin.AndroidX.SavedState.SavedState.Ktx.dll'
             C:\Users\rober\.nuget\packages\xamarin.androidx.security.securitycrypto\1.1.0.1-alpha06\lib\net6.0-android31.0\Xamarin.AndroidX.Security.SecurityCrypto.dll
                 Private = 'false'
                 HintPath = 'C:\Users\rober\.nuget\packages\xamarin.androidx.security.securitycrypto\1.1.0.1-alpha06\lib\net6.0-android31.0\Xamarin.AndroidX.Security.SecurityCrypto.dll'
             C:\Users\rober\.nuget\packages\xamarin.androidx.slidingpanelayout\1.2.0.7\lib\net6.0-android31.0\Xamarin.AndroidX.SlidingPaneLayout.dll
                 Private = 'false'
                 HintPath = 'C:\Users\rober\.nuget\packages\xamarin.androidx.slidingpanelayout\1.2.0.7\lib\net6.0-android31.0\Xamarin.AndroidX.SlidingPaneLayout.dll'
             C:\Users\rober\.nuget\packages\xamarin.androidx.startup.startupruntime\1.1.1.7\lib\net6.0-android31.0\Xamarin.AndroidX.Startup.StartupRuntime.dll
                 Private = 'false'
                 HintPath = 'C:\Users\rober\.nuget\packages\xamarin.androidx.startup.startupruntime\1.1.1.7\lib\net6.0-android31.0\Xamarin.AndroidX.Startup.StartupRuntime.dll'
             C:\Users\rober\.nuget\packages\xamarin.androidx.swiperefreshlayout\1.1.0.14\lib\net6.0-android31.0\Xamarin.AndroidX.SwipeRefreshLayout.dll
                 Private = 'false'
                 HintPath = 'C:\Users\rober\.nuget\packages\xamarin.androidx.swiperefreshlayout\1.1.0.14\lib\net6.0-android31.0\Xamarin.AndroidX.SwipeRefreshLayout.dll'
             C:\Users\rober\.nuget\packages\xamarin.androidx.tracing.tracing\1.1.0.6\lib\net6.0-android31.0\Xamarin.AndroidX.Tracing.Tracing.dll
                 Private = 'false'
                 HintPath = 'C:\Users\rober\.nuget\packages\xamarin.androidx.tracing.tracing\1.1.0.6\lib\net6.0-android31.0\Xamarin.AndroidX.Tracing.Tracing.dll'
             C:\Users\rober\.nuget\packages\xamarin.androidx.transition\1.4.1.12\lib\net6.0-android31.0\Xamarin.AndroidX.Transition.dll
                 Private = 'false'
                 HintPath = 'C:\Users\rober\.nuget\packages\xamarin.androidx.transition\1.4.1.12\lib\net6.0-android31.0\Xamarin.AndroidX.Transition.dll'
             C:\Users\rober\.nuget\packages\xamarin.androidx.vectordrawable\1.1.0.19\lib\net6.0-android31.0\Xamarin.AndroidX.VectorDrawable.dll
                 Private = 'false'
                 HintPath = 'C:\Users\rober\.nuget\packages\xamarin.androidx.vectordrawable\1.1.0.19\lib\net6.0-android31.0\Xamarin.AndroidX.VectorDrawable.dll'
             C:\Users\rober\.nuget\packages\xamarin.androidx.vectordrawable.animated\1.1.0.19\lib\net6.0-android31.0\Xamarin.AndroidX.VectorDrawable.Animated.dll
                 Private = 'false'
                 HintPath = 'C:\Users\rober\.nuget\packages\xamarin.androidx.vectordrawable.animated\1.1.0.19\lib\net6.0-android31.0\Xamarin.AndroidX.VectorDrawable.Animated.dll'
             C:\Users\rober\.nuget\packages\xamarin.androidx.versionedparcelable\1.1.1.19\lib\net6.0-android31.0\Xamarin.AndroidX.VersionedParcelable.dll
                 Private = 'false'
                 HintPath = 'C:\Users\rober\.nuget\packages\xamarin.androidx.versionedparcelable\1.1.1.19\lib\net6.0-android31.0\Xamarin.AndroidX.VersionedParcelable.dll'
             C:\Users\rober\.nuget\packages\xamarin.androidx.viewpager\1.0.0.19\lib\net6.0-android31.0\Xamarin.AndroidX.ViewPager.dll
                 Private = 'false'
                 HintPath = 'C:\Users\rober\.nuget\packages\xamarin.androidx.viewpager\1.0.0.19\lib\net6.0-android31.0\Xamarin.AndroidX.ViewPager.dll'
             C:\Users\rober\.nuget\packages\xamarin.androidx.viewpager2\1.0.0.21\lib\net6.0-android31.0\Xamarin.AndroidX.ViewPager2.dll
                 Private = 'false'
                 HintPath = 'C:\Users\rober\.nuget\packages\xamarin.androidx.viewpager2\1.0.0.21\lib\net6.0-android31.0\Xamarin.AndroidX.ViewPager2.dll'
             C:\Users\rober\.nuget\packages\xamarin.androidx.window\1.1.0.1\lib\net6.0-android31.0\Xamarin.AndroidX.Window.dll
                 Private = 'false'
                 HintPath = 'C:\Users\rober\.nuget\packages\xamarin.androidx.window\1.1.0.1\lib\net6.0-android31.0\Xamarin.AndroidX.Window.dll'
             C:\Users\rober\.nuget\packages\xamarin.androidx.window.extensions.core.core\1.0.0.1\lib\net6.0-android31.0\Xamarin.AndroidX.Window.Extensions.Core.Core.dll
                 Private = 'false'
                 HintPath = 'C:\Users\rober\.nuget\packages\xamarin.androidx.window.extensions.core.core\1.0.0.1\lib\net6.0-android31.0\Xamarin.AndroidX.Window.Extensions.Core.Core.dll'
             C:\Users\rober\.nuget\packages\xamarin.google.android.material\1.9.0.2\lib\net6.0-android31.0\Xamarin.Google.Android.Material.dll
                 Private = 'false'
                 HintPath = 'C:\Users\rober\.nuget\packages\xamarin.google.android.material\1.9.0.2\lib\net6.0-android31.0\Xamarin.Google.Android.Material.dll'
             C:\Users\rober\.nuget\packages\xamarin.google.code.findbugs.jsr305\3.0.2.9\lib\net6.0-android31.0\Jsr305Binding.dll
                 Private = 'false'
                 HintPath = 'C:\Users\rober\.nuget\packages\xamarin.google.code.findbugs.jsr305\3.0.2.9\lib\net6.0-android31.0\Jsr305Binding.dll'
             C:\Users\rober\.nuget\packages\xamarin.google.crypto.tink.android\1.10.0\lib\net6.0-android31.0\Xamarin.Google.Crypto.Tink.Android.dll
                 Private = 'false'
                 HintPath = 'C:\Users\rober\.nuget\packages\xamarin.google.crypto.tink.android\1.10.0\lib\net6.0-android31.0\Xamarin.Google.Crypto.Tink.Android.dll'
             C:\Users\rober\.nuget\packages\xamarin.google.errorprone.annotations\2.20.0.1\lib\net6.0-android31.0\Xamarin.Google.ErrorProne.Annotations.dll
                 Private = 'false'
                 HintPath = 'C:\Users\rober\.nuget\packages\xamarin.google.errorprone.annotations\2.20.0.1\lib\net6.0-android31.0\Xamarin.Google.ErrorProne.Annotations.dll'
             C:\Users\rober\.nuget\packages\xamarin.google.guava.listenablefuture\1.0.0.14\lib\net6.0-android31.0\Xamarin.Google.Guava.ListenableFuture.dll
                 Private = 'false'
                 HintPath = 'C:\Users\rober\.nuget\packages\xamarin.google.guava.listenablefuture\1.0.0.14\lib\net6.0-android31.0\Xamarin.Google.Guava.ListenableFuture.dll'
             C:\Users\rober\.nuget\packages\xamarin.jetbrains.annotations\24.0.1.3\lib\net6.0-android31.0\Xamarin.Jetbrains.Annotations.dll
                 Private = 'false'
                 HintPath = 'C:\Users\rober\.nuget\packages\xamarin.jetbrains.annotations\24.0.1.3\lib\net6.0-android31.0\Xamarin.Jetbrains.Annotations.dll'
             C:\Users\rober\.nuget\packages\xamarin.kotlin.stdlib\1.9.0.1\lib\net6.0-android31.0\Xamarin.Kotlin.StdLib.dll
                 Private = 'false'
                 HintPath = 'C:\Users\rober\.nuget\packages\xamarin.kotlin.stdlib\1.9.0.1\lib\net6.0-android31.0\Xamarin.Kotlin.StdLib.dll'
             C:\Users\rober\.nuget\packages\xamarin.kotlin.stdlib.common\1.9.0.1\lib\net6.0-android31.0\Xamarin.Kotlin.StdLib.Common.dll
                 Private = 'false'
                 HintPath = 'C:\Users\rober\.nuget\packages\xamarin.kotlin.stdlib.common\1.9.0.1\lib\net6.0-android31.0\Xamarin.Kotlin.StdLib.Common.dll'
             C:\Users\rober\.nuget\packages\xamarin.kotlin.stdlib.jdk7\1.9.0.1\lib\net6.0-android31.0\Xamarin.Kotlin.StdLib.Jdk7.dll
                 Private = 'false'
                 HintPath = 'C:\Users\rober\.nuget\packages\xamarin.kotlin.stdlib.jdk7\1.9.0.1\lib\net6.0-android31.0\Xamarin.Kotlin.StdLib.Jdk7.dll'
             C:\Users\rober\.nuget\packages\xamarin.kotlin.stdlib.jdk8\1.9.0.1\lib\net6.0-android31.0\Xamarin.Kotlin.StdLib.Jdk8.dll
                 Private = 'false'
                 HintPath = 'C:\Users\rober\.nuget\packages\xamarin.kotlin.stdlib.jdk8\1.9.0.1\lib\net6.0-android31.0\Xamarin.Kotlin.StdLib.Jdk8.dll'
             C:\Users\rober\.nuget\packages\xamarin.kotlinx.coroutines.android\1.7.2.1\lib\net6.0-android31.0\Xamarin.KotlinX.Coroutines.Android.dll
                 Private = 'false'
                 HintPath = 'C:\Users\rober\.nuget\packages\xamarin.kotlinx.coroutines.android\1.7.2.1\lib\net6.0-android31.0\Xamarin.KotlinX.Coroutines.Android.dll'
             C:\Users\rober\.nuget\packages\xamarin.kotlinx.coroutines.core.jvm\1.7.2.1\lib\net6.0-android31.0\Xamarin.KotlinX.Coroutines.Core.Jvm.dll
                 Private = 'false'
                 HintPath = 'C:\Users\rober\.nuget\packages\xamarin.kotlinx.coroutines.core.jvm\1.7.2.1\lib\net6.0-android31.0\Xamarin.KotlinX.Coroutines.Core.Jvm.dll'
         AssemblyFiles:
         CandidateAssemblyFiles:
         TargetFrameworkDirectories:
             
         NonCultureResourceDirectories:
             
         InstalledAssemblyTables:
         IgnoreInstalledAssemblyTable:
             False
         SearchPaths:
             {HintPathFromItem}
             {TargetFrameworkDirectory}
             {RawFileName}
         AllowedAssemblyExtensions:
             .dll
         AllowedRelatedFileExtensions:
             .pdb
             .xml
             .dll.config
         AppConfigFile:
             
         AutoUnify:
             True
         EnableCustomCulture:
             False
         CopyLocalDependenciesWhenParentReferenceInGac:
             True
         FindDependencies:
             True
         TargetProcessorArchitecture:
             msil
         StateFile:
             obj\Debug\net8.0-android\MoneyMindApp.csproj.AssemblyReference.cache
         InstalledAssemblySubsetTables:
         IgnoreInstalledAssemblySubsetTable:
             False
         TargetFrameworkSubsets:
         FullTargetFrameworkSubsetNames:
             Full
         ProfileName:
             
         FullFrameworkFolders:
         LatestTargetFrameworkDirectories:
         ProfileTablesLocation:
         Riferimento primario "Microsoft.CSharp, Version=8.0.0.0, Culture=neutral, PublicKeyToken=b03f5f7f11d50a3a".
             Il percorso file risolto è "C:\Program Files\dotnet\packs\Microsoft.NETCore.App.Ref\8.0.20\ref\net8.0\Microsoft.CSharp.dll".
             Riferimento trovato nel percorso di ricerca "{RawFileName}".
             Questo riferimento non è "CopyLocal". Per almeno un elemento di origine "Private" era stato impostato su "false" e per nessun elemento di origine "Private" era stato impostato su "true".
         Riferimento primario "Microsoft.VisualBasic.Core, Version=13.0.0.0, Culture=neutral, PublicKeyToken=b03f5f7f11d50a3a".
             Il percorso file risolto è "C:\Program Files\dotnet\packs\Microsoft.NETCore.App.Ref\8.0.20\ref\net8.0\Microsoft.VisualBasic.Core.dll".
             Riferimento trovato nel percorso di ricerca "{RawFileName}".
             Questo riferimento non è "CopyLocal". Per almeno un elemento di origine "Private" era stato impostato su "false" e per nessun elemento di origine "Private" era stato impostato su "true".
         Riferimento primario "Microsoft.VisualBasic, Version=10.0.0.0, Culture=neutral, PublicKeyToken=b03f5f7f11d50a3a".
             Il percorso file risolto è "C:\Program Files\dotnet\packs\Microsoft.NETCore.App.Ref\8.0.20\ref\net8.0\Microsoft.VisualBasic.dll".
             Riferimento trovato nel percorso di ricerca "{RawFileName}".
             Questo riferimento non è "CopyLocal". Per almeno un elemento di origine "Private" era stato impostato su "false" e per nessun elemento di origine "Private" era stato impostato su "true".
         Riferimento primario "Microsoft.Win32.Primitives, Version=8.0.0.0, Culture=neutral, PublicKeyToken=b03f5f7f11d50a3a".
             Il percorso file risolto è "C:\Program Files\dotnet\packs\Microsoft.NETCore.App.Ref\8.0.20\ref\net8.0\Microsoft.Win32.Primitives.dll".
             Riferimento trovato nel percorso di ricerca "{RawFileName}".
             Questo riferimento non è "CopyLocal". Per almeno un elemento di origine "Private" era stato impostato su "false" e per nessun elemento di origine "Private" era stato impostato su "true".
         Riferimento primario "Microsoft.Win32.Registry, Version=8.0.0.0, Culture=neutral, PublicKeyToken=b03f5f7f11d50a3a".
             Il percorso file risolto è "C:\Program Files\dotnet\packs\Microsoft.NETCore.App.Ref\8.0.20\ref\net8.0\Microsoft.Win32.Registry.dll".
             Riferimento trovato nel percorso di ricerca "{RawFileName}".
             Questo riferimento non è "CopyLocal". Per almeno un elemento di origine "Private" era stato impostato su "false" e per nessun elemento di origine "Private" era stato impostato su "true".
         Riferimento primario "System.AppContext, Version=8.0.0.0, Culture=neutral, PublicKeyToken=b03f5f7f11d50a3a".
             Il percorso file risolto è "C:\Program Files\dotnet\packs\Microsoft.NETCore.App.Ref\8.0.20\ref\net8.0\System.AppContext.dll".
             Riferimento trovato nel percorso di ricerca "{RawFileName}".
             Questo riferimento non è "CopyLocal". Per almeno un elemento di origine "Private" era stato impostato su "false" e per nessun elemento di origine "Private" era stato impostato su "true".
         Riferimento primario "System.Buffers, Version=8.0.0.0, Culture=neutral, PublicKeyToken=cc7b13ffcd2ddd51".
             Il percorso file risolto è "C:\Program Files\dotnet\packs\Microsoft.NETCore.App.Ref\8.0.20\ref\net8.0\System.Buffers.dll".
             Riferimento trovato nel percorso di ricerca "{RawFileName}".
             Questo riferimento non è "CopyLocal". Per almeno un elemento di origine "Private" era stato impostato su "false" e per nessun elemento di origine "Private" era stato impostato su "true".
         Riferimento primario "System.Collections.Concurrent, Version=8.0.0.0, Culture=neutral, PublicKeyToken=b03f5f7f11d50a3a".
             Il percorso file risolto è "C:\Program Files\dotnet\packs\Microsoft.NETCore.App.Ref\8.0.20\ref\net8.0\System.Collections.Concurrent.dll".
             Riferimento trovato nel percorso di ricerca "{RawFileName}".
             Questo riferimento non è "CopyLocal". Per almeno un elemento di origine "Private" era stato impostato su "false" e per nessun elemento di origine "Private" era stato impostato su "true".
         Riferimento primario "System.Collections.Immutable, Version=8.0.0.0, Culture=neutral, PublicKeyToken=b03f5f7f11d50a3a".
             Il percorso file risolto è "C:\Program Files\dotnet\packs\Microsoft.NETCore.App.Ref\8.0.20\ref\net8.0\System.Collections.Immutable.dll".
             Riferimento trovato nel percorso di ricerca "{RawFileName}".
             Questo riferimento non è "CopyLocal". Per almeno un elemento di origine "Private" era stato impostato su "false" e per nessun elemento di origine "Private" era stato impostato su "true".
         Riferimento primario "System.Collections.NonGeneric, Version=8.0.0.0, Culture=neutral, PublicKeyToken=b03f5f7f11d50a3a".
             Il percorso file risolto è "C:\Program Files\dotnet\packs\Microsoft.NETCore.App.Ref\8.0.20\ref\net8.0\System.Collections.NonGeneric.dll".
             Riferimento trovato nel percorso di ricerca "{RawFileName}".
             Questo riferimento non è "CopyLocal". Per almeno un elemento di origine "Private" era stato impostato su "false" e per nessun elemento di origine "Private" era stato impostato su "true".
         Riferimento primario "System.Collections.Specialized, Version=8.0.0.0, Culture=neutral, PublicKeyToken=b03f5f7f11d50a3a".
             Il percorso file risolto è "C:\Program Files\dotnet\packs\Microsoft.NETCore.App.Ref\8.0.20\ref\net8.0\System.Collections.Specialized.dll".
             Riferimento trovato nel percorso di ricerca "{RawFileName}".
             Questo riferimento non è "CopyLocal". Per almeno un elemento di origine "Private" era stato impostato su "false" e per nessun elemento di origine "Private" era stato impostato su "true".
         Riferimento primario "System.Collections, Version=8.0.0.0, Culture=neutral, PublicKeyToken=b03f5f7f11d50a3a".
             Il percorso file risolto è "C:\Program Files\dotnet\packs\Microsoft.NETCore.App.Ref\8.0.20\ref\net8.0\System.Collections.dll".
             Riferimento trovato nel percorso di ricerca "{RawFileName}".
             Questo riferimento non è "CopyLocal". Per almeno un elemento di origine "Private" era stato impostato su "false" e per nessun elemento di origine "Private" era stato impostato su "true".
         Riferimento primario "System.ComponentModel.Annotations, Version=8.0.0.0, Culture=neutral, PublicKeyToken=b03f5f7f11d50a3a".
             Il percorso file risolto è "C:\Program Files\dotnet\packs\Microsoft.NETCore.App.Ref\8.0.20\ref\net8.0\System.ComponentModel.Annotations.dll".
             Riferimento trovato nel percorso di ricerca "{RawFileName}".
             Questo riferimento non è "CopyLocal". Per almeno un elemento di origine "Private" era stato impostato su "false" e per nessun elemento di origine "Private" era stato impostato su "true".
         Riferimento primario "System.ComponentModel.DataAnnotations, Version=4.0.0.0, Culture=neutral, PublicKeyToken=31bf3856ad364e35".
             Il percorso file risolto è "C:\Program Files\dotnet\packs\Microsoft.NETCore.App.Ref\8.0.20\ref\net8.0\System.ComponentModel.DataAnnotations.dll".
             Riferimento trovato nel percorso di ricerca "{RawFileName}".
             Questo riferimento non è "CopyLocal". Per almeno un elemento di origine "Private" era stato impostato su "false" e per nessun elemento di origine "Private" era stato impostato su "true".
         Riferimento primario "System.ComponentModel.EventBasedAsync, Version=8.0.0.0, Culture=neutral, PublicKeyToken=b03f5f7f11d50a3a".
             Il percorso file risolto è "C:\Program Files\dotnet\packs\Microsoft.NETCore.App.Ref\8.0.20\ref\net8.0\System.ComponentModel.EventBasedAsync.dll".
             Riferimento trovato nel percorso di ricerca "{RawFileName}".
             Questo riferimento non è "CopyLocal". Per almeno un elemento di origine "Private" era stato impostato su "false" e per nessun elemento di origine "Private" era stato impostato su "true".
         Riferimento primario "System.ComponentModel.Primitives, Version=8.0.0.0, Culture=neutral, PublicKeyToken=b03f5f7f11d50a3a".
             Il percorso file risolto è "C:\Program Files\dotnet\packs\Microsoft.NETCore.App.Ref\8.0.20\ref\net8.0\System.ComponentModel.Primitives.dll".
             Riferimento trovato nel percorso di ricerca "{RawFileName}".
             Questo riferimento non è "CopyLocal". Per almeno un elemento di origine "Private" era stato impostato su "false" e per nessun elemento di origine "Private" era stato impostato su "true".
         Riferimento primario "System.ComponentModel.TypeConverter, Version=8.0.0.0, Culture=neutral, PublicKeyToken=b03f5f7f11d50a3a".
             Il percorso file risolto è "C:\Program Files\dotnet\packs\Microsoft.NETCore.App.Ref\8.0.20\ref\net8.0\System.ComponentModel.TypeConverter.dll".
             Riferimento trovato nel percorso di ricerca "{RawFileName}".
             Questo riferimento non è "CopyLocal". Per almeno un elemento di origine "Private" era stato impostato su "false" e per nessun elemento di origine "Private" era stato impostato su "true".
         Riferimento primario "System.ComponentModel, Version=8.0.0.0, Culture=neutral, PublicKeyToken=b03f5f7f11d50a3a".
             Il percorso file risolto è "C:\Program Files\dotnet\packs\Microsoft.NETCore.App.Ref\8.0.20\ref\net8.0\System.ComponentModel.dll".
             Riferimento trovato nel percorso di ricerca "{RawFileName}".
             Questo riferimento non è "CopyLocal". Per almeno un elemento di origine "Private" era stato impostato su "false" e per nessun elemento di origine "Private" era stato impostato su "true".
         Riferimento primario "System.Configuration, Version=4.0.0.0, Culture=neutral, PublicKeyToken=b03f5f7f11d50a3a".
             Il percorso file risolto è "C:\Program Files\dotnet\packs\Microsoft.NETCore.App.Ref\8.0.20\ref\net8.0\System.Configuration.dll".
             Riferimento trovato nel percorso di ricerca "{RawFileName}".
             Questo riferimento non è "CopyLocal". Per almeno un elemento di origine "Private" era stato impostato su "false" e per nessun elemento di origine "Private" era stato impostato su "true".
         Riferimento primario "System.Console, Version=8.0.0.0, Culture=neutral, PublicKeyToken=b03f5f7f11d50a3a".
             Il percorso file risolto è "C:\Program Files\dotnet\packs\Microsoft.NETCore.App.Ref\8.0.20\ref\net8.0\System.Console.dll".
             Riferimento trovato nel percorso di ricerca "{RawFileName}".
             Questo riferimento non è "CopyLocal". Per almeno un elemento di origine "Private" era stato impostato su "false" e per nessun elemento di origine "Private" era stato impostato su "true".
         Riferimento primario "System.Core, Version=4.0.0.0, Culture=neutral, PublicKeyToken=b77a5c561934e089".
             Il percorso file risolto è "C:\Program Files\dotnet\packs\Microsoft.NETCore.App.Ref\8.0.20\ref\net8.0\System.Core.dll".
             Riferimento trovato nel percorso di ricerca "{RawFileName}".
             Questo riferimento non è "CopyLocal". Per almeno un elemento di origine "Private" era stato impostato su "false" e per nessun elemento di origine "Private" era stato impostato su "true".
         Riferimento primario "System.Data.Common, Version=8.0.0.0, Culture=neutral, PublicKeyToken=b03f5f7f11d50a3a".
             Il percorso file risolto è "C:\Program Files\dotnet\packs\Microsoft.NETCore.App.Ref\8.0.20\ref\net8.0\System.Data.Common.dll".
             Riferimento trovato nel percorso di ricerca "{RawFileName}".
             Questo riferimento non è "CopyLocal". Per almeno un elemento di origine "Private" era stato impostato su "false" e per nessun elemento di origine "Private" era stato impostato su "true".
         Riferimento primario "System.Data.DataSetExtensions, Version=8.0.0.0, Culture=neutral, PublicKeyToken=b77a5c561934e089".
             Il percorso file risolto è "C:\Program Files\dotnet\packs\Microsoft.NETCore.App.Ref\8.0.20\ref\net8.0\System.Data.DataSetExtensions.dll".
             Riferimento trovato nel percorso di ricerca "{RawFileName}".
             Questo riferimento non è "CopyLocal". Per almeno un elemento di origine "Private" era stato impostato su "false" e per nessun elemento di origine "Private" era stato impostato su "true".
         Riferimento primario "System.Data, Version=4.0.0.0, Culture=neutral, PublicKeyToken=b77a5c561934e089".
             Il percorso file risolto è "C:\Program Files\dotnet\packs\Microsoft.NETCore.App.Ref\8.0.20\ref\net8.0\System.Data.dll".
             Riferimento trovato nel percorso di ricerca "{RawFileName}".
             Questo riferimento non è "CopyLocal". Per almeno un elemento di origine "Private" era stato impostato su "false" e per nessun elemento di origine "Private" era stato impostato su "true".
         Riferimento primario "System.Diagnostics.Contracts, Version=8.0.0.0, Culture=neutral, PublicKeyToken=b03f5f7f11d50a3a".
             Il percorso file risolto è "C:\Program Files\dotnet\packs\Microsoft.NETCore.App.Ref\8.0.20\ref\net8.0\System.Diagnostics.Contracts.dll".
             Riferimento trovato nel percorso di ricerca "{RawFileName}".
             Questo riferimento non è "CopyLocal". Per almeno un elemento di origine "Private" era stato impostato su "false" e per nessun elemento di origine "Private" era stato impostato su "true".
         Riferimento primario "System.Diagnostics.Debug, Version=8.0.0.0, Culture=neutral, PublicKeyToken=b03f5f7f11d50a3a".
             Il percorso file risolto è "C:\Program Files\dotnet\packs\Microsoft.NETCore.App.Ref\8.0.20\ref\net8.0\System.Diagnostics.Debug.dll".
             Riferimento trovato nel percorso di ricerca "{RawFileName}".
             Questo riferimento non è "CopyLocal". Per almeno un elemento di origine "Private" era stato impostato su "false" e per nessun elemento di origine "Private" era stato impostato su "true".
         Riferimento primario "System.Diagnostics.DiagnosticSource, Version=8.0.0.0, Culture=neutral, PublicKeyToken=cc7b13ffcd2ddd51".
             Il percorso file risolto è "C:\Program Files\dotnet\packs\Microsoft.NETCore.App.Ref\8.0.20\ref\net8.0\System.Diagnostics.DiagnosticSource.dll".
             Riferimento trovato nel percorso di ricerca "{RawFileName}".
             Questo riferimento non è "CopyLocal". Per almeno un elemento di origine "Private" era stato impostato su "false" e per nessun elemento di origine "Private" era stato impostato su "true".
         Riferimento primario "System.Diagnostics.FileVersionInfo, Version=8.0.0.0, Culture=neutral, PublicKeyToken=b03f5f7f11d50a3a".
             Il percorso file risolto è "C:\Program Files\dotnet\packs\Microsoft.NETCore.App.Ref\8.0.20\ref\net8.0\System.Diagnostics.FileVersionInfo.dll".
             Riferimento trovato nel percorso di ricerca "{RawFileName}".
             Questo riferimento non è "CopyLocal". Per almeno un elemento di origine "Private" era stato impostato su "false" e per nessun elemento di origine "Private" era stato impostato su "true".
         Riferimento primario "System.Diagnostics.Process, Version=8.0.0.0, Culture=neutral, PublicKeyToken=b03f5f7f11d50a3a".
             Il percorso file risolto è "C:\Program Files\dotnet\packs\Microsoft.NETCore.App.Ref\8.0.20\ref\net8.0\System.Diagnostics.Process.dll".
             Riferimento trovato nel percorso di ricerca "{RawFileName}".
             Questo riferimento non è "CopyLocal". Per almeno un elemento di origine "Private" era stato impostato su "false" e per nessun elemento di origine "Private" era stato impostato su "true".
         Riferimento primario "System.Diagnostics.StackTrace, Version=8.0.0.0, Culture=neutral, PublicKeyToken=b03f5f7f11d50a3a".
             Il percorso file risolto è "C:\Program Files\dotnet\packs\Microsoft.NETCore.App.Ref\8.0.20\ref\net8.0\System.Diagnostics.StackTrace.dll".
             Riferimento trovato nel percorso di ricerca "{RawFileName}".
             Questo riferimento non è "CopyLocal". Per almeno un elemento di origine "Private" era stato impostato su "false" e per nessun elemento di origine "Private" era stato impostato su "true".
         Riferimento primario "System.Diagnostics.TextWriterTraceListener, Version=8.0.0.0, Culture=neutral, PublicKeyToken=b03f5f7f11d50a3a".
             Il percorso file risolto è "C:\Program Files\dotnet\packs\Microsoft.NETCore.App.Ref\8.0.20\ref\net8.0\System.Diagnostics.TextWriterTraceListener.dll".
             Riferimento trovato nel percorso di ricerca "{RawFileName}".
             Questo riferimento non è "CopyLocal". Per almeno un elemento di origine "Private" era stato impostato su "false" e per nessun elemento di origine "Private" era stato impostato su "true".
         Riferimento primario "System.Diagnostics.Tools, Version=8.0.0.0, Culture=neutral, PublicKeyToken=b03f5f7f11d50a3a".
             Il percorso file risolto è "C:\Program Files\dotnet\packs\Microsoft.NETCore.App.Ref\8.0.20\ref\net8.0\System.Diagnostics.Tools.dll".
             Riferimento trovato nel percorso di ricerca "{RawFileName}".
             Questo riferimento non è "CopyLocal". Per almeno un elemento di origine "Private" era stato impostato su "false" e per nessun elemento di origine "Private" era stato impostato su "true".
         Riferimento primario "System.Diagnostics.TraceSource, Version=8.0.0.0, Culture=neutral, PublicKeyToken=b03f5f7f11d50a3a".
             Il percorso file risolto è "C:\Program Files\dotnet\packs\Microsoft.NETCore.App.Ref\8.0.20\ref\net8.0\System.Diagnostics.TraceSource.dll".
             Riferimento trovato nel percorso di ricerca "{RawFileName}".
             Questo riferimento non è "CopyLocal". Per almeno un elemento di origine "Private" era stato impostato su "false" e per nessun elemento di origine "Private" era stato impostato su "true".
         Riferimento primario "System.Diagnostics.Tracing, Version=8.0.0.0, Culture=neutral, PublicKeyToken=b03f5f7f11d50a3a".
             Il percorso file risolto è "C:\Program Files\dotnet\packs\Microsoft.NETCore.App.Ref\8.0.20\ref\net8.0\System.Diagnostics.Tracing.dll".
             Riferimento trovato nel percorso di ricerca "{RawFileName}".
             Questo riferimento non è "CopyLocal". Per almeno un elemento di origine "Private" era stato impostato su "false" e per nessun elemento di origine "Private" era stato impostato su "true".
         Riferimento primario "System.Drawing.Primitives, Version=8.0.0.0, Culture=neutral, PublicKeyToken=b03f5f7f11d50a3a".
             Il percorso file risolto è "C:\Program Files\dotnet\packs\Microsoft.NETCore.App.Ref\8.0.20\ref\net8.0\System.Drawing.Primitives.dll".
             Riferimento trovato nel percorso di ricerca "{RawFileName}".
             Questo riferimento non è "CopyLocal". Per almeno un elemento di origine "Private" era stato impostato su "false" e per nessun elemento di origine "Private" era stato impostato su "true".
         Riferimento primario "System.Drawing, Version=4.0.0.0, Culture=neutral, PublicKeyToken=b03f5f7f11d50a3a".
             Il percorso file risolto è "C:\Program Files\dotnet\packs\Microsoft.NETCore.App.Ref\8.0.20\ref\net8.0\System.Drawing.dll".
             Riferimento trovato nel percorso di ricerca "{RawFileName}".
             Questo riferimento non è "CopyLocal". Per almeno un elemento di origine "Private" era stato impostato su "false" e per nessun elemento di origine "Private" era stato impostato su "true".
         Riferimento primario "System.Dynamic.Runtime, Version=8.0.0.0, Culture=neutral, PublicKeyToken=b03f5f7f11d50a3a".
             Il percorso file risolto è "C:\Program Files\dotnet\packs\Microsoft.NETCore.App.Ref\8.0.20\ref\net8.0\System.Dynamic.Runtime.dll".
             Riferimento trovato nel percorso di ricerca "{RawFileName}".
             Questo riferimento non è "CopyLocal". Per almeno un elemento di origine "Private" era stato impostato su "false" e per nessun elemento di origine "Private" era stato impostato su "true".
         Riferimento primario "System.Formats.Asn1, Version=8.0.0.0, Culture=neutral, PublicKeyToken=cc7b13ffcd2ddd51".
             Il percorso file risolto è "C:\Program Files\dotnet\packs\Microsoft.NETCore.App.Ref\8.0.20\ref\net8.0\System.Formats.Asn1.dll".
             Riferimento trovato nel percorso di ricerca "{RawFileName}".
             Questo riferimento non è "CopyLocal". Per almeno un elemento di origine "Private" era stato impostato su "false" e per nessun elemento di origine "Private" era stato impostato su "true".
         Riferimento primario "System.Formats.Tar, Version=8.0.0.0, Culture=neutral, PublicKeyToken=cc7b13ffcd2ddd51".
             Il percorso file risolto è "C:\Program Files\dotnet\packs\Microsoft.NETCore.App.Ref\8.0.20\ref\net8.0\System.Formats.Tar.dll".
             Riferimento trovato nel percorso di ricerca "{RawFileName}".
             Questo riferimento non è "CopyLocal". Per almeno un elemento di origine "Private" era stato impostato su "false" e per nessun elemento di origine "Private" era stato impostato su "true".
         Riferimento primario "System.Globalization.Calendars, Version=8.0.0.0, Culture=neutral, PublicKeyToken=b03f5f7f11d50a3a".
             Il percorso file risolto è "C:\Program Files\dotnet\packs\Microsoft.NETCore.App.Ref\8.0.20\ref\net8.0\System.Globalization.Calendars.dll".
             Riferimento trovato nel percorso di ricerca "{RawFileName}".
             Questo riferimento non è "CopyLocal". Per almeno un elemento di origine "Private" era stato impostato su "false" e per nessun elemento di origine "Private" era stato impostato su "true".
         Riferimento primario "System.Globalization.Extensions, Version=8.0.0.0, Culture=neutral, PublicKeyToken=b03f5f7f11d50a3a".
             Il percorso file risolto è "C:\Program Files\dotnet\packs\Microsoft.NETCore.App.Ref\8.0.20\ref\net8.0\System.Globalization.Extensions.dll".
             Riferimento trovato nel percorso di ricerca "{RawFileName}".
             Questo riferimento non è "CopyLocal". Per almeno un elemento di origine "Private" era stato impostato su "false" e per nessun elemento di origine "Private" era stato impostato su "true".
         Riferimento primario "System.Globalization, Version=8.0.0.0, Culture=neutral, PublicKeyToken=b03f5f7f11d50a3a".
             Il percorso file risolto è "C:\Program Files\dotnet\packs\Microsoft.NETCore.App.Ref\8.0.20\ref\net8.0\System.Globalization.dll".
             Riferimento trovato nel percorso di ricerca "{RawFileName}".
             Questo riferimento non è "CopyLocal". Per almeno un elemento di origine "Private" era stato impostato su "false" e per nessun elemento di origine "Private" era stato impostato su "true".
         Riferimento primario "System.IO.Compression.Brotli, Version=8.0.0.0, Culture=neutral, PublicKeyToken=b77a5c561934e089".
             Il percorso file risolto è "C:\Program Files\dotnet\packs\Microsoft.NETCore.App.Ref\8.0.20\ref\net8.0\System.IO.Compression.Brotli.dll".
             Riferimento trovato nel percorso di ricerca "{RawFileName}".
             Questo riferimento non è "CopyLocal". Per almeno un elemento di origine "Private" era stato impostato su "false" e per nessun elemento di origine "Private" era stato impostato su "true".
         Riferimento primario "System.IO.Compression.FileSystem, Version=4.0.0.0, Culture=neutral, PublicKeyToken=b77a5c561934e089".
             Il percorso file risolto è "C:\Program Files\dotnet\packs\Microsoft.NETCore.App.Ref\8.0.20\ref\net8.0\System.IO.Compression.FileSystem.dll".
             Riferimento trovato nel percorso di ricerca "{RawFileName}".
             Questo riferimento non è "CopyLocal". Per almeno un elemento di origine "Private" era stato impostato su "false" e per nessun elemento di origine "Private" era stato impostato su "true".
         Riferimento primario "System.IO.Compression.ZipFile, Version=8.0.0.0, Culture=neutral, PublicKeyToken=b77a5c561934e089".
             Il percorso file risolto è "C:\Program Files\dotnet\packs\Microsoft.NETCore.App.Ref\8.0.20\ref\net8.0\System.IO.Compression.ZipFile.dll".
             Riferimento trovato nel percorso di ricerca "{RawFileName}".
             Questo riferimento non è "CopyLocal". Per almeno un elemento di origine "Private" era stato impostato su "false" e per nessun elemento di origine "Private" era stato impostato su "true".
         Riferimento primario "System.IO.Compression, Version=8.0.0.0, Culture=neutral, PublicKeyToken=b77a5c561934e089".
             Il percorso file risolto è "C:\Program Files\dotnet\packs\Microsoft.NETCore.App.Ref\8.0.20\ref\net8.0\System.IO.Compression.dll".
             Riferimento trovato nel percorso di ricerca "{RawFileName}".
             Questo riferimento non è "CopyLocal". Per almeno un elemento di origine "Private" era stato impostato su "false" e per nessun elemento di origine "Private" era stato impostato su "true".
         Riferimento primario "System.IO.FileSystem.AccessControl, Version=8.0.0.0, Culture=neutral, PublicKeyToken=b03f5f7f11d50a3a".
             Il percorso file risolto è "C:\Program Files\dotnet\packs\Microsoft.NETCore.App.Ref\8.0.20\ref\net8.0\System.IO.FileSystem.AccessControl.dll".
             Riferimento trovato nel percorso di ricerca "{RawFileName}".
             Questo riferimento non è "CopyLocal". Per almeno un elemento di origine "Private" era stato impostato su "false" e per nessun elemento di origine "Private" era stato impostato su "true".
         Riferimento primario "System.IO.FileSystem.DriveInfo, Version=8.0.0.0, Culture=neutral, PublicKeyToken=b03f5f7f11d50a3a".
             Il percorso file risolto è "C:\Program Files\dotnet\packs\Microsoft.NETCore.App.Ref\8.0.20\ref\net8.0\System.IO.FileSystem.DriveInfo.dll".
             Riferimento trovato nel percorso di ricerca "{RawFileName}".
             Questo riferimento non è "CopyLocal". Per almeno un elemento di origine "Private" era stato impostato su "false" e per nessun elemento di origine "Private" era stato impostato su "true".
         Riferimento primario "System.IO.FileSystem.Primitives, Version=8.0.0.0, Culture=neutral, PublicKeyToken=b03f5f7f11d50a3a".
             Il percorso file risolto è "C:\Program Files\dotnet\packs\Microsoft.NETCore.App.Ref\8.0.20\ref\net8.0\System.IO.FileSystem.Primitives.dll".
             Riferimento trovato nel percorso di ricerca "{RawFileName}".
             Questo riferimento non è "CopyLocal". Per almeno un elemento di origine "Private" era stato impostato su "false" e per nessun elemento di origine "Private" era stato impostato su "true".
         Riferimento primario "System.IO.FileSystem.Watcher, Version=8.0.0.0, Culture=neutral, PublicKeyToken=b03f5f7f11d50a3a".
             Il percorso file risolto è "C:\Program Files\dotnet\packs\Microsoft.NETCore.App.Ref\8.0.20\ref\net8.0\System.IO.FileSystem.Watcher.dll".
             Riferimento trovato nel percorso di ricerca "{RawFileName}".
             Questo riferimento non è "CopyLocal". Per almeno un elemento di origine "Private" era stato impostato su "false" e per nessun elemento di origine "Private" era stato impostato su "true".
         Riferimento primario "System.IO.FileSystem, Version=8.0.0.0, Culture=neutral, PublicKeyToken=b03f5f7f11d50a3a".
             Il percorso file risolto è "C:\Program Files\dotnet\packs\Microsoft.NETCore.App.Ref\8.0.20\ref\net8.0\System.IO.FileSystem.dll".
             Riferimento trovato nel percorso di ricerca "{RawFileName}".
             Questo riferimento non è "CopyLocal". Per almeno un elemento di origine "Private" era stato impostato su "false" e per nessun elemento di origine "Private" era stato impostato su "true".
         Riferimento primario "System.IO.IsolatedStorage, Version=8.0.0.0, Culture=neutral, PublicKeyToken=b03f5f7f11d50a3a".
             Il percorso file risolto è "C:\Program Files\dotnet\packs\Microsoft.NETCore.App.Ref\8.0.20\ref\net8.0\System.IO.IsolatedStorage.dll".
             Riferimento trovato nel percorso di ricerca "{RawFileName}".
             Questo riferimento non è "CopyLocal". Per almeno un elemento di origine "Private" era stato impostato su "false" e per nessun elemento di origine "Private" era stato impostato su "true".
         Riferimento primario "System.IO.MemoryMappedFiles, Version=8.0.0.0, Culture=neutral, PublicKeyToken=b03f5f7f11d50a3a".
             Il percorso file risolto è "C:\Program Files\dotnet\packs\Microsoft.NETCore.App.Ref\8.0.20\ref\net8.0\System.IO.MemoryMappedFiles.dll".
             Riferimento trovato nel percorso di ricerca "{RawFileName}".
             Questo riferimento non è "CopyLocal". Per almeno un elemento di origine "Private" era stato impostato su "false" e per nessun elemento di origine "Private" era stato impostato su "true".
         Riferimento primario "System.IO.Pipes.AccessControl, Version=8.0.0.0, Culture=neutral, PublicKeyToken=b03f5f7f11d50a3a".
             Il percorso file risolto è "C:\Program Files\dotnet\packs\Microsoft.NETCore.App.Ref\8.0.20\ref\net8.0\System.IO.Pipes.AccessControl.dll".
             Riferimento trovato nel percorso di ricerca "{RawFileName}".
             Questo riferimento non è "CopyLocal". Per almeno un elemento di origine "Private" era stato impostato su "false" e per nessun elemento di origine "Private" era stato impostato su "true".
         Riferimento primario "System.IO.Pipes, Version=8.0.0.0, Culture=neutral, PublicKeyToken=b03f5f7f11d50a3a".
             Il percorso file risolto è "C:\Program Files\dotnet\packs\Microsoft.NETCore.App.Ref\8.0.20\ref\net8.0\System.IO.Pipes.dll".
             Riferimento trovato nel percorso di ricerca "{RawFileName}".
             Questo riferimento non è "CopyLocal". Per almeno un elemento di origine "Private" era stato impostato su "false" e per nessun elemento di origine "Private" era stato impostato su "true".
         Riferimento primario "System.IO.UnmanagedMemoryStream, Version=8.0.0.0, Culture=neutral, PublicKeyToken=b03f5f7f11d50a3a".
             Il percorso file risolto è "C:\Program Files\dotnet\packs\Microsoft.NETCore.App.Ref\8.0.20\ref\net8.0\System.IO.UnmanagedMemoryStream.dll".
             Riferimento trovato nel percorso di ricerca "{RawFileName}".
             Questo riferimento non è "CopyLocal". Per almeno un elemento di origine "Private" era stato impostato su "false" e per nessun elemento di origine "Private" era stato impostato su "true".
         Riferimento primario "System.IO, Version=8.0.0.0, Culture=neutral, PublicKeyToken=b03f5f7f11d50a3a".
             Il percorso file risolto è "C:\Program Files\dotnet\packs\Microsoft.NETCore.App.Ref\8.0.20\ref\net8.0\System.IO.dll".
             Riferimento trovato nel percorso di ricerca "{RawFileName}".
             Questo riferimento non è "CopyLocal". Per almeno un elemento di origine "Private" era stato impostato su "false" e per nessun elemento di origine "Private" era stato impostato su "true".
         Riferimento primario "System.Linq.Expressions, Version=8.0.0.0, Culture=neutral, PublicKeyToken=b03f5f7f11d50a3a".
             Il percorso file risolto è "C:\Program Files\dotnet\packs\Microsoft.NETCore.App.Ref\8.0.20\ref\net8.0\System.Linq.Expressions.dll".
             Riferimento trovato nel percorso di ricerca "{RawFileName}".
             Questo riferimento non è "CopyLocal". Per almeno un elemento di origine "Private" era stato impostato su "false" e per nessun elemento di origine "Private" era stato impostato su "true".
         Riferimento primario "System.Linq.Parallel, Version=8.0.0.0, Culture=neutral, PublicKeyToken=b03f5f7f11d50a3a".
             Il percorso file risolto è "C:\Program Files\dotnet\packs\Microsoft.NETCore.App.Ref\8.0.20\ref\net8.0\System.Linq.Parallel.dll".
             Riferimento trovato nel percorso di ricerca "{RawFileName}".
             Questo riferimento non è "CopyLocal". Per almeno un elemento di origine "Private" era stato impostato su "false" e per nessun elemento di origine "Private" era stato impostato su "true".
         Riferimento primario "System.Linq.Queryable, Version=8.0.0.0, Culture=neutral, PublicKeyToken=b03f5f7f11d50a3a".
             Il percorso file risolto è "C:\Program Files\dotnet\packs\Microsoft.NETCore.App.Ref\8.0.20\ref\net8.0\System.Linq.Queryable.dll".
             Riferimento trovato nel percorso di ricerca "{RawFileName}".
             Questo riferimento non è "CopyLocal". Per almeno un elemento di origine "Private" era stato impostato su "false" e per nessun elemento di origine "Private" era stato impostato su "true".
         Riferimento primario "System.Linq, Version=8.0.0.0, Culture=neutral, PublicKeyToken=b03f5f7f11d50a3a".
             Il percorso file risolto è "C:\Program Files\dotnet\packs\Microsoft.NETCore.App.Ref\8.0.20\ref\net8.0\System.Linq.dll".
             Riferimento trovato nel percorso di ricerca "{RawFileName}".
             Questo riferimento non è "CopyLocal". Per almeno un elemento di origine "Private" era stato impostato su "false" e per nessun elemento di origine "Private" era stato impostato su "true".
         Riferimento primario "System.Memory, Version=8.0.0.0, Culture=neutral, PublicKeyToken=cc7b13ffcd2ddd51".
             Il percorso file risolto è "C:\Program Files\dotnet\packs\Microsoft.NETCore.App.Ref\8.0.20\ref\net8.0\System.Memory.dll".
             Riferimento trovato nel percorso di ricerca "{RawFileName}".
             Questo riferimento non è "CopyLocal". Per almeno un elemento di origine "Private" era stato impostato su "false" e per nessun elemento di origine "Private" era stato impostato su "true".
         Riferimento primario "System.Net.Http.Json, Version=8.0.0.0, Culture=neutral, PublicKeyToken=cc7b13ffcd2ddd51".
             Il percorso file risolto è "C:\Program Files\dotnet\packs\Microsoft.NETCore.App.Ref\8.0.20\ref\net8.0\System.Net.Http.Json.dll".
             Riferimento trovato nel percorso di ricerca "{RawFileName}".
             Questo riferimento non è "CopyLocal". Per almeno un elemento di origine "Private" era stato impostato su "false" e per nessun elemento di origine "Private" era stato impostato su "true".
         Riferimento primario "System.Net.Http, Version=8.0.0.0, Culture=neutral, PublicKeyToken=b03f5f7f11d50a3a".
             Il percorso file risolto è "C:\Program Files\dotnet\packs\Microsoft.NETCore.App.Ref\8.0.20\ref\net8.0\System.Net.Http.dll".
             Riferimento trovato nel percorso di ricerca "{RawFileName}".
             Questo riferimento non è "CopyLocal". Per almeno un elemento di origine "Private" era stato impostato su "false" e per nessun elemento di origine "Private" era stato impostato su "true".
         Riferimento primario "System.Net.HttpListener, Version=8.0.0.0, Culture=neutral, PublicKeyToken=cc7b13ffcd2ddd51".
             Il percorso file risolto è "C:\Program Files\dotnet\packs\Microsoft.NETCore.App.Ref\8.0.20\ref\net8.0\System.Net.HttpListener.dll".
             Riferimento trovato nel percorso di ricerca "{RawFileName}".
             Questo riferimento non è "CopyLocal". Per almeno un elemento di origine "Private" era stato impostato su "false" e per nessun elemento di origine "Private" era stato impostato su "true".
         Riferimento primario "System.Net.Mail, Version=8.0.0.0, Culture=neutral, PublicKeyToken=cc7b13ffcd2ddd51".
             Il percorso file risolto è "C:\Program Files\dotnet\packs\Microsoft.NETCore.App.Ref\8.0.20\ref\net8.0\System.Net.Mail.dll".
             Riferimento trovato nel percorso di ricerca "{RawFileName}".
             Questo riferimento non è "CopyLocal". Per almeno un elemento di origine "Private" era stato impostato su "false" e per nessun elemento di origine "Private" era stato impostato su "true".
         Riferimento primario "System.Net.NameResolution, Version=8.0.0.0, Culture=neutral, PublicKeyToken=b03f5f7f11d50a3a".
             Il percorso file risolto è "C:\Program Files\dotnet\packs\Microsoft.NETCore.App.Ref\8.0.20\ref\net8.0\System.Net.NameResolution.dll".
             Riferimento trovato nel percorso di ricerca "{RawFileName}".
             Questo riferimento non è "CopyLocal". Per almeno un elemento di origine "Private" era stato impostato su "false" e per nessun elemento di origine "Private" era stato impostato su "true".
         Riferimento primario "System.Net.NetworkInformation, Version=8.0.0.0, Culture=neutral, PublicKeyToken=b03f5f7f11d50a3a".
             Il percorso file risolto è "C:\Program Files\dotnet\packs\Microsoft.NETCore.App.Ref\8.0.20\ref\net8.0\System.Net.NetworkInformation.dll".
             Riferimento trovato nel percorso di ricerca "{RawFileName}".
             Questo riferimento non è "CopyLocal". Per almeno un elemento di origine "Private" era stato impostato su "false" e per nessun elemento di origine "Private" era stato impostato su "true".
         Riferimento primario "System.Net.Ping, Version=8.0.0.0, Culture=neutral, PublicKeyToken=b03f5f7f11d50a3a".
             Il percorso file risolto è "C:\Program Files\dotnet\packs\Microsoft.NETCore.App.Ref\8.0.20\ref\net8.0\System.Net.Ping.dll".
             Riferimento trovato nel percorso di ricerca "{RawFileName}".
             Questo riferimento non è "CopyLocal". Per almeno un elemento di origine "Private" era stato impostato su "false" e per nessun elemento di origine "Private" era stato impostato su "true".
         Riferimento primario "System.Net.Primitives, Version=8.0.0.0, Culture=neutral, PublicKeyToken=b03f5f7f11d50a3a".
             Il percorso file risolto è "C:\Program Files\dotnet\packs\Microsoft.NETCore.App.Ref\8.0.20\ref\net8.0\System.Net.Primitives.dll".
             Riferimento trovato nel percorso di ricerca "{RawFileName}".
             Questo riferimento non è "CopyLocal". Per almeno un elemento di origine "Private" era stato impostato su "false" e per nessun elemento di origine "Private" era stato impostato su "true".
         Riferimento primario "System.Net.Quic, Version=8.0.0.0, Culture=neutral, PublicKeyToken=b03f5f7f11d50a3a".
             Il percorso file risolto è "C:\Program Files\dotnet\packs\Microsoft.NETCore.App.Ref\8.0.20\ref\net8.0\System.Net.Quic.dll".
             Riferimento trovato nel percorso di ricerca "{RawFileName}".
             Questo riferimento non è "CopyLocal". Per almeno un elemento di origine "Private" era stato impostato su "false" e per nessun elemento di origine "Private" era stato impostato su "true".
         Riferimento primario "System.Net.Requests, Version=8.0.0.0, Culture=neutral, PublicKeyToken=b03f5f7f11d50a3a".
             Il percorso file risolto è "C:\Program Files\dotnet\packs\Microsoft.NETCore.App.Ref\8.0.20\ref\net8.0\System.Net.Requests.dll".
             Riferimento trovato nel percorso di ricerca "{RawFileName}".
             Questo riferimento non è "CopyLocal". Per almeno un elemento di origine "Private" era stato impostato su "false" e per nessun elemento di origine "Private" era stato impostato su "true".
         Riferimento primario "System.Net.Security, Version=8.0.0.0, Culture=neutral, PublicKeyToken=b03f5f7f11d50a3a".
             Il percorso file risolto è "C:\Program Files\dotnet\packs\Microsoft.NETCore.App.Ref\8.0.20\ref\net8.0\System.Net.Security.dll".
             Riferimento trovato nel percorso di ricerca "{RawFileName}".
             Questo riferimento non è "CopyLocal". Per almeno un elemento di origine "Private" era stato impostato su "false" e per nessun elemento di origine "Private" era stato impostato su "true".
         Riferimento primario "System.Net.ServicePoint, Version=8.0.0.0, Culture=neutral, PublicKeyToken=cc7b13ffcd2ddd51".
             Il percorso file risolto è "C:\Program Files\dotnet\packs\Microsoft.NETCore.App.Ref\8.0.20\ref\net8.0\System.Net.ServicePoint.dll".
             Riferimento trovato nel percorso di ricerca "{RawFileName}".
             Questo riferimento non è "CopyLocal". Per almeno un elemento di origine "Private" era stato impostato su "false" e per nessun elemento di origine "Private" era stato impostato su "true".
         Riferimento primario "System.Net.Sockets, Version=8.0.0.0, Culture=neutral, PublicKeyToken=b03f5f7f11d50a3a".
             Il percorso file risolto è "C:\Program Files\dotnet\packs\Microsoft.NETCore.App.Ref\8.0.20\ref\net8.0\System.Net.Sockets.dll".
             Riferimento trovato nel percorso di ricerca "{RawFileName}".
             Questo riferimento non è "CopyLocal". Per almeno un elemento di origine "Private" era stato impostato su "false" e per nessun elemento di origine "Private" era stato impostato su "true".
         Riferimento primario "System.Net.WebClient, Version=8.0.0.0, Culture=neutral, PublicKeyToken=cc7b13ffcd2ddd51".
             Il percorso file risolto è "C:\Program Files\dotnet\packs\Microsoft.NETCore.App.Ref\8.0.20\ref\net8.0\System.Net.WebClient.dll".
             Riferimento trovato nel percorso di ricerca "{RawFileName}".
             Questo riferimento non è "CopyLocal". Per almeno un elemento di origine "Private" era stato impostato su "false" e per nessun elemento di origine "Private" era stato impostato su "true".
         Riferimento primario "System.Net.WebHeaderCollection, Version=8.0.0.0, Culture=neutral, PublicKeyToken=b03f5f7f11d50a3a".
             Il percorso file risolto è "C:\Program Files\dotnet\packs\Microsoft.NETCore.App.Ref\8.0.20\ref\net8.0\System.Net.WebHeaderCollection.dll".
             Riferimento trovato nel percorso di ricerca "{RawFileName}".
             Questo riferimento non è "CopyLocal". Per almeno un elemento di origine "Private" era stato impostato su "false" e per nessun elemento di origine "Private" era stato impostato su "true".
         Riferimento primario "System.Net.WebProxy, Version=8.0.0.0, Culture=neutral, PublicKeyToken=cc7b13ffcd2ddd51".
             Il percorso file risolto è "C:\Program Files\dotnet\packs\Microsoft.NETCore.App.Ref\8.0.20\ref\net8.0\System.Net.WebProxy.dll".
             Riferimento trovato nel percorso di ricerca "{RawFileName}".
             Questo riferimento non è "CopyLocal". Per almeno un elemento di origine "Private" era stato impostato su "false" e per nessun elemento di origine "Private" era stato impostato su "true".
         Riferimento primario "System.Net.WebSockets.Client, Version=8.0.0.0, Culture=neutral, PublicKeyToken=b03f5f7f11d50a3a".
             Il percorso file risolto è "C:\Program Files\dotnet\packs\Microsoft.NETCore.App.Ref\8.0.20\ref\net8.0\System.Net.WebSockets.Client.dll".
             Riferimento trovato nel percorso di ricerca "{RawFileName}".
             Questo riferimento non è "CopyLocal". Per almeno un elemento di origine "Private" era stato impostato su "false" e per nessun elemento di origine "Private" era stato impostato su "true".
         Riferimento primario "System.Net.WebSockets, Version=8.0.0.0, Culture=neutral, PublicKeyToken=b03f5f7f11d50a3a".
             Il percorso file risolto è "C:\Program Files\dotnet\packs\Microsoft.NETCore.App.Ref\8.0.20\ref\net8.0\System.Net.WebSockets.dll".
             Riferimento trovato nel percorso di ricerca "{RawFileName}".
             Questo riferimento non è "CopyLocal". Per almeno un elemento di origine "Private" era stato impostato su "false" e per nessun elemento di origine "Private" era stato impostato su "true".
         Riferimento primario "System.Net, Version=4.0.0.0, Culture=neutral, PublicKeyToken=b03f5f7f11d50a3a".
             Il percorso file risolto è "C:\Program Files\dotnet\packs\Microsoft.NETCore.App.Ref\8.0.20\ref\net8.0\System.Net.dll".
             Riferimento trovato nel percorso di ricerca "{RawFileName}".
             Questo riferimento non è "CopyLocal". Per almeno un elemento di origine "Private" era stato impostato su "false" e per nessun elemento di origine "Private" era stato impostato su "true".
         Riferimento primario "System.Numerics.Vectors, Version=8.0.0.0, Culture=neutral, PublicKeyToken=b03f5f7f11d50a3a".
             Il percorso file risolto è "C:\Program Files\dotnet\packs\Microsoft.NETCore.App.Ref\8.0.20\ref\net8.0\System.Numerics.Vectors.dll".
             Riferimento trovato nel percorso di ricerca "{RawFileName}".
             Questo riferimento non è "CopyLocal". Per almeno un elemento di origine "Private" era stato impostato su "false" e per nessun elemento di origine "Private" era stato impostato su "true".
         Riferimento primario "System.Numerics, Version=4.0.0.0, Culture=neutral, PublicKeyToken=b77a5c561934e089".
             Il percorso file risolto è "C:\Program Files\dotnet\packs\Microsoft.NETCore.App.Ref\8.0.20\ref\net8.0\System.Numerics.dll".
             Riferimento trovato nel percorso di ricerca "{RawFileName}".
             Questo riferimento non è "CopyLocal". Per almeno un elemento di origine "Private" era stato impostato su "false" e per nessun elemento di origine "Private" era stato impostato su "true".
         Riferimento primario "System.ObjectModel, Version=8.0.0.0, Culture=neutral, PublicKeyToken=b03f5f7f11d50a3a".
             Il percorso file risolto è "C:\Program Files\dotnet\packs\Microsoft.NETCore.App.Ref\8.0.20\ref\net8.0\System.ObjectModel.dll".
             Riferimento trovato nel percorso di ricerca "{RawFileName}".
             Questo riferimento non è "CopyLocal". Per almeno un elemento di origine "Private" era stato impostato su "false" e per nessun elemento di origine "Private" era stato impostato su "true".
         Riferimento primario "System.Reflection.DispatchProxy, Version=8.0.0.0, Culture=neutral, PublicKeyToken=b03f5f7f11d50a3a".
             Il percorso file risolto è "C:\Program Files\dotnet\packs\Microsoft.NETCore.App.Ref\8.0.20\ref\net8.0\System.Reflection.DispatchProxy.dll".
             Riferimento trovato nel percorso di ricerca "{RawFileName}".
             Questo riferimento non è "CopyLocal". Per almeno un elemento di origine "Private" era stato impostato su "false" e per nessun elemento di origine "Private" era stato impostato su "true".
         Riferimento primario "System.Reflection.Emit.ILGeneration, Version=8.0.0.0, Culture=neutral, PublicKeyToken=b03f5f7f11d50a3a".
             Il percorso file risolto è "C:\Program Files\dotnet\packs\Microsoft.NETCore.App.Ref\8.0.20\ref\net8.0\System.Reflection.Emit.ILGeneration.dll".
             Riferimento trovato nel percorso di ricerca "{RawFileName}".
             Questo riferimento non è "CopyLocal". Per almeno un elemento di origine "Private" era stato impostato su "false" e per nessun elemento di origine "Private" era stato impostato su "true".
         Riferimento primario "System.Reflection.Emit.Lightweight, Version=8.0.0.0, Culture=neutral, PublicKeyToken=b03f5f7f11d50a3a".
             Il percorso file risolto è "C:\Program Files\dotnet\packs\Microsoft.NETCore.App.Ref\8.0.20\ref\net8.0\System.Reflection.Emit.Lightweight.dll".
             Riferimento trovato nel percorso di ricerca "{RawFileName}".
             Questo riferimento non è "CopyLocal". Per almeno un elemento di origine "Private" era stato impostato su "false" e per nessun elemento di origine "Private" era stato impostato su "true".
         Riferimento primario "System.Reflection.Emit, Version=8.0.0.0, Culture=neutral, PublicKeyToken=b03f5f7f11d50a3a".
             Il percorso file risolto è "C:\Program Files\dotnet\packs\Microsoft.NETCore.App.Ref\8.0.20\ref\net8.0\System.Reflection.Emit.dll".
             Riferimento trovato nel percorso di ricerca "{RawFileName}".
             Questo riferimento non è "CopyLocal". Per almeno un elemento di origine "Private" era stato impostato su "false" e per nessun elemento di origine "Private" era stato impostato su "true".
         Riferimento primario "System.Reflection.Extensions, Version=8.0.0.0, Culture=neutral, PublicKeyToken=b03f5f7f11d50a3a".
             Il percorso file risolto è "C:\Program Files\dotnet\packs\Microsoft.NETCore.App.Ref\8.0.20\ref\net8.0\System.Reflection.Extensions.dll".
             Riferimento trovato nel percorso di ricerca "{RawFileName}".
             Questo riferimento non è "CopyLocal". Per almeno un elemento di origine "Private" era stato impostato su "false" e per nessun elemento di origine "Private" era stato impostato su "true".
         Riferimento primario "System.Reflection.Metadata, Version=8.0.0.0, Culture=neutral, PublicKeyToken=b03f5f7f11d50a3a".
             Il percorso file risolto è "C:\Program Files\dotnet\packs\Microsoft.NETCore.App.Ref\8.0.20\ref\net8.0\System.Reflection.Metadata.dll".
             Riferimento trovato nel percorso di ricerca "{RawFileName}".
             Questo riferimento non è "CopyLocal". Per almeno un elemento di origine "Private" era stato impostato su "false" e per nessun elemento di origine "Private" era stato impostato su "true".
         Riferimento primario "System.Reflection.Primitives, Version=8.0.0.0, Culture=neutral, PublicKeyToken=b03f5f7f11d50a3a".
             Il percorso file risolto è "C:\Program Files\dotnet\packs\Microsoft.NETCore.App.Ref\8.0.20\ref\net8.0\System.Reflection.Primitives.dll".
             Riferimento trovato nel percorso di ricerca "{RawFileName}".
             Questo riferimento non è "CopyLocal". Per almeno un elemento di origine "Private" era stato impostato su "false" e per nessun elemento di origine "Private" era stato impostato su "true".
         Riferimento primario "System.Reflection.TypeExtensions, Version=8.0.0.0, Culture=neutral, PublicKeyToken=b03f5f7f11d50a3a".
             Il percorso file risolto è "C:\Program Files\dotnet\packs\Microsoft.NETCore.App.Ref\8.0.20\ref\net8.0\System.Reflection.TypeExtensions.dll".
             Riferimento trovato nel percorso di ricerca "{RawFileName}".
             Questo riferimento non è "CopyLocal". Per almeno un elemento di origine "Private" era stato impostato su "false" e per nessun elemento di origine "Private" era stato impostato su "true".
         Riferimento primario "System.Reflection, Version=8.0.0.0, Culture=neutral, PublicKeyToken=b03f5f7f11d50a3a".
             Il percorso file risolto è "C:\Program Files\dotnet\packs\Microsoft.NETCore.App.Ref\8.0.20\ref\net8.0\System.Reflection.dll".
             Riferimento trovato nel percorso di ricerca "{RawFileName}".
             Questo riferimento non è "CopyLocal". Per almeno un elemento di origine "Private" era stato impostato su "false" e per nessun elemento di origine "Private" era stato impostato su "true".
         Riferimento primario "System.Resources.Reader, Version=8.0.0.0, Culture=neutral, PublicKeyToken=b03f5f7f11d50a3a".
             Il percorso file risolto è "C:\Program Files\dotnet\packs\Microsoft.NETCore.App.Ref\8.0.20\ref\net8.0\System.Resources.Reader.dll".
             Riferimento trovato nel percorso di ricerca "{RawFileName}".
             Questo riferimento non è "CopyLocal". Per almeno un elemento di origine "Private" era stato impostato su "false" e per nessun elemento di origine "Private" era stato impostato su "true".
         Riferimento primario "System.Resources.ResourceManager, Version=8.0.0.0, Culture=neutral, PublicKeyToken=b03f5f7f11d50a3a".
             Il percorso file risolto è "C:\Program Files\dotnet\packs\Microsoft.NETCore.App.Ref\8.0.20\ref\net8.0\System.Resources.ResourceManager.dll".
             Riferimento trovato nel percorso di ricerca "{RawFileName}".
             Questo riferimento non è "CopyLocal". Per almeno un elemento di origine "Private" era stato impostato su "false" e per nessun elemento di origine "Private" era stato impostato su "true".
         Riferimento primario "System.Resources.Writer, Version=8.0.0.0, Culture=neutral, PublicKeyToken=b03f5f7f11d50a3a".
             Il percorso file risolto è "C:\Program Files\dotnet\packs\Microsoft.NETCore.App.Ref\8.0.20\ref\net8.0\System.Resources.Writer.dll".
             Riferimento trovato nel percorso di ricerca "{RawFileName}".
             Questo riferimento non è "CopyLocal". Per almeno un elemento di origine "Private" era stato impostato su "false" e per nessun elemento di origine "Private" era stato impostato su "true".
         Riferimento primario "System.Runtime.CompilerServices.Unsafe, Version=8.0.0.0, Culture=neutral, PublicKeyToken=b03f5f7f11d50a3a".
             Il percorso file risolto è "C:\Program Files\dotnet\packs\Microsoft.NETCore.App.Ref\8.0.20\ref\net8.0\System.Runtime.CompilerServices.Unsafe.dll".
             Riferimento trovato nel percorso di ricerca "{RawFileName}".
             Questo riferimento non è "CopyLocal". Per almeno un elemento di origine "Private" era stato impostato su "false" e per nessun elemento di origine "Private" era stato impostato su "true".
         Riferimento primario "System.Runtime.CompilerServices.VisualC, Version=8.0.0.0, Culture=neutral, PublicKeyToken=b03f5f7f11d50a3a".
             Il percorso file risolto è "C:\Program Files\dotnet\packs\Microsoft.NETCore.App.Ref\8.0.20\ref\net8.0\System.Runtime.CompilerServices.VisualC.dll".
             Riferimento trovato nel percorso di ricerca "{RawFileName}".
             Questo riferimento non è "CopyLocal". Per almeno un elemento di origine "Private" era stato impostato su "false" e per nessun elemento di origine "Private" era stato impostato su "true".
         Riferimento primario "System.Runtime.Extensions, Version=8.0.0.0, Culture=neutral, PublicKeyToken=b03f5f7f11d50a3a".
             Il percorso file risolto è "C:\Program Files\dotnet\packs\Microsoft.NETCore.App.Ref\8.0.20\ref\net8.0\System.Runtime.Extensions.dll".
             Riferimento trovato nel percorso di ricerca "{RawFileName}".
             Questo riferimento non è "CopyLocal". Per almeno un elemento di origine "Private" era stato impostato su "false" e per nessun elemento di origine "Private" era stato impostato su "true".
         Riferimento primario "System.Runtime.Handles, Version=8.0.0.0, Culture=neutral, PublicKeyToken=b03f5f7f11d50a3a".
             Il percorso file risolto è "C:\Program Files\dotnet\packs\Microsoft.NETCore.App.Ref\8.0.20\ref\net8.0\System.Runtime.Handles.dll".
             Riferimento trovato nel percorso di ricerca "{RawFileName}".
             Questo riferimento non è "CopyLocal". Per almeno un elemento di origine "Private" era stato impostato su "false" e per nessun elemento di origine "Private" era stato impostato su "true".
         Riferimento primario "System.Runtime.InteropServices.JavaScript, Version=8.0.0.0, Culture=neutral, PublicKeyToken=b03f5f7f11d50a3a".
             Il percorso file risolto è "C:\Program Files\dotnet\packs\Microsoft.NETCore.App.Ref\8.0.20\ref\net8.0\System.Runtime.InteropServices.JavaScript.dll".
             Riferimento trovato nel percorso di ricerca "{RawFileName}".
             Questo riferimento non è "CopyLocal". Per almeno un elemento di origine "Private" era stato impostato su "false" e per nessun elemento di origine "Private" era stato impostato su "true".
         Riferimento primario "System.Runtime.InteropServices.RuntimeInformation, Version=8.0.0.0, Culture=neutral, PublicKeyToken=b03f5f7f11d50a3a".
             Il percorso file risolto è "C:\Program Files\dotnet\packs\Microsoft.NETCore.App.Ref\8.0.20\ref\net8.0\System.Runtime.InteropServices.RuntimeInformation.dll".
             Riferimento trovato nel percorso di ricerca "{RawFileName}".
             Questo riferimento non è "CopyLocal". Per almeno un elemento di origine "Private" era stato impostato su "false" e per nessun elemento di origine "Private" era stato impostato su "true".
         Riferimento primario "System.Runtime.InteropServices, Version=8.0.0.0, Culture=neutral, PublicKeyToken=b03f5f7f11d50a3a".
             Il percorso file risolto è "C:\Program Files\dotnet\packs\Microsoft.NETCore.App.Ref\8.0.20\ref\net8.0\System.Runtime.InteropServices.dll".
             Riferimento trovato nel percorso di ricerca "{RawFileName}".
             Questo riferimento non è "CopyLocal". Per almeno un elemento di origine "Private" era stato impostato su "false" e per nessun elemento di origine "Private" era stato impostato su "true".
         Riferimento primario "System.Runtime.Intrinsics, Version=8.0.0.0, Culture=neutral, PublicKeyToken=cc7b13ffcd2ddd51".
             Il percorso file risolto è "C:\Program Files\dotnet\packs\Microsoft.NETCore.App.Ref\8.0.20\ref\net8.0\System.Runtime.Intrinsics.dll".
             Riferimento trovato nel percorso di ricerca "{RawFileName}".
             Questo riferimento non è "CopyLocal". Per almeno un elemento di origine "Private" era stato impostato su "false" e per nessun elemento di origine "Private" era stato impostato su "true".
         Riferimento primario "System.Runtime.Loader, Version=8.0.0.0, Culture=neutral, PublicKeyToken=b03f5f7f11d50a3a".
             Il percorso file risolto è "C:\Program Files\dotnet\packs\Microsoft.NETCore.App.Ref\8.0.20\ref\net8.0\System.Runtime.Loader.dll".
             Riferimento trovato nel percorso di ricerca "{RawFileName}".
             Questo riferimento non è "CopyLocal". Per almeno un elemento di origine "Private" era stato impostato su "false" e per nessun elemento di origine "Private" era stato impostato su "true".
         Riferimento primario "System.Runtime.Numerics, Version=8.0.0.0, Culture=neutral, PublicKeyToken=b03f5f7f11d50a3a".
             Il percorso file risolto è "C:\Program Files\dotnet\packs\Microsoft.NETCore.App.Ref\8.0.20\ref\net8.0\System.Runtime.Numerics.dll".
             Riferimento trovato nel percorso di ricerca "{RawFileName}".
             Questo riferimento non è "CopyLocal". Per almeno un elemento di origine "Private" era stato impostato su "false" e per nessun elemento di origine "Private" era stato impostato su "true".
         Riferimento primario "System.Runtime.Serialization.Formatters, Version=8.0.0.0, Culture=neutral, PublicKeyToken=b03f5f7f11d50a3a".
             Il percorso file risolto è "C:\Program Files\dotnet\packs\Microsoft.NETCore.App.Ref\8.0.20\ref\net8.0\System.Runtime.Serialization.Formatters.dll".
             Riferimento trovato nel percorso di ricerca "{RawFileName}".
             Questo riferimento non è "CopyLocal". Per almeno un elemento di origine "Private" era stato impostato su "false" e per nessun elemento di origine "Private" era stato impostato su "true".
         Riferimento primario "System.Runtime.Serialization.Json, Version=8.0.0.0, Culture=neutral, PublicKeyToken=b03f5f7f11d50a3a".
             Il percorso file risolto è "C:\Program Files\dotnet\packs\Microsoft.NETCore.App.Ref\8.0.20\ref\net8.0\System.Runtime.Serialization.Json.dll".
             Riferimento trovato nel percorso di ricerca "{RawFileName}".
             Questo riferimento non è "CopyLocal". Per almeno un elemento di origine "Private" era stato impostato su "false" e per nessun elemento di origine "Private" era stato impostato su "true".
         Riferimento primario "System.Runtime.Serialization.Primitives, Version=8.0.0.0, Culture=neutral, PublicKeyToken=b03f5f7f11d50a3a".
             Il percorso file risolto è "C:\Program Files\dotnet\packs\Microsoft.NETCore.App.Ref\8.0.20\ref\net8.0\System.Runtime.Serialization.Primitives.dll".
             Riferimento trovato nel percorso di ricerca "{RawFileName}".
             Questo riferimento non è "CopyLocal". Per almeno un elemento di origine "Private" era stato impostato su "false" e per nessun elemento di origine "Private" era stato impostato su "true".
         Riferimento primario "System.Runtime.Serialization.Xml, Version=8.0.0.0, Culture=neutral, PublicKeyToken=b03f5f7f11d50a3a".
             Il percorso file risolto è "C:\Program Files\dotnet\packs\Microsoft.NETCore.App.Ref\8.0.20\ref\net8.0\System.Runtime.Serialization.Xml.dll".
             Riferimento trovato nel percorso di ricerca "{RawFileName}".
             Questo riferimento non è "CopyLocal". Per almeno un elemento di origine "Private" era stato impostato su "false" e per nessun elemento di origine "Private" era stato impostato su "true".
         Riferimento primario "System.Runtime.Serialization, Version=4.0.0.0, Culture=neutral, PublicKeyToken=b77a5c561934e089".
             Il percorso file risolto è "C:\Program Files\dotnet\packs\Microsoft.NETCore.App.Ref\8.0.20\ref\net8.0\System.Runtime.Serialization.dll".
             Riferimento trovato nel percorso di ricerca "{RawFileName}".
             Questo riferimento non è "CopyLocal". Per almeno un elemento di origine "Private" era stato impostato su "false" e per nessun elemento di origine "Private" era stato impostato su "true".
         Riferimento primario "System.Runtime, Version=8.0.0.0, Culture=neutral, PublicKeyToken=b03f5f7f11d50a3a".
             Il percorso file risolto è "C:\Program Files\dotnet\packs\Microsoft.NETCore.App.Ref\8.0.20\ref\net8.0\System.Runtime.dll".
             Riferimento trovato nel percorso di ricerca "{RawFileName}".
             Questo riferimento non è "CopyLocal". Per almeno un elemento di origine "Private" era stato impostato su "false" e per nessun elemento di origine "Private" era stato impostato su "true".
         Riferimento primario "System.Security.AccessControl, Version=8.0.0.0, Culture=neutral, PublicKeyToken=b03f5f7f11d50a3a".
             Il percorso file risolto è "C:\Program Files\dotnet\packs\Microsoft.NETCore.App.Ref\8.0.20\ref\net8.0\System.Security.AccessControl.dll".
             Riferimento trovato nel percorso di ricerca "{RawFileName}".
             Questo riferimento non è "CopyLocal". Per almeno un elemento di origine "Private" era stato impostato su "false" e per nessun elemento di origine "Private" era stato impostato su "true".
         Riferimento primario "System.Security.Claims, Version=8.0.0.0, Culture=neutral, PublicKeyToken=b03f5f7f11d50a3a".
             Il percorso file risolto è "C:\Program Files\dotnet\packs\Microsoft.NETCore.App.Ref\8.0.20\ref\net8.0\System.Security.Claims.dll".
             Riferimento trovato nel percorso di ricerca "{RawFileName}".
             Questo riferimento non è "CopyLocal". Per almeno un elemento di origine "Private" era stato impostato su "false" e per nessun elemento di origine "Private" era stato impostato su "true".
         Riferimento primario "System.Security.Cryptography.Algorithms, Version=8.0.0.0, Culture=neutral, PublicKeyToken=b03f5f7f11d50a3a".
             Il percorso file risolto è "C:\Program Files\dotnet\packs\Microsoft.NETCore.App.Ref\8.0.20\ref\net8.0\System.Security.Cryptography.Algorithms.dll".
             Riferimento trovato nel percorso di ricerca "{RawFileName}".
             Questo riferimento non è "CopyLocal". Per almeno un elemento di origine "Private" era stato impostato su "false" e per nessun elemento di origine "Private" era stato impostato su "true".
         Riferimento primario "System.Security.Cryptography.Cng, Version=8.0.0.0, Culture=neutral, PublicKeyToken=b03f5f7f11d50a3a".
             Il percorso file risolto è "C:\Program Files\dotnet\packs\Microsoft.NETCore.App.Ref\8.0.20\ref\net8.0\System.Security.Cryptography.Cng.dll".
             Riferimento trovato nel percorso di ricerca "{RawFileName}".
             Questo riferimento non è "CopyLocal". Per almeno un elemento di origine "Private" era stato impostato su "false" e per nessun elemento di origine "Private" era stato impostato su "true".
         Riferimento primario "System.Security.Cryptography.Csp, Version=8.0.0.0, Culture=neutral, PublicKeyToken=b03f5f7f11d50a3a".
             Il percorso file risolto è "C:\Program Files\dotnet\packs\Microsoft.NETCore.App.Ref\8.0.20\ref\net8.0\System.Security.Cryptography.Csp.dll".
             Riferimento trovato nel percorso di ricerca "{RawFileName}".
             Questo riferimento non è "CopyLocal". Per almeno un elemento di origine "Private" era stato impostato su "false" e per nessun elemento di origine "Private" era stato impostato su "true".
         Riferimento primario "System.Security.Cryptography.Encoding, Version=8.0.0.0, Culture=neutral, PublicKeyToken=b03f5f7f11d50a3a".
             Il percorso file risolto è "C:\Program Files\dotnet\packs\Microsoft.NETCore.App.Ref\8.0.20\ref\net8.0\System.Security.Cryptography.Encoding.dll".
             Riferimento trovato nel percorso di ricerca "{RawFileName}".
             Questo riferimento non è "CopyLocal". Per almeno un elemento di origine "Private" era stato impostato su "false" e per nessun elemento di origine "Private" era stato impostato su "true".
         Riferimento primario "System.Security.Cryptography.OpenSsl, Version=8.0.0.0, Culture=neutral, PublicKeyToken=b03f5f7f11d50a3a".
             Il percorso file risolto è "C:\Program Files\dotnet\packs\Microsoft.NETCore.App.Ref\8.0.20\ref\net8.0\System.Security.Cryptography.OpenSsl.dll".
             Riferimento trovato nel percorso di ricerca "{RawFileName}".
             Questo riferimento non è "CopyLocal". Per almeno un elemento di origine "Private" era stato impostato su "false" e per nessun elemento di origine "Private" era stato impostato su "true".
         Riferimento primario "System.Security.Cryptography.Primitives, Version=8.0.0.0, Culture=neutral, PublicKeyToken=b03f5f7f11d50a3a".
             Il percorso file risolto è "C:\Program Files\dotnet\packs\Microsoft.NETCore.App.Ref\8.0.20\ref\net8.0\System.Security.Cryptography.Primitives.dll".
             Riferimento trovato nel percorso di ricerca "{RawFileName}".
             Questo riferimento non è "CopyLocal". Per almeno un elemento di origine "Private" era stato impostato su "false" e per nessun elemento di origine "Private" era stato impostato su "true".
         Riferimento primario "System.Security.Cryptography.X509Certificates, Version=8.0.0.0, Culture=neutral, PublicKeyToken=b03f5f7f11d50a3a".
             Il percorso file risolto è "C:\Program Files\dotnet\packs\Microsoft.NETCore.App.Ref\8.0.20\ref\net8.0\System.Security.Cryptography.X509Certificates.dll".
             Riferimento trovato nel percorso di ricerca "{RawFileName}".
             Questo riferimento non è "CopyLocal". Per almeno un elemento di origine "Private" era stato impostato su "false" e per nessun elemento di origine "Private" era stato impostato su "true".
         Riferimento primario "System.Security.Cryptography, Version=8.0.0.0, Culture=neutral, PublicKeyToken=b03f5f7f11d50a3a".
             Il percorso file risolto è "C:\Program Files\dotnet\packs\Microsoft.NETCore.App.Ref\8.0.20\ref\net8.0\System.Security.Cryptography.dll".
             Riferimento trovato nel percorso di ricerca "{RawFileName}".
             Questo riferimento non è "CopyLocal". Per almeno un elemento di origine "Private" era stato impostato su "false" e per nessun elemento di origine "Private" era stato impostato su "true".
         Riferimento primario "System.Security.Principal.Windows, Version=8.0.0.0, Culture=neutral, PublicKeyToken=b03f5f7f11d50a3a".
             Il percorso file risolto è "C:\Program Files\dotnet\packs\Microsoft.NETCore.App.Ref\8.0.20\ref\net8.0\System.Security.Principal.Windows.dll".
             Riferimento trovato nel percorso di ricerca "{RawFileName}".
             Questo riferimento non è "CopyLocal". Per almeno un elemento di origine "Private" era stato impostato su "false" e per nessun elemento di origine "Private" era stato impostato su "true".
         Riferimento primario "System.Security.Principal, Version=8.0.0.0, Culture=neutral, PublicKeyToken=b03f5f7f11d50a3a".
             Il percorso file risolto è "C:\Program Files\dotnet\packs\Microsoft.NETCore.App.Ref\8.0.20\ref\net8.0\System.Security.Principal.dll".
             Riferimento trovato nel percorso di ricerca "{RawFileName}".
             Questo riferimento non è "CopyLocal". Per almeno un elemento di origine "Private" era stato impostato su "false" e per nessun elemento di origine "Private" era stato impostato su "true".
         Riferimento primario "System.Security.SecureString, Version=8.0.0.0, Culture=neutral, PublicKeyToken=b03f5f7f11d50a3a".
             Il percorso file risolto è "C:\Program Files\dotnet\packs\Microsoft.NETCore.App.Ref\8.0.20\ref\net8.0\System.Security.SecureString.dll".
             Riferimento trovato nel percorso di ricerca "{RawFileName}".
             Questo riferimento non è "CopyLocal". Per almeno un elemento di origine "Private" era stato impostato su "false" e per nessun elemento di origine "Private" era stato impostato su "true".
         Riferimento primario "System.Security, Version=4.0.0.0, Culture=neutral, PublicKeyToken=b03f5f7f11d50a3a".
             Il percorso file risolto è "C:\Program Files\dotnet\packs\Microsoft.NETCore.App.Ref\8.0.20\ref\net8.0\System.Security.dll".
             Riferimento trovato nel percorso di ricerca "{RawFileName}".
             Questo riferimento non è "CopyLocal". Per almeno un elemento di origine "Private" era stato impostato su "false" e per nessun elemento di origine "Private" era stato impostato su "true".
         Riferimento primario "System.ServiceModel.Web, Version=4.0.0.0, Culture=neutral, PublicKeyToken=31bf3856ad364e35".
             Il percorso file risolto è "C:\Program Files\dotnet\packs\Microsoft.NETCore.App.Ref\8.0.20\ref\net8.0\System.ServiceModel.Web.dll".
             Riferimento trovato nel percorso di ricerca "{RawFileName}".
             Questo riferimento non è "CopyLocal". Per almeno un elemento di origine "Private" era stato impostato su "false" e per nessun elemento di origine "Private" era stato impostato su "true".
         Riferimento primario "System.ServiceProcess, Version=4.0.0.0, Culture=neutral, PublicKeyToken=b03f5f7f11d50a3a".
             Il percorso file risolto è "C:\Program Files\dotnet\packs\Microsoft.NETCore.App.Ref\8.0.20\ref\net8.0\System.ServiceProcess.dll".
             Riferimento trovato nel percorso di ricerca "{RawFileName}".
             Questo riferimento non è "CopyLocal". Per almeno un elemento di origine "Private" era stato impostato su "false" e per nessun elemento di origine "Private" era stato impostato su "true".
         Riferimento primario "System.Text.Encoding.CodePages, Version=8.0.0.0, Culture=neutral, PublicKeyToken=b03f5f7f11d50a3a".
             Il percorso file risolto è "C:\Program Files\dotnet\packs\Microsoft.NETCore.App.Ref\8.0.20\ref\net8.0\System.Text.Encoding.CodePages.dll".
             Riferimento trovato nel percorso di ricerca "{RawFileName}".
             Questo riferimento non è "CopyLocal". Per almeno un elemento di origine "Private" era stato impostato su "false" e per nessun elemento di origine "Private" era stato impostato su "true".
         Riferimento primario "System.Text.Encoding.Extensions, Version=8.0.0.0, Culture=neutral, PublicKeyToken=b03f5f7f11d50a3a".
             Il percorso file risolto è "C:\Program Files\dotnet\packs\Microsoft.NETCore.App.Ref\8.0.20\ref\net8.0\System.Text.Encoding.Extensions.dll".
             Riferimento trovato nel percorso di ricerca "{RawFileName}".
             Questo riferimento non è "CopyLocal". Per almeno un elemento di origine "Private" era stato impostato su "false" e per nessun elemento di origine "Private" era stato impostato su "true".
         Riferimento primario "System.Text.Encoding, Version=8.0.0.0, Culture=neutral, PublicKeyToken=b03f5f7f11d50a3a".
             Il percorso file risolto è "C:\Program Files\dotnet\packs\Microsoft.NETCore.App.Ref\8.0.20\ref\net8.0\System.Text.Encoding.dll".
             Riferimento trovato nel percorso di ricerca "{RawFileName}".
             Questo riferimento non è "CopyLocal". Per almeno un elemento di origine "Private" era stato impostato su "false" e per nessun elemento di origine "Private" era stato impostato su "true".
         Riferimento primario "System.Text.Encodings.Web, Version=8.0.0.0, Culture=neutral, PublicKeyToken=cc7b13ffcd2ddd51".
             Il percorso file risolto è "C:\Program Files\dotnet\packs\Microsoft.NETCore.App.Ref\8.0.20\ref\net8.0\System.Text.Encodings.Web.dll".
             Riferimento trovato nel percorso di ricerca "{RawFileName}".
             Questo riferimento non è "CopyLocal". Per almeno un elemento di origine "Private" era stato impostato su "false" e per nessun elemento di origine "Private" era stato impostato su "true".
         Riferimento primario "System.Text.Json, Version=8.0.0.0, Culture=neutral, PublicKeyToken=cc7b13ffcd2ddd51".
             Il percorso file risolto è "C:\Program Files\dotnet\packs\Microsoft.NETCore.App.Ref\8.0.20\ref\net8.0\System.Text.Json.dll".
             Riferimento trovato nel percorso di ricerca "{RawFileName}".
             Questo riferimento non è "CopyLocal". Per almeno un elemento di origine "Private" era stato impostato su "false" e per nessun elemento di origine "Private" era stato impostato su "true".
         Riferimento primario "System.Text.RegularExpressions, Version=8.0.0.0, Culture=neutral, PublicKeyToken=b03f5f7f11d50a3a".
             Il percorso file risolto è "C:\Program Files\dotnet\packs\Microsoft.NETCore.App.Ref\8.0.20\ref\net8.0\System.Text.RegularExpressions.dll".
             Riferimento trovato nel percorso di ricerca "{RawFileName}".
             Questo riferimento non è "CopyLocal". Per almeno un elemento di origine "Private" era stato impostato su "false" e per nessun elemento di origine "Private" era stato impostato su "true".
         Riferimento primario "System.Threading.Channels, Version=8.0.0.0, Culture=neutral, PublicKeyToken=cc7b13ffcd2ddd51".
             Il percorso file risolto è "C:\Program Files\dotnet\packs\Microsoft.NETCore.App.Ref\8.0.20\ref\net8.0\System.Threading.Channels.dll".
             Riferimento trovato nel percorso di ricerca "{RawFileName}".
             Questo riferimento non è "CopyLocal". Per almeno un elemento di origine "Private" era stato impostato su "false" e per nessun elemento di origine "Private" era stato impostato su "true".
         Riferimento primario "System.Threading.Overlapped, Version=8.0.0.0, Culture=neutral, PublicKeyToken=b03f5f7f11d50a3a".
             Il percorso file risolto è "C:\Program Files\dotnet\packs\Microsoft.NETCore.App.Ref\8.0.20\ref\net8.0\System.Threading.Overlapped.dll".
             Riferimento trovato nel percorso di ricerca "{RawFileName}".
             Questo riferimento non è "CopyLocal". Per almeno un elemento di origine "Private" era stato impostato su "false" e per nessun elemento di origine "Private" era stato impostato su "true".
         Riferimento primario "System.Threading.Tasks.Dataflow, Version=8.0.0.0, Culture=neutral, PublicKeyToken=b03f5f7f11d50a3a".
             Il percorso file risolto è "C:\Program Files\dotnet\packs\Microsoft.NETCore.App.Ref\8.0.20\ref\net8.0\System.Threading.Tasks.Dataflow.dll".
             Riferimento trovato nel percorso di ricerca "{RawFileName}".
             Questo riferimento non è "CopyLocal". Per almeno un elemento di origine "Private" era stato impostato su "false" e per nessun elemento di origine "Private" era stato impostato su "true".
         Riferimento primario "System.Threading.Tasks.Extensions, Version=8.0.0.0, Culture=neutral, PublicKeyToken=cc7b13ffcd2ddd51".
             Il percorso file risolto è "C:\Program Files\dotnet\packs\Microsoft.NETCore.App.Ref\8.0.20\ref\net8.0\System.Threading.Tasks.Extensions.dll".
             Riferimento trovato nel percorso di ricerca "{RawFileName}".
             Questo riferimento non è "CopyLocal". Per almeno un elemento di origine "Private" era stato impostato su "false" e per nessun elemento di origine "Private" era stato impostato su "true".
         Riferimento primario "System.Threading.Tasks.Parallel, Version=8.0.0.0, Culture=neutral, PublicKeyToken=b03f5f7f11d50a3a".
             Il percorso file risolto è "C:\Program Files\dotnet\packs\Microsoft.NETCore.App.Ref\8.0.20\ref\net8.0\System.Threading.Tasks.Parallel.dll".
             Riferimento trovato nel percorso di ricerca "{RawFileName}".
             Questo riferimento non è "CopyLocal". Per almeno un elemento di origine "Private" era stato impostato su "false" e per nessun elemento di origine "Private" era stato impostato su "true".
         Riferimento primario "System.Threading.Tasks, Version=8.0.0.0, Culture=neutral, PublicKeyToken=b03f5f7f11d50a3a".
             Il percorso file risolto è "C:\Program Files\dotnet\packs\Microsoft.NETCore.App.Ref\8.0.20\ref\net8.0\System.Threading.Tasks.dll".
             Riferimento trovato nel percorso di ricerca "{RawFileName}".
             Questo riferimento non è "CopyLocal". Per almeno un elemento di origine "Private" era stato impostato su "false" e per nessun elemento di origine "Private" era stato impostato su "true".
         Riferimento primario "System.Threading.Thread, Version=8.0.0.0, Culture=neutral, PublicKeyToken=b03f5f7f11d50a3a".
             Il percorso file risolto è "C:\Program Files\dotnet\packs\Microsoft.NETCore.App.Ref\8.0.20\ref\net8.0\System.Threading.Thread.dll".
             Riferimento trovato nel percorso di ricerca "{RawFileName}".
             Questo riferimento non è "CopyLocal". Per almeno un elemento di origine "Private" era stato impostato su "false" e per nessun elemento di origine "Private" era stato impostato su "true".
         Riferimento primario "System.Threading.ThreadPool, Version=8.0.0.0, Culture=neutral, PublicKeyToken=b03f5f7f11d50a3a".
             Il percorso file risolto è "C:\Program Files\dotnet\packs\Microsoft.NETCore.App.Ref\8.0.20\ref\net8.0\System.Threading.ThreadPool.dll".
             Riferimento trovato nel percorso di ricerca "{RawFileName}".
             Questo riferimento non è "CopyLocal". Per almeno un elemento di origine "Private" era stato impostato su "false" e per nessun elemento di origine "Private" era stato impostato su "true".
         Riferimento primario "System.Threading.Timer, Version=8.0.0.0, Culture=neutral, PublicKeyToken=b03f5f7f11d50a3a".
             Il percorso file risolto è "C:\Program Files\dotnet\packs\Microsoft.NETCore.App.Ref\8.0.20\ref\net8.0\System.Threading.Timer.dll".
             Riferimento trovato nel percorso di ricerca "{RawFileName}".
             Questo riferimento non è "CopyLocal". Per almeno un elemento di origine "Private" era stato impostato su "false" e per nessun elemento di origine "Private" era stato impostato su "true".
         Riferimento primario "System.Threading, Version=8.0.0.0, Culture=neutral, PublicKeyToken=b03f5f7f11d50a3a".
             Il percorso file risolto è "C:\Program Files\dotnet\packs\Microsoft.NETCore.App.Ref\8.0.20\ref\net8.0\System.Threading.dll".
             Riferimento trovato nel percorso di ricerca "{RawFileName}".
             Questo riferimento non è "CopyLocal". Per almeno un elemento di origine "Private" era stato impostato su "false" e per nessun elemento di origine "Private" era stato impostato su "true".
         Riferimento primario "System.Transactions.Local, Version=8.0.0.0, Culture=neutral, PublicKeyToken=cc7b13ffcd2ddd51".
             Il percorso file risolto è "C:\Program Files\dotnet\packs\Microsoft.NETCore.App.Ref\8.0.20\ref\net8.0\System.Transactions.Local.dll".
             Riferimento trovato nel percorso di ricerca "{RawFileName}".
             Questo riferimento non è "CopyLocal". Per almeno un elemento di origine "Private" era stato impostato su "false" e per nessun elemento di origine "Private" era stato impostato su "true".
         Riferimento primario "System.Transactions, Version=4.0.0.0, Culture=neutral, PublicKeyToken=b77a5c561934e089".
             Il percorso file risolto è "C:\Program Files\dotnet\packs\Microsoft.NETCore.App.Ref\8.0.20\ref\net8.0\System.Transactions.dll".
             Riferimento trovato nel percorso di ricerca "{RawFileName}".
             Questo riferimento non è "CopyLocal". Per almeno un elemento di origine "Private" era stato impostato su "false" e per nessun elemento di origine "Private" era stato impostato su "true".
         Riferimento primario "System.ValueTuple, Version=8.0.0.0, Culture=neutral, PublicKeyToken=cc7b13ffcd2ddd51".
             Il percorso file risolto è "C:\Program Files\dotnet\packs\Microsoft.NETCore.App.Ref\8.0.20\ref\net8.0\System.ValueTuple.dll".
             Riferimento trovato nel percorso di ricerca "{RawFileName}".
             Questo riferimento non è "CopyLocal". Per almeno un elemento di origine "Private" era stato impostato su "false" e per nessun elemento di origine "Private" era stato impostato su "true".
         Riferimento primario "System.Web.HttpUtility, Version=8.0.0.0, Culture=neutral, PublicKeyToken=cc7b13ffcd2ddd51".
             Il percorso file risolto è "C:\Program Files\dotnet\packs\Microsoft.NETCore.App.Ref\8.0.20\ref\net8.0\System.Web.HttpUtility.dll".
             Riferimento trovato nel percorso di ricerca "{RawFileName}".
             Questo riferimento non è "CopyLocal". Per almeno un elemento di origine "Private" era stato impostato su "false" e per nessun elemento di origine "Private" era stato impostato su "true".
         Riferimento primario "System.Web, Version=4.0.0.0, Culture=neutral, PublicKeyToken=b03f5f7f11d50a3a".
             Il percorso file risolto è "C:\Program Files\dotnet\packs\Microsoft.NETCore.App.Ref\8.0.20\ref\net8.0\System.Web.dll".
             Riferimento trovato nel percorso di ricerca "{RawFileName}".
             Questo riferimento non è "CopyLocal". Per almeno un elemento di origine "Private" era stato impostato su "false" e per nessun elemento di origine "Private" era stato impostato su "true".
         Riferimento primario "System.Windows, Version=4.0.0.0, Culture=neutral, PublicKeyToken=b03f5f7f11d50a3a".
             Il percorso file risolto è "C:\Program Files\dotnet\packs\Microsoft.NETCore.App.Ref\8.0.20\ref\net8.0\System.Windows.dll".
             Riferimento trovato nel percorso di ricerca "{RawFileName}".
             Questo riferimento non è "CopyLocal". Per almeno un elemento di origine "Private" era stato impostato su "false" e per nessun elemento di origine "Private" era stato impostato su "true".
         Riferimento primario "System.Xml.Linq, Version=4.0.0.0, Culture=neutral, PublicKeyToken=b77a5c561934e089".
             Il percorso file risolto è "C:\Program Files\dotnet\packs\Microsoft.NETCore.App.Ref\8.0.20\ref\net8.0\System.Xml.Linq.dll".
             Riferimento trovato nel percorso di ricerca "{RawFileName}".
             Questo riferimento non è "CopyLocal". Per almeno un elemento di origine "Private" era stato impostato su "false" e per nessun elemento di origine "Private" era stato impostato su "true".
         Riferimento primario "System.Xml.ReaderWriter, Version=8.0.0.0, Culture=neutral, PublicKeyToken=b03f5f7f11d50a3a".
             Il percorso file risolto è "C:\Program Files\dotnet\packs\Microsoft.NETCore.App.Ref\8.0.20\ref\net8.0\System.Xml.ReaderWriter.dll".
             Riferimento trovato nel percorso di ricerca "{RawFileName}".
             Questo riferimento non è "CopyLocal". Per almeno un elemento di origine "Private" era stato impostato su "false" e per nessun elemento di origine "Private" era stato impostato su "true".
         Riferimento primario "System.Xml.Serialization, Version=4.0.0.0, Culture=neutral, PublicKeyToken=b77a5c561934e089".
             Il percorso file risolto è "C:\Program Files\dotnet\packs\Microsoft.NETCore.App.Ref\8.0.20\ref\net8.0\System.Xml.Serialization.dll".
             Riferimento trovato nel percorso di ricerca "{RawFileName}".
             Questo riferimento non è "CopyLocal". Per almeno un elemento di origine "Private" era stato impostato su "false" e per nessun elemento di origine "Private" era stato impostato su "true".
         Riferimento primario "System.Xml.XDocument, Version=8.0.0.0, Culture=neutral, PublicKeyToken=b03f5f7f11d50a3a".
             Il percorso file risolto è "C:\Program Files\dotnet\packs\Microsoft.NETCore.App.Ref\8.0.20\ref\net8.0\System.Xml.XDocument.dll".
             Riferimento trovato nel percorso di ricerca "{RawFileName}".
             Questo riferimento non è "CopyLocal". Per almeno un elemento di origine "Private" era stato impostato su "false" e per nessun elemento di origine "Private" era stato impostato su "true".
         Riferimento primario "System.Xml.XPath.XDocument, Version=8.0.0.0, Culture=neutral, PublicKeyToken=b03f5f7f11d50a3a".
             Il percorso file risolto è "C:\Program Files\dotnet\packs\Microsoft.NETCore.App.Ref\8.0.20\ref\net8.0\System.Xml.XPath.XDocument.dll".
             Riferimento trovato nel percorso di ricerca "{RawFileName}".
             Questo riferimento non è "CopyLocal". Per almeno un elemento di origine "Private" era stato impostato su "false" e per nessun elemento di origine "Private" era stato impostato su "true".
         Riferimento primario "System.Xml.XPath, Version=8.0.0.0, Culture=neutral, PublicKeyToken=b03f5f7f11d50a3a".
             Il percorso file risolto è "C:\Program Files\dotnet\packs\Microsoft.NETCore.App.Ref\8.0.20\ref\net8.0\System.Xml.XPath.dll".
             Riferimento trovato nel percorso di ricerca "{RawFileName}".
             Questo riferimento non è "CopyLocal". Per almeno un elemento di origine "Private" era stato impostato su "false" e per nessun elemento di origine "Private" era stato impostato su "true".
         Riferimento primario "System.Xml.XmlDocument, Version=8.0.0.0, Culture=neutral, PublicKeyToken=b03f5f7f11d50a3a".
             Il percorso file risolto è "C:\Program Files\dotnet\packs\Microsoft.NETCore.App.Ref\8.0.20\ref\net8.0\System.Xml.XmlDocument.dll".
             Riferimento trovato nel percorso di ricerca "{RawFileName}".
             Questo riferimento non è "CopyLocal". Per almeno un elemento di origine "Private" era stato impostato su "false" e per nessun elemento di origine "Private" era stato impostato su "true".
         Riferimento primario "System.Xml.XmlSerializer, Version=8.0.0.0, Culture=neutral, PublicKeyToken=b03f5f7f11d50a3a".
             Il percorso file risolto è "C:\Program Files\dotnet\packs\Microsoft.NETCore.App.Ref\8.0.20\ref\net8.0\System.Xml.XmlSerializer.dll".
             Riferimento trovato nel percorso di ricerca "{RawFileName}".
             Questo riferimento non è "CopyLocal". Per almeno un elemento di origine "Private" era stato impostato su "false" e per nessun elemento di origine "Private" era stato impostato su "true".
         Riferimento primario "System.Xml, Version=4.0.0.0, Culture=neutral, PublicKeyToken=b77a5c561934e089".
             Il percorso file risolto è "C:\Program Files\dotnet\packs\Microsoft.NETCore.App.Ref\8.0.20\ref\net8.0\System.Xml.dll".
             Riferimento trovato nel percorso di ricerca "{RawFileName}".
             Questo riferimento non è "CopyLocal". Per almeno un elemento di origine "Private" era stato impostato su "false" e per nessun elemento di origine "Private" era stato impostato su "true".
         Riferimento primario "System, Version=4.0.0.0, Culture=neutral, PublicKeyToken=b77a5c561934e089".
             Il percorso file risolto è "C:\Program Files\dotnet\packs\Microsoft.NETCore.App.Ref\8.0.20\ref\net8.0\System.dll".
             Riferimento trovato nel percorso di ricerca "{RawFileName}".
             Questo riferimento non è "CopyLocal". Per almeno un elemento di origine "Private" era stato impostato su "false" e per nessun elemento di origine "Private" era stato impostato su "true".
         Riferimento primario "WindowsBase, Version=4.0.0.0, Culture=neutral, PublicKeyToken=31bf3856ad364e35".
             Il percorso file risolto è "C:\Program Files\dotnet\packs\Microsoft.NETCore.App.Ref\8.0.20\ref\net8.0\WindowsBase.dll".
             Riferimento trovato nel percorso di ricerca "{RawFileName}".
             Questo riferimento non è "CopyLocal". Per almeno un elemento di origine "Private" era stato impostato su "false" e per nessun elemento di origine "Private" era stato impostato su "true".
         Riferimento primario "mscorlib, Version=4.0.0.0, Culture=neutral, PublicKeyToken=b77a5c561934e089".
             Il percorso file risolto è "C:\Program Files\dotnet\packs\Microsoft.NETCore.App.Ref\8.0.20\ref\net8.0\mscorlib.dll".
             Riferimento trovato nel percorso di ricerca "{RawFileName}".
             Questo riferimento non è "CopyLocal". Per almeno un elemento di origine "Private" era stato impostato su "false" e per nessun elemento di origine "Private" era stato impostato su "true".
         Riferimento primario "netstandard, Version=2.1.0.0, Culture=neutral, PublicKeyToken=cc7b13ffcd2ddd51".
             Il percorso file risolto è "C:\Program Files\dotnet\packs\Microsoft.NETCore.App.Ref\8.0.20\ref\net8.0\netstandard.dll".
             Riferimento trovato nel percorso di ricerca "{RawFileName}".
             Questo riferimento non è "CopyLocal". Per almeno un elemento di origine "Private" era stato impostato su "false" e per nessun elemento di origine "Private" era stato impostato su "true".
         Riferimento primario "Java.Interop, Version=7.0.0.0, Culture=neutral, PublicKeyToken=84e04ff9cfb79065".
             Il percorso file risolto è "C:\Users\rober\.nuget\packages\microsoft.android.ref.34\34.0.154\ref\net8.0\Java.Interop.dll".
             Riferimento trovato nel percorso di ricerca "{RawFileName}".
             Questo riferimento non è "CopyLocal". Per almeno un elemento di origine "Private" era stato impostato su "false" e per nessun elemento di origine "Private" era stato impostato su "true".
         Riferimento primario "Mono.Android.Export, Version=1.0.0.0, Culture=neutral, PublicKeyToken=84e04ff9cfb79065".
             Il percorso file risolto è "C:\Users\rober\.nuget\packages\microsoft.android.ref.34\34.0.154\ref\net8.0\Mono.Android.Export.dll".
             Riferimento trovato nel percorso di ricerca "{RawFileName}".
             Questo riferimento non è "CopyLocal". Per almeno un elemento di origine "Private" era stato impostato su "false" e per nessun elemento di origine "Private" era stato impostato su "true".
         Riferimento primario "Mono.Android.Runtime, Version=0.0.0.0, Culture=neutral, PublicKeyToken=84e04ff9cfb79065".
             Il percorso file risolto è "C:\Users\rober\.nuget\packages\microsoft.android.ref.34\34.0.154\ref\net8.0\Mono.Android.Runtime.dll".
             Riferimento trovato nel percorso di ricerca "{RawFileName}".
             Questo riferimento non è "CopyLocal". Per almeno un elemento di origine "Private" era stato impostato su "false" e per nessun elemento di origine "Private" era stato impostato su "true".
         Riferimento primario "Mono.Android, Version=0.0.0.0, Culture=neutral, PublicKeyToken=84e04ff9cfb79065".
             Il percorso file risolto è "C:\Users\rober\.nuget\packages\microsoft.android.ref.34\34.0.154\ref\net8.0\Mono.Android.dll".
             Riferimento trovato nel percorso di ricerca "{RawFileName}".
             Questo riferimento non è "CopyLocal". Per almeno un elemento di origine "Private" era stato impostato su "false" e per nessun elemento di origine "Private" era stato impostato su "true".
         Riferimento primario "CommunityToolkit.Maui, Version=1.0.0.0, Culture=neutral, PublicKeyToken=null".
             Il percorso file risolto è "C:\Users\rober\.nuget\packages\communitytoolkit.maui\9.1.0\lib\net8.0-android34.0\CommunityToolkit.Maui.dll".
             Riferimento trovato nel percorso di ricerca "{HintPathFromItem}".
             Questo riferimento non è "CopyLocal". Per almeno un elemento di origine "Private" era stato impostato su "false" e per nessun elemento di origine "Private" era stato impostato su "true".
         Riferimento primario "CommunityToolkit.Maui.Core, Version=1.0.0.0, Culture=neutral, PublicKeyToken=null".
             Il percorso file risolto è "C:\Users\rober\.nuget\packages\communitytoolkit.maui.core\9.1.0\lib\net8.0-android34.0\CommunityToolkit.Maui.Core.dll".
             Riferimento trovato nel percorso di ricerca "{HintPathFromItem}".
             Questo riferimento non è "CopyLocal". Per almeno un elemento di origine "Private" era stato impostato su "false" e per nessun elemento di origine "Private" era stato impostato su "true".
         Riferimento primario "CommunityToolkit.Mvvm, Version=8.3.0.0, Culture=neutral, PublicKeyToken=4aff67a105548ee2".
             Il percorso file risolto è "C:\Users\rober\.nuget\packages\communitytoolkit.mvvm\8.3.2\lib\net8.0\CommunityToolkit.Mvvm.dll".
             Riferimento trovato nel percorso di ricerca "{HintPathFromItem}".
             Questo riferimento non è "CopyLocal". Per almeno un elemento di origine "Private" era stato impostato su "false" e per nessun elemento di origine "Private" era stato impostato su "true".
         Riferimento primario "ExcelDataReader, Version=3.7.0.0, Culture=neutral, PublicKeyToken=93517dbe6a4012fa".
             Il percorso file risolto è "C:\Users\rober\.nuget\packages\exceldatareader\3.7.0\lib\netstandard2.1\ExcelDataReader.dll".
             Riferimento trovato nel percorso di ricerca "{HintPathFromItem}".
             Questo riferimento non è "CopyLocal". Per almeno un elemento di origine "Private" era stato impostato su "false" e per nessun elemento di origine "Private" era stato impostato su "true".
         Riferimento primario "ExcelDataReader.DataSet, Version=3.7.0.0, Culture=neutral, PublicKeyToken=93517dbe6a4012fa".
             Il percorso file risolto è "C:\Users\rober\.nuget\packages\exceldatareader.dataset\3.7.0\lib\netstandard2.1\ExcelDataReader.DataSet.dll".
             Riferimento trovato nel percorso di ricerca "{HintPathFromItem}".
             Questo riferimento non è "CopyLocal". Per almeno un elemento di origine "Private" era stato impostato su "false" e per nessun elemento di origine "Private" era stato impostato su "true".
         Riferimento primario "GoogleGson, Version=1.0.0.0, Culture=neutral, PublicKeyToken=null".
             Il percorso file risolto è "C:\Users\rober\.nuget\packages\googlegson\2.10.1.4\lib\net6.0-android31.0\GoogleGson.dll".
             Riferimento trovato nel percorso di ricerca "{HintPathFromItem}".
             Questo riferimento non è "CopyLocal". Per almeno un elemento di origine "Private" era stato impostato su "false" e per nessun elemento di origine "Private" era stato impostato su "true".
         Riferimento primario "HarfBuzzSharp, Version=1.0.0.0, Culture=neutral, PublicKeyToken=0738eb9f132ed756".
             Il percorso file risolto è "C:\Users\rober\.nuget\packages\harfbuzzsharp\7.3.0\lib\net6.0-android30.0\HarfBuzzSharp.dll".
             Riferimento trovato nel percorso di ricerca "{HintPathFromItem}".
             Questo riferimento non è "CopyLocal". Per almeno un elemento di origine "Private" era stato impostato su "false" e per nessun elemento di origine "Private" era stato impostato su "true".
         Riferimento primario "LiveChartsCore, Version=2.0.0.0, Culture=neutral, PublicKeyToken=cc92a3e13d40c573".
             Il percorso file risolto è "C:\Users\rober\.nuget\packages\livechartscore\2.0.0-rc2\lib\net6.0-android31.0\LiveChartsCore.dll".
             Riferimento trovato nel percorso di ricerca "{HintPathFromItem}".
             Questo riferimento non è "CopyLocal". Per almeno un elemento di origine "Private" era stato impostato su "false" e per nessun elemento di origine "Private" era stato impostato su "true".
         Riferimento primario "LiveChartsCore.Behaviours, Version=2.0.0.0, Culture=neutral, PublicKeyToken=cc92a3e13d40c573".
             Il percorso file risolto è "C:\Users\rober\.nuget\packages\livechartscore.behaviours\2.0.0-rc2\lib\net7.0-android31.0\LiveChartsCore.Behaviours.dll".
             Riferimento trovato nel percorso di ricerca "{HintPathFromItem}".
             Questo riferimento non è "CopyLocal". Per almeno un elemento di origine "Private" era stato impostato su "false" e per nessun elemento di origine "Private" era stato impostato su "true".
         Riferimento primario "LiveChartsCore.SkiaSharpView, Version=2.0.0.0, Culture=neutral, PublicKeyToken=cc92a3e13d40c573".
             Il percorso file risolto è "C:\Users\rober\.nuget\packages\livechartscore.skiasharpview\2.0.0-rc2\lib\net6.0-android31.0\LiveChartsCore.SkiaSharpView.dll".
             Riferimento trovato nel percorso di ricerca "{HintPathFromItem}".
             Questo riferimento non è "CopyLocal". Per almeno un elemento di origine "Private" era stato impostato su "false" e per nessun elemento di origine "Private" era stato impostato su "true".
         Riferimento primario "LiveChartsCore.SkiaSharpView.Maui, Version=2.0.0.0, Culture=neutral, PublicKeyToken=cc92a3e13d40c573".
             Il percorso file risolto è "C:\Users\rober\.nuget\packages\livechartscore.skiasharpview.maui\2.0.0-rc2\lib\net6.0-android31.0\LiveChartsCore.SkiaSharpView.Maui.dll".
             Riferimento trovato nel percorso di ricerca "{HintPathFromItem}".
             Questo riferimento non è "CopyLocal". Per almeno un elemento di origine "Private" era stato impostato su "false" e per nessun elemento di origine "Private" era stato impostato su "true".
         Riferimento primario "Microsoft.AspNetCore.Connections.Abstractions, Version=2.2.0.0, Culture=neutral, PublicKeyToken=adb9793829ddae60".
             Il percorso file risolto è "C:\Users\rober\.nuget\packages\microsoft.aspnetcore.connections.abstractions\2.2.0\lib\netstandard2.0\Microsoft.AspNetCore.Connections.Abstractions.dll".
             Riferimento trovato nel percorso di ricerca "{HintPathFromItem}".
             Questo riferimento non è "CopyLocal". Per almeno un elemento di origine "Private" era stato impostato su "false" e per nessun elemento di origine "Private" era stato impostato su "true".
         Riferimento primario "Microsoft.AspNetCore.Hosting, Version=2.2.0.0, Culture=neutral, PublicKeyToken=adb9793829ddae60".
             Il percorso file risolto è "C:\Users\rober\.nuget\packages\microsoft.aspnetcore.hosting\2.2.0\lib\netstandard2.0\Microsoft.AspNetCore.Hosting.dll".
             Riferimento trovato nel percorso di ricerca "{HintPathFromItem}".
             Questo riferimento non è "CopyLocal". Per almeno un elemento di origine "Private" era stato impostato su "false" e per nessun elemento di origine "Private" era stato impostato su "true".
         Riferimento primario "Microsoft.AspNetCore.Hosting.Abstractions, Version=2.2.0.0, Culture=neutral, PublicKeyToken=adb9793829ddae60".
             Il percorso file risolto è "C:\Users\rober\.nuget\packages\microsoft.aspnetcore.hosting.abstractions\2.2.0\lib\netstandard2.0\Microsoft.AspNetCore.Hosting.Abstractions.dll".
             Riferimento trovato nel percorso di ricerca "{HintPathFromItem}".
             Questo riferimento non è "CopyLocal". Per almeno un elemento di origine "Private" era stato impostato su "false" e per nessun elemento di origine "Private" era stato impostato su "true".
         Riferimento primario "Microsoft.AspNetCore.Hosting.Server.Abstractions, Version=2.2.0.0, Culture=neutral, PublicKeyToken=adb9793829ddae60".
             Il percorso file risolto è "C:\Users\rober\.nuget\packages\microsoft.aspnetcore.hosting.server.abstractions\2.2.0\lib\netstandard2.0\Microsoft.AspNetCore.Hosting.Server.Abstractions.dll".
             Riferimento trovato nel percorso di ricerca "{HintPathFromItem}".
             Questo riferimento non è "CopyLocal". Per almeno un elemento di origine "Private" era stato impostato su "false" e per nessun elemento di origine "Private" era stato impostato su "true".
         Riferimento primario "Microsoft.AspNetCore.Http, Version=2.2.0.0, Culture=neutral, PublicKeyToken=adb9793829ddae60".
             Il percorso file risolto è "C:\Users\rober\.nuget\packages\microsoft.aspnetcore.http\2.2.0\lib\netstandard2.0\Microsoft.AspNetCore.Http.dll".
             Riferimento trovato nel percorso di ricerca "{HintPathFromItem}".
             Questo riferimento non è "CopyLocal". Per almeno un elemento di origine "Private" era stato impostato su "false" e per nessun elemento di origine "Private" era stato impostato su "true".
         Riferimento primario "Microsoft.AspNetCore.Http.Abstractions, Version=2.2.0.0, Culture=neutral, PublicKeyToken=adb9793829ddae60".
             Il percorso file risolto è "C:\Users\rober\.nuget\packages\microsoft.aspnetcore.http.abstractions\2.2.0\lib\netstandard2.0\Microsoft.AspNetCore.Http.Abstractions.dll".
             Riferimento trovato nel percorso di ricerca "{HintPathFromItem}".
             Questo riferimento non è "CopyLocal". Per almeno un elemento di origine "Private" era stato impostato su "false" e per nessun elemento di origine "Private" era stato impostato su "true".
         Riferimento primario "Microsoft.AspNetCore.Http.Extensions, Version=2.2.0.0, Culture=neutral, PublicKeyToken=adb9793829ddae60".
             Il percorso file risolto è "C:\Users\rober\.nuget\packages\microsoft.aspnetcore.http.extensions\2.2.0\lib\netstandard2.0\Microsoft.AspNetCore.Http.Extensions.dll".
             Riferimento trovato nel percorso di ricerca "{HintPathFromItem}".
             Questo riferimento non è "CopyLocal". Per almeno un elemento di origine "Private" era stato impostato su "false" e per nessun elemento di origine "Private" era stato impostato su "true".
         Riferimento primario "Microsoft.AspNetCore.Http.Features, Version=2.2.0.0, Culture=neutral, PublicKeyToken=adb9793829ddae60".
             Il percorso file risolto è "C:\Users\rober\.nuget\packages\microsoft.aspnetcore.http.features\2.2.0\lib\netstandard2.0\Microsoft.AspNetCore.Http.Features.dll".
             Riferimento trovato nel percorso di ricerca "{HintPathFromItem}".
             Questo riferimento non è "CopyLocal". Per almeno un elemento di origine "Private" era stato impostato su "false" e per nessun elemento di origine "Private" era stato impostato su "true".
         Riferimento primario "Microsoft.AspNetCore.Server.Kestrel, Version=2.2.0.0, Culture=neutral, PublicKeyToken=adb9793829ddae60".
             Il percorso file risolto è "C:\Users\rober\.nuget\packages\microsoft.aspnetcore.server.kestrel\2.2.0\lib\netstandard2.0\Microsoft.AspNetCore.Server.Kestrel.dll".
             Riferimento trovato nel percorso di ricerca "{HintPathFromItem}".
             Questo riferimento non è "CopyLocal". Per almeno un elemento di origine "Private" era stato impostato su "false" e per nessun elemento di origine "Private" era stato impostato su "true".
         Riferimento primario "Microsoft.AspNetCore.Server.Kestrel.Core, Version=2.2.0.0, Culture=neutral, PublicKeyToken=adb9793829ddae60".
             Il percorso file risolto è "C:\Users\rober\.nuget\packages\microsoft.aspnetcore.server.kestrel.core\2.2.0\lib\netcoreapp2.1\Microsoft.AspNetCore.Server.Kestrel.Core.dll".
             Riferimento trovato nel percorso di ricerca "{HintPathFromItem}".
             Questo riferimento non è "CopyLocal". Per almeno un elemento di origine "Private" era stato impostato su "false" e per nessun elemento di origine "Private" era stato impostato su "true".
         Riferimento primario "Microsoft.AspNetCore.Server.Kestrel.Https, Version=2.2.0.0, Culture=neutral, PublicKeyToken=adb9793829ddae60".
             Il percorso file risolto è "C:\Users\rober\.nuget\packages\microsoft.aspnetcore.server.kestrel.https\2.2.0\lib\netcoreapp2.1\Microsoft.AspNetCore.Server.Kestrel.Https.dll".
             Riferimento trovato nel percorso di ricerca "{HintPathFromItem}".
             Questo riferimento non è "CopyLocal". Per almeno un elemento di origine "Private" era stato impostato su "false" e per nessun elemento di origine "Private" era stato impostato su "true".
         Riferimento primario "Microsoft.AspNetCore.Server.Kestrel.Transport.Abstractions, Version=2.2.0.0, Culture=neutral, PublicKeyToken=adb9793829ddae60".
             Il percorso file risolto è "C:\Users\rober\.nuget\packages\microsoft.aspnetcore.server.kestrel.transport.abstractions\2.2.0\lib\netstandard2.0\Microsoft.AspNetCore.Server.Kestrel.Transport.Abstractions.dll".
             Riferimento trovato nel percorso di ricerca "{HintPathFromItem}".
             Questo riferimento non è "CopyLocal". Per almeno un elemento di origine "Private" era stato impostato su "false" e per nessun elemento di origine "Private" era stato impostato su "true".
         Riferimento primario "Microsoft.AspNetCore.Server.Kestrel.Transport.Sockets, Version=2.2.0.0, Culture=neutral, PublicKeyToken=adb9793829ddae60".
             Il percorso file risolto è "C:\Users\rober\.nuget\packages\microsoft.aspnetcore.server.kestrel.transport.sockets\2.2.0\lib\netcoreapp2.1\Microsoft.AspNetCore.Server.Kestrel.Transport.Sockets.dll".
             Riferimento trovato nel percorso di ricerca "{HintPathFromItem}".
             Questo riferimento non è "CopyLocal". Per almeno un elemento di origine "Private" era stato impostato su "false" e per nessun elemento di origine "Private" era stato impostato su "true".
         Riferimento primario "Microsoft.AspNetCore.WebUtilities, Version=2.2.0.0, Culture=neutral, PublicKeyToken=adb9793829ddae60".
             Il percorso file risolto è "C:\Users\rober\.nuget\packages\microsoft.aspnetcore.webutilities\2.2.0\lib\netstandard2.0\Microsoft.AspNetCore.WebUtilities.dll".
             Riferimento trovato nel percorso di ricerca "{HintPathFromItem}".
             Questo riferimento non è "CopyLocal". Per almeno un elemento di origine "Private" era stato impostato su "false" e per nessun elemento di origine "Private" era stato impostato su "true".
         Riferimento primario "Microsoft.Extensions.Configuration, Version=8.0.0.0, Culture=neutral, PublicKeyToken=adb9793829ddae60".
             Il percorso file risolto è "C:\Users\rober\.nuget\packages\microsoft.extensions.configuration\8.0.0\lib\net8.0\Microsoft.Extensions.Configuration.dll".
             Riferimento trovato nel percorso di ricerca "{HintPathFromItem}".
             Questo riferimento non è "CopyLocal". Per almeno un elemento di origine "Private" era stato impostato su "false" e per nessun elemento di origine "Private" era stato impostato su "true".
         Riferimento primario "Microsoft.Extensions.Configuration.Abstractions, Version=8.0.0.0, Culture=neutral, PublicKeyToken=adb9793829ddae60".
             Il percorso file risolto è "C:\Users\rober\.nuget\packages\microsoft.extensions.configuration.abstractions\8.0.0\lib\net8.0\Microsoft.Extensions.Configuration.Abstractions.dll".
             Riferimento trovato nel percorso di ricerca "{HintPathFromItem}".
             Questo riferimento non è "CopyLocal". Per almeno un elemento di origine "Private" era stato impostato su "false" e per nessun elemento di origine "Private" era stato impostato su "true".
         Riferimento primario "Microsoft.Extensions.Configuration.Binder, Version=2.2.0.0, Culture=neutral, PublicKeyToken=adb9793829ddae60".
             Il percorso file risolto è "C:\Users\rober\.nuget\packages\microsoft.extensions.configuration.binder\2.2.0\lib\netstandard2.0\Microsoft.Extensions.Configuration.Binder.dll".
             Riferimento trovato nel percorso di ricerca "{HintPathFromItem}".
             Questo riferimento non è "CopyLocal". Per almeno un elemento di origine "Private" era stato impostato su "false" e per nessun elemento di origine "Private" era stato impostato su "true".
         Riferimento primario "Microsoft.Extensions.Configuration.EnvironmentVariables, Version=2.2.0.0, Culture=neutral, PublicKeyToken=adb9793829ddae60".
             Il percorso file risolto è "C:\Users\rober\.nuget\packages\microsoft.extensions.configuration.environmentvariables\2.2.0\lib\netstandard2.0\Microsoft.Extensions.Configuration.EnvironmentVariables.dll".
             Riferimento trovato nel percorso di ricerca "{HintPathFromItem}".
             Questo riferimento non è "CopyLocal". Per almeno un elemento di origine "Private" era stato impostato su "false" e per nessun elemento di origine "Private" era stato impostato su "true".
         Riferimento primario "Microsoft.Extensions.Configuration.FileExtensions, Version=2.2.0.0, Culture=neutral, PublicKeyToken=adb9793829ddae60".
             Il percorso file risolto è "C:\Users\rober\.nuget\packages\microsoft.extensions.configuration.fileextensions\2.2.0\lib\netstandard2.0\Microsoft.Extensions.Configuration.FileExtensions.dll".
             Riferimento trovato nel percorso di ricerca "{HintPathFromItem}".
             Questo riferimento non è "CopyLocal". Per almeno un elemento di origine "Private" era stato impostato su "false" e per nessun elemento di origine "Private" era stato impostato su "true".
         Riferimento primario "Microsoft.Extensions.DependencyInjection, Version=8.0.0.0, Culture=neutral, PublicKeyToken=adb9793829ddae60".
             Il percorso file risolto è "C:\Users\rober\.nuget\packages\microsoft.extensions.dependencyinjection\8.0.0\lib\net8.0\Microsoft.Extensions.DependencyInjection.dll".
             Riferimento trovato nel percorso di ricerca "{HintPathFromItem}".
             Questo riferimento non è "CopyLocal". Per almeno un elemento di origine "Private" era stato impostato su "false" e per nessun elemento di origine "Private" era stato impostato su "true".
         Riferimento primario "Microsoft.Extensions.DependencyInjection.Abstractions, Version=8.0.0.0, Culture=neutral, PublicKeyToken=adb9793829ddae60".
             Il percorso file risolto è "C:\Users\rober\.nuget\packages\microsoft.extensions.dependencyinjection.abstractions\8.0.0\lib\net8.0\Microsoft.Extensions.DependencyInjection.Abstractions.dll".
             Riferimento trovato nel percorso di ricerca "{HintPathFromItem}".
             Questo riferimento non è "CopyLocal". Per almeno un elemento di origine "Private" era stato impostato su "false" e per nessun elemento di origine "Private" era stato impostato su "true".
         Riferimento primario "Microsoft.Extensions.FileProviders.Abstractions, Version=2.2.0.0, Culture=neutral, PublicKeyToken=adb9793829ddae60".
             Il percorso file risolto è "C:\Users\rober\.nuget\packages\microsoft.extensions.fileproviders.abstractions\2.2.0\lib\netstandard2.0\Microsoft.Extensions.FileProviders.Abstractions.dll".
             Riferimento trovato nel percorso di ricerca "{HintPathFromItem}".
             Questo riferimento non è "CopyLocal". Per almeno un elemento di origine "Private" era stato impostato su "false" e per nessun elemento di origine "Private" era stato impostato su "true".
         Riferimento primario "Microsoft.Extensions.FileProviders.Physical, Version=2.2.0.0, Culture=neutral, PublicKeyToken=adb9793829ddae60".
             Il percorso file risolto è "C:\Users\rober\.nuget\packages\microsoft.extensions.fileproviders.physical\2.2.0\lib\netstandard2.0\Microsoft.Extensions.FileProviders.Physical.dll".
             Riferimento trovato nel percorso di ricerca "{HintPathFromItem}".
             Questo riferimento non è "CopyLocal". Per almeno un elemento di origine "Private" era stato impostato su "false" e per nessun elemento di origine "Private" era stato impostato su "true".
         Riferimento primario "Microsoft.Extensions.FileSystemGlobbing, Version=2.2.0.0, Culture=neutral, PublicKeyToken=adb9793829ddae60".
             Il percorso file risolto è "C:\Users\rober\.nuget\packages\microsoft.extensions.filesystemglobbing\2.2.0\lib\netstandard2.0\Microsoft.Extensions.FileSystemGlobbing.dll".
             Riferimento trovato nel percorso di ricerca "{HintPathFromItem}".
             Questo riferimento non è "CopyLocal". Per almeno un elemento di origine "Private" era stato impostato su "false" e per nessun elemento di origine "Private" era stato impostato su "true".
         Riferimento primario "Microsoft.Extensions.Hosting.Abstractions, Version=2.2.0.0, Culture=neutral, PublicKeyToken=adb9793829ddae60".
             Il percorso file risolto è "C:\Users\rober\.nuget\packages\microsoft.extensions.hosting.abstractions\2.2.0\lib\netstandard2.0\Microsoft.Extensions.Hosting.Abstractions.dll".
             Riferimento trovato nel percorso di ricerca "{HintPathFromItem}".
             Questo riferimento non è "CopyLocal". Per almeno un elemento di origine "Private" era stato impostato su "false" e per nessun elemento di origine "Private" era stato impostato su "true".
         Riferimento primario "Microsoft.Extensions.Logging, Version=8.0.0.0, Culture=neutral, PublicKeyToken=adb9793829ddae60".
             Il percorso file risolto è "C:\Users\rober\.nuget\packages\microsoft.extensions.logging\8.0.0\lib\net8.0\Microsoft.Extensions.Logging.dll".
             Riferimento trovato nel percorso di ricerca "{HintPathFromItem}".
             Questo riferimento non è "CopyLocal". Per almeno un elemento di origine "Private" era stato impostato su "false" e per nessun elemento di origine "Private" era stato impostato su "true".
         Riferimento primario "Microsoft.Extensions.Logging.Abstractions, Version=8.0.0.0, Culture=neutral, PublicKeyToken=adb9793829ddae60".
             Il percorso file risolto è "C:\Users\rober\.nuget\packages\microsoft.extensions.logging.abstractions\8.0.0\lib\net8.0\Microsoft.Extensions.Logging.Abstractions.dll".
             Riferimento trovato nel percorso di ricerca "{HintPathFromItem}".
             Questo riferimento non è "CopyLocal". Per almeno un elemento di origine "Private" era stato impostato su "false" e per nessun elemento di origine "Private" era stato impostato su "true".
         Riferimento primario "Microsoft.Extensions.Logging.Debug, Version=8.0.0.0, Culture=neutral, PublicKeyToken=adb9793829ddae60".
             Il percorso file risolto è "C:\Users\rober\.nuget\packages\microsoft.extensions.logging.debug\8.0.0\lib\net8.0\Microsoft.Extensions.Logging.Debug.dll".
             Riferimento trovato nel percorso di ricerca "{HintPathFromItem}".
             Questo riferimento non è "CopyLocal". Per almeno un elemento di origine "Private" era stato impostato su "false" e per nessun elemento di origine "Private" era stato impostato su "true".
         Riferimento primario "Microsoft.Extensions.ObjectPool, Version=2.2.0.0, Culture=neutral, PublicKeyToken=adb9793829ddae60".
             Il percorso file risolto è "C:\Users\rober\.nuget\packages\microsoft.extensions.objectpool\2.2.0\lib\netstandard2.0\Microsoft.Extensions.ObjectPool.dll".
             Riferimento trovato nel percorso di ricerca "{HintPathFromItem}".
             Questo riferimento non è "CopyLocal". Per almeno un elemento di origine "Private" era stato impostato su "false" e per nessun elemento di origine "Private" era stato impostato su "true".
         Riferimento primario "Microsoft.Extensions.Options, Version=8.0.0.0, Culture=neutral, PublicKeyToken=adb9793829ddae60".
             Il percorso file risolto è "C:\Users\rober\.nuget\packages\microsoft.extensions.options\8.0.0\lib\net8.0\Microsoft.Extensions.Options.dll".
             Riferimento trovato nel percorso di ricerca "{HintPathFromItem}".
             Questo riferimento non è "CopyLocal". Per almeno un elemento di origine "Private" era stato impostato su "false" e per nessun elemento di origine "Private" era stato impostato su "true".
         Riferimento primario "Microsoft.Extensions.Primitives, Version=8.0.0.0, Culture=neutral, PublicKeyToken=adb9793829ddae60".
             Il percorso file risolto è "C:\Users\rober\.nuget\packages\microsoft.extensions.primitives\8.0.0\lib\net8.0\Microsoft.Extensions.Primitives.dll".
             Riferimento trovato nel percorso di ricerca "{HintPathFromItem}".
             Questo riferimento non è "CopyLocal". Per almeno un elemento di origine "Private" era stato impostato su "false" e per nessun elemento di origine "Private" era stato impostato su "true".
         Riferimento primario "Microsoft.Maui.Controls.Compatibility, Version=1.0.0.0, Culture=neutral, PublicKeyToken=null".
             Il percorso file risolto è "C:\Users\rober\.nuget\packages\microsoft.maui.controls.compatibility\8.0.90\lib\net8.0-android34.0\Microsoft.Maui.Controls.Compatibility.dll".
             Riferimento trovato nel percorso di ricerca "{HintPathFromItem}".
             Questo riferimento non è "CopyLocal". Per almeno un elemento di origine "Private" era stato impostato su "false" e per nessun elemento di origine "Private" era stato impostato su "true".
         Riferimento primario "Microsoft.Maui.Controls, Version=1.0.0.0, Culture=neutral, PublicKeyToken=null".
             Il percorso file risolto è "C:\Users\rober\.nuget\packages\microsoft.maui.controls.core\8.0.90\lib\net8.0-android34.0\Microsoft.Maui.Controls.dll".
             Riferimento trovato nel percorso di ricerca "{HintPathFromItem}".
             Questo riferimento non è "CopyLocal". Per almeno un elemento di origine "Private" era stato impostato su "false" e per nessun elemento di origine "Private" era stato impostato su "true".
         Riferimento primario "Microsoft.Maui.Controls.Xaml, Version=1.0.0.0, Culture=neutral, PublicKeyToken=null".
             Il percorso file risolto è "C:\Users\rober\.nuget\packages\microsoft.maui.controls.xaml\8.0.90\lib\net8.0-android34.0\Microsoft.Maui.Controls.Xaml.dll".
             Riferimento trovato nel percorso di ricerca "{HintPathFromItem}".
             Questo riferimento non è "CopyLocal". Per almeno un elemento di origine "Private" era stato impostato su "false" e per nessun elemento di origine "Private" era stato impostato su "true".
         Riferimento primario "Microsoft.Maui, Version=1.0.0.0, Culture=neutral, PublicKeyToken=null".
             Il percorso file risolto è "C:\Users\rober\.nuget\packages\microsoft.maui.core\8.0.90\lib\net8.0-android34.0\Microsoft.Maui.dll".
             Riferimento trovato nel percorso di ricerca "{HintPathFromItem}".
             Questo riferimento non è "CopyLocal". Per almeno un elemento di origine "Private" era stato impostato su "false" e per nessun elemento di origine "Private" era stato impostato su "true".
         Riferimento primario "Microsoft.Maui.Essentials, Version=1.0.0.0, Culture=neutral, PublicKeyToken=null".
             Il percorso file risolto è "C:\Users\rober\.nuget\packages\microsoft.maui.essentials\8.0.90\lib\net8.0-android34.0\Microsoft.Maui.Essentials.dll".
             Riferimento trovato nel percorso di ricerca "{HintPathFromItem}".
             Questo riferimento non è "CopyLocal". Per almeno un elemento di origine "Private" era stato impostato su "false" e per nessun elemento di origine "Private" era stato impostato su "true".
         Riferimento primario "Microsoft.Maui.Graphics, Version=1.0.0.0, Culture=neutral, PublicKeyToken=null".
             Il percorso file risolto è "C:\Users\rober\.nuget\packages\microsoft.maui.graphics\8.0.90\lib\net8.0-android34.0\Microsoft.Maui.Graphics.dll".
             Riferimento trovato nel percorso di ricerca "{HintPathFromItem}".
             Questo riferimento non è "CopyLocal". Per almeno un elemento di origine "Private" era stato impostato su "false" e per nessun elemento di origine "Private" era stato impostato su "true".
         Riferimento primario "Microsoft.Net.Http.Headers, Version=2.2.0.0, Culture=neutral, PublicKeyToken=adb9793829ddae60".
             Il percorso file risolto è "C:\Users\rober\.nuget\packages\microsoft.net.http.headers\2.2.0\lib\netstandard2.0\Microsoft.Net.Http.Headers.dll".
             Riferimento trovato nel percorso di ricerca "{HintPathFromItem}".
             Questo riferimento non è "CopyLocal". Per almeno un elemento di origine "Private" era stato impostato su "false" e per nessun elemento di origine "Private" era stato impostato su "true".
         Riferimento primario "Newtonsoft.Json, Version=13.0.0.0, Culture=neutral, PublicKeyToken=30ad4fe6b2a6aeed".
             Il percorso file risolto è "C:\Users\rober\.nuget\packages\newtonsoft.json\13.0.3\lib\net6.0\Newtonsoft.Json.dll".
             Riferimento trovato nel percorso di ricerca "{HintPathFromItem}".
             Questo riferimento non è "CopyLocal". Per almeno un elemento di origine "Private" era stato impostato su "false" e per nessun elemento di origine "Private" era stato impostato su "true".
         Riferimento primario "Plugin.Fingerprint, Version=3.0.0.0, Culture=neutral, PublicKeyToken=null".
             Il percorso file risolto è "C:\Users\rober\.nuget\packages\plugin.fingerprint\3.0.0-beta.1\lib\net6.0-android31.0\Plugin.Fingerprint.dll".
             Riferimento trovato nel percorso di ricerca "{HintPathFromItem}".
             Questo riferimento non è "CopyLocal". Per almeno un elemento di origine "Private" era stato impostato su "false" e per nessun elemento di origine "Private" era stato impostato su "true".
         Riferimento primario "Serilog, Version=4.1.0.0, Culture=neutral, PublicKeyToken=24c2f752a8e58a10".
             Il percorso file risolto è "C:\Users\rober\.nuget\packages\serilog\4.1.0\lib\net8.0\Serilog.dll".
             Riferimento trovato nel percorso di ricerca "{HintPathFromItem}".
             Questo riferimento non è "CopyLocal". Per almeno un elemento di origine "Private" era stato impostato su "false" e per nessun elemento di origine "Private" era stato impostato su "true".
         Riferimento primario "Serilog.Extensions.Logging, Version=7.0.0.0, Culture=neutral, PublicKeyToken=24c2f752a8e58a10".
             Il percorso file risolto è "C:\Users\rober\.nuget\packages\serilog.extensions.logging\8.0.0\lib\net8.0\Serilog.Extensions.Logging.dll".
             Riferimento trovato nel percorso di ricerca "{HintPathFromItem}".
             Questo riferimento non è "CopyLocal". Per almeno un elemento di origine "Private" era stato impostato su "false" e per nessun elemento di origine "Private" era stato impostato su "true".
         Riferimento primario "Serilog.Sinks.File, Version=6.0.0.0, Culture=neutral, PublicKeyToken=24c2f752a8e58a10".
             Il percorso file risolto è "C:\Users\rober\.nuget\packages\serilog.sinks.file\6.0.0\lib\net8.0\Serilog.Sinks.File.dll".
             Riferimento trovato nel percorso di ricerca "{HintPathFromItem}".
             Questo riferimento non è "CopyLocal". Per almeno un elemento di origine "Private" era stato impostato su "false" e per nessun elemento di origine "Private" era stato impostato su "true".
         Riferimento primario "SkiaSharp, Version=2.88.0.0, Culture=neutral, PublicKeyToken=0738eb9f132ed756".
             Il percorso file risolto è "C:\Users\rober\.nuget\packages\skiasharp\2.88.6\lib\net6.0-android30.0\SkiaSharp.dll".
             Riferimento trovato nel percorso di ricerca "{HintPathFromItem}".
             Questo riferimento non è "CopyLocal". Per almeno un elemento di origine "Private" era stato impostato su "false" e per nessun elemento di origine "Private" era stato impostato su "true".
         Riferimento primario "SkiaSharp.HarfBuzz, Version=2.88.0.0, Culture=neutral, PublicKeyToken=0738eb9f132ed756".
             Il percorso file risolto è "C:\Users\rober\.nuget\packages\skiasharp.harfbuzz\2.88.6\lib\net6.0\SkiaSharp.HarfBuzz.dll".
             Riferimento trovato nel percorso di ricerca "{HintPathFromItem}".
             Questo riferimento non è "CopyLocal". Per almeno un elemento di origine "Private" era stato impostato su "false" e per nessun elemento di origine "Private" era stato impostato su "true".
         Riferimento primario "SkiaSharp.Views.Android, Version=2.88.0.0, Culture=neutral, PublicKeyToken=0738eb9f132ed756".
             Il percorso file risolto è "C:\Users\rober\.nuget\packages\skiasharp.views\2.88.6\lib\net6.0-android30.0\SkiaSharp.Views.Android.dll".
             Riferimento trovato nel percorso di ricerca "{HintPathFromItem}".
             Questo riferimento non è "CopyLocal". Per almeno un elemento di origine "Private" era stato impostato su "false" e per nessun elemento di origine "Private" era stato impostato su "true".
         Riferimento primario "SkiaSharp.Views.Maui.Controls, Version=2.88.0.0, Culture=neutral, PublicKeyToken=null".
             Il percorso file risolto è "C:\Users\rober\.nuget\packages\skiasharp.views.maui.controls\2.88.6\lib\net6.0-android30.0\SkiaSharp.Views.Maui.Controls.dll".
             Riferimento trovato nel percorso di ricerca "{HintPathFromItem}".
             Questo riferimento non è "CopyLocal". Per almeno un elemento di origine "Private" era stato impostato su "false" e per nessun elemento di origine "Private" era stato impostato su "true".
         Riferimento primario "SkiaSharp.Views.Maui.Controls.Compatibility, Version=2.88.0.0, Culture=neutral, PublicKeyToken=null".
             Il percorso file risolto è "C:\Users\rober\.nuget\packages\skiasharp.views.maui.controls.compatibility\2.88.6\lib\net6.0-android30.0\SkiaSharp.Views.Maui.Controls.Compatibility.dll".
             Riferimento trovato nel percorso di ricerca "{HintPathFromItem}".
             Questo riferimento non è "CopyLocal". Per almeno un elemento di origine "Private" era stato impostato su "false" e per nessun elemento di origine "Private" era stato impostato su "true".
         Riferimento primario "SkiaSharp.Views.Maui.Core, Version=2.88.0.0, Culture=neutral, PublicKeyToken=null".
             Il percorso file risolto è "C:\Users\rober\.nuget\packages\skiasharp.views.maui.core\2.88.6\lib\net6.0-android30.0\SkiaSharp.Views.Maui.Core.dll".
             Riferimento trovato nel percorso di ricerca "{HintPathFromItem}".
             Questo riferimento non è "CopyLocal". Per almeno un elemento di origine "Private" era stato impostato su "false" e per nessun elemento di origine "Private" era stato impostato su "true".
         Riferimento primario "SQLite-net, Version=1.8.116.0, Culture=neutral, PublicKeyToken=null".
             Il percorso file risolto è "C:\Users\rober\.nuget\packages\sqlite-net-pcl\1.8.116\lib\netstandard2.0\SQLite-net.dll".
             Riferimento trovato nel percorso di ricerca "{HintPathFromItem}".
             Questo riferimento non è "CopyLocal". Per almeno un elemento di origine "Private" era stato impostato su "false" e per nessun elemento di origine "Private" era stato impostato su "true".
         Riferimento primario "SQLitePCLRaw.batteries_v2, Version=2.1.8.2226, Culture=neutral, PublicKeyToken=8226ea5df37bcae9".
             Il percorso file risolto è "C:\Users\rober\.nuget\packages\sqlitepclraw.bundle_green\2.1.8\lib\net6.0-android31.0\SQLitePCLRaw.batteries_v2.dll".
             Riferimento trovato nel percorso di ricerca "{HintPathFromItem}".
             Questo riferimento non è "CopyLocal". Per almeno un elemento di origine "Private" era stato impostato su "false" e per nessun elemento di origine "Private" era stato impostato su "true".
         Riferimento primario "SQLitePCLRaw.core, Version=2.1.8.2226, Culture=neutral, PublicKeyToken=1488e028ca7ab535".
             Il percorso file risolto è "C:\Users\rober\.nuget\packages\sqlitepclraw.core\2.1.8\lib\netstandard2.0\SQLitePCLRaw.core.dll".
             Riferimento trovato nel percorso di ricerca "{HintPathFromItem}".
             Questo riferimento non è "CopyLocal". Per almeno un elemento di origine "Private" era stato impostato su "false" e per nessun elemento di origine "Private" era stato impostato su "true".
         Riferimento primario "SQLitePCLRaw.lib.e_sqlite3.android, Version=2.1.8.2226, Culture=neutral, PublicKeyToken=e4ad490600e2234c".
             Il percorso file risolto è "C:\Users\rober\.nuget\packages\sqlitepclraw.lib.e_sqlite3.android\2.1.8\lib\net6.0-android31.0\SQLitePCLRaw.lib.e_sqlite3.android.dll".
             Riferimento trovato nel percorso di ricerca "{HintPathFromItem}".
             Questo riferimento non è "CopyLocal". Per almeno un elemento di origine "Private" era stato impostato su "false" e per nessun elemento di origine "Private" era stato impostato su "true".
         Riferimento primario "SQLitePCLRaw.provider.e_sqlite3, Version=2.1.8.2226, Culture=neutral, PublicKeyToken=9c301db686d0bd12".
             Il percorso file risolto è "C:\Users\rober\.nuget\packages\sqlitepclraw.provider.e_sqlite3\2.1.8\lib\net6.0\SQLitePCLRaw.provider.e_sqlite3.dll".
             Riferimento trovato nel percorso di ricerca "{HintPathFromItem}".
             Questo riferimento non è "CopyLocal". Per almeno un elemento di origine "Private" era stato impostato su "false" e per nessun elemento di origine "Private" era stato impostato su "true".
         Riferimento primario "System.IO.Pipelines, Version=4.0.0.1, Culture=neutral, PublicKeyToken=cc7b13ffcd2ddd51".
             Il percorso file risolto è "C:\Users\rober\.nuget\packages\system.io.pipelines\4.5.2\ref\netstandard1.3\System.IO.Pipelines.dll".
             Riferimento trovato nel percorso di ricerca "{HintPathFromItem}".
             Questo riferimento non è "CopyLocal". Per almeno un elemento di origine "Private" era stato impostato su "false" e per nessun elemento di origine "Private" era stato impostato su "true".
         Riferimento primario "Xamarin.Android.Glide, Version=1.0.0.0, Culture=neutral, PublicKeyToken=null".
             Il percorso file risolto è "C:\Users\rober\.nuget\packages\xamarin.android.glide\4.15.1.2\lib\net6.0-android31.0\Xamarin.Android.Glide.dll".
             Riferimento trovato nel percorso di ricerca "{HintPathFromItem}".
             Questo riferimento non è "CopyLocal". Per almeno un elemento di origine "Private" era stato impostato su "false" e per nessun elemento di origine "Private" era stato impostato su "true".
         Riferimento primario "Xamarin.Android.Glide.Annotations, Version=1.0.0.0, Culture=neutral, PublicKeyToken=null".
             Il percorso file risolto è "C:\Users\rober\.nuget\packages\xamarin.android.glide.annotations\4.15.1.2\lib\net6.0-android31.0\Xamarin.Android.Glide.Annotations.dll".
             Riferimento trovato nel percorso di ricerca "{HintPathFromItem}".
             Questo riferimento non è "CopyLocal". Per almeno un elemento di origine "Private" era stato impostato su "false" e per nessun elemento di origine "Private" era stato impostato su "true".
         Riferimento primario "Xamarin.Android.Glide.DiskLruCache, Version=1.0.0.0, Culture=neutral, PublicKeyToken=null".
             Il percorso file risolto è "C:\Users\rober\.nuget\packages\xamarin.android.glide.disklrucache\4.15.1.2\lib\net6.0-android31.0\Xamarin.Android.Glide.DiskLruCache.dll".
             Riferimento trovato nel percorso di ricerca "{HintPathFromItem}".
             Questo riferimento non è "CopyLocal". Per almeno un elemento di origine "Private" era stato impostato su "false" e per nessun elemento di origine "Private" era stato impostato su "true".
         Riferimento primario "Xamarin.Android.Glide.GifDecoder, Version=1.0.0.0, Culture=neutral, PublicKeyToken=null".
             Il percorso file risolto è "C:\Users\rober\.nuget\packages\xamarin.android.glide.gifdecoder\4.15.1.2\lib\net6.0-android31.0\Xamarin.Android.Glide.GifDecoder.dll".
             Riferimento trovato nel percorso di ricerca "{HintPathFromItem}".
             Questo riferimento non è "CopyLocal". Per almeno un elemento di origine "Private" era stato impostato su "false" e per nessun elemento di origine "Private" era stato impostato su "true".
         Riferimento primario "Xamarin.AndroidX.Activity, Version=1.0.0.0, Culture=neutral, PublicKeyToken=null".
             Il percorso file risolto è "C:\Users\rober\.nuget\packages\xamarin.androidx.activity\1.7.2.1\lib\net6.0-android31.0\Xamarin.AndroidX.Activity.dll".
             Riferimento trovato nel percorso di ricerca "{HintPathFromItem}".
             Questo riferimento non è "CopyLocal". Per almeno un elemento di origine "Private" era stato impostato su "false" e per nessun elemento di origine "Private" era stato impostato su "true".
         Riferimento primario "Xamarin.AndroidX.Activity.Ktx, Version=1.0.0.0, Culture=neutral, PublicKeyToken=null".
             Il percorso file risolto è "C:\Users\rober\.nuget\packages\xamarin.androidx.activity.ktx\1.7.2.1\lib\net6.0-android31.0\Xamarin.AndroidX.Activity.Ktx.dll".
             Riferimento trovato nel percorso di ricerca "{HintPathFromItem}".
             Questo riferimento non è "CopyLocal". Per almeno un elemento di origine "Private" era stato impostato su "false" e per nessun elemento di origine "Private" era stato impostato su "true".
         Riferimento primario "Xamarin.AndroidX.Annotation, Version=1.0.0.0, Culture=neutral, PublicKeyToken=null".
             Il percorso file risolto è "C:\Users\rober\.nuget\packages\xamarin.androidx.annotation\1.6.0.4\lib\net6.0-android31.0\Xamarin.AndroidX.Annotation.dll".
             Riferimento trovato nel percorso di ricerca "{HintPathFromItem}".
             Questo riferimento non è "CopyLocal". Per almeno un elemento di origine "Private" era stato impostato su "false" e per nessun elemento di origine "Private" era stato impostato su "true".
         Riferimento primario "Xamarin.AndroidX.Annotation.Experimental, Version=1.0.0.0, Culture=neutral, PublicKeyToken=null".
             Il percorso file risolto è "C:\Users\rober\.nuget\packages\xamarin.androidx.annotation.experimental\1.3.1.1\lib\net6.0-android31.0\Xamarin.AndroidX.Annotation.Experimental.dll".
             Riferimento trovato nel percorso di ricerca "{HintPathFromItem}".
             Questo riferimento non è "CopyLocal". Per almeno un elemento di origine "Private" era stato impostato su "false" e per nessun elemento di origine "Private" era stato impostato su "true".
         Riferimento primario "Xamarin.AndroidX.Annotation.Jvm, Version=1.0.0.0, Culture=neutral, PublicKeyToken=null".
             Il percorso file risolto è "C:\Users\rober\.nuget\packages\xamarin.androidx.annotation.jvm\1.6.0.2\lib\net6.0-android31.0\Xamarin.AndroidX.Annotation.Jvm.dll".
             Riferimento trovato nel percorso di ricerca "{HintPathFromItem}".
             Questo riferimento non è "CopyLocal". Per almeno un elemento di origine "Private" era stato impostato su "false" e per nessun elemento di origine "Private" era stato impostato su "true".
         Riferimento primario "Xamarin.AndroidX.AppCompat, Version=1.0.0.0, Culture=neutral, PublicKeyToken=null".
             Il percorso file risolto è "C:\Users\rober\.nuget\packages\xamarin.androidx.appcompat\1.6.1.3\lib\net6.0-android31.0\Xamarin.AndroidX.AppCompat.dll".
             Riferimento trovato nel percorso di ricerca "{HintPathFromItem}".
             Questo riferimento non è "CopyLocal". Per almeno un elemento di origine "Private" era stato impostato su "false" e per nessun elemento di origine "Private" era stato impostato su "true".
         Riferimento primario "Xamarin.AndroidX.AppCompat.AppCompatResources, Version=1.0.0.0, Culture=neutral, PublicKeyToken=null".
             Il percorso file risolto è "C:\Users\rober\.nuget\packages\xamarin.androidx.appcompat.appcompatresources\1.6.1.3\lib\net6.0-android31.0\Xamarin.AndroidX.AppCompat.AppCompatResources.dll".
             Riferimento trovato nel percorso di ricerca "{HintPathFromItem}".
             Questo riferimento non è "CopyLocal". Per almeno un elemento di origine "Private" era stato impostato su "false" e per nessun elemento di origine "Private" era stato impostato su "true".
         Riferimento primario "Xamarin.AndroidX.Arch.Core.Common, Version=1.0.0.0, Culture=neutral, PublicKeyToken=null".
             Il percorso file risolto è "C:\Users\rober\.nuget\packages\xamarin.androidx.arch.core.common\2.2.0.3\lib\net6.0-android31.0\Xamarin.AndroidX.Arch.Core.Common.dll".
             Riferimento trovato nel percorso di ricerca "{HintPathFromItem}".
             Questo riferimento non è "CopyLocal". Per almeno un elemento di origine "Private" era stato impostato su "false" e per nessun elemento di origine "Private" era stato impostato su "true".
         Riferimento primario "Xamarin.AndroidX.Arch.Core.Runtime, Version=1.0.0.0, Culture=neutral, PublicKeyToken=null".
             Il percorso file risolto è "C:\Users\rober\.nuget\packages\xamarin.androidx.arch.core.runtime\2.2.0.3\lib\net6.0-android31.0\Xamarin.AndroidX.Arch.Core.Runtime.dll".
             Riferimento trovato nel percorso di ricerca "{HintPathFromItem}".
             Questo riferimento non è "CopyLocal". Per almeno un elemento di origine "Private" era stato impostato su "false" e per nessun elemento di origine "Private" era stato impostato su "true".
         Riferimento primario "Xamarin.AndroidX.Biometric, Version=1.0.0.0, Culture=neutral, PublicKeyToken=null".
             Il percorso file risolto è "C:\Users\rober\.nuget\packages\xamarin.androidx.biometric\1.1.0.9\lib\net6.0-android31.0\Xamarin.AndroidX.Biometric.dll".
             Riferimento trovato nel percorso di ricerca "{HintPathFromItem}".
             Questo riferimento non è "CopyLocal". Per almeno un elemento di origine "Private" era stato impostato su "false" e per nessun elemento di origine "Private" era stato impostato su "true".
         Riferimento primario "Xamarin.AndroidX.Browser, Version=1.0.0.0, Culture=neutral, PublicKeyToken=null".
             Il percorso file risolto è "C:\Users\rober\.nuget\packages\xamarin.androidx.browser\1.5.0.3\lib\net6.0-android31.0\Xamarin.AndroidX.Browser.dll".
             Riferimento trovato nel percorso di ricerca "{HintPathFromItem}".
             Questo riferimento non è "CopyLocal". Per almeno un elemento di origine "Private" era stato impostato su "false" e per nessun elemento di origine "Private" era stato impostato su "true".
         Riferimento primario "Xamarin.AndroidX.CardView, Version=1.0.0.0, Culture=neutral, PublicKeyToken=null".
             Il percorso file risolto è "C:\Users\rober\.nuget\packages\xamarin.androidx.cardview\1.0.0.21\lib\net6.0-android31.0\Xamarin.AndroidX.CardView.dll".
             Riferimento trovato nel percorso di ricerca "{HintPathFromItem}".
             Questo riferimento non è "CopyLocal". Per almeno un elemento di origine "Private" era stato impostato su "false" e per nessun elemento di origine "Private" era stato impostato su "true".
         Riferimento primario "Xamarin.AndroidX.Collection, Version=1.0.0.0, Culture=neutral, PublicKeyToken=null".
             Il percorso file risolto è "C:\Users\rober\.nuget\packages\xamarin.androidx.collection\1.2.0.9\lib\net6.0-android31.0\Xamarin.AndroidX.Collection.dll".
             Riferimento trovato nel percorso di ricerca "{HintPathFromItem}".
             Questo riferimento non è "CopyLocal". Per almeno un elemento di origine "Private" era stato impostato su "false" e per nessun elemento di origine "Private" era stato impostato su "true".
         Riferimento primario "Xamarin.AndroidX.Collection.Ktx, Version=1.0.0.0, Culture=neutral, PublicKeyToken=null".
             Il percorso file risolto è "C:\Users\rober\.nuget\packages\xamarin.androidx.collection.ktx\1.2.0.9\lib\net6.0-android31.0\Xamarin.AndroidX.Collection.Ktx.dll".
             Riferimento trovato nel percorso di ricerca "{HintPathFromItem}".
             Questo riferimento non è "CopyLocal". Per almeno un elemento di origine "Private" era stato impostato su "false" e per nessun elemento di origine "Private" era stato impostato su "true".
         Riferimento primario "Xamarin.AndroidX.Concurrent.Futures, Version=1.0.0.0, Culture=neutral, PublicKeyToken=null".
             Il percorso file risolto è "C:\Users\rober\.nuget\packages\xamarin.androidx.concurrent.futures\1.1.0.14\lib\net6.0-android31.0\Xamarin.AndroidX.Concurrent.Futures.dll".
             Riferimento trovato nel percorso di ricerca "{HintPathFromItem}".
             Questo riferimento non è "CopyLocal". Per almeno un elemento di origine "Private" era stato impostato su "false" e per nessun elemento di origine "Private" era stato impostato su "true".
         Riferimento primario "Xamarin.AndroidX.ConstraintLayout, Version=1.0.0.0, Culture=neutral, PublicKeyToken=null".
             Il percorso file risolto è "C:\Users\rober\.nuget\packages\xamarin.androidx.constraintlayout\2.1.4.6\lib\net6.0-android31.0\Xamarin.AndroidX.ConstraintLayout.dll".
             Riferimento trovato nel percorso di ricerca "{HintPathFromItem}".
             Questo riferimento non è "CopyLocal". Per almeno un elemento di origine "Private" era stato impostato su "false" e per nessun elemento di origine "Private" era stato impostato su "true".
         Riferimento primario "Xamarin.AndroidX.ConstraintLayout.Core, Version=1.0.0.0, Culture=neutral, PublicKeyToken=null".
             Il percorso file risolto è "C:\Users\rober\.nuget\packages\xamarin.androidx.constraintlayout.core\1.0.4.6\lib\net6.0-android31.0\Xamarin.AndroidX.ConstraintLayout.Core.dll".
             Riferimento trovato nel percorso di ricerca "{HintPathFromItem}".
             Questo riferimento non è "CopyLocal". Per almeno un elemento di origine "Private" era stato impostato su "false" e per nessun elemento di origine "Private" era stato impostato su "true".
         Riferimento primario "Xamarin.AndroidX.CoordinatorLayout, Version=1.0.0.0, Culture=neutral, PublicKeyToken=null".
             Il percorso file risolto è "C:\Users\rober\.nuget\packages\xamarin.androidx.coordinatorlayout\1.2.0.7\lib\net6.0-android31.0\Xamarin.AndroidX.CoordinatorLayout.dll".
             Riferimento trovato nel percorso di ricerca "{HintPathFromItem}".
             Questo riferimento non è "CopyLocal". Per almeno un elemento di origine "Private" era stato impostato su "false" e per nessun elemento di origine "Private" era stato impostato su "true".
         Riferimento primario "Xamarin.AndroidX.Core, Version=1.0.0.0, Culture=neutral, PublicKeyToken=null".
             Il percorso file risolto è "C:\Users\rober\.nuget\packages\xamarin.androidx.core\1.10.1.2\lib\net6.0-android31.0\Xamarin.AndroidX.Core.dll".
             Riferimento trovato nel percorso di ricerca "{HintPathFromItem}".
             Questo riferimento non è "CopyLocal". Per almeno un elemento di origine "Private" era stato impostato su "false" e per nessun elemento di origine "Private" era stato impostato su "true".
         Riferimento primario "Xamarin.AndroidX.Core.Core.Ktx, Version=1.0.0.0, Culture=neutral, PublicKeyToken=null".
             Il percorso file risolto è "C:\Users\rober\.nuget\packages\xamarin.androidx.core.core.ktx\1.10.1.2\lib\net6.0-android31.0\Xamarin.AndroidX.Core.Core.Ktx.dll".
             Riferimento trovato nel percorso di ricerca "{HintPathFromItem}".
             Questo riferimento non è "CopyLocal". Per almeno un elemento di origine "Private" era stato impostato su "false" e per nessun elemento di origine "Private" era stato impostato su "true".
         Riferimento primario "Xamarin.AndroidX.CursorAdapter, Version=1.0.0.0, Culture=neutral, PublicKeyToken=null".
             Il percorso file risolto è "C:\Users\rober\.nuget\packages\xamarin.androidx.cursoradapter\1.0.0.19\lib\net6.0-android31.0\Xamarin.AndroidX.CursorAdapter.dll".
             Riferimento trovato nel percorso di ricerca "{HintPathFromItem}".
             Questo riferimento non è "CopyLocal". Per almeno un elemento di origine "Private" era stato impostato su "false" e per nessun elemento di origine "Private" era stato impostato su "true".
         Riferimento primario "Xamarin.AndroidX.CustomView, Version=1.0.0.0, Culture=neutral, PublicKeyToken=null".
             Il percorso file risolto è "C:\Users\rober\.nuget\packages\xamarin.androidx.customview\1.1.0.18\lib\net6.0-android31.0\Xamarin.AndroidX.CustomView.dll".
             Riferimento trovato nel percorso di ricerca "{HintPathFromItem}".
             Questo riferimento non è "CopyLocal". Per almeno un elemento di origine "Private" era stato impostato su "false" e per nessun elemento di origine "Private" era stato impostato su "true".
         Riferimento primario "Xamarin.AndroidX.CustomView.PoolingContainer, Version=1.0.0.0, Culture=neutral, PublicKeyToken=null".
             Il percorso file risolto è "C:\Users\rober\.nuget\packages\xamarin.androidx.customview.poolingcontainer\1.0.0.5\lib\net6.0-android31.0\Xamarin.AndroidX.CustomView.PoolingContainer.dll".
             Riferimento trovato nel percorso di ricerca "{HintPathFromItem}".
             Questo riferimento non è "CopyLocal". Per almeno un elemento di origine "Private" era stato impostato su "false" e per nessun elemento di origine "Private" era stato impostato su "true".
         Riferimento primario "Xamarin.AndroidX.DocumentFile, Version=1.0.0.0, Culture=neutral, PublicKeyToken=null".
             Il percorso file risolto è "C:\Users\rober\.nuget\packages\xamarin.androidx.documentfile\1.0.1.19\lib\net6.0-android31.0\Xamarin.AndroidX.DocumentFile.dll".
             Riferimento trovato nel percorso di ricerca "{HintPathFromItem}".
             Questo riferimento non è "CopyLocal". Per almeno un elemento di origine "Private" era stato impostato su "false" e per nessun elemento di origine "Private" era stato impostato su "true".
         Riferimento primario "Xamarin.AndroidX.DrawerLayout, Version=1.0.0.0, Culture=neutral, PublicKeyToken=null".
             Il percorso file risolto è "C:\Users\rober\.nuget\packages\xamarin.androidx.drawerlayout\1.2.0.3\lib\net6.0-android31.0\Xamarin.AndroidX.DrawerLayout.dll".
             Riferimento trovato nel percorso di ricerca "{HintPathFromItem}".
             Questo riferimento non è "CopyLocal". Per almeno un elemento di origine "Private" era stato impostato su "false" e per nessun elemento di origine "Private" era stato impostato su "true".
         Riferimento primario "Xamarin.AndroidX.DynamicAnimation, Version=1.0.0.0, Culture=neutral, PublicKeyToken=null".
             Il percorso file risolto è "C:\Users\rober\.nuget\packages\xamarin.androidx.dynamicanimation\1.0.0.19\lib\net6.0-android31.0\Xamarin.AndroidX.DynamicAnimation.dll".
             Riferimento trovato nel percorso di ricerca "{HintPathFromItem}".
             Questo riferimento non è "CopyLocal". Per almeno un elemento di origine "Private" era stato impostato su "false" e per nessun elemento di origine "Private" era stato impostato su "true".
         Riferimento primario "Xamarin.AndroidX.Emoji2, Version=1.0.0.0, Culture=neutral, PublicKeyToken=null".
             Il percorso file risolto è "C:\Users\rober\.nuget\packages\xamarin.androidx.emoji2\1.3.0.3\lib\net6.0-android31.0\Xamarin.AndroidX.Emoji2.dll".
             Riferimento trovato nel percorso di ricerca "{HintPathFromItem}".
             Questo riferimento non è "CopyLocal". Per almeno un elemento di origine "Private" era stato impostato su "false" e per nessun elemento di origine "Private" era stato impostato su "true".
         Riferimento primario "Xamarin.AndroidX.Emoji2.ViewsHelper, Version=1.0.0.0, Culture=neutral, PublicKeyToken=null".
             Il percorso file risolto è "C:\Users\rober\.nuget\packages\xamarin.androidx.emoji2.viewshelper\1.3.0.3\lib\net6.0-android31.0\Xamarin.AndroidX.Emoji2.ViewsHelper.dll".
             Riferimento trovato nel percorso di ricerca "{HintPathFromItem}".
             Questo riferimento non è "CopyLocal". Per almeno un elemento di origine "Private" era stato impostato su "false" e per nessun elemento di origine "Private" era stato impostato su "true".
         Riferimento primario "Xamarin.AndroidX.ExifInterface, Version=1.0.0.0, Culture=neutral, PublicKeyToken=null".
             Il percorso file risolto è "C:\Users\rober\.nuget\packages\xamarin.androidx.exifinterface\1.3.6.2\lib\net6.0-android31.0\Xamarin.AndroidX.ExifInterface.dll".
             Riferimento trovato nel percorso di ricerca "{HintPathFromItem}".
             Questo riferimento non è "CopyLocal". Per almeno un elemento di origine "Private" era stato impostato su "false" e per nessun elemento di origine "Private" era stato impostato su "true".
         Riferimento primario "Xamarin.AndroidX.Fragment, Version=1.0.0.0, Culture=neutral, PublicKeyToken=null".
             Il percorso file risolto è "C:\Users\rober\.nuget\packages\xamarin.androidx.fragment\1.6.0.1\lib\net6.0-android31.0\Xamarin.AndroidX.Fragment.dll".
             Riferimento trovato nel percorso di ricerca "{HintPathFromItem}".
             Questo riferimento non è "CopyLocal". Per almeno un elemento di origine "Private" era stato impostato su "false" e per nessun elemento di origine "Private" era stato impostato su "true".
         Riferimento primario "Xamarin.AndroidX.Fragment.Ktx, Version=1.0.0.0, Culture=neutral, PublicKeyToken=null".
             Il percorso file risolto è "C:\Users\rober\.nuget\packages\xamarin.androidx.fragment.ktx\1.6.0.1\lib\net6.0-android31.0\Xamarin.AndroidX.Fragment.Ktx.dll".
             Riferimento trovato nel percorso di ricerca "{HintPathFromItem}".
             Questo riferimento non è "CopyLocal". Per almeno un elemento di origine "Private" era stato impostato su "false" e per nessun elemento di origine "Private" era stato impostato su "true".
         Riferimento primario "Xamarin.AndroidX.Interpolator, Version=1.0.0.0, Culture=neutral, PublicKeyToken=null".
             Il percorso file risolto è "C:\Users\rober\.nuget\packages\xamarin.androidx.interpolator\1.0.0.19\lib\net6.0-android31.0\Xamarin.AndroidX.Interpolator.dll".
             Riferimento trovato nel percorso di ricerca "{HintPathFromItem}".
             Questo riferimento non è "CopyLocal". Per almeno un elemento di origine "Private" era stato impostato su "false" e per nessun elemento di origine "Private" era stato impostato su "true".
         Riferimento primario "Xamarin.AndroidX.Legacy.Support.Core.Utils, Version=1.0.0.0, Culture=neutral, PublicKeyToken=null".
             Il percorso file risolto è "C:\Users\rober\.nuget\packages\xamarin.androidx.legacy.support.core.utils\1.0.0.19\lib\net6.0-android31.0\Xamarin.AndroidX.Legacy.Support.Core.Utils.dll".
             Riferimento trovato nel percorso di ricerca "{HintPathFromItem}".
             Questo riferimento non è "CopyLocal". Per almeno un elemento di origine "Private" era stato impostato su "false" e per nessun elemento di origine "Private" era stato impostato su "true".
         Riferimento primario "Xamarin.AndroidX.Lifecycle.Common, Version=1.0.0.0, Culture=neutral, PublicKeyToken=null".
             Il percorso file risolto è "C:\Users\rober\.nuget\packages\xamarin.androidx.lifecycle.common\2.6.1.3\lib\net6.0-android31.0\Xamarin.AndroidX.Lifecycle.Common.dll".
             Riferimento trovato nel percorso di ricerca "{HintPathFromItem}".
             Questo riferimento non è "CopyLocal". Per almeno un elemento di origine "Private" era stato impostato su "false" e per nessun elemento di origine "Private" era stato impostato su "true".
         Riferimento primario "Xamarin.AndroidX.Lifecycle.LiveData, Version=1.0.0.0, Culture=neutral, PublicKeyToken=null".
             Il percorso file risolto è "C:\Users\rober\.nuget\packages\xamarin.androidx.lifecycle.livedata\2.6.1.3\lib\net6.0-android31.0\Xamarin.AndroidX.Lifecycle.LiveData.dll".
             Riferimento trovato nel percorso di ricerca "{HintPathFromItem}".
             Questo riferimento non è "CopyLocal". Per almeno un elemento di origine "Private" era stato impostato su "false" e per nessun elemento di origine "Private" era stato impostato su "true".
         Riferimento primario "Xamarin.AndroidX.Lifecycle.LiveData.Core, Version=1.0.0.0, Culture=neutral, PublicKeyToken=null".
             Il percorso file risolto è "C:\Users\rober\.nuget\packages\xamarin.androidx.lifecycle.livedata.core\2.6.1.3\lib\net6.0-android31.0\Xamarin.AndroidX.Lifecycle.LiveData.Core.dll".
             Riferimento trovato nel percorso di ricerca "{HintPathFromItem}".
             Questo riferimento non è "CopyLocal". Per almeno un elemento di origine "Private" era stato impostato su "false" e per nessun elemento di origine "Private" era stato impostato su "true".
         Riferimento primario "Xamarin.AndroidX.Lifecycle.LiveData.Core.Ktx, Version=1.0.0.0, Culture=neutral, PublicKeyToken=null".
             Il percorso file risolto è "C:\Users\rober\.nuget\packages\xamarin.androidx.lifecycle.livedata.core.ktx\2.6.1.3\lib\net6.0-android31.0\Xamarin.AndroidX.Lifecycle.LiveData.Core.Ktx.dll".
             Riferimento trovato nel percorso di ricerca "{HintPathFromItem}".
             Questo riferimento non è "CopyLocal". Per almeno un elemento di origine "Private" era stato impostato su "false" e per nessun elemento di origine "Private" era stato impostato su "true".
         Riferimento primario "Xamarin.AndroidX.Lifecycle.Process, Version=1.0.0.0, Culture=neutral, PublicKeyToken=null".
             Il percorso file risolto è "C:\Users\rober\.nuget\packages\xamarin.androidx.lifecycle.process\2.6.1.3\lib\net6.0-android31.0\Xamarin.AndroidX.Lifecycle.Process.dll".
             Riferimento trovato nel percorso di ricerca "{HintPathFromItem}".
             Questo riferimento non è "CopyLocal". Per almeno un elemento di origine "Private" era stato impostato su "false" e per nessun elemento di origine "Private" era stato impostato su "true".
         Riferimento primario "Xamarin.AndroidX.Lifecycle.Runtime, Version=1.0.0.0, Culture=neutral, PublicKeyToken=null".
             Il percorso file risolto è "C:\Users\rober\.nuget\packages\xamarin.androidx.lifecycle.runtime\2.6.1.3\lib\net6.0-android31.0\Xamarin.AndroidX.Lifecycle.Runtime.dll".
             Riferimento trovato nel percorso di ricerca "{HintPathFromItem}".
             Questo riferimento non è "CopyLocal". Per almeno un elemento di origine "Private" era stato impostato su "false" e per nessun elemento di origine "Private" era stato impostato su "true".
         Riferimento primario "Xamarin.AndroidX.Lifecycle.Runtime.Ktx, Version=1.0.0.0, Culture=neutral, PublicKeyToken=null".
             Il percorso file risolto è "C:\Users\rober\.nuget\packages\xamarin.androidx.lifecycle.runtime.ktx\2.6.1.3\lib\net6.0-android31.0\Xamarin.AndroidX.Lifecycle.Runtime.Ktx.dll".
             Riferimento trovato nel percorso di ricerca "{HintPathFromItem}".
             Questo riferimento non è "CopyLocal". Per almeno un elemento di origine "Private" era stato impostato su "false" e per nessun elemento di origine "Private" era stato impostato su "true".
         Riferimento primario "Xamarin.AndroidX.Lifecycle.ViewModel, Version=1.0.0.0, Culture=neutral, PublicKeyToken=null".
             Il percorso file risolto è "C:\Users\rober\.nuget\packages\xamarin.androidx.lifecycle.viewmodel\2.6.1.3\lib\net6.0-android31.0\Xamarin.AndroidX.Lifecycle.ViewModel.dll".
             Riferimento trovato nel percorso di ricerca "{HintPathFromItem}".
             Questo riferimento non è "CopyLocal". Per almeno un elemento di origine "Private" era stato impostato su "false" e per nessun elemento di origine "Private" era stato impostato su "true".
         Riferimento primario "Xamarin.AndroidX.Lifecycle.ViewModel.Ktx, Version=1.0.0.0, Culture=neutral, PublicKeyToken=null".
             Il percorso file risolto è "C:\Users\rober\.nuget\packages\xamarin.androidx.lifecycle.viewmodel.ktx\2.6.1.3\lib\net6.0-android31.0\Xamarin.AndroidX.Lifecycle.ViewModel.Ktx.dll".
             Riferimento trovato nel percorso di ricerca "{HintPathFromItem}".
             Questo riferimento non è "CopyLocal". Per almeno un elemento di origine "Private" era stato impostato su "false" e per nessun elemento di origine "Private" era stato impostato su "true".
         Riferimento primario "Xamarin.AndroidX.Lifecycle.ViewModelSavedState, Version=1.0.0.0, Culture=neutral, PublicKeyToken=null".
             Il percorso file risolto è "C:\Users\rober\.nuget\packages\xamarin.androidx.lifecycle.viewmodelsavedstate\2.6.1.3\lib\net6.0-android31.0\Xamarin.AndroidX.Lifecycle.ViewModelSavedState.dll".
             Riferimento trovato nel percorso di ricerca "{HintPathFromItem}".
             Questo riferimento non è "CopyLocal". Per almeno un elemento di origine "Private" era stato impostato su "false" e per nessun elemento di origine "Private" era stato impostato su "true".
         Riferimento primario "Xamarin.AndroidX.Loader, Version=1.0.0.0, Culture=neutral, PublicKeyToken=null".
             Il percorso file risolto è "C:\Users\rober\.nuget\packages\xamarin.androidx.loader\1.1.0.19\lib\net6.0-android31.0\Xamarin.AndroidX.Loader.dll".
             Riferimento trovato nel percorso di ricerca "{HintPathFromItem}".
             Questo riferimento non è "CopyLocal". Per almeno un elemento di origine "Private" era stato impostato su "false" e per nessun elemento di origine "Private" era stato impostato su "true".
         Riferimento primario "Xamarin.AndroidX.LocalBroadcastManager, Version=1.0.0.0, Culture=neutral, PublicKeyToken=null".
             Il percorso file risolto è "C:\Users\rober\.nuget\packages\xamarin.androidx.localbroadcastmanager\1.1.0.7\lib\net6.0-android31.0\Xamarin.AndroidX.LocalBroadcastManager.dll".
             Riferimento trovato nel percorso di ricerca "{HintPathFromItem}".
             Questo riferimento non è "CopyLocal". Per almeno un elemento di origine "Private" era stato impostato su "false" e per nessun elemento di origine "Private" era stato impostato su "true".
         Riferimento primario "Xamarin.AndroidX.Navigation.Common, Version=1.0.0.0, Culture=neutral, PublicKeyToken=null".
             Il percorso file risolto è "C:\Users\rober\.nuget\packages\xamarin.androidx.navigation.common\2.6.0.1\lib\net6.0-android31.0\Xamarin.AndroidX.Navigation.Common.dll".
             Riferimento trovato nel percorso di ricerca "{HintPathFromItem}".
             Questo riferimento non è "CopyLocal". Per almeno un elemento di origine "Private" era stato impostato su "false" e per nessun elemento di origine "Private" era stato impostato su "true".
         Riferimento primario "Xamarin.AndroidX.Navigation.Fragment, Version=1.0.0.0, Culture=neutral, PublicKeyToken=null".
             Il percorso file risolto è "C:\Users\rober\.nuget\packages\xamarin.androidx.navigation.fragment\2.6.0.1\lib\net6.0-android31.0\Xamarin.AndroidX.Navigation.Fragment.dll".
             Riferimento trovato nel percorso di ricerca "{HintPathFromItem}".
             Questo riferimento non è "CopyLocal". Per almeno un elemento di origine "Private" era stato impostato su "false" e per nessun elemento di origine "Private" era stato impostato su "true".
         Riferimento primario "Xamarin.AndroidX.Navigation.Runtime, Version=1.0.0.0, Culture=neutral, PublicKeyToken=null".
             Il percorso file risolto è "C:\Users\rober\.nuget\packages\xamarin.androidx.navigation.runtime\2.6.0.1\lib\net6.0-android31.0\Xamarin.AndroidX.Navigation.Runtime.dll".
             Riferimento trovato nel percorso di ricerca "{HintPathFromItem}".
             Questo riferimento non è "CopyLocal". Per almeno un elemento di origine "Private" era stato impostato su "false" e per nessun elemento di origine "Private" era stato impostato su "true".
         Riferimento primario "Xamarin.AndroidX.Navigation.UI, Version=1.0.0.0, Culture=neutral, PublicKeyToken=null".
             Il percorso file risolto è "C:\Users\rober\.nuget\packages\xamarin.androidx.navigation.ui\2.6.0.1\lib\net6.0-android31.0\Xamarin.AndroidX.Navigation.UI.dll".
             Riferimento trovato nel percorso di ricerca "{HintPathFromItem}".
             Questo riferimento non è "CopyLocal". Per almeno un elemento di origine "Private" era stato impostato su "false" e per nessun elemento di origine "Private" era stato impostato su "true".
         Riferimento primario "Xamarin.AndroidX.Print, Version=1.0.0.0, Culture=neutral, PublicKeyToken=null".
             Il percorso file risolto è "C:\Users\rober\.nuget\packages\xamarin.androidx.print\1.0.0.19\lib\net6.0-android31.0\Xamarin.AndroidX.Print.dll".
             Riferimento trovato nel percorso di ricerca "{HintPathFromItem}".
             Questo riferimento non è "CopyLocal". Per almeno un elemento di origine "Private" era stato impostato su "false" e per nessun elemento di origine "Private" era stato impostato su "true".
         Riferimento primario "Xamarin.AndroidX.ProfileInstaller.ProfileInstaller, Version=1.0.0.0, Culture=neutral, PublicKeyToken=null".
             Il percorso file risolto è "C:\Users\rober\.nuget\packages\xamarin.androidx.profileinstaller.profileinstaller\1.3.1.2\lib\net6.0-android31.0\Xamarin.AndroidX.ProfileInstaller.ProfileInstaller.dll".
             Riferimento trovato nel percorso di ricerca "{HintPathFromItem}".
             Questo riferimento non è "CopyLocal". Per almeno un elemento di origine "Private" era stato impostato su "false" e per nessun elemento di origine "Private" era stato impostato su "true".
         Riferimento primario "Xamarin.AndroidX.RecyclerView, Version=1.0.0.0, Culture=neutral, PublicKeyToken=null".
             Il percorso file risolto è "C:\Users\rober\.nuget\packages\xamarin.androidx.recyclerview\1.3.0.3\lib\net6.0-android31.0\Xamarin.AndroidX.RecyclerView.dll".
             Riferimento trovato nel percorso di ricerca "{HintPathFromItem}".
             Questo riferimento non è "CopyLocal". Per almeno un elemento di origine "Private" era stato impostato su "false" e per nessun elemento di origine "Private" era stato impostato su "true".
         Riferimento primario "Xamarin.AndroidX.ResourceInspection.Annotation, Version=1.0.0.0, Culture=neutral, PublicKeyToken=null".
             Il percorso file risolto è "C:\Users\rober\.nuget\packages\xamarin.androidx.resourceinspection.annotation\1.0.1.7\lib\net6.0-android31.0\Xamarin.AndroidX.ResourceInspection.Annotation.dll".
             Riferimento trovato nel percorso di ricerca "{HintPathFromItem}".
             Questo riferimento non è "CopyLocal". Per almeno un elemento di origine "Private" era stato impostato su "false" e per nessun elemento di origine "Private" era stato impostato su "true".
         Riferimento primario "Xamarin.AndroidX.SavedState, Version=1.0.0.0, Culture=neutral, PublicKeyToken=null".
             Il percorso file risolto è "C:\Users\rober\.nuget\packages\xamarin.androidx.savedstate\1.2.1.3\lib\net6.0-android31.0\Xamarin.AndroidX.SavedState.dll".
             Riferimento trovato nel percorso di ricerca "{HintPathFromItem}".
             Questo riferimento non è "CopyLocal". Per almeno un elemento di origine "Private" era stato impostato su "false" e per nessun elemento di origine "Private" era stato impostato su "true".
         Riferimento primario "Xamarin.AndroidX.SavedState.SavedState.Ktx, Version=1.0.0.0, Culture=neutral, PublicKeyToken=null".
             Il percorso file risolto è "C:\Users\rober\.nuget\packages\xamarin.androidx.savedstate.savedstate.ktx\1.2.1.3\lib\net6.0-android31.0\Xamarin.AndroidX.SavedState.SavedState.Ktx.dll".
             Riferimento trovato nel percorso di ricerca "{HintPathFromItem}".
             Questo riferimento non è "CopyLocal". Per almeno un elemento di origine "Private" era stato impostato su "false" e per nessun elemento di origine "Private" era stato impostato su "true".
         Riferimento primario "Xamarin.AndroidX.Security.SecurityCrypto, Version=1.0.0.0, Culture=neutral, PublicKeyToken=null".
             Il percorso file risolto è "C:\Users\rober\.nuget\packages\xamarin.androidx.security.securitycrypto\1.1.0.1-alpha06\lib\net6.0-android31.0\Xamarin.AndroidX.Security.SecurityCrypto.dll".
             Riferimento trovato nel percorso di ricerca "{HintPathFromItem}".
             Questo riferimento non è "CopyLocal". Per almeno un elemento di origine "Private" era stato impostato su "false" e per nessun elemento di origine "Private" era stato impostato su "true".
         Riferimento primario "Xamarin.AndroidX.SlidingPaneLayout, Version=1.0.0.0, Culture=neutral, PublicKeyToken=null".
             Il percorso file risolto è "C:\Users\rober\.nuget\packages\xamarin.androidx.slidingpanelayout\1.2.0.7\lib\net6.0-android31.0\Xamarin.AndroidX.SlidingPaneLayout.dll".
             Riferimento trovato nel percorso di ricerca "{HintPathFromItem}".
             Questo riferimento non è "CopyLocal". Per almeno un elemento di origine "Private" era stato impostato su "false" e per nessun elemento di origine "Private" era stato impostato su "true".
         Riferimento primario "Xamarin.AndroidX.Startup.StartupRuntime, Version=1.0.0.0, Culture=neutral, PublicKeyToken=null".
             Il percorso file risolto è "C:\Users\rober\.nuget\packages\xamarin.androidx.startup.startupruntime\1.1.1.7\lib\net6.0-android31.0\Xamarin.AndroidX.Startup.StartupRuntime.dll".
             Riferimento trovato nel percorso di ricerca "{HintPathFromItem}".
             Questo riferimento non è "CopyLocal". Per almeno un elemento di origine "Private" era stato impostato su "false" e per nessun elemento di origine "Private" era stato impostato su "true".
         Riferimento primario "Xamarin.AndroidX.SwipeRefreshLayout, Version=1.0.0.0, Culture=neutral, PublicKeyToken=null".
             Il percorso file risolto è "C:\Users\rober\.nuget\packages\xamarin.androidx.swiperefreshlayout\1.1.0.14\lib\net6.0-android31.0\Xamarin.AndroidX.SwipeRefreshLayout.dll".
             Riferimento trovato nel percorso di ricerca "{HintPathFromItem}".
             Questo riferimento non è "CopyLocal". Per almeno un elemento di origine "Private" era stato impostato su "false" e per nessun elemento di origine "Private" era stato impostato su "true".
         Riferimento primario "Xamarin.AndroidX.Tracing.Tracing, Version=1.0.0.0, Culture=neutral, PublicKeyToken=null".
             Il percorso file risolto è "C:\Users\rober\.nuget\packages\xamarin.androidx.tracing.tracing\1.1.0.6\lib\net6.0-android31.0\Xamarin.AndroidX.Tracing.Tracing.dll".
             Riferimento trovato nel percorso di ricerca "{HintPathFromItem}".
             Questo riferimento non è "CopyLocal". Per almeno un elemento di origine "Private" era stato impostato su "false" e per nessun elemento di origine "Private" era stato impostato su "true".
         Riferimento primario "Xamarin.AndroidX.Transition, Version=1.0.0.0, Culture=neutral, PublicKeyToken=null".
             Il percorso file risolto è "C:\Users\rober\.nuget\packages\xamarin.androidx.transition\1.4.1.12\lib\net6.0-android31.0\Xamarin.AndroidX.Transition.dll".
             Riferimento trovato nel percorso di ricerca "{HintPathFromItem}".
             Questo riferimento non è "CopyLocal". Per almeno un elemento di origine "Private" era stato impostato su "false" e per nessun elemento di origine "Private" era stato impostato su "true".
         Riferimento primario "Xamarin.AndroidX.VectorDrawable, Version=1.0.0.0, Culture=neutral, PublicKeyToken=null".
             Il percorso file risolto è "C:\Users\rober\.nuget\packages\xamarin.androidx.vectordrawable\1.1.0.19\lib\net6.0-android31.0\Xamarin.AndroidX.VectorDrawable.dll".
             Riferimento trovato nel percorso di ricerca "{HintPathFromItem}".
             Questo riferimento non è "CopyLocal". Per almeno un elemento di origine "Private" era stato impostato su "false" e per nessun elemento di origine "Private" era stato impostato su "true".
         Riferimento primario "Xamarin.AndroidX.VectorDrawable.Animated, Version=1.0.0.0, Culture=neutral, PublicKeyToken=null".
             Il percorso file risolto è "C:\Users\rober\.nuget\packages\xamarin.androidx.vectordrawable.animated\1.1.0.19\lib\net6.0-android31.0\Xamarin.AndroidX.VectorDrawable.Animated.dll".
             Riferimento trovato nel percorso di ricerca "{HintPathFromItem}".
             Questo riferimento non è "CopyLocal". Per almeno un elemento di origine "Private" era stato impostato su "false" e per nessun elemento di origine "Private" era stato impostato su "true".
         Riferimento primario "Xamarin.AndroidX.VersionedParcelable, Version=1.0.0.0, Culture=neutral, PublicKeyToken=null".
             Il percorso file risolto è "C:\Users\rober\.nuget\packages\xamarin.androidx.versionedparcelable\1.1.1.19\lib\net6.0-android31.0\Xamarin.AndroidX.VersionedParcelable.dll".
             Riferimento trovato nel percorso di ricerca "{HintPathFromItem}".
             Questo riferimento non è "CopyLocal". Per almeno un elemento di origine "Private" era stato impostato su "false" e per nessun elemento di origine "Private" era stato impostato su "true".
         Riferimento primario "Xamarin.AndroidX.ViewPager, Version=1.0.0.0, Culture=neutral, PublicKeyToken=null".
             Il percorso file risolto è "C:\Users\rober\.nuget\packages\xamarin.androidx.viewpager\1.0.0.19\lib\net6.0-android31.0\Xamarin.AndroidX.ViewPager.dll".
             Riferimento trovato nel percorso di ricerca "{HintPathFromItem}".
             Questo riferimento non è "CopyLocal". Per almeno un elemento di origine "Private" era stato impostato su "false" e per nessun elemento di origine "Private" era stato impostato su "true".
         Riferimento primario "Xamarin.AndroidX.ViewPager2, Version=1.0.0.0, Culture=neutral, PublicKeyToken=null".
             Il percorso file risolto è "C:\Users\rober\.nuget\packages\xamarin.androidx.viewpager2\1.0.0.21\lib\net6.0-android31.0\Xamarin.AndroidX.ViewPager2.dll".
             Riferimento trovato nel percorso di ricerca "{HintPathFromItem}".
             Questo riferimento non è "CopyLocal". Per almeno un elemento di origine "Private" era stato impostato su "false" e per nessun elemento di origine "Private" era stato impostato su "true".
         Riferimento primario "Xamarin.AndroidX.Window, Version=1.0.0.0, Culture=neutral, PublicKeyToken=null".
             Il percorso file risolto è "C:\Users\rober\.nuget\packages\xamarin.androidx.window\1.1.0.1\lib\net6.0-android31.0\Xamarin.AndroidX.Window.dll".
             Riferimento trovato nel percorso di ricerca "{HintPathFromItem}".
             Questo riferimento non è "CopyLocal". Per almeno un elemento di origine "Private" era stato impostato su "false" e per nessun elemento di origine "Private" era stato impostato su "true".
         Riferimento primario "Xamarin.AndroidX.Window.Extensions.Core.Core, Version=1.0.0.0, Culture=neutral, PublicKeyToken=null".
             Il percorso file risolto è "C:\Users\rober\.nuget\packages\xamarin.androidx.window.extensions.core.core\1.0.0.1\lib\net6.0-android31.0\Xamarin.AndroidX.Window.Extensions.Core.Core.dll".
             Riferimento trovato nel percorso di ricerca "{HintPathFromItem}".
             Questo riferimento non è "CopyLocal". Per almeno un elemento di origine "Private" era stato impostato su "false" e per nessun elemento di origine "Private" era stato impostato su "true".
         Riferimento primario "Xamarin.Google.Android.Material, Version=1.0.0.0, Culture=neutral, PublicKeyToken=null".
             Il percorso file risolto è "C:\Users\rober\.nuget\packages\xamarin.google.android.material\1.9.0.2\lib\net6.0-android31.0\Xamarin.Google.Android.Material.dll".
             Riferimento trovato nel percorso di ricerca "{HintPathFromItem}".
             Questo riferimento non è "CopyLocal". Per almeno un elemento di origine "Private" era stato impostato su "false" e per nessun elemento di origine "Private" era stato impostato su "true".
         Riferimento primario "Jsr305Binding, Version=1.0.0.0, Culture=neutral, PublicKeyToken=null".
             Il percorso file risolto è "C:\Users\rober\.nuget\packages\xamarin.google.code.findbugs.jsr305\3.0.2.9\lib\net6.0-android31.0\Jsr305Binding.dll".
             Riferimento trovato nel percorso di ricerca "{HintPathFromItem}".
             Questo riferimento non è "CopyLocal". Per almeno un elemento di origine "Private" era stato impostato su "false" e per nessun elemento di origine "Private" era stato impostato su "true".
         Riferimento primario "Xamarin.Google.Crypto.Tink.Android, Version=1.0.0.0, Culture=neutral, PublicKeyToken=null".
             Il percorso file risolto è "C:\Users\rober\.nuget\packages\xamarin.google.crypto.tink.android\1.10.0\lib\net6.0-android31.0\Xamarin.Google.Crypto.Tink.Android.dll".
             Riferimento trovato nel percorso di ricerca "{HintPathFromItem}".
             Questo riferimento non è "CopyLocal". Per almeno un elemento di origine "Private" era stato impostato su "false" e per nessun elemento di origine "Private" era stato impostato su "true".
         Riferimento primario "Xamarin.Google.ErrorProne.Annotations, Version=1.0.0.0, Culture=neutral, PublicKeyToken=null".
             Il percorso file risolto è "C:\Users\rober\.nuget\packages\xamarin.google.errorprone.annotations\2.20.0.1\lib\net6.0-android31.0\Xamarin.Google.ErrorProne.Annotations.dll".
             Riferimento trovato nel percorso di ricerca "{HintPathFromItem}".
             Questo riferimento non è "CopyLocal". Per almeno un elemento di origine "Private" era stato impostato su "false" e per nessun elemento di origine "Private" era stato impostato su "true".
         Riferimento primario "Xamarin.Google.Guava.ListenableFuture, Version=1.0.0.0, Culture=neutral, PublicKeyToken=null".
             Il percorso file risolto è "C:\Users\rober\.nuget\packages\xamarin.google.guava.listenablefuture\1.0.0.14\lib\net6.0-android31.0\Xamarin.Google.Guava.ListenableFuture.dll".
             Riferimento trovato nel percorso di ricerca "{HintPathFromItem}".
             Questo riferimento non è "CopyLocal". Per almeno un elemento di origine "Private" era stato impostato su "false" e per nessun elemento di origine "Private" era stato impostato su "true".
         Riferimento primario "Xamarin.Jetbrains.Annotations, Version=1.0.0.0, Culture=neutral, PublicKeyToken=null".
             Il percorso file risolto è "C:\Users\rober\.nuget\packages\xamarin.jetbrains.annotations\24.0.1.3\lib\net6.0-android31.0\Xamarin.Jetbrains.Annotations.dll".
             Riferimento trovato nel percorso di ricerca "{HintPathFromItem}".
             Questo riferimento non è "CopyLocal". Per almeno un elemento di origine "Private" era stato impostato su "false" e per nessun elemento di origine "Private" era stato impostato su "true".
         Riferimento primario "Xamarin.Kotlin.StdLib, Version=1.0.0.0, Culture=neutral, PublicKeyToken=null".
             Il percorso file risolto è "C:\Users\rober\.nuget\packages\xamarin.kotlin.stdlib\1.9.0.1\lib\net6.0-android31.0\Xamarin.Kotlin.StdLib.dll".
             Riferimento trovato nel percorso di ricerca "{HintPathFromItem}".
             Questo riferimento non è "CopyLocal". Per almeno un elemento di origine "Private" era stato impostato su "false" e per nessun elemento di origine "Private" era stato impostato su "true".
         Riferimento primario "Xamarin.Kotlin.StdLib.Common, Version=1.0.0.0, Culture=neutral, PublicKeyToken=null".
             Il percorso file risolto è "C:\Users\rober\.nuget\packages\xamarin.kotlin.stdlib.common\1.9.0.1\lib\net6.0-android31.0\Xamarin.Kotlin.StdLib.Common.dll".
             Riferimento trovato nel percorso di ricerca "{HintPathFromItem}".
             Questo riferimento non è "CopyLocal". Per almeno un elemento di origine "Private" era stato impostato su "false" e per nessun elemento di origine "Private" era stato impostato su "true".
         Riferimento primario "Xamarin.Kotlin.StdLib.Jdk7, Version=1.0.0.0, Culture=neutral, PublicKeyToken=null".
             Il percorso file risolto è "C:\Users\rober\.nuget\packages\xamarin.kotlin.stdlib.jdk7\1.9.0.1\lib\net6.0-android31.0\Xamarin.Kotlin.StdLib.Jdk7.dll".
             Riferimento trovato nel percorso di ricerca "{HintPathFromItem}".
             Questo riferimento non è "CopyLocal". Per almeno un elemento di origine "Private" era stato impostato su "false" e per nessun elemento di origine "Private" era stato impostato su "true".
         Riferimento primario "Xamarin.Kotlin.StdLib.Jdk8, Version=1.0.0.0, Culture=neutral, PublicKeyToken=null".
             Il percorso file risolto è "C:\Users\rober\.nuget\packages\xamarin.kotlin.stdlib.jdk8\1.9.0.1\lib\net6.0-android31.0\Xamarin.Kotlin.StdLib.Jdk8.dll".
             Riferimento trovato nel percorso di ricerca "{HintPathFromItem}".
             Questo riferimento non è "CopyLocal". Per almeno un elemento di origine "Private" era stato impostato su "false" e per nessun elemento di origine "Private" era stato impostato su "true".
         Riferimento primario "Xamarin.KotlinX.Coroutines.Android, Version=1.0.0.0, Culture=neutral, PublicKeyToken=null".
             Il percorso file risolto è "C:\Users\rober\.nuget\packages\xamarin.kotlinx.coroutines.android\1.7.2.1\lib\net6.0-android31.0\Xamarin.KotlinX.Coroutines.Android.dll".
             Riferimento trovato nel percorso di ricerca "{HintPathFromItem}".
             Questo riferimento non è "CopyLocal". Per almeno un elemento di origine "Private" era stato impostato su "false" e per nessun elemento di origine "Private" era stato impostato su "true".
         Riferimento primario "Xamarin.KotlinX.Coroutines.Core.Jvm, Version=1.0.0.0, Culture=neutral, PublicKeyToken=null".
             Il percorso file risolto è "C:\Users\rober\.nuget\packages\xamarin.kotlinx.coroutines.core.jvm\1.7.2.1\lib\net6.0-android31.0\Xamarin.KotlinX.Coroutines.Core.Jvm.dll".
             Riferimento trovato nel percorso di ricerca "{HintPathFromItem}".
             Questo riferimento non è "CopyLocal". Per almeno un elemento di origine "Private" era stato impostato su "false" e per nessun elemento di origine "Private" era stato impostato su "true".
       C:\Program Files\dotnet\sdk\9.0.305\Microsoft.Common.CurrentVersion.targets(2491,7): message : Riassegnazione della proprietà: $(DependsOnSystemRuntime)="True" (valore precedente: "true") in C:\Program Files\dotnet\sdk\9.0.305\Microsoft.Common.CurrentVersion.targets (2491,7) [C:\Users\rober\Documents\MoneyMindApp\MoneyMindApp.csproj::TargetFramework=net8.0-android]
       Esecuzione attività "ResolveAssemblyReference" completata.
     1>Compilazione destinazione "ResolveAssemblyReferences" nel progetto "MoneyMindApp.csproj" completata.
       Destinazione"GenerateBindingRedirects" ignorata. Condizione false. ('$(AutoGenerateBindingRedirects)' == 'true' and '$(GenerateBindingRedirectsOutputType)' == 'true' and '@(SuggestedBindingRedirects)' != '' and '$(DesignTimeBuild)' != 'true' and '$(BuildingProject)' == 'true') ha restituito ('False' == 'true' and '' == 'true' and '' != '' and 'false' != 'true' and 'true' == 'true').
       Destinazione"GenerateSupportedRuntime" ignorata. Condizione false. ('$(GenerateSupportedRuntime)' != 'false' and '$(TargetFrameworkIdentifier)' == '.NETFramework' and '$(HasRuntimeOutput)' == 'true') ha restituito ('' != 'false' and '.NETCoreApp' == '.NETFramework' and 'true' == 'true').
       Destinazione"GenerateBindingRedirectsUpdateAppConfig" ignorata. Condizione false. ('$(AutoGenerateBindingRedirects)' == 'true' and '$(GenerateBindingRedirectsOutputType)' == 'true') ha restituito ('False' == 'true' and '' == 'true').
       Destinazione"ResolveComReferences" ignorata. Condizione false. ('@(COMReference)'!='' or '@(COMFileReference)'!='') ha restituito (''!='' or ''!='').
     1>Destinazione "AfterResolveReferences" nel file "C:\Program Files\dotnet\sdk\9.0.305\Microsoft.Common.CurrentVersion.targets" dal progetto "C:\Users\rober\Documents\MoneyMindApp\MoneyMindApp.csproj" (la destinazione "ResolveReferences" dipende da essa):
     1>Compilazione destinazione "AfterResolveReferences" nel progetto "MoneyMindApp.csproj" completata.
     1>Destinazione "_AddAndroidCustomMetaData" nel file "C:\Program Files\dotnet\packs\Microsoft.Android.Sdk.Windows\34.0.154\tools\Xamarin.Android.Common.targets" dal progetto "C:\Users\rober\Documents\MoneyMindApp\MoneyMindApp.csproj" (la destinazione "ResolveReferences" dipende da essa):
       Verrà usata l'attività "AppendCustomMetadataToItemGroup" dall'assembly "C:\Program Files\dotnet\packs\Microsoft.Android.Sdk.Windows\34.0.154\tools\Xamarin.Android.Build.Tasks.dll".
       Attività "AppendCustomMetadataToItemGroup"
       Esecuzione attività "AppendCustomMetadataToItemGroup" completata.
       Attività "AppendCustomMetadataToItemGroup"
       Esecuzione attività "AppendCustomMetadataToItemGroup" completata.
       Verrà usata l'attività "FilterAssemblies" dall'assembly "C:\Program Files\dotnet\packs\Microsoft.Android.Sdk.Windows\34.0.154\tools\Xamarin.Android.Build.Tasks.dll".
       Attività "FilterAssemblies"
         Assembly caricato durante TaskRun (Xamarin.Android.Tasks.FilterAssemblies): System.Runtime.CompilerServices.Unsafe, Version=9.0.0.0, Culture=neutral, PublicKeyToken=b03f5f7f11d50a3a (percorso: C:\Program Files\dotnet\shared\Microsoft.NETCore.App\9.0.11\System.Runtime.CompilerServices.Unsafe.dll, MVID: cc7c124a-9bca-436e-97ce-d0a51390c967, AssemblyLoadContext: Default)
       Esecuzione attività "FilterAssemblies" completata.
       Attività "FilterAssemblies"
       Esecuzione attività "FilterAssemblies" completata.
     1>Compilazione destinazione "_AddAndroidCustomMetaData" nel progetto "MoneyMindApp.csproj" completata.
     1>Destinazione "_ResolveAars" nel file "C:\Program Files\dotnet\packs\Microsoft.Android.Sdk.Windows\34.0.154\targets\Microsoft.Android.Sdk.AndroidLibraries.targets" dal progetto "C:\Users\rober\Documents\MoneyMindApp\MoneyMindApp.csproj" (la destinazione "ResolveReferences" dipende da essa):
     1>Compilazione destinazione "_ResolveAars" nel progetto "MoneyMindApp.csproj" completata.
     1>Destinazione "_SetupDesignTimeBuildForCompile" nel file "C:\Program Files\dotnet\packs\Microsoft.Android.Sdk.Windows\34.0.154\tools\Xamarin.Android.DesignTime.targets" dal progetto "C:\Users\rober\Documents\MoneyMindApp\MoneyMindApp.csproj" (la destinazione "UpdateAndroidResources" dipende da essa):
       Attività "MakeDir" ignorata. Condizione false. ( '$(_AndroidIsBindingProject)' != 'true' And !Exists ('$(_AndroidIntermediateDesignTimeBuildDirectory)') ) ha restituito ( '' != 'true' And !Exists ('obj\Debug\net8.0-android\designtime\') ).
       Attività "MakeDir" ignorata. Condizione false. ( '$(_AndroidStampDirectory)' != '' And !Exists('$(_AndroidStampDirectory)') ) ha restituito ( 'obj\Debug\net8.0-android\stamp\' != '' And !Exists('obj\Debug\net8.0-android\stamp\') ).
     1>Compilazione destinazione "_SetupDesignTimeBuildForCompile" nel progetto "MoneyMindApp.csproj" completata.
       Destinazione"_ManagedUpdateAndroidResgen" ignorata. Condizione false. ( '$(ManagedDesignTimeBuild)' == 'True' And  '$(AndroidUseDesignerAssembly)' != 'True' ) ha restituito ( 'False' == 'True' And  'true' != 'True' ).
       La destinazione "_SetupDesignerProperties" è stata ignorata. La compilazione era stata completata in precedenza.
     1>Destinazione "ResizetizeCollectItems" nel file "C:\Users\rober\.nuget\packages\microsoft.maui.resizetizer\8.0.90\buildTransitive\Microsoft.Maui.Resizetizer.After.targets" dal progetto "C:\Users\rober\Documents\MoneyMindApp\MoneyMindApp.csproj" (la destinazione "_ComputeAndroidResourcePaths" dipende da essa):
       Attività "CallTarget" ignorata. Condizione false. ('$(ResizetizerIncludeSelfProject)' == 'True') ha restituito ('False' == 'True').
       Attività "MSBuild"
       Esecuzione attività "MSBuild" completata.
       Attività "GetFileHash"
       Esecuzione attività "GetFileHash" completata.
       Attività "WriteLinesToFile"
         L'operazione di scrittura nel file "obj\Debug\net8.0-android\mauiimage.inputs" non è stata eseguita perché non avrebbe comportato la modifica del contenuto.
       Esecuzione attività "WriteLinesToFile" completata.
       Attività "WriteLinesToFile"
         L'operazione di scrittura nel file "obj\Debug\net8.0-android\mauifont.inputs" non è stata eseguita perché non avrebbe comportato la modifica del contenuto.
       Esecuzione attività "WriteLinesToFile" completata.
       Attività "WriteLinesToFile"
         L'operazione di scrittura nel file "obj\Debug\net8.0-android\mauisplash.inputs" non è stata eseguita perché non avrebbe comportato la modifica del contenuto.
       Esecuzione attività "WriteLinesToFile" completata.
       Attività "GetFileHash"
       Esecuzione attività "GetFileHash" completata.
     1>Compilazione destinazione "ResizetizeCollectItems" nel progetto "MoneyMindApp.csproj" completata.
       La destinazione "ResizetizeCollectItems" è stata ignorata. La compilazione era stata completata in precedenza.
     1>Destinazione "ProcessMauiAssets" nel file "C:\Users\rober\.nuget\packages\microsoft.maui.resizetizer\8.0.90\buildTransitive\Microsoft.Maui.Resizetizer.After.targets" dal progetto "C:\Users\rober\Documents\MoneyMindApp\MoneyMindApp.csproj" (la destinazione "ProcessMauiFonts" dipende da essa):
       Assembly caricato durante TaskRun: Microsoft.Maui.Resizetizer, Version=8.0.9024.46204, Culture=neutral, PublicKeyToken=798c2ba514f889d3 (percorso: C:\Users\rober\.nuget\packages\microsoft.maui.resizetizer\8.0.90\buildTransitive\Microsoft.Maui.Resizetizer.dll, MVID: 86405b1c-c0e3-4c31-a770-dd162ccf53c0, AssemblyLoadContext: MSBuild plugin C:\Users\rober\.nuget\packages\microsoft.maui.resizetizer\8.0.90\buildTransitive\Microsoft.Maui.Resizetizer.dll)
       Assembly caricato durante TaskRun: SkiaSharp, Version=2.88.0.0, Culture=neutral, PublicKeyToken=0738eb9f132ed756 (percorso: C:\Users\rober\.nuget\packages\microsoft.maui.resizetizer\8.0.90\buildTransitive\SkiaSharp.dll, MVID: 0269a9eb-f2fe-47a3-ae5d-d35763f9333e, AssemblyLoadContext: MSBuild plugin C:\Users\rober\.nuget\packages\microsoft.maui.resizetizer\8.0.90\buildTransitive\Microsoft.Maui.Resizetizer.dll)
       Verrà usata l'attività "GetMauiAssetPath" dall'assembly "C:\Users\rober\.nuget\packages\microsoft.maui.resizetizer\8.0.90\buildTransitive\\Microsoft.Maui.Resizetizer.dll".
       Attività "GetMauiAssetPath"
       Esecuzione attività "GetMauiAssetPath" completata.
     1>Compilazione destinazione "ProcessMauiAssets" nel progetto "MoneyMindApp.csproj" completata.
     1>Destinazione "ProcessMauiSplashScreens" nel file "C:\Users\rober\.nuget\packages\microsoft.maui.resizetizer\8.0.90\buildTransitive\Microsoft.Maui.Resizetizer.After.targets" dal progetto "C:\Users\rober\Documents\MoneyMindApp\MoneyMindApp.csproj" (la destinazione "ProcessMauiFonts" dipende da essa):
       La destinazione "ProcessMauiSplashScreens" verrà ignorata. Tutti i file di output sono aggiornati rispetto ai file di input.
       File di input: 
           Resources\Splash\splash.svg
           C:\Users\rober\.nuget\packages\microsoft.maui.resizetizer\8.0.90\buildTransitive\Microsoft.Maui.Resizetizer.After.targets
           C:\Users\rober\.nuget\packages\microsoft.maui.resizetizer\8.0.90\buildTransitive\\Microsoft.Maui.Resizetizer.dll
           obj\Debug\net8.0-android\mauisplash.inputs
       File di output: obj\Debug\net8.0-android\mauisplash.stamp
     1>Compilazione destinazione "ProcessMauiSplashScreens" nel progetto "MoneyMindApp.csproj" completata.
     1>Destinazione "ProcessMauiFonts" nel file "C:\Users\rober\.nuget\packages\microsoft.maui.resizetizer\8.0.90\buildTransitive\Microsoft.Maui.Resizetizer.After.targets" dal progetto "C:\Users\rober\Documents\MoneyMindApp\MoneyMindApp.csproj" (la destinazione "_ComputeAndroidResourcePaths" dipende da essa):
       La destinazione "ProcessMauiFonts" verrà ignorata. Tutti i file di output sono aggiornati rispetto ai file di input.
       File di input: 
           C:\Users\rober\.nuget\packages\microsoft.maui.resizetizer\8.0.90\buildTransitive\Microsoft.Maui.Resizetizer.After.targets
           C:\Users\rober\.nuget\packages\microsoft.maui.resizetizer\8.0.90\buildTransitive\\Microsoft.Maui.Resizetizer.dll
           obj\Debug\net8.0-android\mauifont.inputs
       File di output: obj\Debug\net8.0-android\mauifont.stamp
     1>Compilazione destinazione "ProcessMauiFonts" nel progetto "MoneyMindApp.csproj" completata.
       La destinazione "ResizetizeCollectItems" è stata ignorata. La compilazione era stata completata in precedenza.
       La destinazione "ProcessMauiSplashScreens" è stata ignorata. La compilazione era stata completata in precedenza.
     1>Destinazione "_ReadResizetizeImagesOutputs" nel file "C:\Users\rober\.nuget\packages\microsoft.maui.resizetizer\8.0.90\buildTransitive\Microsoft.Maui.Resizetizer.After.targets" dal progetto "C:\Users\rober\Documents\MoneyMindApp\MoneyMindApp.csproj" (la destinazione "ResizetizeImages" dipende da essa):
       Verrà usata l'attività "ReadLinesFromFile" dall'assembly "Microsoft.Build.Tasks.Core, Version=15.1.0.0, Culture=neutral, PublicKeyToken=b03f5f7f11d50a3a".
       Attività "ReadLinesFromFile"
       Esecuzione attività "ReadLinesFromFile" completata.
     1>Compilazione destinazione "_ReadResizetizeImagesOutputs" nel progetto "MoneyMindApp.csproj" completata.
     1>Destinazione "ResizetizeImages" nel file "C:\Users\rober\.nuget\packages\microsoft.maui.resizetizer\8.0.90\buildTransitive\Microsoft.Maui.Resizetizer.After.targets" dal progetto "C:\Users\rober\Documents\MoneyMindApp\MoneyMindApp.csproj" (la destinazione "_ComputeAndroidResourcePaths" dipende da essa):
       La destinazione "ResizetizeImages" verrà ignorata. Tutti i file di output sono aggiornati rispetto ai file di input.
       File di input: 
           Resources\Images\chart.svg
           Resources\Images\home.svg
           Resources\Images\list.svg
           Resources\Images\settings.svg
           Resources\Images\wallet.svg
           Resources\AppIcon\appicon.svg
           C:\Users\rober\.nuget\packages\microsoft.maui.resizetizer\8.0.90\buildTransitive\Microsoft.Maui.Resizetizer.After.targets
           C:\Users\rober\.nuget\packages\microsoft.maui.resizetizer\8.0.90\buildTransitive\\Microsoft.Maui.Resizetizer.dll
           obj\Debug\net8.0-android\mauiimage.inputs
       File di output: 
           C:\Users\rober\Documents\MoneyMindApp\obj\Debug\net8.0-android\resizetizer\r\mipmap-xxxhdpi\appicon_round.png
           C:\Users\rober\Documents\MoneyMindApp\obj\Debug\net8.0-android\resizetizer\r\mipmap-xxhdpi\appicon_round.png
           C:\Users\rober\Documents\MoneyMindApp\obj\Debug\net8.0-android\resizetizer\r\mipmap-xhdpi\appicon_round.png
           C:\Users\rober\Documents\MoneyMindApp\obj\Debug\net8.0-android\resizetizer\r\mipmap-hdpi\appicon_round.png
           C:\Users\rober\Documents\MoneyMindApp\obj\Debug\net8.0-android\resizetizer\r\mipmap-mdpi\appicon_round.png
           C:\Users\rober\Documents\MoneyMindApp\obj\Debug\net8.0-android\resizetizer\r\mipmap-xxxhdpi\appicon.png
           C:\Users\rober\Documents\MoneyMindApp\obj\Debug\net8.0-android\resizetizer\r\mipmap-xxhdpi\appicon.png
           C:\Users\rober\Documents\MoneyMindApp\obj\Debug\net8.0-android\resizetizer\r\mipmap-xhdpi\appicon.png
           C:\Users\rober\Documents\MoneyMindApp\obj\Debug\net8.0-android\resizetizer\r\mipmap-hdpi\appicon.png
           C:\Users\rober\Documents\MoneyMindApp\obj\Debug\net8.0-android\resizetizer\r\mipmap-mdpi\appicon.png
           C:\Users\rober\Documents\MoneyMindApp\obj\Debug\net8.0-android\resizetizer\r\mipmap-anydpi-v26\appicon_round.xml
           C:\Users\rober\Documents\MoneyMindApp\obj\Debug\net8.0-android\resizetizer\r\mipmap-anydpi-v26\appicon.xml
           C:\Users\rober\Documents\MoneyMindApp\obj\Debug\net8.0-android\resizetizer\r\mipmap-xxxhdpi\appicon_foreground.png
           C:\Users\rober\Documents\MoneyMindApp\obj\Debug\net8.0-android\resizetizer\r\mipmap-xxhdpi\appicon_foreground.png
           C:\Users\rober\Documents\MoneyMindApp\obj\Debug\net8.0-android\resizetizer\r\mipmap-xhdpi\appicon_foreground.png
           C:\Users\rober\Documents\MoneyMindApp\obj\Debug\net8.0-android\resizetizer\r\mipmap-hdpi\appicon_foreground.png
           C:\Users\rober\Documents\MoneyMindApp\obj\Debug\net8.0-android\resizetizer\r\mipmap-mdpi\appicon_foreground.png
           C:\Users\rober\Documents\MoneyMindApp\obj\Debug\net8.0-android\resizetizer\r\mipmap-xxxhdpi\appicon_background.png
           C:\Users\rober\Documents\MoneyMindApp\obj\Debug\net8.0-android\resizetizer\r\mipmap-xxhdpi\appicon_background.png
           C:\Users\rober\Documents\MoneyMindApp\obj\Debug\net8.0-android\resizetizer\r\mipmap-xhdpi\appicon_background.png
           C:\Users\rober\Documents\MoneyMindApp\obj\Debug\net8.0-android\resizetizer\r\mipmap-hdpi\appicon_background.png
           C:\Users\rober\Documents\MoneyMindApp\obj\Debug\net8.0-android\resizetizer\r\mipmap-mdpi\appicon_background.png
           C:\Users\rober\Documents\MoneyMindApp\obj\Debug\net8.0-android\resizetizer\r\drawable-xxxhdpi\chart.png
           C:\Users\rober\Documents\MoneyMindApp\obj\Debug\net8.0-android\resizetizer\r\drawable-xxhdpi\chart.png
           C:\Users\rober\Documents\MoneyMindApp\obj\Debug\net8.0-android\resizetizer\r\drawable-xhdpi\chart.png
           C:\Users\rober\Documents\MoneyMindApp\obj\Debug\net8.0-android\resizetizer\r\drawable-hdpi\chart.png
           C:\Users\rober\Documents\MoneyMindApp\obj\Debug\net8.0-android\resizetizer\r\drawable-mdpi\chart.png
           C:\Users\rober\Documents\MoneyMindApp\obj\Debug\net8.0-android\resizetizer\r\drawable-xxxhdpi\wallet.png
           C:\Users\rober\Documents\MoneyMindApp\obj\Debug\net8.0-android\resizetizer\r\drawable-xxhdpi\wallet.png
           C:\Users\rober\Documents\MoneyMindApp\obj\Debug\net8.0-android\resizetizer\r\drawable-xhdpi\wallet.png
           C:\Users\rober\Documents\MoneyMindApp\obj\Debug\net8.0-android\resizetizer\r\drawable-hdpi\wallet.png
           C:\Users\rober\Documents\MoneyMindApp\obj\Debug\net8.0-android\resizetizer\r\drawable-mdpi\wallet.png
           C:\Users\rober\Documents\MoneyMindApp\obj\Debug\net8.0-android\resizetizer\r\drawable-xxxhdpi\settings.png
           C:\Users\rober\Documents\MoneyMindApp\obj\Debug\net8.0-android\resizetizer\r\drawable-xxhdpi\settings.png
           C:\Users\rober\Documents\MoneyMindApp\obj\Debug\net8.0-android\resizetizer\r\drawable-xhdpi\settings.png
           C:\Users\rober\Documents\MoneyMindApp\obj\Debug\net8.0-android\resizetizer\r\drawable-hdpi\settings.png
           C:\Users\rober\Documents\MoneyMindApp\obj\Debug\net8.0-android\resizetizer\r\drawable-mdpi\settings.png
           C:\Users\rober\Documents\MoneyMindApp\obj\Debug\net8.0-android\resizetizer\r\drawable-xxxhdpi\home.png
           C:\Users\rober\Documents\MoneyMindApp\obj\Debug\net8.0-android\resizetizer\r\drawable-xxhdpi\home.png
           C:\Users\rober\Documents\MoneyMindApp\obj\Debug\net8.0-android\resizetizer\r\drawable-xhdpi\home.png
           C:\Users\rober\Documents\MoneyMindApp\obj\Debug\net8.0-android\resizetizer\r\drawable-hdpi\home.png
           C:\Users\rober\Documents\MoneyMindApp\obj\Debug\net8.0-android\resizetizer\r\drawable-mdpi\home.png
           C:\Users\rober\Documents\MoneyMindApp\obj\Debug\net8.0-android\resizetizer\r\drawable-xxxhdpi\list.png
           C:\Users\rober\Documents\MoneyMindApp\obj\Debug\net8.0-android\resizetizer\r\drawable-xxhdpi\list.png
           C:\Users\rober\Documents\MoneyMindApp\obj\Debug\net8.0-android\resizetizer\r\drawable-xhdpi\list.png
           C:\Users\rober\Documents\MoneyMindApp\obj\Debug\net8.0-android\resizetizer\r\drawable-hdpi\list.png
           C:\Users\rober\Documents\MoneyMindApp\obj\Debug\net8.0-android\resizetizer\r\drawable-mdpi\list.png
           obj\Debug\net8.0-android\mauiimage.stamp
     1>Compilazione destinazione "ResizetizeImages" nel progetto "MoneyMindApp.csproj" completata.
     1>Destinazione "_ComputeAndroidResourcePaths" nel file "C:\Program Files\dotnet\packs\Microsoft.Android.Sdk.Windows\34.0.154\tools\Xamarin.Android.Common.targets" dal progetto "C:\Users\rober\Documents\MoneyMindApp\MoneyMindApp.csproj" (la destinazione "_GenerateResourceCaseMap" dipende da essa):
       Verrà usata l'attività "AndroidComputeResPaths" dall'assembly "C:\Program Files\dotnet\packs\Microsoft.Android.Sdk.Windows\34.0.154\tools\Xamarin.Android.Build.Tasks.dll".
       Attività "AndroidComputeResPaths"
       Esecuzione attività "AndroidComputeResPaths" completata.
       Attività "MakeDir"
       Esecuzione attività "MakeDir" completata.
     1>Compilazione destinazione "_ComputeAndroidResourcePaths" nel progetto "MoneyMindApp.csproj" completata.
       La destinazione "_SetupDesignerProperties" è stata ignorata. La compilazione era stata completata in precedenza.
       La destinazione "_CreatePropertiesCache" è stata ignorata. La compilazione era stata completata in precedenza.
       La destinazione "_SeparateAppExtensionReferences" è stata ignorata. La compilazione era stata completata in precedenza.
       La destinazione "BeforeResolveReferences" è stata ignorata. La compilazione era stata completata in precedenza.
       Destinazione"AssignProjectConfiguration" ignorata. Condizione false. ('$(CurrentSolutionConfigurationContents)' != '' or '@(ProjectReference)'!='') ha restituito ('' != '' or ''!='').
       La destinazione "ResolveProjectReferences" è stata ignorata. La compilazione era stata completata in precedenza.
       Destinazione"FindInvalidProjectReferences" ignorata. Condizione false. ('$(FindInvalidProjectReferences)' == 'true') ha restituito ('' == 'true').
       Destinazione"ResolveNativeReferences" ignorata. Condizione false. ('@(NativeReference)'!='') ha restituito (''!='').
       La destinazione "ResolveAssemblyReferences" è stata ignorata. La compilazione era stata completata in precedenza.
       Destinazione"GenerateBindingRedirects" ignorata. Condizione false. ('$(AutoGenerateBindingRedirects)' == 'true' and '$(GenerateBindingRedirectsOutputType)' == 'true' and '@(SuggestedBindingRedirects)' != '' and '$(DesignTimeBuild)' != 'true' and '$(BuildingProject)' == 'true') ha restituito ('False' == 'true' and '' == 'true' and '' != '' and 'false' != 'true' and 'true' == 'true').
       Destinazione"GenerateSupportedRuntime" ignorata. Condizione false. ('$(GenerateSupportedRuntime)' != 'false' and '$(TargetFrameworkIdentifier)' == '.NETFramework' and '$(HasRuntimeOutput)' == 'true') ha restituito ('' != 'false' and '.NETCoreApp' == '.NETFramework' and 'true' == 'true').
       Destinazione"GenerateBindingRedirectsUpdateAppConfig" ignorata. Condizione false. ('$(AutoGenerateBindingRedirects)' == 'true' and '$(GenerateBindingRedirectsOutputType)' == 'true') ha restituito ('False' == 'true' and '' == 'true').
       Destinazione"ResolveComReferences" ignorata. Condizione false. ('@(COMReference)'!='' or '@(COMFileReference)'!='') ha restituito (''!='' or ''!='').
       La destinazione "AfterResolveReferences" è stata ignorata. La compilazione era stata completata in precedenza.
       La destinazione "_AddAndroidCustomMetaData" è stata ignorata. La compilazione era stata completata in precedenza.
       La destinazione "_ResolveAars" è stata ignorata. La compilazione era stata completata in precedenza.
     1>Destinazione "_ResolveLibraryProjectImports" nel file "C:\Program Files\dotnet\packs\Microsoft.Android.Sdk.Windows\34.0.154\tools\Xamarin.Android.EmbeddedResource.targets" dal progetto "C:\Users\rober\Documents\MoneyMindApp\MoneyMindApp.csproj" (la destinazione "_ExtractLibraryProjectImports" dipende da essa):
       La destinazione "_ResolveLibraryProjectImports" verrà ignorata. Tutti i file di output sono aggiornati rispetto ai file di input.
       File di input: 
           C:\Users\rober\.nuget\packages\communitytoolkit.maui.core\9.1.0\lib\net8.0-android34.0\CommunityToolkit.Maui.Core.dll
           C:\Users\rober\.nuget\packages\communitytoolkit.maui\9.1.0\lib\net8.0-android34.0\CommunityToolkit.Maui.dll
           C:\Users\rober\.nuget\packages\googlegson\2.10.1.4\lib\net6.0-android31.0\GoogleGson.dll
           C:\Users\rober\.nuget\packages\harfbuzzsharp\7.3.0\lib\net6.0-android30.0\HarfBuzzSharp.dll
           C:\Users\rober\.nuget\packages\xamarin.google.code.findbugs.jsr305\3.0.2.9\lib\net6.0-android31.0\Jsr305Binding.dll
           C:\Users\rober\.nuget\packages\livechartscore.behaviours\2.0.0-rc2\lib\net7.0-android31.0\LiveChartsCore.Behaviours.dll
           C:\Users\rober\.nuget\packages\livechartscore\2.0.0-rc2\lib\net6.0-android31.0\LiveChartsCore.dll
           C:\Users\rober\.nuget\packages\livechartscore.skiasharpview\2.0.0-rc2\lib\net6.0-android31.0\LiveChartsCore.SkiaSharpView.dll
           C:\Users\rober\.nuget\packages\livechartscore.skiasharpview.maui\2.0.0-rc2\lib\net6.0-android31.0\LiveChartsCore.SkiaSharpView.Maui.dll
           C:\Users\rober\.nuget\packages\microsoft.maui.controls.compatibility\8.0.90\lib\net8.0-android34.0\Microsoft.Maui.Controls.Compatibility.dll
           C:\Users\rober\.nuget\packages\microsoft.maui.controls.core\8.0.90\lib\net8.0-android34.0\Microsoft.Maui.Controls.dll
           C:\Users\rober\.nuget\packages\microsoft.maui.controls.xaml\8.0.90\lib\net8.0-android34.0\Microsoft.Maui.Controls.Xaml.dll
           C:\Users\rober\.nuget\packages\microsoft.maui.core\8.0.90\lib\net8.0-android34.0\Microsoft.Maui.dll
           C:\Users\rober\.nuget\packages\microsoft.maui.essentials\8.0.90\lib\net8.0-android34.0\Microsoft.Maui.Essentials.dll
           C:\Users\rober\.nuget\packages\microsoft.maui.graphics\8.0.90\lib\net8.0-android34.0\Microsoft.Maui.Graphics.dll
           C:\Users\rober\.nuget\packages\plugin.fingerprint\3.0.0-beta.1\lib\net6.0-android31.0\Plugin.Fingerprint.dll
           C:\Users\rober\.nuget\packages\skiasharp\2.88.6\lib\net6.0-android30.0\SkiaSharp.dll
           C:\Users\rober\.nuget\packages\skiasharp.views\2.88.6\lib\net6.0-android30.0\SkiaSharp.Views.Android.dll
           C:\Users\rober\.nuget\packages\skiasharp.views.maui.controls.compatibility\2.88.6\lib\net6.0-android30.0\SkiaSharp.Views.Maui.Controls.Compatibility.dll
           C:\Users\rober\.nuget\packages\skiasharp.views.maui.controls\2.88.6\lib\net6.0-android30.0\SkiaSharp.Views.Maui.Controls.dll
           C:\Users\rober\.nuget\packages\skiasharp.views.maui.core\2.88.6\lib\net6.0-android30.0\SkiaSharp.Views.Maui.Core.dll
           C:\Users\rober\.nuget\packages\sqlitepclraw.bundle_green\2.1.8\lib\net6.0-android31.0\SQLitePCLRaw.batteries_v2.dll
           C:\Users\rober\.nuget\packages\sqlitepclraw.lib.e_sqlite3.android\2.1.8\lib\net6.0-android31.0\SQLitePCLRaw.lib.e_sqlite3.android.dll
           C:\Users\rober\.nuget\packages\xamarin.android.glide.annotations\4.15.1.2\lib\net6.0-android31.0\Xamarin.Android.Glide.Annotations.dll
           C:\Users\rober\.nuget\packages\xamarin.android.glide.disklrucache\4.15.1.2\lib\net6.0-android31.0\Xamarin.Android.Glide.DiskLruCache.dll
           C:\Users\rober\.nuget\packages\xamarin.android.glide\4.15.1.2\lib\net6.0-android31.0\Xamarin.Android.Glide.dll
           C:\Users\rober\.nuget\packages\xamarin.android.glide.gifdecoder\4.15.1.2\lib\net6.0-android31.0\Xamarin.Android.Glide.GifDecoder.dll
           C:\Users\rober\.nuget\packages\xamarin.androidx.activity\1.7.2.1\lib\net6.0-android31.0\Xamarin.AndroidX.Activity.dll
           C:\Users\rober\.nuget\packages\xamarin.androidx.activity.ktx\1.7.2.1\lib\net6.0-android31.0\Xamarin.AndroidX.Activity.Ktx.dll
           C:\Users\rober\.nuget\packages\xamarin.androidx.annotation\1.6.0.4\lib\net6.0-android31.0\Xamarin.AndroidX.Annotation.dll
           C:\Users\rober\.nuget\packages\xamarin.androidx.annotation.experimental\1.3.1.1\lib\net6.0-android31.0\Xamarin.AndroidX.Annotation.Experimental.dll
           C:\Users\rober\.nuget\packages\xamarin.androidx.annotation.jvm\1.6.0.2\lib\net6.0-android31.0\Xamarin.AndroidX.Annotation.Jvm.dll
           C:\Users\rober\.nuget\packages\xamarin.androidx.appcompat.appcompatresources\1.6.1.3\lib\net6.0-android31.0\Xamarin.AndroidX.AppCompat.AppCompatResources.dll
           C:\Users\rober\.nuget\packages\xamarin.androidx.appcompat\1.6.1.3\lib\net6.0-android31.0\Xamarin.AndroidX.AppCompat.dll
           C:\Users\rober\.nuget\packages\xamarin.androidx.arch.core.common\2.2.0.3\lib\net6.0-android31.0\Xamarin.AndroidX.Arch.Core.Common.dll
           C:\Users\rober\.nuget\packages\xamarin.androidx.arch.core.runtime\2.2.0.3\lib\net6.0-android31.0\Xamarin.AndroidX.Arch.Core.Runtime.dll
           C:\Users\rober\.nuget\packages\xamarin.androidx.biometric\1.1.0.9\lib\net6.0-android31.0\Xamarin.AndroidX.Biometric.dll
           C:\Users\rober\.nuget\packages\xamarin.androidx.browser\1.5.0.3\lib\net6.0-android31.0\Xamarin.AndroidX.Browser.dll
           C:\Users\rober\.nuget\packages\xamarin.androidx.cardview\1.0.0.21\lib\net6.0-android31.0\Xamarin.AndroidX.CardView.dll
           C:\Users\rober\.nuget\packages\xamarin.androidx.collection\1.2.0.9\lib\net6.0-android31.0\Xamarin.AndroidX.Collection.dll
           C:\Users\rober\.nuget\packages\xamarin.androidx.collection.ktx\1.2.0.9\lib\net6.0-android31.0\Xamarin.AndroidX.Collection.Ktx.dll
           C:\Users\rober\.nuget\packages\xamarin.androidx.concurrent.futures\1.1.0.14\lib\net6.0-android31.0\Xamarin.AndroidX.Concurrent.Futures.dll
           C:\Users\rober\.nuget\packages\xamarin.androidx.constraintlayout.core\1.0.4.6\lib\net6.0-android31.0\Xamarin.AndroidX.ConstraintLayout.Core.dll
           C:\Users\rober\.nuget\packages\xamarin.androidx.constraintlayout\2.1.4.6\lib\net6.0-android31.0\Xamarin.AndroidX.ConstraintLayout.dll
           C:\Users\rober\.nuget\packages\xamarin.androidx.coordinatorlayout\1.2.0.7\lib\net6.0-android31.0\Xamarin.AndroidX.CoordinatorLayout.dll
           C:\Users\rober\.nuget\packages\xamarin.androidx.core.core.ktx\1.10.1.2\lib\net6.0-android31.0\Xamarin.AndroidX.Core.Core.Ktx.dll
           C:\Users\rober\.nuget\packages\xamarin.androidx.core\1.10.1.2\lib\net6.0-android31.0\Xamarin.AndroidX.Core.dll
           C:\Users\rober\.nuget\packages\xamarin.androidx.cursoradapter\1.0.0.19\lib\net6.0-android31.0\Xamarin.AndroidX.CursorAdapter.dll
           C:\Users\rober\.nuget\packages\xamarin.androidx.customview\1.1.0.18\lib\net6.0-android31.0\Xamarin.AndroidX.CustomView.dll
           C:\Users\rober\.nuget\packages\xamarin.androidx.customview.poolingcontainer\1.0.0.5\lib\net6.0-android31.0\Xamarin.AndroidX.CustomView.PoolingContainer.dll
           C:\Users\rober\.nuget\packages\xamarin.androidx.documentfile\1.0.1.19\lib\net6.0-android31.0\Xamarin.AndroidX.DocumentFile.dll
           C:\Users\rober\.nuget\packages\xamarin.androidx.drawerlayout\1.2.0.3\lib\net6.0-android31.0\Xamarin.AndroidX.DrawerLayout.dll
           C:\Users\rober\.nuget\packages\xamarin.androidx.dynamicanimation\1.0.0.19\lib\net6.0-android31.0\Xamarin.AndroidX.DynamicAnimation.dll
           C:\Users\rober\.nuget\packages\xamarin.androidx.emoji2\1.3.0.3\lib\net6.0-android31.0\Xamarin.AndroidX.Emoji2.dll
           C:\Users\rober\.nuget\packages\xamarin.androidx.emoji2.viewshelper\1.3.0.3\lib\net6.0-android31.0\Xamarin.AndroidX.Emoji2.ViewsHelper.dll
           C:\Users\rober\.nuget\packages\xamarin.androidx.exifinterface\1.3.6.2\lib\net6.0-android31.0\Xamarin.AndroidX.ExifInterface.dll
           C:\Users\rober\.nuget\packages\xamarin.androidx.fragment\1.6.0.1\lib\net6.0-android31.0\Xamarin.AndroidX.Fragment.dll
           C:\Users\rober\.nuget\packages\xamarin.androidx.fragment.ktx\1.6.0.1\lib\net6.0-android31.0\Xamarin.AndroidX.Fragment.Ktx.dll
           C:\Users\rober\.nuget\packages\xamarin.androidx.interpolator\1.0.0.19\lib\net6.0-android31.0\Xamarin.AndroidX.Interpolator.dll
           C:\Users\rober\.nuget\packages\xamarin.androidx.legacy.support.core.utils\1.0.0.19\lib\net6.0-android31.0\Xamarin.AndroidX.Legacy.Support.Core.Utils.dll
           C:\Users\rober\.nuget\packages\xamarin.androidx.lifecycle.common\2.6.1.3\lib\net6.0-android31.0\Xamarin.AndroidX.Lifecycle.Common.dll
           C:\Users\rober\.nuget\packages\xamarin.androidx.lifecycle.livedata.core\2.6.1.3\lib\net6.0-android31.0\Xamarin.AndroidX.Lifecycle.LiveData.Core.dll
           C:\Users\rober\.nuget\packages\xamarin.androidx.lifecycle.livedata.core.ktx\2.6.1.3\lib\net6.0-android31.0\Xamarin.AndroidX.Lifecycle.LiveData.Core.Ktx.dll
           C:\Users\rober\.nuget\packages\xamarin.androidx.lifecycle.livedata\2.6.1.3\lib\net6.0-android31.0\Xamarin.AndroidX.Lifecycle.LiveData.dll
           C:\Users\rober\.nuget\packages\xamarin.androidx.lifecycle.process\2.6.1.3\lib\net6.0-android31.0\Xamarin.AndroidX.Lifecycle.Process.dll
           C:\Users\rober\.nuget\packages\xamarin.androidx.lifecycle.runtime\2.6.1.3\lib\net6.0-android31.0\Xamarin.AndroidX.Lifecycle.Runtime.dll
           C:\Users\rober\.nuget\packages\xamarin.androidx.lifecycle.runtime.ktx\2.6.1.3\lib\net6.0-android31.0\Xamarin.AndroidX.Lifecycle.Runtime.Ktx.dll
           C:\Users\rober\.nuget\packages\xamarin.androidx.lifecycle.viewmodel\2.6.1.3\lib\net6.0-android31.0\Xamarin.AndroidX.Lifecycle.ViewModel.dll
           C:\Users\rober\.nuget\packages\xamarin.androidx.lifecycle.viewmodel.ktx\2.6.1.3\lib\net6.0-android31.0\Xamarin.AndroidX.Lifecycle.ViewModel.Ktx.dll
           C:\Users\rober\.nuget\packages\xamarin.androidx.lifecycle.viewmodelsavedstate\2.6.1.3\lib\net6.0-android31.0\Xamarin.AndroidX.Lifecycle.ViewModelSavedState.dll
           C:\Users\rober\.nuget\packages\xamarin.androidx.loader\1.1.0.19\lib\net6.0-android31.0\Xamarin.AndroidX.Loader.dll
           C:\Users\rober\.nuget\packages\xamarin.androidx.localbroadcastmanager\1.1.0.7\lib\net6.0-android31.0\Xamarin.AndroidX.LocalBroadcastManager.dll
           C:\Users\rober\.nuget\packages\xamarin.androidx.navigation.common\2.6.0.1\lib\net6.0-android31.0\Xamarin.AndroidX.Navigation.Common.dll
           C:\Users\rober\.nuget\packages\xamarin.androidx.navigation.fragment\2.6.0.1\lib\net6.0-android31.0\Xamarin.AndroidX.Navigation.Fragment.dll
           C:\Users\rober\.nuget\packages\xamarin.androidx.navigation.runtime\2.6.0.1\lib\net6.0-android31.0\Xamarin.AndroidX.Navigation.Runtime.dll
           C:\Users\rober\.nuget\packages\xamarin.androidx.navigation.ui\2.6.0.1\lib\net6.0-android31.0\Xamarin.AndroidX.Navigation.UI.dll
           C:\Users\rober\.nuget\packages\xamarin.androidx.print\1.0.0.19\lib\net6.0-android31.0\Xamarin.AndroidX.Print.dll
           C:\Users\rober\.nuget\packages\xamarin.androidx.profileinstaller.profileinstaller\1.3.1.2\lib\net6.0-android31.0\Xamarin.AndroidX.ProfileInstaller.ProfileInstaller.dll
           C:\Users\rober\.nuget\packages\xamarin.androidx.recyclerview\1.3.0.3\lib\net6.0-android31.0\Xamarin.AndroidX.RecyclerView.dll
           C:\Users\rober\.nuget\packages\xamarin.androidx.resourceinspection.annotation\1.0.1.7\lib\net6.0-android31.0\Xamarin.AndroidX.ResourceInspection.Annotation.dll
           C:\Users\rober\.nuget\packages\xamarin.androidx.savedstate\1.2.1.3\lib\net6.0-android31.0\Xamarin.AndroidX.SavedState.dll
           C:\Users\rober\.nuget\packages\xamarin.androidx.savedstate.savedstate.ktx\1.2.1.3\lib\net6.0-android31.0\Xamarin.AndroidX.SavedState.SavedState.Ktx.dll
           C:\Users\rober\.nuget\packages\xamarin.androidx.security.securitycrypto\1.1.0.1-alpha06\lib\net6.0-android31.0\Xamarin.AndroidX.Security.SecurityCrypto.dll
           C:\Users\rober\.nuget\packages\xamarin.androidx.slidingpanelayout\1.2.0.7\lib\net6.0-android31.0\Xamarin.AndroidX.SlidingPaneLayout.dll
           C:\Users\rober\.nuget\packages\xamarin.androidx.startup.startupruntime\1.1.1.7\lib\net6.0-android31.0\Xamarin.AndroidX.Startup.StartupRuntime.dll
           C:\Users\rober\.nuget\packages\xamarin.androidx.swiperefreshlayout\1.1.0.14\lib\net6.0-android31.0\Xamarin.AndroidX.SwipeRefreshLayout.dll
           C:\Users\rober\.nuget\packages\xamarin.androidx.tracing.tracing\1.1.0.6\lib\net6.0-android31.0\Xamarin.AndroidX.Tracing.Tracing.dll
           C:\Users\rober\.nuget\packages\xamarin.androidx.transition\1.4.1.12\lib\net6.0-android31.0\Xamarin.AndroidX.Transition.dll
           C:\Users\rober\.nuget\packages\xamarin.androidx.vectordrawable.animated\1.1.0.19\lib\net6.0-android31.0\Xamarin.AndroidX.VectorDrawable.Animated.dll
           C:\Users\rober\.nuget\packages\xamarin.androidx.vectordrawable\1.1.0.19\lib\net6.0-android31.0\Xamarin.AndroidX.VectorDrawable.dll
           C:\Users\rober\.nuget\packages\xamarin.androidx.versionedparcelable\1.1.1.19\lib\net6.0-android31.0\Xamarin.AndroidX.VersionedParcelable.dll
           C:\Users\rober\.nuget\packages\xamarin.androidx.viewpager\1.0.0.19\lib\net6.0-android31.0\Xamarin.AndroidX.ViewPager.dll
           C:\Users\rober\.nuget\packages\xamarin.androidx.viewpager2\1.0.0.21\lib\net6.0-android31.0\Xamarin.AndroidX.ViewPager2.dll
           C:\Users\rober\.nuget\packages\xamarin.androidx.window\1.1.0.1\lib\net6.0-android31.0\Xamarin.AndroidX.Window.dll
           C:\Users\rober\.nuget\packages\xamarin.androidx.window.extensions.core.core\1.0.0.1\lib\net6.0-android31.0\Xamarin.AndroidX.Window.Extensions.Core.Core.dll
           C:\Users\rober\.nuget\packages\xamarin.google.android.material\1.9.0.2\lib\net6.0-android31.0\Xamarin.Google.Android.Material.dll
           C:\Users\rober\.nuget\packages\xamarin.google.crypto.tink.android\1.10.0\lib\net6.0-android31.0\Xamarin.Google.Crypto.Tink.Android.dll
           C:\Users\rober\.nuget\packages\xamarin.google.errorprone.annotations\2.20.0.1\lib\net6.0-android31.0\Xamarin.Google.ErrorProne.Annotations.dll
           C:\Users\rober\.nuget\packages\xamarin.google.guava.listenablefuture\1.0.0.14\lib\net6.0-android31.0\Xamarin.Google.Guava.ListenableFuture.dll
           C:\Users\rober\.nuget\packages\xamarin.jetbrains.annotations\24.0.1.3\lib\net6.0-android31.0\Xamarin.Jetbrains.Annotations.dll
           C:\Users\rober\.nuget\packages\xamarin.kotlin.stdlib.common\1.9.0.1\lib\net6.0-android31.0\Xamarin.Kotlin.StdLib.Common.dll
           C:\Users\rober\.nuget\packages\xamarin.kotlin.stdlib\1.9.0.1\lib\net6.0-android31.0\Xamarin.Kotlin.StdLib.dll
           C:\Users\rober\.nuget\packages\xamarin.kotlin.stdlib.jdk7\1.9.0.1\lib\net6.0-android31.0\Xamarin.Kotlin.StdLib.Jdk7.dll
           C:\Users\rober\.nuget\packages\xamarin.kotlin.stdlib.jdk8\1.9.0.1\lib\net6.0-android31.0\Xamarin.Kotlin.StdLib.Jdk8.dll
           C:\Users\rober\.nuget\packages\xamarin.kotlinx.coroutines.android\1.7.2.1\lib\net6.0-android31.0\Xamarin.KotlinX.Coroutines.Android.dll
           C:\Users\rober\.nuget\packages\xamarin.kotlinx.coroutines.core.jvm\1.7.2.1\lib\net6.0-android31.0\Xamarin.KotlinX.Coroutines.Core.Jvm.dll
           C:\Users\rober\.nuget\packages\xamarin.androidx.versionedparcelable\1.1.1.19\buildTransitive\net6.0-android31.0\..\..\aar\androidx.versionedparcelable.versionedparcelable.aar
           C:\Users\rober\.nuget\packages\xamarin.androidx.tracing.tracing\1.1.0.6\buildTransitive\net6.0-android31.0\..\..\aar\androidx.tracing.tracing.aar
           C:\Users\rober\.nuget\packages\xamarin.androidx.startup.startupruntime\1.1.1.7\buildTransitive\net6.0-android31.0\..\..\aar\androidx.startup.startup-runtime.aar
           C:\Users\rober\.nuget\packages\xamarin.androidx.profileinstaller.profileinstaller\1.3.1.2\buildTransitive\net6.0-android31.0\..\..\aar\androidx.profileinstaller.profileinstaller.aar
           C:\Users\rober\.nuget\packages\xamarin.androidx.arch.core.runtime\2.2.0.3\buildTransitive\net6.0-android31.0\..\..\aar\androidx.arch.core.core-runtime.aar
           C:\Users\rober\.nuget\packages\xamarin.androidx.lifecycle.runtime\2.6.1.3\buildTransitive\net6.0-android31.0\..\..\aar\androidx.lifecycle.lifecycle-runtime.aar
           C:\Users\rober\.nuget\packages\xamarin.androidx.interpolator\1.0.0.19\buildTransitive\net6.0-android31.0\..\..\aar\androidx.interpolator.interpolator.aar
           C:\Users\rober\.nuget\packages\xamarin.androidx.annotation.experimental\1.3.1.1\buildTransitive\net6.0-android31.0\..\..\aar\androidx.annotation.annotation-experimental.aar
           C:\Users\rober\.nuget\packages\xamarin.androidx.core\1.10.1.2\buildTransitive\net6.0-android31.0\..\..\aar\androidx.core.core.aar
           C:\Users\rober\.nuget\packages\xamarin.androidx.customview\1.1.0.18\buildTransitive\net6.0-android31.0\..\..\aar\androidx.customview.customview.aar
           C:\Users\rober\.nuget\packages\xamarin.androidx.viewpager\1.0.0.19\buildTransitive\net6.0-android31.0\..\..\aar\androidx.viewpager.viewpager.aar
           C:\Users\rober\.nuget\packages\xamarin.androidx.savedstate\1.2.1.3\buildTransitive\net6.0-android31.0\..\..\aar\androidx.savedstate.savedstate.aar
           C:\Users\rober\.nuget\packages\xamarin.androidx.core.core.ktx\1.10.1.2\buildTransitive\net6.0-android31.0\..\..\aar\androidx.core.core-ktx.aar
           C:\Users\rober\.nuget\packages\xamarin.androidx.customview.poolingcontainer\1.0.0.5\buildTransitive\net6.0-android31.0\..\..\aar\androidx.customview.customview-poolingcontainer.aar
           C:\Users\rober\.nuget\packages\xamarin.androidx.recyclerview\1.3.0.3\buildTransitive\net6.0-android31.0\..\..\aar\androidx.recyclerview.recyclerview.aar
           C:\Users\rober\.nuget\packages\xamarin.androidx.lifecycle.viewmodel\2.6.1.3\buildTransitive\net6.0-android31.0\..\..\aar\androidx.lifecycle.lifecycle-viewmodel.aar
           C:\Users\rober\.nuget\packages\xamarin.androidx.lifecycle.livedata.core\2.6.1.3\buildTransitive\net6.0-android31.0\..\..\aar\androidx.lifecycle.lifecycle-livedata-core.aar
           C:\Users\rober\.nuget\packages\xamarin.androidx.loader\1.1.0.19\buildTransitive\net6.0-android31.0\..\..\aar\androidx.loader.loader.aar
           C:\Users\rober\.nuget\packages\xamarin.androidx.lifecycle.viewmodelsavedstate\2.6.1.3\buildTransitive\net6.0-android31.0\..\..\aar\androidx.lifecycle.lifecycle-viewmodel-savedstate.aar
           C:\Users\rober\.nuget\packages\xamarin.androidx.activity\1.7.2.1\buildTransitive\net6.0-android31.0\..\..\aar\androidx.activity.activity.aar
           C:\Users\rober\.nuget\packages\xamarin.androidx.fragment\1.6.0.1\buildTransitive\net6.0-android31.0\..\..\aar\androidx.fragment.fragment.aar
           C:\Users\rober\.nuget\packages\xamarin.androidx.viewpager2\1.0.0.21\buildTransitive\net6.0-android31.0\..\..\aar\androidx.viewpager2.viewpager2.aar
           C:\Users\rober\.nuget\packages\xamarin.androidx.vectordrawable\1.1.0.19\buildTransitive\net6.0-android31.0\..\..\aar\androidx.vectordrawable.vectordrawable.aar
           C:\Users\rober\.nuget\packages\xamarin.androidx.vectordrawable.animated\1.1.0.19\buildTransitive\net6.0-android31.0\..\..\aar\androidx.vectordrawable.vectordrawable-animated.aar
           C:\Users\rober\.nuget\packages\xamarin.androidx.transition\1.4.1.12\buildTransitive\net6.0-android31.0\..\..\aar\androidx.transition.transition.aar
           C:\Users\rober\.nuget\packages\xamarin.androidx.print\1.0.0.19\buildTransitive\net6.0-android31.0\..\..\aar\androidx.print.print.aar
           C:\Users\rober\.nuget\packages\xamarin.androidx.localbroadcastmanager\1.1.0.7\buildTransitive\net6.0-android31.0\..\..\aar\androidx.localbroadcastmanager.localbroadcastmanager.aar
           C:\Users\rober\.nuget\packages\xamarin.androidx.lifecycle.process\2.6.1.3\buildTransitive\net6.0-android31.0\..\..\aar\androidx.lifecycle.lifecycle-process.aar
           C:\Users\rober\.nuget\packages\xamarin.androidx.documentfile\1.0.1.19\buildTransitive\net6.0-android31.0\..\..\aar\androidx.documentfile.documentfile.aar
           C:\Users\rober\.nuget\packages\xamarin.androidx.legacy.support.core.utils\1.0.0.19\buildTransitive\net6.0-android31.0\..\..\aar\androidx.legacy.legacy-support-core-utils.aar
           C:\Users\rober\.nuget\packages\xamarin.androidx.emoji2\1.3.0.3\buildTransitive\net6.0-android31.0\..\..\aar\androidx.emoji2.emoji2.aar
           C:\Users\rober\.nuget\packages\xamarin.androidx.emoji2.viewshelper\1.3.0.3\buildTransitive\net6.0-android31.0\..\..\aar\androidx.emoji2.emoji2-views-helper.aar
           C:\Users\rober\.nuget\packages\xamarin.androidx.dynamicanimation\1.0.0.19\buildTransitive\net6.0-android31.0\..\..\aar\androidx.dynamicanimation.dynamicanimation.aar
           C:\Users\rober\.nuget\packages\xamarin.androidx.drawerlayout\1.2.0.3\buildTransitive\net6.0-android31.0\..\..\aar\androidx.drawerlayout.drawerlayout.aar
           C:\Users\rober\.nuget\packages\xamarin.androidx.cursoradapter\1.0.0.19\buildTransitive\net6.0-android31.0\..\..\aar\androidx.cursoradapter.cursoradapter.aar
           C:\Users\rober\.nuget\packages\xamarin.androidx.coordinatorlayout\1.2.0.7\buildTransitive\net6.0-android31.0\..\..\aar\androidx.coordinatorlayout.coordinatorlayout.aar
           C:\Users\rober\.nuget\packages\xamarin.androidx.appcompat.appcompatresources\1.6.1.3\buildTransitive\net6.0-android31.0\..\..\aar\androidx.appcompat.appcompat-resources.aar
           C:\Users\rober\.nuget\packages\xamarin.androidx.appcompat\1.6.1.3\buildTransitive\net6.0-android31.0\..\..\aar\androidx.appcompat.appcompat.aar
           C:\Users\rober\.nuget\packages\xamarin.androidx.constraintlayout\2.1.4.6\buildTransitive\net6.0-android31.0\..\..\aar\androidx.constraintlayout.constraintlayout.aar
           C:\Users\rober\.nuget\packages\xamarin.androidx.cardview\1.0.0.21\buildTransitive\net6.0-android31.0\..\..\aar\androidx.cardview.cardview.aar
           C:\Users\rober\.nuget\packages\xamarin.google.android.material\1.9.0.2\buildTransitive\net6.0-android31.0\..\..\aar\com.google.android.material.material.aar
           C:\Users\rober\.nuget\packages\xamarin.androidx.window.extensions.core.core\1.0.0.1\buildTransitive\net6.0-android31.0\..\..\aar\androidx.window.extensions.core.core.aar
           C:\Users\rober\.nuget\packages\xamarin.androidx.window\1.1.0.1\buildTransitive\net6.0-android31.0\..\..\aar\androidx.window.window.aar
           C:\Users\rober\.nuget\packages\xamarin.androidx.swiperefreshlayout\1.1.0.14\buildTransitive\net6.0-android31.0\..\..\aar\androidx.swiperefreshlayout.swiperefreshlayout.aar
           C:\Users\rober\.nuget\packages\xamarin.androidx.slidingpanelayout\1.2.0.7\buildTransitive\net6.0-android31.0\..\..\aar\androidx.slidingpanelayout.slidingpanelayout.aar
           C:\Users\rober\.nuget\packages\xamarin.androidx.security.securitycrypto\1.1.0.1-alpha06\buildTransitive\net6.0-android31.0\..\..\aar\androidx.security.security-crypto.aar
           C:\Users\rober\.nuget\packages\xamarin.androidx.savedstate.savedstate.ktx\1.2.1.3\buildTransitive\net6.0-android31.0\..\..\aar\androidx.savedstate.savedstate-ktx.aar
           C:\Users\rober\.nuget\packages\xamarin.androidx.lifecycle.viewmodel.ktx\2.6.1.3\buildTransitive\net6.0-android31.0\..\..\aar\androidx.lifecycle.lifecycle-viewmodel-ktx.aar
           C:\Users\rober\.nuget\packages\xamarin.androidx.lifecycle.runtime.ktx\2.6.1.3\buildTransitive\net6.0-android31.0\..\..\aar\androidx.lifecycle.lifecycle-runtime-ktx.aar
           C:\Users\rober\.nuget\packages\xamarin.androidx.navigation.common\2.6.0.1\buildTransitive\net6.0-android31.0\..\..\aar\androidx.navigation.navigation-common.aar
           C:\Users\rober\.nuget\packages\xamarin.androidx.activity.ktx\1.7.2.1\buildTransitive\net6.0-android31.0\..\..\aar\androidx.activity.activity-ktx.aar
           C:\Users\rober\.nuget\packages\xamarin.androidx.navigation.runtime\2.6.0.1\buildTransitive\net6.0-android31.0\..\..\aar\androidx.navigation.navigation-runtime.aar
           C:\Users\rober\.nuget\packages\xamarin.androidx.navigation.ui\2.6.0.1\buildTransitive\net6.0-android31.0\..\..\aar\androidx.navigation.navigation-ui.aar
           C:\Users\rober\.nuget\packages\xamarin.androidx.lifecycle.livedata.core.ktx\2.6.1.3\buildTransitive\net6.0-android31.0\..\..\aar\androidx.lifecycle.lifecycle-livedata-core-ktx.aar
           C:\Users\rober\.nuget\packages\xamarin.androidx.fragment.ktx\1.6.0.1\buildTransitive\net6.0-android31.0\..\..\aar\androidx.fragment.fragment-ktx.aar
           C:\Users\rober\.nuget\packages\xamarin.androidx.navigation.fragment\2.6.0.1\buildTransitive\net6.0-android31.0\..\..\aar\androidx.navigation.navigation-fragment.aar
           C:\Users\rober\.nuget\packages\xamarin.androidx.lifecycle.livedata\2.6.1.3\buildTransitive\net6.0-android31.0\..\..\aar\androidx.lifecycle.lifecycle-livedata.aar
           C:\Users\rober\.nuget\packages\xamarin.androidx.exifinterface\1.3.6.2\buildTransitive\net6.0-android31.0\..\..\aar\androidx.exifinterface.exifinterface.aar
           C:\Users\rober\.nuget\packages\xamarin.androidx.browser\1.5.0.3\buildTransitive\net6.0-android31.0\..\..\aar\androidx.browser.browser.aar
           C:\Users\rober\.nuget\packages\xamarin.androidx.biometric\1.1.0.9\buildTransitive\net6.0-android31.0\..\..\aar\androidx.biometric.biometric.aar
           C:\Users\rober\.nuget\packages\xamarin.android.glide.gifdecoder\4.15.1.2\buildTransitive\net6.0-android31.0\..\..\aar\gifdecoder.aar
           C:\Users\rober\.nuget\packages\xamarin.android.glide\4.15.1.2\buildTransitive\net6.0-android31.0\..\..\aar\glide.aar
           C:\Users\rober\.nuget\packages\googlegson\2.10.1.4\lib\net6.0-android31.0\GoogleGson.aar
           C:\Users\rober\.nuget\packages\xamarin.google.code.findbugs.jsr305\3.0.2.9\lib\net6.0-android31.0\Jsr305Binding.aar
           C:\Users\rober\.nuget\packages\microsoft.maui.controls.compatibility\8.0.90\lib\net8.0-android34.0\Microsoft.Maui.Controls.Compatibility.aar
           C:\Users\rober\.nuget\packages\microsoft.maui.controls.core\8.0.90\lib\net8.0-android34.0\Microsoft.Maui.Controls.aar
           C:\Users\rober\.nuget\packages\microsoft.maui.core\8.0.90\lib\net8.0-android34.0\maui.aar
           C:\Users\rober\.nuget\packages\microsoft.maui.core\8.0.90\lib\net8.0-android34.0\Microsoft.Maui.aar
           C:\Users\rober\.nuget\packages\microsoft.maui.essentials\8.0.90\lib\net8.0-android34.0\Microsoft.Maui.Essentials.aar
           C:\Users\rober\.nuget\packages\skiasharp.views\2.88.6\lib\net6.0-android30.0\SkiaSharp.Views.Android.aar
           C:\Users\rober\.nuget\packages\sqlitepclraw.lib.e_sqlite3.android\2.1.8\lib\net6.0-android31.0\SQLitePCLRaw.lib.e_sqlite3.android.aar
           C:\Users\rober\.nuget\packages\xamarin.google.crypto.tink.android\1.10.0\lib\net6.0-android31.0\Xamarin.Google.Crypto.Tink.Android.aar
           C:\Users\rober\.nuget\packages\xamarin.google.errorprone.annotations\2.20.0.1\lib\net6.0-android31.0\Xamarin.Google.ErrorProne.Annotations.aar
           C:\Users\rober\Documents\MoneyMindApp\obj\project.assets.json
           C:\Users\rober\Documents\MoneyMindApp\MoneyMindApp.csproj
           obj\Debug\net8.0-android\build.props
       File di output: obj\Debug\net8.0-android\stamp\_ResolveLibraryProjectImports.stamp
     1>Compilazione destinazione "_ResolveLibraryProjectImports" nel progetto "MoneyMindApp.csproj" completata.
     1>Destinazione "_ExtractLibraryProjectImports" nel file "C:\Program Files\dotnet\packs\Microsoft.Android.Sdk.Windows\34.0.154\tools\Xamarin.Android.EmbeddedResource.targets" dal progetto "C:\Users\rober\Documents\MoneyMindApp\MoneyMindApp.csproj" (la destinazione "_GetLibraryImports" dipende da essa):
       Verrà usata l'attività "ReadLibraryProjectImportsCache" dall'assembly "C:\Program Files\dotnet\packs\Microsoft.Android.Sdk.Windows\34.0.154\tools\Xamarin.Android.Build.Tasks.dll".
       Attività "ReadLibraryProjectImportsCache"
         Task ReadLibraryProjectImportsCache
           CacheFile: obj\Debug\net8.0-android\libraryprojectimports.cache
           Jars: 
             C:\Users\rober\Documents\MoneyMindApp\obj\Debug\net8.0-android\lp\106\jl\classes.jar
             C:\Users\rober\Documents\MoneyMindApp\obj\Debug\net8.0-android\lp\107\jl\classes.jar
             C:\Users\rober\Documents\MoneyMindApp\obj\Debug\net8.0-android\lp\108\jl\classes.jar
             C:\Users\rober\Documents\MoneyMindApp\obj\Debug\net8.0-android\lp\109\jl\classes.jar
             C:\Users\rober\Documents\MoneyMindApp\obj\Debug\net8.0-android\lp\110\jl\classes.jar
             C:\Users\rober\Documents\MoneyMindApp\obj\Debug\net8.0-android\lp\111\jl\classes.jar
             C:\Users\rober\Documents\MoneyMindApp\obj\Debug\net8.0-android\lp\112\jl\classes.jar
             C:\Users\rober\Documents\MoneyMindApp\obj\Debug\net8.0-android\lp\113\jl\classes.jar
             C:\Users\rober\Documents\MoneyMindApp\obj\Debug\net8.0-android\lp\114\jl\classes.jar
             C:\Users\rober\Documents\MoneyMindApp\obj\Debug\net8.0-android\lp\115\jl\classes.jar
             C:\Users\rober\Documents\MoneyMindApp\obj\Debug\net8.0-android\lp\116\jl\classes.jar
             C:\Users\rober\Documents\MoneyMindApp\obj\Debug\net8.0-android\lp\117\jl\classes.jar
             C:\Users\rober\Documents\MoneyMindApp\obj\Debug\net8.0-android\lp\118\jl\classes.jar
             C:\Users\rober\Documents\MoneyMindApp\obj\Debug\net8.0-android\lp\119\jl\classes.jar
             C:\Users\rober\Documents\MoneyMindApp\obj\Debug\net8.0-android\lp\120\jl\classes.jar
             C:\Users\rober\Documents\MoneyMindApp\obj\Debug\net8.0-android\lp\121\jl\classes.jar
             C:\Users\rober\Documents\MoneyMindApp\obj\Debug\net8.0-android\lp\122\jl\classes.jar
             C:\Users\rober\Documents\MoneyMindApp\obj\Debug\net8.0-android\lp\123\jl\classes.jar
             C:\Users\rober\Documents\MoneyMindApp\obj\Debug\net8.0-android\lp\124\jl\classes.jar
             C:\Users\rober\Documents\MoneyMindApp\obj\Debug\net8.0-android\lp\125\jl\classes.jar
             C:\Users\rober\Documents\MoneyMindApp\obj\Debug\net8.0-android\lp\126\jl\classes.jar
             C:\Users\rober\Documents\MoneyMindApp\obj\Debug\net8.0-android\lp\127\jl\classes.jar
             C:\Users\rober\Documents\MoneyMindApp\obj\Debug\net8.0-android\lp\128\jl\classes.jar
             C:\Users\rober\Documents\MoneyMindApp\obj\Debug\net8.0-android\lp\129\jl\classes.jar
             C:\Users\rober\Documents\MoneyMindApp\obj\Debug\net8.0-android\lp\130\jl\classes.jar
             C:\Users\rober\Documents\MoneyMindApp\obj\Debug\net8.0-android\lp\131\jl\classes.jar
             C:\Users\rober\Documents\MoneyMindApp\obj\Debug\net8.0-android\lp\132\jl\classes.jar
             C:\Users\rober\Documents\MoneyMindApp\obj\Debug\net8.0-android\lp\133\jl\classes.jar
             C:\Users\rober\Documents\MoneyMindApp\obj\Debug\net8.0-android\lp\134\jl\classes.jar
             C:\Users\rober\Documents\MoneyMindApp\obj\Debug\net8.0-android\lp\135\jl\classes.jar
             C:\Users\rober\Documents\MoneyMindApp\obj\Debug\net8.0-android\lp\136\jl\libs\repackaged.jar
             C:\Users\rober\Documents\MoneyMindApp\obj\Debug\net8.0-android\lp\136\jl\classes.jar
             C:\Users\rober\Documents\MoneyMindApp\obj\Debug\net8.0-android\lp\137\jl\classes.jar
             C:\Users\rober\Documents\MoneyMindApp\obj\Debug\net8.0-android\lp\138\jl\classes.jar
             C:\Users\rober\Documents\MoneyMindApp\obj\Debug\net8.0-android\lp\139\jl\classes.jar
             C:\Users\rober\Documents\MoneyMindApp\obj\Debug\net8.0-android\lp\140\jl\classes.jar
             C:\Users\rober\Documents\MoneyMindApp\obj\Debug\net8.0-android\lp\141\jl\classes.jar
             C:\Users\rober\Documents\MoneyMindApp\obj\Debug\net8.0-android\lp\142\jl\classes.jar
             C:\Users\rober\Documents\MoneyMindApp\obj\Debug\net8.0-android\lp\143\jl\classes.jar
             C:\Users\rober\Documents\MoneyMindApp\obj\Debug\net8.0-android\lp\144\jl\classes.jar
             C:\Users\rober\Documents\MoneyMindApp\obj\Debug\net8.0-android\lp\145\jl\classes.jar
             C:\Users\rober\Documents\MoneyMindApp\obj\Debug\net8.0-android\lp\146\jl\classes.jar
             C:\Users\rober\Documents\MoneyMindApp\obj\Debug\net8.0-android\lp\147\jl\classes.jar
             C:\Users\rober\Documents\MoneyMindApp\obj\Debug\net8.0-android\lp\148\jl\classes.jar
             C:\Users\rober\Documents\MoneyMindApp\obj\Debug\net8.0-android\lp\149\jl\classes.jar
             C:\Users\rober\Documents\MoneyMindApp\obj\Debug\net8.0-android\lp\150\jl\classes.jar
             C:\Users\rober\Documents\MoneyMindApp\obj\Debug\net8.0-android\lp\151\jl\classes.jar
             C:\Users\rober\Documents\MoneyMindApp\obj\Debug\net8.0-android\lp\152\jl\classes.jar
             C:\Users\rober\Documents\MoneyMindApp\obj\Debug\net8.0-android\lp\153\jl\classes.jar
             C:\Users\rober\Documents\MoneyMindApp\obj\Debug\net8.0-android\lp\154\jl\classes.jar
             C:\Users\rober\Documents\MoneyMindApp\obj\Debug\net8.0-android\lp\155\jl\classes.jar
             C:\Users\rober\Documents\MoneyMindApp\obj\Debug\net8.0-android\lp\156\jl\classes.jar
             C:\Users\rober\Documents\MoneyMindApp\obj\Debug\net8.0-android\lp\157\jl\classes.jar
             C:\Users\rober\Documents\MoneyMindApp\obj\Debug\net8.0-android\lp\158\jl\classes.jar
             C:\Users\rober\Documents\MoneyMindApp\obj\Debug\net8.0-android\lp\159\jl\classes.jar
             C:\Users\rober\Documents\MoneyMindApp\obj\Debug\net8.0-android\lp\160\jl\classes.jar
             C:\Users\rober\Documents\MoneyMindApp\obj\Debug\net8.0-android\lp\161\jl\classes.jar
             C:\Users\rober\Documents\MoneyMindApp\obj\Debug\net8.0-android\lp\162\jl\classes.jar
             C:\Users\rober\Documents\MoneyMindApp\obj\Debug\net8.0-android\lp\163\jl\classes.jar
             C:\Users\rober\Documents\MoneyMindApp\obj\Debug\net8.0-android\lp\164\jl\classes.jar
             C:\Users\rober\Documents\MoneyMindApp\obj\Debug\net8.0-android\lp\165\jl\classes.jar
             C:\Users\rober\Documents\MoneyMindApp\obj\Debug\net8.0-android\lp\166\jl\classes.jar
             C:\Users\rober\Documents\MoneyMindApp\obj\Debug\net8.0-android\lp\167\jl\classes.jar
             C:\Users\rober\Documents\MoneyMindApp\obj\Debug\net8.0-android\lp\168\jl\libs\ED64959F88B22E6D.jar
             C:\Users\rober\Documents\MoneyMindApp\obj\Debug\net8.0-android\lp\169\jl\libs\2E7FD15AFA9B216B.jar
             C:\Users\rober\Documents\MoneyMindApp\obj\Debug\net8.0-android\lp\172\jl\classes.jar
             C:\Users\rober\Documents\MoneyMindApp\obj\Debug\net8.0-android\lp\177\jl\libs\F975D0960055A5E3.jar
             C:\Users\rober\Documents\MoneyMindApp\obj\Debug\net8.0-android\lp\178\jl\libs\B71CFF5D5A0B3AEB.jar
           ResolvedAssetDirectories: 
           ResolvedResourceDirectories: 
             C:\Users\rober\Documents\MoneyMindApp\obj\Debug\net8.0-android\lp\106\jl\res
             C:\Users\rober\Documents\MoneyMindApp\obj\Debug\net8.0-android\lp\107\jl\res
             C:\Users\rober\Documents\MoneyMindApp\obj\Debug\net8.0-android\lp\108\jl\res
             C:\Users\rober\Documents\MoneyMindApp\obj\Debug\net8.0-android\lp\109\jl\res
             C:\Users\rober\Documents\MoneyMindApp\obj\Debug\net8.0-android\lp\110\jl\res
             C:\Users\rober\Documents\MoneyMindApp\obj\Debug\net8.0-android\lp\111\jl\res
             C:\Users\rober\Documents\MoneyMindApp\obj\Debug\net8.0-android\lp\112\jl\res
             C:\Users\rober\Documents\MoneyMindApp\obj\Debug\net8.0-android\lp\113\jl\res
             C:\Users\rober\Documents\MoneyMindApp\obj\Debug\net8.0-android\lp\114\jl\res
             C:\Users\rober\Documents\MoneyMindApp\obj\Debug\net8.0-android\lp\115\jl\res
             C:\Users\rober\Documents\MoneyMindApp\obj\Debug\net8.0-android\lp\116\jl\res
             C:\Users\rober\Documents\MoneyMindApp\obj\Debug\net8.0-android\lp\117\jl\res
             C:\Users\rober\Documents\MoneyMindApp\obj\Debug\net8.0-android\lp\118\jl\res
             C:\Users\rober\Documents\MoneyMindApp\obj\Debug\net8.0-android\lp\119\jl\res
             C:\Users\rober\Documents\MoneyMindApp\obj\Debug\net8.0-android\lp\120\jl\res
             C:\Users\rober\Documents\MoneyMindApp\obj\Debug\net8.0-android\lp\121\jl\res
             C:\Users\rober\Documents\MoneyMindApp\obj\Debug\net8.0-android\lp\122\jl\res
             C:\Users\rober\Documents\MoneyMindApp\obj\Debug\net8.0-android\lp\123\jl\res
             C:\Users\rober\Documents\MoneyMindApp\obj\Debug\net8.0-android\lp\124\jl\res
             C:\Users\rober\Documents\MoneyMindApp\obj\Debug\net8.0-android\lp\125\jl\res
             C:\Users\rober\Documents\MoneyMindApp\obj\Debug\net8.0-android\lp\126\jl\res
             C:\Users\rober\Documents\MoneyMindApp\obj\Debug\net8.0-android\lp\127\jl\res
             C:\Users\rober\Documents\MoneyMindApp\obj\Debug\net8.0-android\lp\128\jl\res
             C:\Users\rober\Documents\MoneyMindApp\obj\Debug\net8.0-android\lp\129\jl\res
             C:\Users\rober\Documents\MoneyMindApp\obj\Debug\net8.0-android\lp\130\jl\res
             C:\Users\rober\Documents\MoneyMindApp\obj\Debug\net8.0-android\lp\131\jl\res
             C:\Users\rober\Documents\MoneyMindApp\obj\Debug\net8.0-android\lp\132\jl\res
             C:\Users\rober\Documents\MoneyMindApp\obj\Debug\net8.0-android\lp\133\jl\res
             C:\Users\rober\Documents\MoneyMindApp\obj\Debug\net8.0-android\lp\134\jl\res
             C:\Users\rober\Documents\MoneyMindApp\obj\Debug\net8.0-android\lp\135\jl\res
             C:\Users\rober\Documents\MoneyMindApp\obj\Debug\net8.0-android\lp\136\jl\res
             C:\Users\rober\Documents\MoneyMindApp\obj\Debug\net8.0-android\lp\137\jl\res
             C:\Users\rober\Documents\MoneyMindApp\obj\Debug\net8.0-android\lp\138\jl\res
             C:\Users\rober\Documents\MoneyMindApp\obj\Debug\net8.0-android\lp\139\jl\res
             C:\Users\rober\Documents\MoneyMindApp\obj\Debug\net8.0-android\lp\140\jl\res
             C:\Users\rober\Documents\MoneyMindApp\obj\Debug\net8.0-android\lp\141\jl\res
             C:\Users\rober\Documents\MoneyMindApp\obj\Debug\net8.0-android\lp\142\jl\res
             C:\Users\rober\Documents\MoneyMindApp\obj\Debug\net8.0-android\lp\143\jl\res
             C:\Users\rober\Documents\MoneyMindApp\obj\Debug\net8.0-android\lp\144\jl\res
             C:\Users\rober\Documents\MoneyMindApp\obj\Debug\net8.0-android\lp\145\jl\res
             C:\Users\rober\Documents\MoneyMindApp\obj\Debug\net8.0-android\lp\146\jl\res
             C:\Users\rober\Documents\MoneyMindApp\obj\Debug\net8.0-android\lp\147\jl\res
             C:\Users\rober\Documents\MoneyMindApp\obj\Debug\net8.0-android\lp\148\jl\res
             C:\Users\rober\Documents\MoneyMindApp\obj\Debug\net8.0-android\lp\149\jl\res
             C:\Users\rober\Documents\MoneyMindApp\obj\Debug\net8.0-android\lp\150\jl\res
             C:\Users\rober\Documents\MoneyMindApp\obj\Debug\net8.0-android\lp\151\jl\res
             C:\Users\rober\Documents\MoneyMindApp\obj\Debug\net8.0-android\lp\152\jl\res
             C:\Users\rober\Documents\MoneyMindApp\obj\Debug\net8.0-android\lp\153\jl\res
             C:\Users\rober\Documents\MoneyMindApp\obj\Debug\net8.0-android\lp\154\jl\res
             C:\Users\rober\Documents\MoneyMindApp\obj\Debug\net8.0-android\lp\155\jl\res
             C:\Users\rober\Documents\MoneyMindApp\obj\Debug\net8.0-android\lp\156\jl\res
             C:\Users\rober\Documents\MoneyMindApp\obj\Debug\net8.0-android\lp\157\jl\res
             C:\Users\rober\Documents\MoneyMindApp\obj\Debug\net8.0-android\lp\158\jl\res
             C:\Users\rober\Documents\MoneyMindApp\obj\Debug\net8.0-android\lp\159\jl\res
             C:\Users\rober\Documents\MoneyMindApp\obj\Debug\net8.0-android\lp\160\jl\res
             C:\Users\rober\Documents\MoneyMindApp\obj\Debug\net8.0-android\lp\161\jl\res
             C:\Users\rober\Documents\MoneyMindApp\obj\Debug\net8.0-android\lp\162\jl\res
             C:\Users\rober\Documents\MoneyMindApp\obj\Debug\net8.0-android\lp\163\jl\res
             C:\Users\rober\Documents\MoneyMindApp\obj\Debug\net8.0-android\lp\164\jl\res
             C:\Users\rober\Documents\MoneyMindApp\obj\Debug\net8.0-android\lp\165\jl\res
             C:\Users\rober\Documents\MoneyMindApp\obj\Debug\net8.0-android\lp\166\jl\res
             C:\Users\rober\Documents\MoneyMindApp\obj\Debug\net8.0-android\lp\167\jl\res
             C:\Users\rober\Documents\MoneyMindApp\obj\Debug\net8.0-android\lp\170\jl\res
             C:\Users\rober\Documents\MoneyMindApp\obj\Debug\net8.0-android\lp\171\jl\res
             C:\Users\rober\Documents\MoneyMindApp\obj\Debug\net8.0-android\lp\172\jl\res
             C:\Users\rober\Documents\MoneyMindApp\obj\Debug\net8.0-android\lp\173\jl\res
             C:\Users\rober\Documents\MoneyMindApp\obj\Debug\net8.0-android\lp\174\jl\res
             C:\Users\rober\Documents\MoneyMindApp\obj\Debug\net8.0-android\lp\175\jl\res
           ResolvedEnvironmentFiles: 
           ResolvedResourceDirectoryStamps: 
             C:\Users\rober\Documents\MoneyMindApp\obj\Debug\net8.0-android\lp\106.stamp
             C:\Users\rober\Documents\MoneyMindApp\obj\Debug\net8.0-android\lp\107.stamp
             C:\Users\rober\Documents\MoneyMindApp\obj\Debug\net8.0-android\lp\108.stamp
             C:\Users\rober\Documents\MoneyMindApp\obj\Debug\net8.0-android\lp\109.stamp
             C:\Users\rober\Documents\MoneyMindApp\obj\Debug\net8.0-android\lp\110.stamp
             C:\Users\rober\Documents\MoneyMindApp\obj\Debug\net8.0-android\lp\111.stamp
             C:\Users\rober\Documents\MoneyMindApp\obj\Debug\net8.0-android\lp\112.stamp
             C:\Users\rober\Documents\MoneyMindApp\obj\Debug\net8.0-android\lp\113.stamp
             C:\Users\rober\Documents\MoneyMindApp\obj\Debug\net8.0-android\lp\114.stamp
             C:\Users\rober\Documents\MoneyMindApp\obj\Debug\net8.0-android\lp\115.stamp
             C:\Users\rober\Documents\MoneyMindApp\obj\Debug\net8.0-android\lp\116.stamp
             C:\Users\rober\Documents\MoneyMindApp\obj\Debug\net8.0-android\lp\117.stamp
             C:\Users\rober\Documents\MoneyMindApp\obj\Debug\net8.0-android\lp\118.stamp
             C:\Users\rober\Documents\MoneyMindApp\obj\Debug\net8.0-android\lp\119.stamp
             C:\Users\rober\Documents\MoneyMindApp\obj\Debug\net8.0-android\lp\120.stamp
             C:\Users\rober\Documents\MoneyMindApp\obj\Debug\net8.0-android\lp\121.stamp
             C:\Users\rober\Documents\MoneyMindApp\obj\Debug\net8.0-android\lp\122.stamp
             C:\Users\rober\Documents\MoneyMindApp\obj\Debug\net8.0-android\lp\123.stamp
             C:\Users\rober\Documents\MoneyMindApp\obj\Debug\net8.0-android\lp\124.stamp
             C:\Users\rober\Documents\MoneyMindApp\obj\Debug\net8.0-android\lp\125.stamp
             C:\Users\rober\Documents\MoneyMindApp\obj\Debug\net8.0-android\lp\126.stamp
             C:\Users\rober\Documents\MoneyMindApp\obj\Debug\net8.0-android\lp\127.stamp
             C:\Users\rober\Documents\MoneyMindApp\obj\Debug\net8.0-android\lp\128.stamp
             C:\Users\rober\Documents\MoneyMindApp\obj\Debug\net8.0-android\lp\129.stamp
             C:\Users\rober\Documents\MoneyMindApp\obj\Debug\net8.0-android\lp\130.stamp
             C:\Users\rober\Documents\MoneyMindApp\obj\Debug\net8.0-android\lp\131.stamp
             C:\Users\rober\Documents\MoneyMindApp\obj\Debug\net8.0-android\lp\132.stamp
             C:\Users\rober\Documents\MoneyMindApp\obj\Debug\net8.0-android\lp\133.stamp
             C:\Users\rober\Documents\MoneyMindApp\obj\Debug\net8.0-android\lp\134.stamp
             C:\Users\rober\Documents\MoneyMindApp\obj\Debug\net8.0-android\lp\135.stamp
             C:\Users\rober\Documents\MoneyMindApp\obj\Debug\net8.0-android\lp\136.stamp
             C:\Users\rober\Documents\MoneyMindApp\obj\Debug\net8.0-android\lp\137.stamp
             C:\Users\rober\Documents\MoneyMindApp\obj\Debug\net8.0-android\lp\138.stamp
             C:\Users\rober\Documents\MoneyMindApp\obj\Debug\net8.0-android\lp\139.stamp
             C:\Users\rober\Documents\MoneyMindApp\obj\Debug\net8.0-android\lp\140.stamp
             C:\Users\rober\Documents\MoneyMindApp\obj\Debug\net8.0-android\lp\141.stamp
             C:\Users\rober\Documents\MoneyMindApp\obj\Debug\net8.0-android\lp\142.stamp
             C:\Users\rober\Documents\MoneyMindApp\obj\Debug\net8.0-android\lp\143.stamp
             C:\Users\rober\Documents\MoneyMindApp\obj\Debug\net8.0-android\lp\144.stamp
             C:\Users\rober\Documents\MoneyMindApp\obj\Debug\net8.0-android\lp\145.stamp
             C:\Users\rober\Documents\MoneyMindApp\obj\Debug\net8.0-android\lp\146.stamp
             C:\Users\rober\Documents\MoneyMindApp\obj\Debug\net8.0-android\lp\147.stamp
             C:\Users\rober\Documents\MoneyMindApp\obj\Debug\net8.0-android\lp\148.stamp
             C:\Users\rober\Documents\MoneyMindApp\obj\Debug\net8.0-android\lp\149.stamp
             C:\Users\rober\Documents\MoneyMindApp\obj\Debug\net8.0-android\lp\150.stamp
             C:\Users\rober\Documents\MoneyMindApp\obj\Debug\net8.0-android\lp\151.stamp
             C:\Users\rober\Documents\MoneyMindApp\obj\Debug\net8.0-android\lp\152.stamp
             C:\Users\rober\Documents\MoneyMindApp\obj\Debug\net8.0-android\lp\153.stamp
             C:\Users\rober\Documents\MoneyMindApp\obj\Debug\net8.0-android\lp\154.stamp
             C:\Users\rober\Documents\MoneyMindApp\obj\Debug\net8.0-android\lp\155.stamp
             C:\Users\rober\Documents\MoneyMindApp\obj\Debug\net8.0-android\lp\156.stamp
             C:\Users\rober\Documents\MoneyMindApp\obj\Debug\net8.0-android\lp\157.stamp
             C:\Users\rober\Documents\MoneyMindApp\obj\Debug\net8.0-android\lp\158.stamp
             C:\Users\rober\Documents\MoneyMindApp\obj\Debug\net8.0-android\lp\159.stamp
             C:\Users\rober\Documents\MoneyMindApp\obj\Debug\net8.0-android\lp\160.stamp
             C:\Users\rober\Documents\MoneyMindApp\obj\Debug\net8.0-android\lp\161.stamp
             C:\Users\rober\Documents\MoneyMindApp\obj\Debug\net8.0-android\lp\162.stamp
             C:\Users\rober\Documents\MoneyMindApp\obj\Debug\net8.0-android\lp\163.stamp
             C:\Users\rober\Documents\MoneyMindApp\obj\Debug\net8.0-android\lp\164.stamp
             C:\Users\rober\Documents\MoneyMindApp\obj\Debug\net8.0-android\lp\165.stamp
             C:\Users\rober\Documents\MoneyMindApp\obj\Debug\net8.0-android\lp\166.stamp
             C:\Users\rober\Documents\MoneyMindApp\obj\Debug\net8.0-android\lp\167.stamp
             C:\Users\rober\Documents\MoneyMindApp\obj\Debug\net8.0-android\lp\170.stamp
             C:\Users\rober\Documents\MoneyMindApp\obj\Debug\net8.0-android\lp\171.stamp
             C:\Users\rober\Documents\MoneyMindApp\obj\Debug\net8.0-android\lp\172.stamp
             C:\Users\rober\Documents\MoneyMindApp\obj\Debug\net8.0-android\lp\173.stamp
             C:\Users\rober\Documents\MoneyMindApp\obj\Debug\net8.0-android\lp\174.stamp
             C:\Users\rober\Documents\MoneyMindApp\obj\Debug\net8.0-android\lp\175.stamp
           ProguardConfigFiles: 
             C:\Users\rober\Documents\MoneyMindApp\obj\Debug\net8.0-android\lp\106\jl\proguard.txt
             C:\Users\rober\Documents\MoneyMindApp\obj\Debug\net8.0-android\lp\108\jl\proguard.txt
             C:\Users\rober\Documents\MoneyMindApp\obj\Debug\net8.0-android\lp\111\jl\proguard.txt
             C:\Users\rober\Documents\MoneyMindApp\obj\Debug\net8.0-android\lp\114\jl\proguard.txt
             C:\Users\rober\Documents\MoneyMindApp\obj\Debug\net8.0-android\lp\117\jl\proguard.txt
             C:\Users\rober\Documents\MoneyMindApp\obj\Debug\net8.0-android\lp\120\jl\proguard.txt
             C:\Users\rober\Documents\MoneyMindApp\obj\Debug\net8.0-android\lp\121\jl\proguard.txt
             C:\Users\rober\Documents\MoneyMindApp\obj\Debug\net8.0-android\lp\124\jl\proguard.txt
             C:\Users\rober\Documents\MoneyMindApp\obj\Debug\net8.0-android\lp\126\jl\proguard.txt
             C:\Users\rober\Documents\MoneyMindApp\obj\Debug\net8.0-android\lp\129\jl\proguard.txt
             C:\Users\rober\Documents\MoneyMindApp\obj\Debug\net8.0-android\lp\130\jl\proguard.txt
             C:\Users\rober\Documents\MoneyMindApp\obj\Debug\net8.0-android\lp\133\jl\proguard.txt
             C:\Users\rober\Documents\MoneyMindApp\obj\Debug\net8.0-android\lp\141\jl\proguard.txt
             C:\Users\rober\Documents\MoneyMindApp\obj\Debug\net8.0-android\lp\143\jl\proguard.txt
             C:\Users\rober\Documents\MoneyMindApp\obj\Debug\net8.0-android\lp\146\jl\proguard.txt
             C:\Users\rober\Documents\MoneyMindApp\obj\Debug\net8.0-android\lp\147\jl\proguard.txt
             C:\Users\rober\Documents\MoneyMindApp\obj\Debug\net8.0-android\lp\148\jl\proguard.txt
             C:\Users\rober\Documents\MoneyMindApp\obj\Debug\net8.0-android\lp\155\jl\proguard.txt
             C:\Users\rober\Documents\MoneyMindApp\obj\Debug\net8.0-android\lp\158\jl\proguard.txt
             C:\Users\rober\Documents\MoneyMindApp\obj\Debug\net8.0-android\lp\165\jl\proguard.txt
             C:\Users\rober\Documents\MoneyMindApp\obj\Debug\net8.0-android\lp\167\jl\proguard.txt
       Esecuzione attività "ReadLibraryProjectImportsCache" completata.
     1>Compilazione destinazione "_ExtractLibraryProjectImports" nel progetto "MoneyMindApp.csproj" completata.
     1>Destinazione "_AddMultiDexDependencyJars" nel file "C:\Program Files\dotnet\packs\Microsoft.Android.Sdk.Windows\34.0.154\tools\Xamarin.Android.Common.targets" dal progetto "C:\Users\rober\Documents\MoneyMindApp\MoneyMindApp.csproj" (la destinazione "_GetLibraryImports" dipende da essa):
     1>Compilazione destinazione "_AddMultiDexDependencyJars" nel progetto "MoneyMindApp.csproj" completata.
     1>Destinazione "_BuildLibraryImportsCache" nel file "C:\Program Files\dotnet\packs\Microsoft.Android.Sdk.Windows\34.0.154\tools\Xamarin.Android.EmbeddedResource.targets" dal progetto "C:\Users\rober\Documents\MoneyMindApp\MoneyMindApp.csproj" (la destinazione "_GetLibraryImports" dipende da essa):
       La destinazione "_BuildLibraryImportsCache" verrà ignorata. Tutti i file di output sono aggiornati rispetto ai file di input.
       File di input: obj\Debug\net8.0-android\libraryprojectimports.cache
       File di output: obj\Debug\net8.0-android\stamp\_BuildLibraryImportsCache.stamp
     1>Compilazione destinazione "_BuildLibraryImportsCache" nel progetto "MoneyMindApp.csproj" completata.
     1>Destinazione "_GetLibraryImports" nel file "C:\Program Files\dotnet\packs\Microsoft.Android.Sdk.Windows\34.0.154\tools\Xamarin.Android.EmbeddedResource.targets" dal progetto "C:\Users\rober\Documents\MoneyMindApp\MoneyMindApp.csproj" (la destinazione "_GenerateResourceCaseMap" dipende da essa):
       Verrà usata l'attività "ReadImportedLibrariesCache" dall'assembly "C:\Program Files\dotnet\packs\Microsoft.Android.Sdk.Windows\34.0.154\tools\Xamarin.Android.Build.Tasks.dll".
       Attività "ReadImportedLibrariesCache"
           NativeLibraries: 
             obj\Debug\net8.0-android\lp\176\jl\jni\arm64-v8a\libe_sqlite3.so
             obj\Debug\net8.0-android\lp\176\jl\jni\armeabi-v7a\libe_sqlite3.so
             obj\Debug\net8.0-android\lp\176\jl\jni\x86\libe_sqlite3.so
             obj\Debug\net8.0-android\lp\176\jl\jni\x86_64\libe_sqlite3.so
           Jars: 
             obj\Debug\net8.0-android\lp\106\jl\classes.jar
             obj\Debug\net8.0-android\lp\107\jl\classes.jar
             obj\Debug\net8.0-android\lp\108\jl\classes.jar
             obj\Debug\net8.0-android\lp\109\jl\classes.jar
             obj\Debug\net8.0-android\lp\110\jl\classes.jar
             obj\Debug\net8.0-android\lp\111\jl\classes.jar
             obj\Debug\net8.0-android\lp\112\jl\classes.jar
             obj\Debug\net8.0-android\lp\113\jl\classes.jar
             obj\Debug\net8.0-android\lp\114\jl\classes.jar
             obj\Debug\net8.0-android\lp\115\jl\classes.jar
             obj\Debug\net8.0-android\lp\116\jl\classes.jar
             obj\Debug\net8.0-android\lp\117\jl\classes.jar
             obj\Debug\net8.0-android\lp\118\jl\classes.jar
             obj\Debug\net8.0-android\lp\119\jl\classes.jar
             obj\Debug\net8.0-android\lp\120\jl\classes.jar
             obj\Debug\net8.0-android\lp\121\jl\classes.jar
             obj\Debug\net8.0-android\lp\122\jl\classes.jar
             obj\Debug\net8.0-android\lp\123\jl\classes.jar
             obj\Debug\net8.0-android\lp\124\jl\classes.jar
             obj\Debug\net8.0-android\lp\125\jl\classes.jar
             obj\Debug\net8.0-android\lp\126\jl\classes.jar
             obj\Debug\net8.0-android\lp\127\jl\classes.jar
             obj\Debug\net8.0-android\lp\128\jl\classes.jar
             obj\Debug\net8.0-android\lp\129\jl\classes.jar
             obj\Debug\net8.0-android\lp\130\jl\classes.jar
             obj\Debug\net8.0-android\lp\131\jl\classes.jar
             obj\Debug\net8.0-android\lp\132\jl\classes.jar
             obj\Debug\net8.0-android\lp\133\jl\classes.jar
             obj\Debug\net8.0-android\lp\134\jl\classes.jar
             obj\Debug\net8.0-android\lp\135\jl\classes.jar
             obj\Debug\net8.0-android\lp\136\jl\classes.jar
             obj\Debug\net8.0-android\lp\137\jl\classes.jar
             obj\Debug\net8.0-android\lp\138\jl\classes.jar
             obj\Debug\net8.0-android\lp\139\jl\classes.jar
             obj\Debug\net8.0-android\lp\140\jl\classes.jar
             obj\Debug\net8.0-android\lp\141\jl\classes.jar
             obj\Debug\net8.0-android\lp\142\jl\classes.jar
             obj\Debug\net8.0-android\lp\143\jl\classes.jar
             obj\Debug\net8.0-android\lp\144\jl\classes.jar
             obj\Debug\net8.0-android\lp\145\jl\classes.jar
             obj\Debug\net8.0-android\lp\146\jl\classes.jar
             obj\Debug\net8.0-android\lp\147\jl\classes.jar
             obj\Debug\net8.0-android\lp\148\jl\classes.jar
             obj\Debug\net8.0-android\lp\149\jl\classes.jar
             obj\Debug\net8.0-android\lp\150\jl\classes.jar
             obj\Debug\net8.0-android\lp\151\jl\classes.jar
             obj\Debug\net8.0-android\lp\152\jl\classes.jar
             obj\Debug\net8.0-android\lp\153\jl\classes.jar
             obj\Debug\net8.0-android\lp\154\jl\classes.jar
             obj\Debug\net8.0-android\lp\155\jl\classes.jar
             obj\Debug\net8.0-android\lp\156\jl\classes.jar
             obj\Debug\net8.0-android\lp\157\jl\classes.jar
             obj\Debug\net8.0-android\lp\158\jl\classes.jar
             obj\Debug\net8.0-android\lp\159\jl\classes.jar
             obj\Debug\net8.0-android\lp\160\jl\classes.jar
             obj\Debug\net8.0-android\lp\161\jl\classes.jar
             obj\Debug\net8.0-android\lp\162\jl\classes.jar
             obj\Debug\net8.0-android\lp\163\jl\classes.jar
             obj\Debug\net8.0-android\lp\164\jl\classes.jar
             obj\Debug\net8.0-android\lp\165\jl\classes.jar
             obj\Debug\net8.0-android\lp\166\jl\classes.jar
             obj\Debug\net8.0-android\lp\167\jl\classes.jar
             obj\Debug\net8.0-android\lp\172\jl\classes.jar
             obj\Debug\net8.0-android\lp\136\jl\libs\repackaged.jar
             obj\Debug\net8.0-android\lp\168\jl\libs\ED64959F88B22E6D.jar
             obj\Debug\net8.0-android\lp\169\jl\libs\2E7FD15AFA9B216B.jar
             obj\Debug\net8.0-android\lp\177\jl\libs\F975D0960055A5E3.jar
             obj\Debug\net8.0-android\lp\178\jl\libs\B71CFF5D5A0B3AEB.jar
           ManifestDocuments: 
             obj\Debug\net8.0-android\lp\106\jl\AndroidManifest.xml
             obj\Debug\net8.0-android\lp\107\jl\AndroidManifest.xml
             obj\Debug\net8.0-android\lp\108\jl\AndroidManifest.xml
             obj\Debug\net8.0-android\lp\109\jl\AndroidManifest.xml
             obj\Debug\net8.0-android\lp\110\jl\AndroidManifest.xml
             obj\Debug\net8.0-android\lp\111\jl\AndroidManifest.xml
             obj\Debug\net8.0-android\lp\112\jl\AndroidManifest.xml
             obj\Debug\net8.0-android\lp\113\jl\AndroidManifest.xml
             obj\Debug\net8.0-android\lp\114\jl\AndroidManifest.xml
             obj\Debug\net8.0-android\lp\115\jl\AndroidManifest.xml
             obj\Debug\net8.0-android\lp\116\jl\AndroidManifest.xml
             obj\Debug\net8.0-android\lp\117\jl\AndroidManifest.xml
             obj\Debug\net8.0-android\lp\118\jl\AndroidManifest.xml
             obj\Debug\net8.0-android\lp\119\jl\AndroidManifest.xml
             obj\Debug\net8.0-android\lp\120\jl\AndroidManifest.xml
             obj\Debug\net8.0-android\lp\121\jl\AndroidManifest.xml
             obj\Debug\net8.0-android\lp\122\jl\AndroidManifest.xml
             obj\Debug\net8.0-android\lp\123\jl\AndroidManifest.xml
             obj\Debug\net8.0-android\lp\124\jl\AndroidManifest.xml
             obj\Debug\net8.0-android\lp\125\jl\AndroidManifest.xml
             obj\Debug\net8.0-android\lp\126\jl\AndroidManifest.xml
             obj\Debug\net8.0-android\lp\127\jl\AndroidManifest.xml
             obj\Debug\net8.0-android\lp\128\jl\AndroidManifest.xml
             obj\Debug\net8.0-android\lp\129\jl\AndroidManifest.xml
             obj\Debug\net8.0-android\lp\130\jl\AndroidManifest.xml
             obj\Debug\net8.0-android\lp\131\jl\AndroidManifest.xml
             obj\Debug\net8.0-android\lp\132\jl\AndroidManifest.xml
             obj\Debug\net8.0-android\lp\133\jl\AndroidManifest.xml
             obj\Debug\net8.0-android\lp\134\jl\AndroidManifest.xml
             obj\Debug\net8.0-android\lp\135\jl\AndroidManifest.xml
             obj\Debug\net8.0-android\lp\136\jl\AndroidManifest.xml
             obj\Debug\net8.0-android\lp\137\jl\AndroidManifest.xml
             obj\Debug\net8.0-android\lp\138\jl\AndroidManifest.xml
             obj\Debug\net8.0-android\lp\139\jl\AndroidManifest.xml
             obj\Debug\net8.0-android\lp\140\jl\AndroidManifest.xml
             obj\Debug\net8.0-android\lp\141\jl\AndroidManifest.xml
             obj\Debug\net8.0-android\lp\142\jl\AndroidManifest.xml
             obj\Debug\net8.0-android\lp\143\jl\AndroidManifest.xml
             obj\Debug\net8.0-android\lp\144\jl\AndroidManifest.xml
             obj\Debug\net8.0-android\lp\145\jl\AndroidManifest.xml
             obj\Debug\net8.0-android\lp\146\jl\AndroidManifest.xml
             obj\Debug\net8.0-android\lp\147\jl\AndroidManifest.xml
             obj\Debug\net8.0-android\lp\148\jl\AndroidManifest.xml
             obj\Debug\net8.0-android\lp\149\jl\AndroidManifest.xml
             obj\Debug\net8.0-android\lp\150\jl\AndroidManifest.xml
             obj\Debug\net8.0-android\lp\151\jl\AndroidManifest.xml
             obj\Debug\net8.0-android\lp\152\jl\AndroidManifest.xml
             obj\Debug\net8.0-android\lp\153\jl\AndroidManifest.xml
             obj\Debug\net8.0-android\lp\154\jl\AndroidManifest.xml
             obj\Debug\net8.0-android\lp\155\jl\AndroidManifest.xml
             obj\Debug\net8.0-android\lp\156\jl\AndroidManifest.xml
             obj\Debug\net8.0-android\lp\157\jl\AndroidManifest.xml
             obj\Debug\net8.0-android\lp\158\jl\AndroidManifest.xml
             obj\Debug\net8.0-android\lp\159\jl\AndroidManifest.xml
             obj\Debug\net8.0-android\lp\160\jl\AndroidManifest.xml
             obj\Debug\net8.0-android\lp\161\jl\AndroidManifest.xml
             obj\Debug\net8.0-android\lp\162\jl\AndroidManifest.xml
             obj\Debug\net8.0-android\lp\163\jl\AndroidManifest.xml
             obj\Debug\net8.0-android\lp\164\jl\AndroidManifest.xml
             obj\Debug\net8.0-android\lp\165\jl\AndroidManifest.xml
             obj\Debug\net8.0-android\lp\166\jl\AndroidManifest.xml
             obj\Debug\net8.0-android\lp\167\jl\AndroidManifest.xml
             obj\Debug\net8.0-android\lp\172\jl\AndroidManifest.xml
       Esecuzione attività "ReadImportedLibrariesCache" completata.
     1>Compilazione destinazione "_GetLibraryImports" nel progetto "MoneyMindApp.csproj" completata.
       Destinazione"GetNativeProjectLibraries" ignorata. Condizione false. ($(NativeAndroidInstalled)) ha restituito (false).
     1>Destinazione "_GenerateResourceCaseMap" nel file "C:\Program Files\dotnet\packs\Microsoft.Android.Sdk.Windows\34.0.154\tools\Xamarin.Android.Resource.Designer.targets" dal progetto "C:\Users\rober\Documents\MoneyMindApp\MoneyMindApp.csproj" (la destinazione "_BuildResourceDesigner" dipende da essa):
       La destinazione "_GenerateResourceCaseMap" verrà ignorata. Tutti i file di output sono aggiornati rispetto ai file di input.
       File di input: obj\Debug\net8.0-android\mauiimage.stamp
       File di output: obj\Debug\net8.0-android\case_map.txt
     1>Compilazione destinazione "_GenerateResourceCaseMap" nel progetto "MoneyMindApp.csproj" completata.
       Destinazione"_GenerateRtxt" ignorata. Condizione false. ('$(AndroidUseDesignerAssembly)' == 'True' And '$(DesignTimeBuild)' == 'True' ) ha restituito ('true' == 'True' And 'false' == 'True' ).
     1>Destinazione "_GenerateResourceDesignerIntermediateClass" nel file "C:\Program Files\dotnet\packs\Microsoft.Android.Sdk.Windows\34.0.154\tools\Xamarin.Android.Resource.Designer.targets" dal progetto "C:\Users\rober\Documents\MoneyMindApp\MoneyMindApp.csproj" (la destinazione "_BuildResourceDesigner" dipende da essa):
       La destinazione "_GenerateResourceDesignerIntermediateClass" verrà ignorata. Tutti i file di output sono aggiornati rispetto ai file di input.
       File di input: C:\Users\rober\Documents\MoneyMindApp\MoneyMindApp.csproj
       File di output: obj\Debug\net8.0-android\__Microsoft.Android.Resource.Designer.cs
     1>Compilazione destinazione "_GenerateResourceDesignerIntermediateClass" nel progetto "MoneyMindApp.csproj" completata.
       Destinazione"_GenerateResourceDesignerAssembly" ignorata. Condizione false. ( '$(AndroidUseDesignerAssembly)' == 'True' And '$(DesignTimeBuild)' == 'True' ) ha restituito ( 'true' == 'True' And 'false' == 'True' ).
       La destinazione "_AddResourceDesignerFiles" è stata ignorata. La compilazione era stata completata in precedenza.
     1>Destinazione "_BuildResourceDesigner" nel file "C:\Program Files\dotnet\packs\Microsoft.Android.Sdk.Windows\34.0.154\tools\Xamarin.Android.Resource.Designer.targets" dal progetto "C:\Users\rober\Documents\MoneyMindApp\MoneyMindApp.csproj" (la destinazione "UpdateAndroidResources" dipende da essa):
     1>Compilazione destinazione "_BuildResourceDesigner" nel progetto "MoneyMindApp.csproj" completata.
       La destinazione "_CreatePropertiesCache" è stata ignorata. La compilazione era stata completata in precedenza.
       La destinazione "_SeparateAppExtensionReferences" è stata ignorata. La compilazione era stata completata in precedenza.
       La destinazione "BeforeResolveReferences" è stata ignorata. La compilazione era stata completata in precedenza.
       Destinazione"AssignProjectConfiguration" ignorata. Condizione false. ('$(CurrentSolutionConfigurationContents)' != '' or '@(ProjectReference)'!='') ha restituito ('' != '' or ''!='').
       La destinazione "ResolveProjectReferences" è stata ignorata. La compilazione era stata completata in precedenza.
       Destinazione"FindInvalidProjectReferences" ignorata. Condizione false. ('$(FindInvalidProjectReferences)' == 'true') ha restituito ('' == 'true').
       Destinazione"ResolveNativeReferences" ignorata. Condizione false. ('@(NativeReference)'!='') ha restituito (''!='').
       La destinazione "ResolveAssemblyReferences" è stata ignorata. La compilazione era stata completata in precedenza.
       Destinazione"GenerateBindingRedirects" ignorata. Condizione false. ('$(AutoGenerateBindingRedirects)' == 'true' and '$(GenerateBindingRedirectsOutputType)' == 'true' and '@(SuggestedBindingRedirects)' != '' and '$(DesignTimeBuild)' != 'true' and '$(BuildingProject)' == 'true') ha restituito ('False' == 'true' and '' == 'true' and '' != '' and 'false' != 'true' and 'true' == 'true').
       Destinazione"GenerateSupportedRuntime" ignorata. Condizione false. ('$(GenerateSupportedRuntime)' != 'false' and '$(TargetFrameworkIdentifier)' == '.NETFramework' and '$(HasRuntimeOutput)' == 'true') ha restituito ('' != 'false' and '.NETCoreApp' == '.NETFramework' and 'true' == 'true').
       Destinazione"GenerateBindingRedirectsUpdateAppConfig" ignorata. Condizione false. ('$(AutoGenerateBindingRedirects)' == 'true' and '$(GenerateBindingRedirectsOutputType)' == 'true') ha restituito ('False' == 'true' and '' == 'true').
       Destinazione"ResolveComReferences" ignorata. Condizione false. ('@(COMReference)'!='' or '@(COMFileReference)'!='') ha restituito (''!='' or ''!='').
       La destinazione "AfterResolveReferences" è stata ignorata. La compilazione era stata completata in precedenza.
       La destinazione "_AddAndroidCustomMetaData" è stata ignorata. La compilazione era stata completata in precedenza.
       La destinazione "_ResolveAars" è stata ignorata. La compilazione era stata completata in precedenza.
       La destinazione "_CreatePropertiesCache" è stata ignorata. La compilazione era stata completata in precedenza.
       Destinazione"_CheckForDeletedResourceFile" ignorata. Condizione false. ( '$(AndroidUseDesignerAssembly)' != 'True' ) ha restituito ( 'true' != 'True' ).
       La destinazione "_ComputeAndroidResourcePaths" è stata ignorata. La compilazione era stata completata in precedenza.
       Destinazione"_CheckForDeletedResourceFile" ignorata. Condizione false. ( '$(AndroidUseDesignerAssembly)' != 'True' ) ha restituito ( 'true' != 'True' ).
       La destinazione "_ResolveMonoAndroidSdks" è stata ignorata. La compilazione era stata completata in precedenza.
       La destinazione "_ValidateAndroidPackageProperties" è stata ignorata. La compilazione era stata completata in precedenza.
       La destinazione "_ResolveMonoAndroidSdks" è stata ignorata. La compilazione era stata completata in precedenza.
       La destinazione "_GetLibraryImports" è stata ignorata. La compilazione era stata completata in precedenza.
       La destinazione "_GetLibraryImports" è stata ignorata. La compilazione era stata completata in precedenza.
     1>Destinazione "_CheckDuplicateJavaLibraries" nel file "C:\Program Files\dotnet\packs\Microsoft.Android.Sdk.Windows\34.0.154\tools\Xamarin.Android.Common.targets" dal progetto "C:\Users\rober\Documents\MoneyMindApp\MoneyMindApp.csproj" (la destinazione "_UpdateAndroidResgen" dipende da essa):
       Verrà usata l'attività "CheckDuplicateJavaLibraries" dall'assembly "C:\Program Files\dotnet\packs\Microsoft.Android.Sdk.Windows\34.0.154\tools\Xamarin.Android.Build.Tasks.dll".
       Attività "CheckDuplicateJavaLibraries"
       Esecuzione attività "CheckDuplicateJavaLibraries" completata.
     1>Compilazione destinazione "_CheckDuplicateJavaLibraries" nel progetto "MoneyMindApp.csproj" completata.
       La destinazione "_ResolveMonoAndroidSdks" è stata ignorata. La compilazione era stata completata in precedenza.
       La destinazione "_ValidateAndroidPackageProperties" è stata ignorata. La compilazione era stata completata in precedenza.
       La destinazione "_ResolveMonoAndroidSdks" è stata ignorata. La compilazione era stata completata in precedenza.
       La destinazione "_SetLatestTargetFrameworkVersion" è stata ignorata. La compilazione era stata completata in precedenza.
     1>Destinazione "_ResolveXamarinAndroidTools" nel file "C:\Program Files\dotnet\packs\Microsoft.Android.Sdk.Windows\34.0.154\tools\Xamarin.Android.Common.Debugging.targets" dal progetto "C:\Users\rober\Documents\MoneyMindApp\MoneyMindApp.csproj" (la destinazione "_GenerateAndroidResourceDir" dipende da essa):
       Assembly caricato durante TaskRun: Xamarin.Android.Build.Debugging.Tasks, Version=13.2.99.153, Culture=neutral, PublicKeyToken=84e04ff9cfb79065 (percorso: C:\Program Files\dotnet\packs\Microsoft.Android.Sdk.Windows\34.0.154\tools\Xamarin.Android.Build.Debugging.Tasks.dll, MVID: 489f22df-887a-4e64-b4a8-6cef1579d5c9, AssemblyLoadContext: MSBuild plugin C:\Program Files\dotnet\packs\Microsoft.Android.Sdk.Windows\34.0.154\tools\Xamarin.Android.Build.Debugging.Tasks.dll)
       Assembly caricato durante TaskRun: Microsoft.Android.Build.BaseTasks, Version=1.0.77.0, Culture=neutral, PublicKeyToken=84e04ff9cfb79065 (percorso: C:\Program Files\dotnet\packs\Microsoft.Android.Sdk.Windows\34.0.154\tools\Microsoft.Android.Build.BaseTasks.dll, MVID: 69e44f8a-1f41-4dd5-8dd9-97795425439c, AssemblyLoadContext: MSBuild plugin C:\Program Files\dotnet\packs\Microsoft.Android.Sdk.Windows\34.0.154\tools\Xamarin.Android.Build.Debugging.Tasks.dll)
       Assembly caricato durante TaskRun: Xamarin.Build.AsyncTask, Version=0.4.7.0, Culture=neutral, PublicKeyToken=a9a1b93c0241a44b (percorso: C:\Program Files\dotnet\packs\Microsoft.Android.Sdk.Windows\34.0.154\tools\Xamarin.Build.AsyncTask.dll, MVID: fe18da50-7591-4787-be3b-ba380ebbe556, AssemblyLoadContext: MSBuild plugin C:\Program Files\dotnet\packs\Microsoft.Android.Sdk.Windows\34.0.154\tools\Xamarin.Android.Build.Debugging.Tasks.dll)
       Assembly caricato durante TaskRun: Xamarin.AndroidTools, Version=1.1.124.0, Culture=neutral, PublicKeyToken=87f7c026dcad9390 (percorso: C:\Program Files\dotnet\packs\Microsoft.Android.Sdk.Windows\34.0.154\tools\Xamarin.AndroidTools.dll, MVID: c12dee99-c835-44e7-b9cb-544fe6158cf1, AssemblyLoadContext: MSBuild plugin C:\Program Files\dotnet\packs\Microsoft.Android.Sdk.Windows\34.0.154\tools\Xamarin.Android.Build.Debugging.Tasks.dll)
       Verrà usata l'attività "ResolveXamarinAndroidTools" dall'assembly "C:\Program Files\dotnet\packs\Microsoft.Android.Sdk.Windows\34.0.154\tools\Xamarin.Android.Build.Debugging.Tasks.dll".
       Attività "ResolveXamarinAndroidTools"
         Assembly caricato durante TaskRun (Xamarin.Android.Tasks.ResolveXamarinAndroidTools): Mono.AndroidTools, Version=1.1.124.0, Culture=neutral, PublicKeyToken=0cb85e4f39dfce87 (percorso: C:\Program Files\dotnet\packs\Microsoft.Android.Sdk.Windows\34.0.154\tools\Mono.AndroidTools.dll, MVID: d195db3e-87d7-476f-99cb-7aba7c088a7d, AssemblyLoadContext: MSBuild plugin C:\Program Files\dotnet\packs\Microsoft.Android.Sdk.Windows\34.0.154\tools\Xamarin.Android.Build.Debugging.Tasks.dll)
         Assembly caricato durante TaskRun (Xamarin.Android.Tasks.ResolveXamarinAndroidTools): Xamarin.Android.Tools.AndroidSdk, Version=1.0.77.0, Culture=neutral, PublicKeyToken=84e04ff9cfb79065 (percorso: C:\Program Files\dotnet\packs\Microsoft.Android.Sdk.Windows\34.0.154\tools\Xamarin.Android.Tools.AndroidSdk.dll, MVID: 4d76f0e0-694a-4c85-83c0-20bdf1674617, AssemblyLoadContext: MSBuild plugin C:\Program Files\dotnet\packs\Microsoft.Android.Sdk.Windows\34.0.154\tools\Xamarin.Android.Build.Debugging.Tasks.dll)
         DEBUG  ValidateAndroidSdkLocation: for locator=constructor param, path=`C:\Users\rober\AppData\Local\Android\Sdk\`, found adb `C:\Users\rober\AppData\Local\Android\Sdk\platform-tools\adb.EXE`
         DEBUG  ValidateAndroidSdkLocation: for locator=constructor param, path=`C:\Users\rober\AppData\Local\Android\Sdk\`, result=True
         DEBUG  ValidateJavaSdkLocation: for locator=constructor param, path=`C:\Program Files (x86)\Android\openjdk\jdk-17.0.14\`, found jarsigner `C:\Program Files (x86)\Android\openjdk\jdk-17.0.14\bin\jarsigner.EXE`
         DEBUG  ValidateJavaSdkLocation: for locator=constructor param, path=`C:\Program Files (x86)\Android\openjdk\jdk-17.0.14\`, found jarsigner `C:\Program Files (x86)\Android\openjdk\jdk-17.0.14\bin\jarsigner.exe`
         DEBUG  ValidateJavaSdkLocation: locator=constructor param, path=`C:\Program Files (x86)\Android\openjdk\jdk-17.0.14\`, result=True
         DEBUG  ValidateAndroidNdkLocation: for locator=constructor param, path=``, result=False
         DEBUG  ValidateAndroidNdkLocation: for locator=preferred path, path=``, result=False
          Looking for Android NDK...
         DEBUG  ValidateAndroidNdkLocation: for locator=all paths, path=`C:\Users\rober\AppData\Local\Android\Sdk`, result=False
         DEBUG  ValidateAndroidNdkLocation: for locator=all paths, path=`C:\Users\rober\AppData\Local\Android\Sdk`, result=False
          Looking for Android SDK...
           Found AndroidSdk at C:\Users\rober\AppData\Local\Android\Sdk\
           Found AndroidNdk at 
           Found AndroidTools at C:\Users\rober\AppData\Local\Android\Sdk\tools
         DEBUG  $(MonoAndroidToolsDirectory) path `C:\Program Files\dotnet\packs\Microsoft.Android.Sdk.Windows\34.0.154\tools` is valid
         DEBUG  $(MonoAndroidBinDirectory) path `C:\Program Files\dotnet\packs\Microsoft.Android.Sdk.Windows\34.0.154\tools\` is valid
         DEBUG  mscorlib.dll path `C:\Program Files\dotnet\packs\Microsoft.NETCore.App.Ref\8.0.20\ref\net8.0` is valid
         DEBUG  GetSdkPath `C:\Program Files\dotnet\packs\Microsoft.Android.Sdk.Windows\Version.txt` exists=False 
         DEBUG  GetSdkPath `C:\Program Files\dotnet\packs\Microsoft.Android.Sdk.Windows\Version` exists=False 
         DEBUG  GetSdkPath `C:\Program Files\Version.txt` exists=False 
         DEBUG  GetSdkPath `C:\Program Files\Version` exists=False 
         DEBUG  GetSdkPath `C:\Program Files\dotnet\packs\Microsoft.Android.Sdk.Windows\34.0.154\tools\Version.txt` exists=False 
         DEBUG  GetSdkPath `C:\Program Files\dotnet\packs\Microsoft.Android.Sdk.Windows\34.0.154\tools\Version` exists=True 
         DEBUG  FindVersionFile: C:\Program Files\dotnet\packs\Microsoft.Android.Sdk.Windows\34.0.154\tools\Version, result=True
          Found Xamarin.Android 13.2.99.524
           Found RuntimePath at C:\Program Files\dotnet\packs\Microsoft.Android.Sdk.Windows\34.0.154\tools
           Found FrameworkPath at C:\Program Files\dotnet\packs\Microsoft.NETCore.App.Ref\8.0.20\ref\net8.0
       Esecuzione attività "ResolveXamarinAndroidTools" completata.
     1>Compilazione destinazione "_ResolveXamarinAndroidTools" nel progetto "MoneyMindApp.csproj" completata.
     1>Destinazione "_GenerateAndroidResourceDir" nel file "C:\Program Files\dotnet\packs\Microsoft.Android.Sdk.Windows\34.0.154\tools\Xamarin.Android.Common.targets" dal progetto "C:\Users\rober\Documents\MoneyMindApp\MoneyMindApp.csproj" (la destinazione "_UpdateAndroidResgen" dipende da essa):
       La destinazione "_GenerateAndroidResourceDir" verrà ignorata. Tutti i file di output sono aggiornati rispetto ai file di input.
       File di input: 
           C:\Users\rober\Documents\MoneyMindApp\MoneyMindApp.csproj
           C:\Program Files\dotnet\sdk\9.0.305\Current\Microsoft.Common.targets\ImportAfter\Microsoft.TestPlatform.ImportAfter.targets
           obj\Debug\net8.0-android\build.props
       File di output: obj\Debug\net8.0-android\res.flag
     1>Compilazione destinazione "_GenerateAndroidResourceDir" nel progetto "MoneyMindApp.csproj" completata.
       Destinazione"_FindLayoutsForBinding" ignorata. Condizione false. ( '$(Language)' == 'C#' And ('$(AndroidGenerateLayoutBindings)' == 'True' Or '@(AndroidBoundLayout->Count())' != '0') ) ha restituito ( 'C#' == 'C#' And ('False' == 'True' Or '0' != '0') ).
     1>Destinazione "_GenerateLayoutBindings" nel file "C:\Program Files\dotnet\packs\Microsoft.Android.Sdk.Windows\34.0.154\tools\Xamarin.Android.Common.targets" dal progetto "C:\Users\rober\Documents\MoneyMindApp\MoneyMindApp.csproj" (la destinazione "_IncludeLayoutBindingSources" dipende da essa):
       La destinazione "_GenerateLayoutBindings" verrà ignorata. Non è associata a output.
       Per la destinazione sono dichiarati gli output, ma la specifica dell'output fa riferimento solo a proprietà vuote e/o elenchi di elementi vuoti.
     1>Compilazione destinazione "_GenerateLayoutBindings" nel progetto "MoneyMindApp.csproj" completata.
     1>Destinazione "_IncludeLayoutBindingSources" nel file "C:\Program Files\dotnet\packs\Microsoft.Android.Sdk.Windows\34.0.154\tools\Xamarin.Android.Common.targets" dal progetto "C:\Users\rober\Documents\MoneyMindApp\MoneyMindApp.csproj" (la destinazione "_UpdateAndroidResgen" dipende da essa):
     1>Compilazione destinazione "_IncludeLayoutBindingSources" nel progetto "MoneyMindApp.csproj" completata.
       Destinazione"_DefineInstantRunBuildTargetAbis" ignorata. Condizione false. ($(_InstantRunEnabled)) ha restituito (False).
     1>Destinazione "_DefineBuildTargetAbis" nel file "C:\Program Files\dotnet\packs\Microsoft.Android.Sdk.Windows\34.0.154\tools\Xamarin.Android.Common.targets" dal progetto "C:\Users\rober\Documents\MoneyMindApp\MoneyMindApp.csproj" (la destinazione "_UpdateAndroidResgen" dipende da essa):
       Verrà usata l'attività "SplitProperty" dall'assembly "C:\Program Files\dotnet\packs\Microsoft.Android.Sdk.Windows\34.0.154\tools\Xamarin.Android.Build.Tasks.dll".
       Attività "SplitProperty"
       Esecuzione attività "SplitProperty" completata.
       Attività "Error" ignorata. Condizione false. ( '%(_BuildTargetAbis.Identity)' == 'armeabi' ) ha restituito ( 'armeabi-v7a' == 'armeabi' ).
       Attività "Error" ignorata. Condizione false. ( '%(_BuildTargetAbis.Identity)' == 'armeabi' ) ha restituito ( 'arm64-v8a' == 'armeabi' ).
       Attività "Error" ignorata. Condizione false. ( '%(_BuildTargetAbis.Identity)' == 'armeabi' ) ha restituito ( 'x86' == 'armeabi' ).
       Attività "Error" ignorata. Condizione false. ( '%(_BuildTargetAbis.Identity)' == 'armeabi' ) ha restituito ( 'x86_64' == 'armeabi' ).
       Attività "AndroidError" ignorata. Condizione false. ( '$(_AndroidAotModeValidateAbi)' != 'false' AND '%(_BuildTargetAbis.Identity)' == 'armeabi-v7a' AND '$(AndroidAotMode)' == 'Hybrid' ) ha restituito ( '' != 'false' AND 'armeabi-v7a' == 'armeabi-v7a' AND 'Interpreter' == 'Hybrid' ).
       Attività "AndroidError" ignorata. Condizione false. ( '$(_AndroidAotModeValidateAbi)' != 'false' AND '%(_BuildTargetAbis.Identity)' == 'armeabi-v7a' AND '$(AndroidAotMode)' == 'Hybrid' ) ha restituito ( '' != 'false' AND 'arm64-v8a' == 'armeabi-v7a' AND 'Interpreter' == 'Hybrid' ).
       Attività "AndroidError" ignorata. Condizione false. ( '$(_AndroidAotModeValidateAbi)' != 'false' AND '%(_BuildTargetAbis.Identity)' == 'armeabi-v7a' AND '$(AndroidAotMode)' == 'Hybrid' ) ha restituito ( '' != 'false' AND 'x86' == 'armeabi-v7a' AND 'Interpreter' == 'Hybrid' ).
       Attività "AndroidError" ignorata. Condizione false. ( '$(_AndroidAotModeValidateAbi)' != 'false' AND '%(_BuildTargetAbis.Identity)' == 'armeabi-v7a' AND '$(AndroidAotMode)' == 'Hybrid' ) ha restituito ( '' != 'false' AND 'x86_64' == 'armeabi-v7a' AND 'Interpreter' == 'Hybrid' ).
     1>Compilazione destinazione "_DefineBuildTargetAbis" nel progetto "MoneyMindApp.csproj" completata.
       La destinazione "_GenerateResourceCaseMap" è stata ignorata. La compilazione era stata completata in precedenza.
     1>Destinazione "_CollectLibraryResourceDirectories" nel file "C:\Program Files\dotnet\packs\Microsoft.Android.Sdk.Windows\34.0.154\tools\Xamarin.Android.Aapt2.targets" dal progetto "C:\Users\rober\Documents\MoneyMindApp\MoneyMindApp.csproj" (la destinazione "_ConvertResourcesCases" dipende da essa):
       Verrà usata l'attività "CollectNonEmptyDirectories" dall'assembly "C:\Program Files\dotnet\packs\Microsoft.Android.Sdk.Windows\34.0.154\tools\Xamarin.Android.Build.Tasks.dll".
       Attività "CollectNonEmptyDirectories"
         Reading cached Library resources list from  obj\Debug\net8.0-android\resizetizer\sp\..\A52E68AE06E1868A-files.cache
         %(StampFile) already set: obj\Debug\net8.0-android\mauiimage.stamp
         Reading cached Library resources list from  obj\Debug\net8.0-android\resizetizer\r\..\2E90E89EAD89A570-files.cache
         %(StampFile) already set: obj\Debug\net8.0-android\mauiimage.stamp
         Directory does not exist, skipping: C:\Users\rober\Documents\MoneyMindApp\obj\Debug\net8.0-android\lp\106\jl\res
         Reading cached Library resources list from  C:\Users\rober\Documents\MoneyMindApp\obj\Debug\net8.0-android\lp\107\jl\res\..\files.cache
         Reading cached Library resources list from  C:\Users\rober\Documents\MoneyMindApp\obj\Debug\net8.0-android\lp\108\jl\res\..\files.cache
         Reading cached Library resources list from  C:\Users\rober\Documents\MoneyMindApp\obj\Debug\net8.0-android\lp\109\jl\res\..\files.cache
         Reading cached Library resources list from  C:\Users\rober\Documents\MoneyMindApp\obj\Debug\net8.0-android\lp\110\jl\res\..\files.cache
         Reading cached Library resources list from  C:\Users\rober\Documents\MoneyMindApp\obj\Debug\net8.0-android\lp\111\jl\res\..\files.cache
         Directory does not exist, skipping: C:\Users\rober\Documents\MoneyMindApp\obj\Debug\net8.0-android\lp\112\jl\res
         Reading cached Library resources list from  C:\Users\rober\Documents\MoneyMindApp\obj\Debug\net8.0-android\lp\113\jl\res\..\files.cache
         Reading cached Library resources list from  C:\Users\rober\Documents\MoneyMindApp\obj\Debug\net8.0-android\lp\114\jl\res\..\files.cache
         Directory does not exist, skipping: C:\Users\rober\Documents\MoneyMindApp\obj\Debug\net8.0-android\lp\115\jl\res
         Directory does not exist, skipping: C:\Users\rober\Documents\MoneyMindApp\obj\Debug\net8.0-android\lp\116\jl\res
         Reading cached Library resources list from  C:\Users\rober\Documents\MoneyMindApp\obj\Debug\net8.0-android\lp\117\jl\res\..\files.cache
         Reading cached Library resources list from  C:\Users\rober\Documents\MoneyMindApp\obj\Debug\net8.0-android\lp\118\jl\res\..\files.cache
         Reading cached Library resources list from  C:\Users\rober\Documents\MoneyMindApp\obj\Debug\net8.0-android\lp\119\jl\res\..\files.cache
         Reading cached Library resources list from  C:\Users\rober\Documents\MoneyMindApp\obj\Debug\net8.0-android\lp\120\jl\res\..\files.cache
         Reading cached Library resources list from  C:\Users\rober\Documents\MoneyMindApp\obj\Debug\net8.0-android\lp\121\jl\res\..\files.cache
         Reading cached Library resources list from  C:\Users\rober\Documents\MoneyMindApp\obj\Debug\net8.0-android\lp\122\jl\res\..\files.cache
         Directory does not exist, skipping: C:\Users\rober\Documents\MoneyMindApp\obj\Debug\net8.0-android\lp\123\jl\res
         Reading cached Library resources list from  C:\Users\rober\Documents\MoneyMindApp\obj\Debug\net8.0-android\lp\124\jl\res\..\files.cache
         Reading cached Library resources list from  C:\Users\rober\Documents\MoneyMindApp\obj\Debug\net8.0-android\lp\125\jl\res\..\files.cache
         Reading cached Library resources list from  C:\Users\rober\Documents\MoneyMindApp\obj\Debug\net8.0-android\lp\126\jl\res\..\files.cache
         Reading cached Library resources list from  C:\Users\rober\Documents\MoneyMindApp\obj\Debug\net8.0-android\lp\127\jl\res\..\files.cache
         Directory does not exist, skipping: C:\Users\rober\Documents\MoneyMindApp\obj\Debug\net8.0-android\lp\128\jl\res
         Directory does not exist, skipping: C:\Users\rober\Documents\MoneyMindApp\obj\Debug\net8.0-android\lp\129\jl\res
         Reading cached Library resources list from  C:\Users\rober\Documents\MoneyMindApp\obj\Debug\net8.0-android\lp\130\jl\res\..\files.cache
         Directory does not exist, skipping: C:\Users\rober\Documents\MoneyMindApp\obj\Debug\net8.0-android\lp\131\jl\res
         Reading cached Library resources list from  C:\Users\rober\Documents\MoneyMindApp\obj\Debug\net8.0-android\lp\132\jl\res\..\files.cache
         Reading cached Library resources list from  C:\Users\rober\Documents\MoneyMindApp\obj\Debug\net8.0-android\lp\133\jl\res\..\files.cache
         Directory does not exist, skipping: C:\Users\rober\Documents\MoneyMindApp\obj\Debug\net8.0-android\lp\134\jl\res
         Directory does not exist, skipping: C:\Users\rober\Documents\MoneyMindApp\obj\Debug\net8.0-android\lp\135\jl\res
         Reading cached Library resources list from  C:\Users\rober\Documents\MoneyMindApp\obj\Debug\net8.0-android\lp\136\jl\res\..\files.cache
         Reading cached Library resources list from  C:\Users\rober\Documents\MoneyMindApp\obj\Debug\net8.0-android\lp\137\jl\res\..\files.cache
         Directory does not exist, skipping: C:\Users\rober\Documents\MoneyMindApp\obj\Debug\net8.0-android\lp\138\jl\res
         Reading cached Library resources list from  C:\Users\rober\Documents\MoneyMindApp\obj\Debug\net8.0-android\lp\139\jl\res\..\files.cache
         Directory does not exist, skipping: C:\Users\rober\Documents\MoneyMindApp\obj\Debug\net8.0-android\lp\140\jl\res
         Reading cached Library resources list from  C:\Users\rober\Documents\MoneyMindApp\obj\Debug\net8.0-android\lp\141\jl\res\..\files.cache
         Reading cached Library resources list from  C:\Users\rober\Documents\MoneyMindApp\obj\Debug\net8.0-android\lp\142\jl\res\..\files.cache
         Reading cached Library resources list from  C:\Users\rober\Documents\MoneyMindApp\obj\Debug\net8.0-android\lp\143\jl\res\..\files.cache
         Reading cached Library resources list from  C:\Users\rober\Documents\MoneyMindApp\obj\Debug\net8.0-android\lp\144\jl\res\..\files.cache
         Reading cached Library resources list from  C:\Users\rober\Documents\MoneyMindApp\obj\Debug\net8.0-android\lp\145\jl\res\..\files.cache
         Reading cached Library resources list from  C:\Users\rober\Documents\MoneyMindApp\obj\Debug\net8.0-android\lp\146\jl\res\..\files.cache
         Reading cached Library resources list from  C:\Users\rober\Documents\MoneyMindApp\obj\Debug\net8.0-android\lp\147\jl\res\..\files.cache
         Reading cached Library resources list from  C:\Users\rober\Documents\MoneyMindApp\obj\Debug\net8.0-android\lp\148\jl\res\..\files.cache
         Reading cached Library resources list from  C:\Users\rober\Documents\MoneyMindApp\obj\Debug\net8.0-android\lp\149\jl\res\..\files.cache
         Reading cached Library resources list from  C:\Users\rober\Documents\MoneyMindApp\obj\Debug\net8.0-android\lp\150\jl\res\..\files.cache
         Reading cached Library resources list from  C:\Users\rober\Documents\MoneyMindApp\obj\Debug\net8.0-android\lp\151\jl\res\..\files.cache
         Reading cached Library resources list from  C:\Users\rober\Documents\MoneyMindApp\obj\Debug\net8.0-android\lp\152\jl\res\..\files.cache
         Reading cached Library resources list from  C:\Users\rober\Documents\MoneyMindApp\obj\Debug\net8.0-android\lp\153\jl\res\..\files.cache
         Reading cached Library resources list from  C:\Users\rober\Documents\MoneyMindApp\obj\Debug\net8.0-android\lp\154\jl\res\..\files.cache
         Reading cached Library resources list from  C:\Users\rober\Documents\MoneyMindApp\obj\Debug\net8.0-android\lp\155\jl\res\..\files.cache
         Reading cached Library resources list from  C:\Users\rober\Documents\MoneyMindApp\obj\Debug\net8.0-android\lp\156\jl\res\..\files.cache
         Reading cached Library resources list from  C:\Users\rober\Documents\MoneyMindApp\obj\Debug\net8.0-android\lp\157\jl\res\..\files.cache
         Reading cached Library resources list from  C:\Users\rober\Documents\MoneyMindApp\obj\Debug\net8.0-android\lp\158\jl\res\..\files.cache
         Reading cached Library resources list from  C:\Users\rober\Documents\MoneyMindApp\obj\Debug\net8.0-android\lp\159\jl\res\..\files.cache
         Reading cached Library resources list from  C:\Users\rober\Documents\MoneyMindApp\obj\Debug\net8.0-android\lp\160\jl\res\..\files.cache
         Reading cached Library resources list from  C:\Users\rober\Documents\MoneyMindApp\obj\Debug\net8.0-android\lp\161\jl\res\..\files.cache
         Reading cached Library resources list from  C:\Users\rober\Documents\MoneyMindApp\obj\Debug\net8.0-android\lp\162\jl\res\..\files.cache
         Directory does not exist, skipping: C:\Users\rober\Documents\MoneyMindApp\obj\Debug\net8.0-android\lp\163\jl\res
         Reading cached Library resources list from  C:\Users\rober\Documents\MoneyMindApp\obj\Debug\net8.0-android\lp\164\jl\res\..\files.cache
         Reading cached Library resources list from  C:\Users\rober\Documents\MoneyMindApp\obj\Debug\net8.0-android\lp\165\jl\res\..\files.cache
         Directory does not exist, skipping: C:\Users\rober\Documents\MoneyMindApp\obj\Debug\net8.0-android\lp\166\jl\res
         Reading cached Library resources list from  C:\Users\rober\Documents\MoneyMindApp\obj\Debug\net8.0-android\lp\167\jl\res\..\files.cache
         Reading cached Library resources list from  C:\Users\rober\Documents\MoneyMindApp\obj\Debug\net8.0-android\lp\170\jl\res\..\files.cache
         Reading cached Library resources list from  C:\Users\rober\Documents\MoneyMindApp\obj\Debug\net8.0-android\lp\171\jl\res\..\files.cache
         Reading cached Library resources list from  C:\Users\rober\Documents\MoneyMindApp\obj\Debug\net8.0-android\lp\172\jl\res\..\files.cache
         Reading cached Library resources list from  C:\Users\rober\Documents\MoneyMindApp\obj\Debug\net8.0-android\lp\173\jl\res\..\files.cache
         Reading cached Library resources list from  C:\Users\rober\Documents\MoneyMindApp\obj\Debug\net8.0-android\lp\174\jl\res\..\files.cache
         Reading cached Library resources list from  C:\Users\rober\Documents\MoneyMindApp\obj\Debug\net8.0-android\lp\175\jl\res\..\files.cache
       Esecuzione attività "CollectNonEmptyDirectories" completata.
     1>Compilazione destinazione "_CollectLibraryResourceDirectories" nel progetto "MoneyMindApp.csproj" completata.
     1>Destinazione "_ConvertResourcesCases" nel file "C:\Program Files\dotnet\packs\Microsoft.Android.Sdk.Windows\34.0.154\tools\Xamarin.Android.Aapt2.targets" dal progetto "C:\Users\rober\Documents\MoneyMindApp\MoneyMindApp.csproj" (la destinazione "_CompileResources" dipende da essa):
       La destinazione "_ConvertResourcesCases" verrà ignorata. Tutti i file di output sono aggiornati rispetto ai file di input.
       File di input: 
           C:\Users\rober\Documents\MoneyMindApp\MoneyMindApp.csproj
           C:\Program Files\dotnet\sdk\9.0.305\Current\Microsoft.Common.targets\ImportAfter\Microsoft.TestPlatform.ImportAfter.targets
           obj\Debug\net8.0-android\mauiimage.stamp
           C:\Users\rober\Documents\MoneyMindApp\obj\Debug\net8.0-android\lp\107.stamp
           C:\Users\rober\Documents\MoneyMindApp\obj\Debug\net8.0-android\lp\108.stamp
           C:\Users\rober\Documents\MoneyMindApp\obj\Debug\net8.0-android\lp\109.stamp
           C:\Users\rober\Documents\MoneyMindApp\obj\Debug\net8.0-android\lp\110.stamp
           C:\Users\rober\Documents\MoneyMindApp\obj\Debug\net8.0-android\lp\111.stamp
           C:\Users\rober\Documents\MoneyMindApp\obj\Debug\net8.0-android\lp\113.stamp
           C:\Users\rober\Documents\MoneyMindApp\obj\Debug\net8.0-android\lp\114.stamp
           C:\Users\rober\Documents\MoneyMindApp\obj\Debug\net8.0-android\lp\117.stamp
           C:\Users\rober\Documents\MoneyMindApp\obj\Debug\net8.0-android\lp\118.stamp
           C:\Users\rober\Documents\MoneyMindApp\obj\Debug\net8.0-android\lp\119.stamp
           C:\Users\rober\Documents\MoneyMindApp\obj\Debug\net8.0-android\lp\120.stamp
           C:\Users\rober\Documents\MoneyMindApp\obj\Debug\net8.0-android\lp\121.stamp
           C:\Users\rober\Documents\MoneyMindApp\obj\Debug\net8.0-android\lp\122.stamp
           C:\Users\rober\Documents\MoneyMindApp\obj\Debug\net8.0-android\lp\124.stamp
           C:\Users\rober\Documents\MoneyMindApp\obj\Debug\net8.0-android\lp\125.stamp
           C:\Users\rober\Documents\MoneyMindApp\obj\Debug\net8.0-android\lp\126.stamp
           C:\Users\rober\Documents\MoneyMindApp\obj\Debug\net8.0-android\lp\127.stamp
           C:\Users\rober\Documents\MoneyMindApp\obj\Debug\net8.0-android\lp\130.stamp
           C:\Users\rober\Documents\MoneyMindApp\obj\Debug\net8.0-android\lp\132.stamp
           C:\Users\rober\Documents\MoneyMindApp\obj\Debug\net8.0-android\lp\133.stamp
           C:\Users\rober\Documents\MoneyMindApp\obj\Debug\net8.0-android\lp\136.stamp
           C:\Users\rober\Documents\MoneyMindApp\obj\Debug\net8.0-android\lp\137.stamp
           C:\Users\rober\Documents\MoneyMindApp\obj\Debug\net8.0-android\lp\139.stamp
           C:\Users\rober\Documents\MoneyMindApp\obj\Debug\net8.0-android\lp\141.stamp
           C:\Users\rober\Documents\MoneyMindApp\obj\Debug\net8.0-android\lp\142.stamp
           C:\Users\rober\Documents\MoneyMindApp\obj\Debug\net8.0-android\lp\143.stamp
           C:\Users\rober\Documents\MoneyMindApp\obj\Debug\net8.0-android\lp\144.stamp
           C:\Users\rober\Documents\MoneyMindApp\obj\Debug\net8.0-android\lp\145.stamp
           C:\Users\rober\Documents\MoneyMindApp\obj\Debug\net8.0-android\lp\146.stamp
           C:\Users\rober\Documents\MoneyMindApp\obj\Debug\net8.0-android\lp\147.stamp
           C:\Users\rober\Documents\MoneyMindApp\obj\Debug\net8.0-android\lp\148.stamp
           C:\Users\rober\Documents\MoneyMindApp\obj\Debug\net8.0-android\lp\149.stamp
           C:\Users\rober\Documents\MoneyMindApp\obj\Debug\net8.0-android\lp\150.stamp
           C:\Users\rober\Documents\MoneyMindApp\obj\Debug\net8.0-android\lp\151.stamp
           C:\Users\rober\Documents\MoneyMindApp\obj\Debug\net8.0-android\lp\152.stamp
           C:\Users\rober\Documents\MoneyMindApp\obj\Debug\net8.0-android\lp\153.stamp
           C:\Users\rober\Documents\MoneyMindApp\obj\Debug\net8.0-android\lp\154.stamp
           C:\Users\rober\Documents\MoneyMindApp\obj\Debug\net8.0-android\lp\155.stamp
           C:\Users\rober\Documents\MoneyMindApp\obj\Debug\net8.0-android\lp\156.stamp
           C:\Users\rober\Documents\MoneyMindApp\obj\Debug\net8.0-android\lp\157.stamp
           C:\Users\rober\Documents\MoneyMindApp\obj\Debug\net8.0-android\lp\158.stamp
           C:\Users\rober\Documents\MoneyMindApp\obj\Debug\net8.0-android\lp\159.stamp
           C:\Users\rober\Documents\MoneyMindApp\obj\Debug\net8.0-android\lp\160.stamp
           C:\Users\rober\Documents\MoneyMindApp\obj\Debug\net8.0-android\lp\161.stamp
           C:\Users\rober\Documents\MoneyMindApp\obj\Debug\net8.0-android\lp\162.stamp
           C:\Users\rober\Documents\MoneyMindApp\obj\Debug\net8.0-android\lp\164.stamp
           C:\Users\rober\Documents\MoneyMindApp\obj\Debug\net8.0-android\lp\165.stamp
           C:\Users\rober\Documents\MoneyMindApp\obj\Debug\net8.0-android\lp\167.stamp
           C:\Users\rober\Documents\MoneyMindApp\obj\Debug\net8.0-android\lp\170.stamp
           C:\Users\rober\Documents\MoneyMindApp\obj\Debug\net8.0-android\lp\171.stamp
           C:\Users\rober\Documents\MoneyMindApp\obj\Debug\net8.0-android\lp\172.stamp
           C:\Users\rober\Documents\MoneyMindApp\obj\Debug\net8.0-android\lp\173.stamp
           C:\Users\rober\Documents\MoneyMindApp\obj\Debug\net8.0-android\lp\174.stamp
           C:\Users\rober\Documents\MoneyMindApp\obj\Debug\net8.0-android\lp\175.stamp
           obj\Debug\net8.0-android\build.props
       File di output: obj\Debug\net8.0-android\stamp\_ConvertResourcesCases.stamp
     1>Compilazione destinazione "_ConvertResourcesCases" nel progetto "MoneyMindApp.csproj" completata.
     1>Destinazione "_CalculateResourceFileName" nel file "C:\Program Files\dotnet\packs\Microsoft.Android.Sdk.Windows\34.0.154\tools\Xamarin.Android.Aapt2.targets" dal progetto "C:\Users\rober\Documents\MoneyMindApp\MoneyMindApp.csproj" (la destinazione "_CompileResources" dipende da essa):
     1>Compilazione destinazione "_CalculateResourceFileName" nel progetto "MoneyMindApp.csproj" completata.
     1>Destinazione "_CompileResources" nel file "C:\Program Files\dotnet\packs\Microsoft.Android.Sdk.Windows\34.0.154\tools\Xamarin.Android.Aapt2.targets" dal progetto "C:\Users\rober\Documents\MoneyMindApp\MoneyMindApp.csproj" (la destinazione "_PrepareUpdateAndroidResgen" dipende da essa):
       La destinazione "_CompileResources" verrà ignorata. Tutti i file di output sono aggiornati rispetto ai file di input.
       File di input: 
           obj\Debug\net8.0-android\build.props
           C:\Users\rober\Documents\MoneyMindApp\MoneyMindApp.csproj
           C:\Program Files\dotnet\sdk\9.0.305\Current\Microsoft.Common.targets\ImportAfter\Microsoft.TestPlatform.ImportAfter.targets
           obj\Debug\net8.0-android\resizetizer\sp\drawable\maui_splash_image.xml
           obj\Debug\net8.0-android\resizetizer\sp\drawable-hdpi\splash.png
           obj\Debug\net8.0-android\resizetizer\sp\drawable-mdpi\splash.png
           obj\Debug\net8.0-android\resizetizer\sp\drawable-v31\maui_splash_image.xml
           obj\Debug\net8.0-android\resizetizer\sp\drawable-xhdpi\splash.png
           obj\Debug\net8.0-android\resizetizer\sp\drawable-xxhdpi\splash.png
           obj\Debug\net8.0-android\resizetizer\sp\drawable-xxxhdpi\splash.png
           obj\Debug\net8.0-android\resizetizer\sp\values\maui_colors.xml
           obj\Debug\net8.0-android\resizetizer\r\drawable-hdpi\chart.png
           obj\Debug\net8.0-android\resizetizer\r\drawable-hdpi\home.png
           obj\Debug\net8.0-android\resizetizer\r\drawable-hdpi\list.png
           obj\Debug\net8.0-android\resizetizer\r\drawable-hdpi\settings.png
           obj\Debug\net8.0-android\resizetizer\r\drawable-hdpi\wallet.png
           obj\Debug\net8.0-android\resizetizer\r\drawable-mdpi\chart.png
           obj\Debug\net8.0-android\resizetizer\r\drawable-mdpi\home.png
           obj\Debug\net8.0-android\resizetizer\r\drawable-mdpi\list.png
           obj\Debug\net8.0-android\resizetizer\r\drawable-mdpi\settings.png
           obj\Debug\net8.0-android\resizetizer\r\drawable-mdpi\wallet.png
           obj\Debug\net8.0-android\resizetizer\r\drawable-xhdpi\chart.png
           obj\Debug\net8.0-android\resizetizer\r\drawable-xhdpi\home.png
           obj\Debug\net8.0-android\resizetizer\r\drawable-xhdpi\list.png
           obj\Debug\net8.0-android\resizetizer\r\drawable-xhdpi\settings.png
           obj\Debug\net8.0-android\resizetizer\r\drawable-xhdpi\wallet.png
           obj\Debug\net8.0-android\resizetizer\r\drawable-xxhdpi\chart.png
           obj\Debug\net8.0-android\resizetizer\r\drawable-xxhdpi\home.png
           obj\Debug\net8.0-android\resizetizer\r\drawable-xxhdpi\list.png
           obj\Debug\net8.0-android\resizetizer\r\drawable-xxhdpi\settings.png
           obj\Debug\net8.0-android\resizetizer\r\drawable-xxhdpi\wallet.png
           obj\Debug\net8.0-android\resizetizer\r\drawable-xxxhdpi\chart.png
           obj\Debug\net8.0-android\resizetizer\r\drawable-xxxhdpi\home.png
           obj\Debug\net8.0-android\resizetizer\r\drawable-xxxhdpi\list.png
           obj\Debug\net8.0-android\resizetizer\r\drawable-xxxhdpi\settings.png
           obj\Debug\net8.0-android\resizetizer\r\drawable-xxxhdpi\wallet.png
           obj\Debug\net8.0-android\resizetizer\r\mipmap-anydpi-v26\appicon.xml
           obj\Debug\net8.0-android\resizetizer\r\mipmap-anydpi-v26\appicon_round.xml
           obj\Debug\net8.0-android\resizetizer\r\mipmap-hdpi\appicon.png
           obj\Debug\net8.0-android\resizetizer\r\mipmap-hdpi\appicon_background.png
           obj\Debug\net8.0-android\resizetizer\r\mipmap-hdpi\appicon_foreground.png
           obj\Debug\net8.0-android\resizetizer\r\mipmap-hdpi\appicon_round.png
           obj\Debug\net8.0-android\resizetizer\r\mipmap-mdpi\appicon.png
           obj\Debug\net8.0-android\resizetizer\r\mipmap-mdpi\appicon_background.png
           obj\Debug\net8.0-android\resizetizer\r\mipmap-mdpi\appicon_foreground.png
           obj\Debug\net8.0-android\resizetizer\r\mipmap-mdpi\appicon_round.png
           obj\Debug\net8.0-android\resizetizer\r\mipmap-xhdpi\appicon.png
           obj\Debug\net8.0-android\resizetizer\r\mipmap-xhdpi\appicon_background.png
           obj\Debug\net8.0-android\resizetizer\r\mipmap-xhdpi\appicon_foreground.png
           obj\Debug\net8.0-android\resizetizer\r\mipmap-xhdpi\appicon_round.png
           obj\Debug\net8.0-android\resizetizer\r\mipmap-xxhdpi\appicon.png
           obj\Debug\net8.0-android\resizetizer\r\mipmap-xxhdpi\appicon_background.png
           obj\Debug\net8.0-android\resizetizer\r\mipmap-xxhdpi\appicon_foreground.png
           obj\Debug\net8.0-android\resizetizer\r\mipmap-xxhdpi\appicon_round.png
           obj\Debug\net8.0-android\resizetizer\r\mipmap-xxxhdpi\appicon.png
           obj\Debug\net8.0-android\resizetizer\r\mipmap-xxxhdpi\appicon_background.png
           obj\Debug\net8.0-android\resizetizer\r\mipmap-xxxhdpi\appicon_foreground.png
           obj\Debug\net8.0-android\resizetizer\r\mipmap-xxxhdpi\appicon_round.png
           C:\Users\rober\Documents\MoneyMindApp\obj\Debug\net8.0-android\lp\107.stamp
           C:\Users\rober\Documents\MoneyMindApp\obj\Debug\net8.0-android\lp\108.stamp
           C:\Users\rober\Documents\MoneyMindApp\obj\Debug\net8.0-android\lp\109.stamp
           C:\Users\rober\Documents\MoneyMindApp\obj\Debug\net8.0-android\lp\110.stamp
           C:\Users\rober\Documents\MoneyMindApp\obj\Debug\net8.0-android\lp\111.stamp
           C:\Users\rober\Documents\MoneyMindApp\obj\Debug\net8.0-android\lp\113.stamp
           C:\Users\rober\Documents\MoneyMindApp\obj\Debug\net8.0-android\lp\114.stamp
           C:\Users\rober\Documents\MoneyMindApp\obj\Debug\net8.0-android\lp\117.stamp
           C:\Users\rober\Documents\MoneyMindApp\obj\Debug\net8.0-android\lp\118.stamp
           C:\Users\rober\Documents\MoneyMindApp\obj\Debug\net8.0-android\lp\119.stamp
           C:\Users\rober\Documents\MoneyMindApp\obj\Debug\net8.0-android\lp\120.stamp
           C:\Users\rober\Documents\MoneyMindApp\obj\Debug\net8.0-android\lp\121.stamp
           C:\Users\rober\Documents\MoneyMindApp\obj\Debug\net8.0-android\lp\122.stamp
           C:\Users\rober\Documents\MoneyMindApp\obj\Debug\net8.0-android\lp\124.stamp
           C:\Users\rober\Documents\MoneyMindApp\obj\Debug\net8.0-android\lp\125.stamp
           C:\Users\rober\Documents\MoneyMindApp\obj\Debug\net8.0-android\lp\126.stamp
           C:\Users\rober\Documents\MoneyMindApp\obj\Debug\net8.0-android\lp\127.stamp
           C:\Users\rober\Documents\MoneyMindApp\obj\Debug\net8.0-android\lp\130.stamp
           C:\Users\rober\Documents\MoneyMindApp\obj\Debug\net8.0-android\lp\132.stamp
           C:\Users\rober\Documents\MoneyMindApp\obj\Debug\net8.0-android\lp\133.stamp
           C:\Users\rober\Documents\MoneyMindApp\obj\Debug\net8.0-android\lp\136.stamp
           C:\Users\rober\Documents\MoneyMindApp\obj\Debug\net8.0-android\lp\137.stamp
           C:\Users\rober\Documents\MoneyMindApp\obj\Debug\net8.0-android\lp\139.stamp
           C:\Users\rober\Documents\MoneyMindApp\obj\Debug\net8.0-android\lp\141.stamp
           C:\Users\rober\Documents\MoneyMindApp\obj\Debug\net8.0-android\lp\142.stamp
           C:\Users\rober\Documents\MoneyMindApp\obj\Debug\net8.0-android\lp\143.stamp
           C:\Users\rober\Documents\MoneyMindApp\obj\Debug\net8.0-android\lp\144.stamp
           C:\Users\rober\Documents\MoneyMindApp\obj\Debug\net8.0-android\lp\145.stamp
           C:\Users\rober\Documents\MoneyMindApp\obj\Debug\net8.0-android\lp\146.stamp
           C:\Users\rober\Documents\MoneyMindApp\obj\Debug\net8.0-android\lp\147.stamp
           C:\Users\rober\Documents\MoneyMindApp\obj\Debug\net8.0-android\lp\148.stamp
           C:\Users\rober\Documents\MoneyMindApp\obj\Debug\net8.0-android\lp\149.stamp
           C:\Users\rober\Documents\MoneyMindApp\obj\Debug\net8.0-android\lp\150.stamp
           C:\Users\rober\Documents\MoneyMindApp\obj\Debug\net8.0-android\lp\151.stamp
           C:\Users\rober\Documents\MoneyMindApp\obj\Debug\net8.0-android\lp\152.stamp
           C:\Users\rober\Documents\MoneyMindApp\obj\Debug\net8.0-android\lp\153.stamp
           C:\Users\rober\Documents\MoneyMindApp\obj\Debug\net8.0-android\lp\154.stamp
           C:\Users\rober\Documents\MoneyMindApp\obj\Debug\net8.0-android\lp\155.stamp
           C:\Users\rober\Documents\MoneyMindApp\obj\Debug\net8.0-android\lp\156.stamp
           C:\Users\rober\Documents\MoneyMindApp\obj\Debug\net8.0-android\lp\157.stamp
           C:\Users\rober\Documents\MoneyMindApp\obj\Debug\net8.0-android\lp\158.stamp
           C:\Users\rober\Documents\MoneyMindApp\obj\Debug\net8.0-android\lp\159.stamp
           C:\Users\rober\Documents\MoneyMindApp\obj\Debug\net8.0-android\lp\160.stamp
           C:\Users\rober\Documents\MoneyMindApp\obj\Debug\net8.0-android\lp\161.stamp
           C:\Users\rober\Documents\MoneyMindApp\obj\Debug\net8.0-android\lp\162.stamp
           C:\Users\rober\Documents\MoneyMindApp\obj\Debug\net8.0-android\lp\164.stamp
           C:\Users\rober\Documents\MoneyMindApp\obj\Debug\net8.0-android\lp\165.stamp
           C:\Users\rober\Documents\MoneyMindApp\obj\Debug\net8.0-android\lp\167.stamp
           C:\Users\rober\Documents\MoneyMindApp\obj\Debug\net8.0-android\lp\170\jl\res\layout\tabbar.xml
           C:\Users\rober\Documents\MoneyMindApp\obj\Debug\net8.0-android\lp\170\jl\res\layout\toolbar.xml
           C:\Users\rober\Documents\MoneyMindApp\obj\Debug\net8.0-android\lp\170\jl\res\values\attrs.xml
           C:\Users\rober\Documents\MoneyMindApp\obj\Debug\net8.0-android\lp\170\jl\res\values\styles.xml
           C:\Users\rober\Documents\MoneyMindApp\obj\Debug\net8.0-android\lp\171\jl\res\anim\enterfromleft.xml
           C:\Users\rober\Documents\MoneyMindApp\obj\Debug\net8.0-android\lp\171\jl\res\anim\enterfromright.xml
           C:\Users\rober\Documents\MoneyMindApp\obj\Debug\net8.0-android\lp\171\jl\res\anim\exittoleft.xml
           C:\Users\rober\Documents\MoneyMindApp\obj\Debug\net8.0-android\lp\171\jl\res\anim\exittoright.xml
           C:\Users\rober\Documents\MoneyMindApp\obj\Debug\net8.0-android\lp\171\jl\res\layout\flyoutcontent.xml
           C:\Users\rober\Documents\MoneyMindApp\obj\Debug\net8.0-android\lp\171\jl\res\layout\shellcontent.xml
           C:\Users\rober\Documents\MoneyMindApp\obj\Debug\net8.0-android\lp\171\jl\res\values\strings.xml
           C:\Users\rober\Documents\MoneyMindApp\obj\Debug\net8.0-android\lp\172\jl\res\values\values.xml
           C:\Users\rober\Documents\MoneyMindApp\obj\Debug\net8.0-android\lp\173\jl\res\anim\nav_default_enter_anim.xml
           C:\Users\rober\Documents\MoneyMindApp\obj\Debug\net8.0-android\lp\173\jl\res\anim\nav_default_exit_anim.xml
           C:\Users\rober\Documents\MoneyMindApp\obj\Debug\net8.0-android\lp\173\jl\res\anim\nav_default_pop_enter_anim.xml
           C:\Users\rober\Documents\MoneyMindApp\obj\Debug\net8.0-android\lp\173\jl\res\anim\nav_default_pop_exit_anim.xml
           C:\Users\rober\Documents\MoneyMindApp\obj\Debug\net8.0-android\lp\173\jl\res\drawable\maui_splash.xml
           C:\Users\rober\Documents\MoneyMindApp\obj\Debug\net8.0-android\lp\173\jl\res\drawable\maui_splash_image.xml
           C:\Users\rober\Documents\MoneyMindApp\obj\Debug\net8.0-android\lp\173\jl\res\layout\drawer_layout.xml
           C:\Users\rober\Documents\MoneyMindApp\obj\Debug\net8.0-android\lp\173\jl\res\layout\fragment_backstack.xml
           C:\Users\rober\Documents\MoneyMindApp\obj\Debug\net8.0-android\lp\173\jl\res\layout\navigationlayout.xml
           C:\Users\rober\Documents\MoneyMindApp\obj\Debug\net8.0-android\lp\173\jl\res\values\attr.xml
           C:\Users\rober\Documents\MoneyMindApp\obj\Debug\net8.0-android\lp\173\jl\res\values\colors.xml
           C:\Users\rober\Documents\MoneyMindApp\obj\Debug\net8.0-android\lp\173\jl\res\values\styles.xml
           C:\Users\rober\Documents\MoneyMindApp\obj\Debug\net8.0-android\lp\174\jl\res\xml\microsoft_maui_essentials_fileprovider_file_paths.xml
           C:\Users\rober\Documents\MoneyMindApp\obj\Debug\net8.0-android\lp\175\jl\res\values\attrs.xml
       File di output: 
           obj\Debug\net8.0-android\resizetizer\sp\..\flat\drawable_maui_splash_image.xml.flat
           obj\Debug\net8.0-android\resizetizer\sp\..\flat\drawable-hdpi_splash.png.flat
           obj\Debug\net8.0-android\resizetizer\sp\..\flat\drawable-mdpi_splash.png.flat
           obj\Debug\net8.0-android\resizetizer\sp\..\flat\drawable-v31_maui_splash_image.xml.flat
           obj\Debug\net8.0-android\resizetizer\sp\..\flat\drawable-xhdpi_splash.png.flat
           obj\Debug\net8.0-android\resizetizer\sp\..\flat\drawable-xxhdpi_splash.png.flat
           obj\Debug\net8.0-android\resizetizer\sp\..\flat\drawable-xxxhdpi_splash.png.flat
           obj\Debug\net8.0-android\resizetizer\sp\..\flat\values_maui_colors.arsc.flat
           obj\Debug\net8.0-android\resizetizer\r\..\flat\drawable-hdpi_chart.png.flat
           obj\Debug\net8.0-android\resizetizer\r\..\flat\drawable-hdpi_home.png.flat
           obj\Debug\net8.0-android\resizetizer\r\..\flat\drawable-hdpi_list.png.flat
           obj\Debug\net8.0-android\resizetizer\r\..\flat\drawable-hdpi_settings.png.flat
           obj\Debug\net8.0-android\resizetizer\r\..\flat\drawable-hdpi_wallet.png.flat
           obj\Debug\net8.0-android\resizetizer\r\..\flat\drawable-mdpi_chart.png.flat
           obj\Debug\net8.0-android\resizetizer\r\..\flat\drawable-mdpi_home.png.flat
           obj\Debug\net8.0-android\resizetizer\r\..\flat\drawable-mdpi_list.png.flat
           obj\Debug\net8.0-android\resizetizer\r\..\flat\drawable-mdpi_settings.png.flat
           obj\Debug\net8.0-android\resizetizer\r\..\flat\drawable-mdpi_wallet.png.flat
           obj\Debug\net8.0-android\resizetizer\r\..\flat\drawable-xhdpi_chart.png.flat
           obj\Debug\net8.0-android\resizetizer\r\..\flat\drawable-xhdpi_home.png.flat
           obj\Debug\net8.0-android\resizetizer\r\..\flat\drawable-xhdpi_list.png.flat
           obj\Debug\net8.0-android\resizetizer\r\..\flat\drawable-xhdpi_settings.png.flat
           obj\Debug\net8.0-android\resizetizer\r\..\flat\drawable-xhdpi_wallet.png.flat
           obj\Debug\net8.0-android\resizetizer\r\..\flat\drawable-xxhdpi_chart.png.flat
           obj\Debug\net8.0-android\resizetizer\r\..\flat\drawable-xxhdpi_home.png.flat
           obj\Debug\net8.0-android\resizetizer\r\..\flat\drawable-xxhdpi_list.png.flat
           obj\Debug\net8.0-android\resizetizer\r\..\flat\drawable-xxhdpi_settings.png.flat
           obj\Debug\net8.0-android\resizetizer\r\..\flat\drawable-xxhdpi_wallet.png.flat
           obj\Debug\net8.0-android\resizetizer\r\..\flat\drawable-xxxhdpi_chart.png.flat
           obj\Debug\net8.0-android\resizetizer\r\..\flat\drawable-xxxhdpi_home.png.flat
           obj\Debug\net8.0-android\resizetizer\r\..\flat\drawable-xxxhdpi_list.png.flat
           obj\Debug\net8.0-android\resizetizer\r\..\flat\drawable-xxxhdpi_settings.png.flat
           obj\Debug\net8.0-android\resizetizer\r\..\flat\drawable-xxxhdpi_wallet.png.flat
           obj\Debug\net8.0-android\resizetizer\r\..\flat\mipmap-anydpi-v26_appicon.xml.flat
           obj\Debug\net8.0-android\resizetizer\r\..\flat\mipmap-anydpi-v26_appicon_round.xml.flat
           obj\Debug\net8.0-android\resizetizer\r\..\flat\mipmap-hdpi_appicon.png.flat
           obj\Debug\net8.0-android\resizetizer\r\..\flat\mipmap-hdpi_appicon_background.png.flat
           obj\Debug\net8.0-android\resizetizer\r\..\flat\mipmap-hdpi_appicon_foreground.png.flat
           obj\Debug\net8.0-android\resizetizer\r\..\flat\mipmap-hdpi_appicon_round.png.flat
           obj\Debug\net8.0-android\resizetizer\r\..\flat\mipmap-mdpi_appicon.png.flat
           obj\Debug\net8.0-android\resizetizer\r\..\flat\mipmap-mdpi_appicon_background.png.flat
           obj\Debug\net8.0-android\resizetizer\r\..\flat\mipmap-mdpi_appicon_foreground.png.flat
           obj\Debug\net8.0-android\resizetizer\r\..\flat\mipmap-mdpi_appicon_round.png.flat
           obj\Debug\net8.0-android\resizetizer\r\..\flat\mipmap-xhdpi_appicon.png.flat
           obj\Debug\net8.0-android\resizetizer\r\..\flat\mipmap-xhdpi_appicon_background.png.flat
           obj\Debug\net8.0-android\resizetizer\r\..\flat\mipmap-xhdpi_appicon_foreground.png.flat
           obj\Debug\net8.0-android\resizetizer\r\..\flat\mipmap-xhdpi_appicon_round.png.flat
           obj\Debug\net8.0-android\resizetizer\r\..\flat\mipmap-xxhdpi_appicon.png.flat
           obj\Debug\net8.0-android\resizetizer\r\..\flat\mipmap-xxhdpi_appicon_background.png.flat
           obj\Debug\net8.0-android\resizetizer\r\..\flat\mipmap-xxhdpi_appicon_foreground.png.flat
           obj\Debug\net8.0-android\resizetizer\r\..\flat\mipmap-xxhdpi_appicon_round.png.flat
           obj\Debug\net8.0-android\resizetizer\r\..\flat\mipmap-xxxhdpi_appicon.png.flat
           obj\Debug\net8.0-android\resizetizer\r\..\flat\mipmap-xxxhdpi_appicon_background.png.flat
           obj\Debug\net8.0-android\resizetizer\r\..\flat\mipmap-xxxhdpi_appicon_foreground.png.flat
           obj\Debug\net8.0-android\resizetizer\r\..\flat\mipmap-xxxhdpi_appicon_round.png.flat
           C:\Users\rober\Documents\MoneyMindApp\obj\Debug\net8.0-android\lp\107\jl\res\..\flat\107.flata
           C:\Users\rober\Documents\MoneyMindApp\obj\Debug\net8.0-android\lp\108\jl\res\..\flat\108.flata
           C:\Users\rober\Documents\MoneyMindApp\obj\Debug\net8.0-android\lp\109\jl\res\..\flat\109.flata
           C:\Users\rober\Documents\MoneyMindApp\obj\Debug\net8.0-android\lp\110\jl\res\..\flat\110.flata
           C:\Users\rober\Documents\MoneyMindApp\obj\Debug\net8.0-android\lp\111\jl\res\..\flat\111.flata
           C:\Users\rober\Documents\MoneyMindApp\obj\Debug\net8.0-android\lp\113\jl\res\..\flat\113.flata
           C:\Users\rober\Documents\MoneyMindApp\obj\Debug\net8.0-android\lp\114\jl\res\..\flat\114.flata
           C:\Users\rober\Documents\MoneyMindApp\obj\Debug\net8.0-android\lp\117\jl\res\..\flat\117.flata
           C:\Users\rober\Documents\MoneyMindApp\obj\Debug\net8.0-android\lp\118\jl\res\..\flat\118.flata
           C:\Users\rober\Documents\MoneyMindApp\obj\Debug\net8.0-android\lp\119\jl\res\..\flat\119.flata
           C:\Users\rober\Documents\MoneyMindApp\obj\Debug\net8.0-android\lp\120\jl\res\..\flat\120.flata
           C:\Users\rober\Documents\MoneyMindApp\obj\Debug\net8.0-android\lp\121\jl\res\..\flat\121.flata
           C:\Users\rober\Documents\MoneyMindApp\obj\Debug\net8.0-android\lp\122\jl\res\..\flat\122.flata
           C:\Users\rober\Documents\MoneyMindApp\obj\Debug\net8.0-android\lp\124\jl\res\..\flat\124.flata
           C:\Users\rober\Documents\MoneyMindApp\obj\Debug\net8.0-android\lp\125\jl\res\..\flat\125.flata
           C:\Users\rober\Documents\MoneyMindApp\obj\Debug\net8.0-android\lp\126\jl\res\..\flat\126.flata
           C:\Users\rober\Documents\MoneyMindApp\obj\Debug\net8.0-android\lp\127\jl\res\..\flat\127.flata
           C:\Users\rober\Documents\MoneyMindApp\obj\Debug\net8.0-android\lp\130\jl\res\..\flat\130.flata
           C:\Users\rober\Documents\MoneyMindApp\obj\Debug\net8.0-android\lp\132\jl\res\..\flat\132.flata
           C:\Users\rober\Documents\MoneyMindApp\obj\Debug\net8.0-android\lp\133\jl\res\..\flat\133.flata
           C:\Users\rober\Documents\MoneyMindApp\obj\Debug\net8.0-android\lp\136\jl\res\..\flat\136.flata
           C:\Users\rober\Documents\MoneyMindApp\obj\Debug\net8.0-android\lp\137\jl\res\..\flat\137.flata
           C:\Users\rober\Documents\MoneyMindApp\obj\Debug\net8.0-android\lp\139\jl\res\..\flat\139.flata
           C:\Users\rober\Documents\MoneyMindApp\obj\Debug\net8.0-android\lp\141\jl\res\..\flat\141.flata
           C:\Users\rober\Documents\MoneyMindApp\obj\Debug\net8.0-android\lp\142\jl\res\..\flat\142.flata
           C:\Users\rober\Documents\MoneyMindApp\obj\Debug\net8.0-android\lp\143\jl\res\..\flat\143.flata
           C:\Users\rober\Documents\MoneyMindApp\obj\Debug\net8.0-android\lp\144\jl\res\..\flat\144.flata
           C:\Users\rober\Documents\MoneyMindApp\obj\Debug\net8.0-android\lp\145\jl\res\..\flat\145.flata
           C:\Users\rober\Documents\MoneyMindApp\obj\Debug\net8.0-android\lp\146\jl\res\..\flat\146.flata
           C:\Users\rober\Documents\MoneyMindApp\obj\Debug\net8.0-android\lp\147\jl\res\..\flat\147.flata
           C:\Users\rober\Documents\MoneyMindApp\obj\Debug\net8.0-android\lp\148\jl\res\..\flat\148.flata
           C:\Users\rober\Documents\MoneyMindApp\obj\Debug\net8.0-android\lp\149\jl\res\..\flat\149.flata
           C:\Users\rober\Documents\MoneyMindApp\obj\Debug\net8.0-android\lp\150\jl\res\..\flat\150.flata
           C:\Users\rober\Documents\MoneyMindApp\obj\Debug\net8.0-android\lp\151\jl\res\..\flat\151.flata
           C:\Users\rober\Documents\MoneyMindApp\obj\Debug\net8.0-android\lp\152\jl\res\..\flat\152.flata
           C:\Users\rober\Documents\MoneyMindApp\obj\Debug\net8.0-android\lp\153\jl\res\..\flat\153.flata
           C:\Users\rober\Documents\MoneyMindApp\obj\Debug\net8.0-android\lp\154\jl\res\..\flat\154.flata
           C:\Users\rober\Documents\MoneyMindApp\obj\Debug\net8.0-android\lp\155\jl\res\..\flat\155.flata
           C:\Users\rober\Documents\MoneyMindApp\obj\Debug\net8.0-android\lp\156\jl\res\..\flat\156.flata
           C:\Users\rober\Documents\MoneyMindApp\obj\Debug\net8.0-android\lp\157\jl\res\..\flat\157.flata
           C:\Users\rober\Documents\MoneyMindApp\obj\Debug\net8.0-android\lp\158\jl\res\..\flat\158.flata
           C:\Users\rober\Documents\MoneyMindApp\obj\Debug\net8.0-android\lp\159\jl\res\..\flat\159.flata
           C:\Users\rober\Documents\MoneyMindApp\obj\Debug\net8.0-android\lp\160\jl\res\..\flat\160.flata
           C:\Users\rober\Documents\MoneyMindApp\obj\Debug\net8.0-android\lp\161\jl\res\..\flat\161.flata
           C:\Users\rober\Documents\MoneyMindApp\obj\Debug\net8.0-android\lp\162\jl\res\..\flat\162.flata
           C:\Users\rober\Documents\MoneyMindApp\obj\Debug\net8.0-android\lp\164\jl\res\..\flat\164.flata
           C:\Users\rober\Documents\MoneyMindApp\obj\Debug\net8.0-android\lp\165\jl\res\..\flat\165.flata
           C:\Users\rober\Documents\MoneyMindApp\obj\Debug\net8.0-android\lp\167\jl\res\..\flat\167.flata
           C:\Users\rober\Documents\MoneyMindApp\obj\Debug\net8.0-android\lp\170\jl\res\..\flat\layout_tabbar.xml.flat
           C:\Users\rober\Documents\MoneyMindApp\obj\Debug\net8.0-android\lp\170\jl\res\..\flat\layout_toolbar.xml.flat
           C:\Users\rober\Documents\MoneyMindApp\obj\Debug\net8.0-android\lp\170\jl\res\..\flat\values_attrs.arsc.flat
           C:\Users\rober\Documents\MoneyMindApp\obj\Debug\net8.0-android\lp\170\jl\res\..\flat\values_styles.arsc.flat
           C:\Users\rober\Documents\MoneyMindApp\obj\Debug\net8.0-android\lp\171\jl\res\..\flat\anim_enterfromleft.xml.flat
           C:\Users\rober\Documents\MoneyMindApp\obj\Debug\net8.0-android\lp\171\jl\res\..\flat\anim_enterfromright.xml.flat
           C:\Users\rober\Documents\MoneyMindApp\obj\Debug\net8.0-android\lp\171\jl\res\..\flat\anim_exittoleft.xml.flat
           C:\Users\rober\Documents\MoneyMindApp\obj\Debug\net8.0-android\lp\171\jl\res\..\flat\anim_exittoright.xml.flat
           C:\Users\rober\Documents\MoneyMindApp\obj\Debug\net8.0-android\lp\171\jl\res\..\flat\layout_flyoutcontent.xml.flat
           C:\Users\rober\Documents\MoneyMindApp\obj\Debug\net8.0-android\lp\171\jl\res\..\flat\layout_shellcontent.xml.flat
           C:\Users\rober\Documents\MoneyMindApp\obj\Debug\net8.0-android\lp\171\jl\res\..\flat\values_strings.arsc.flat
           C:\Users\rober\Documents\MoneyMindApp\obj\Debug\net8.0-android\lp\172\jl\res\..\flat\values_values.arsc.flat
           C:\Users\rober\Documents\MoneyMindApp\obj\Debug\net8.0-android\lp\173\jl\res\..\flat\anim_nav_default_enter_anim.xml.flat
           C:\Users\rober\Documents\MoneyMindApp\obj\Debug\net8.0-android\lp\173\jl\res\..\flat\anim_nav_default_exit_anim.xml.flat
           C:\Users\rober\Documents\MoneyMindApp\obj\Debug\net8.0-android\lp\173\jl\res\..\flat\anim_nav_default_pop_enter_anim.xml.flat
           C:\Users\rober\Documents\MoneyMindApp\obj\Debug\net8.0-android\lp\173\jl\res\..\flat\anim_nav_default_pop_exit_anim.xml.flat
           C:\Users\rober\Documents\MoneyMindApp\obj\Debug\net8.0-android\lp\173\jl\res\..\flat\drawable_maui_splash.xml.flat
           C:\Users\rober\Documents\MoneyMindApp\obj\Debug\net8.0-android\lp\173\jl\res\..\flat\drawable_maui_splash_image.xml.flat
           C:\Users\rober\Documents\MoneyMindApp\obj\Debug\net8.0-android\lp\173\jl\res\..\flat\layout_drawer_layout.xml.flat
           C:\Users\rober\Documents\MoneyMindApp\obj\Debug\net8.0-android\lp\173\jl\res\..\flat\layout_fragment_backstack.xml.flat
           C:\Users\rober\Documents\MoneyMindApp\obj\Debug\net8.0-android\lp\173\jl\res\..\flat\layout_navigationlayout.xml.flat
           C:\Users\rober\Documents\MoneyMindApp\obj\Debug\net8.0-android\lp\173\jl\res\..\flat\values_attr.arsc.flat
           C:\Users\rober\Documents\MoneyMindApp\obj\Debug\net8.0-android\lp\173\jl\res\..\flat\values_colors.arsc.flat
           C:\Users\rober\Documents\MoneyMindApp\obj\Debug\net8.0-android\lp\173\jl\res\..\flat\values_styles.arsc.flat
           C:\Users\rober\Documents\MoneyMindApp\obj\Debug\net8.0-android\lp\174\jl\res\..\flat\xml_microsoft_maui_essentials_fileprovider_file_paths.xml.flat
           C:\Users\rober\Documents\MoneyMindApp\obj\Debug\net8.0-android\lp\175\jl\res\..\flat\values_attrs.arsc.flat
     1>Compilazione destinazione "_CompileResources" nel progetto "MoneyMindApp.csproj" completata.
     1>Destinazione "_Aapt2UpdateAndroidResgenInputs" nel file "C:\Program Files\dotnet\packs\Microsoft.Android.Sdk.Windows\34.0.154\tools\Xamarin.Android.Aapt2.targets" dal progetto "C:\Users\rober\Documents\MoneyMindApp\MoneyMindApp.csproj" (la destinazione "_PrepareUpdateAndroidResgen" dipende da essa):
       C:\Program Files\dotnet\packs\Microsoft.Android.Sdk.Windows\34.0.154\tools\Xamarin.Android.Aapt2.targets(139,5): message : Riassegnazione della proprietà: $(_UpdateAndroidResgenInputs)=" [C:\Users\rober\Documents\MoneyMindApp\MoneyMindApp.csproj::TargetFramework=net8.0-android]
       C:\Program Files\dotnet\packs\Microsoft.Android.Sdk.Windows\34.0.154\tools\Xamarin.Android.Aapt2.targets(139,5): message :        [C:\Users\rober\Documents\MoneyMindApp\MoneyMindApp.csproj::TargetFramework=net8.0-android]
       C:\Program Files\dotnet\packs\Microsoft.Android.Sdk.Windows\34.0.154\tools\Xamarin.Android.Aapt2.targets(139,5): message : 		C:\Users\rober\Documents\MoneyMindApp\MoneyMindApp.csproj;C:\Program Files\dotnet\sdk\9.0.305\Current\Microsoft.Common.targets\ImportAfter\Microsoft.TestPlatform.ImportAfter.targets; [C:\Users\rober\Documents\MoneyMindApp\MoneyMindApp.csproj::TargetFramework=net8.0-android]
       C:\Program Files\dotnet\packs\Microsoft.Android.Sdk.Windows\34.0.154\tools\Xamarin.Android.Aapt2.targets(139,5): message : 		; [C:\Users\rober\Documents\MoneyMindApp\MoneyMindApp.csproj::TargetFramework=net8.0-android]
       C:\Program Files\dotnet\packs\Microsoft.Android.Sdk.Windows\34.0.154\tools\Xamarin.Android.Aapt2.targets(139,5): message : 		obj\Debug\net8.0-android\build.props; [C:\Users\rober\Documents\MoneyMindApp\MoneyMindApp.csproj::TargetFramework=net8.0-android]
       C:\Program Files\dotnet\packs\Microsoft.Android.Sdk.Windows\34.0.154\tools\Xamarin.Android.Aapt2.targets(139,5): message : 		C:\Users\rober\Documents\MoneyMindApp\obj\project.assets.json; [C:\Users\rober\Documents\MoneyMindApp\MoneyMindApp.csproj::TargetFramework=net8.0-android]
       C:\Program Files\dotnet\packs\Microsoft.Android.Sdk.Windows\34.0.154\tools\Xamarin.Android.Aapt2.targets(139,5): message : 		obj\Debug\net8.0-android\libraryprojectimports.cache; [C:\Users\rober\Documents\MoneyMindApp\MoneyMindApp.csproj::TargetFramework=net8.0-android]
       C:\Program Files\dotnet\packs\Microsoft.Android.Sdk.Windows\34.0.154\tools\Xamarin.Android.Aapt2.targets(139,5): message : 		obj\Debug\net8.0-android\libraryimports.cache; [C:\Users\rober\Documents\MoneyMindApp\MoneyMindApp.csproj::TargetFramework=net8.0-android]
       C:\Program Files\dotnet\packs\Microsoft.Android.Sdk.Windows\34.0.154\tools\Xamarin.Android.Aapt2.targets(139,5): message : 		; [C:\Users\rober\Documents\MoneyMindApp\MoneyMindApp.csproj::TargetFramework=net8.0-android]
       C:\Program Files\dotnet\packs\Microsoft.Android.Sdk.Windows\34.0.154\tools\Xamarin.Android.Aapt2.targets(139,5): message : 	; [C:\Users\rober\Documents\MoneyMindApp\MoneyMindApp.csproj::TargetFramework=net8.0-android]
       C:\Program Files\dotnet\packs\Microsoft.Android.Sdk.Windows\34.0.154\tools\Xamarin.Android.Aapt2.targets(139,5): message :       obj\Debug\net8.0-android\resizetizer\sp\..\flat\drawable_maui_splash_image.xml.flat;obj\Debug\net8.0-android\resizetizer\sp\..\flat\drawable-hdpi_splash.png.flat;obj\Debug\net8.0-android\resizetizer\sp\..\flat\drawable-mdpi_splash.png.flat;obj\Debug\net8.0-android\resizetizer\sp\..\flat\drawable-v31_maui_splash_image.xml.flat;obj\Debug\net8.0-android\resizetizer\sp\..\flat\drawable-xhdpi_splash.png.flat;obj\Debug\net8.0-android\resizetizer\sp\..\flat\drawable-xxhdpi_splash.png.flat;obj\Debug\net8.0-android\resizetizer\sp\..\flat\drawable-xxxhdpi_splash.png.flat;obj\Debug\net8.0-android\resizetizer\sp\..\flat\values_maui_colors.arsc.flat;obj\Debug\net8.0-android\resizetizer\r\..\flat\drawable-hdpi_chart.png.flat;obj\Debug\net8.0-android\resizetizer\r\..\flat\drawable-hdpi_home.png.flat;obj\Debug\net8.0-android\resizetizer\r\..\flat\drawable-hdpi_list.png.flat;obj\Debug\net8.0-android\resizetizer\r\..\flat\drawable-hdpi_settings.png.flat;obj\Debug\net8.0-android\resizetizer\r\..\flat\drawable-hdpi_wallet.png.flat;obj\Debug\net8.0-android\resizetizer\r\..\flat\drawable-mdpi_chart.png.flat;obj\Debug\net8.0-android\resizetizer\r\..\flat\drawable-mdpi_home.png.flat;obj\Debug\net8.0-android\resizetizer\r\..\flat\drawable-mdpi_list.png.flat;obj\Debug\net8.0-android\resizetizer\r\..\flat\drawable-mdpi_settings.png.flat;obj\Debug\net8.0-android\resizetizer\r\..\flat\drawable-mdpi_wallet.png.flat;obj\Debug\net8.0-android\resizetizer\r\..\flat\drawable-xhdpi_chart.png.flat;obj\Debug\net8.0-android\resizetizer\r\..\flat\drawable-xhdpi_home.png.flat;obj\Debug\net8.0-android\resizetizer\r\..\flat\drawable-xhdpi_list.png.flat;obj\Debug\net8.0-android\resizetizer\r\..\flat\drawable-xhdpi_settings.png.flat;obj\Debug\net8.0-android\resizetizer\r\..\flat\drawable-xhdpi_wallet.png.flat;obj\Debug\net8.0-android\resizetizer\r\..\flat\drawable-xxhdpi_chart.png.flat;obj\Debug\net8.0-android\resizetizer\r\..\flat\drawable-xxhdpi_home.png.flat;obj\Debug\net8.0-android\resizetizer\r\..\flat\drawable-xxhdpi_list.png.flat;obj\Debug\net8.0-android\resizetizer\r\..\flat\drawable-xxhdpi_settings.png.flat;obj\Debug\net8.0-android\resizetizer\r\..\flat\drawable-xxhdpi_wallet.png.flat;obj\Debug\net8.0-android\resizetizer\r\..\flat\drawable-xxxhdpi_chart.png.flat;obj\Debug\net8.0-android\resizetizer\r\..\flat\drawable-xxxhdpi_home.png.flat;obj\Debug\net8.0-android\resizetizer\r\..\flat\drawable-xxxhdpi_list.png.flat;obj\Debug\net8.0-android\resizetizer\r\..\flat\drawable-xxxhdpi_settings.png.flat;obj\Debug\net8.0-android\resizetizer\r\..\flat\drawable-xxxhdpi_wallet.png.flat;obj\Debug\net8.0-android\resizetizer\r\..\flat\mipmap-anydpi-v26_appicon.xml.flat;obj\Debug\net8.0-android\resizetizer\r\..\flat\mipmap-anydpi-v26_appicon_round.xml.flat;obj\Debug\net8.0-android\resizetizer\r\..\flat\mipmap-hdpi_appicon.png.flat;obj\Debug\net8.0-android\resizetizer\r\..\flat\mipmap-hdpi_appicon_background.png.flat;obj\Debug\net8.0-android\resizetizer\r\..\flat\mipmap-hdpi_appicon_foreground.png.flat;obj\Debug\net8.0-android\resizetizer\r\..\flat\mipmap-hdpi_appicon_round.png.flat;obj\Debug\net8.0-android\resizetizer\r\..\flat\mipmap-mdpi_appicon.png.flat;obj\Debug\net8.0-android\resizetizer\r\..\flat\mipmap-mdpi_appicon_background.png.flat;obj\Debug\net8.0-android\resizetizer\r\..\flat\mipmap-mdpi_appicon_foreground.png.flat;obj\Debug\net8.0-android\resizetizer\r\..\flat\mipmap-mdpi_appicon_round.png.flat;obj\Debug\net8.0-android\resizetizer\r\..\flat\mipmap-xhdpi_appicon.png.flat;obj\Debug\net8.0-android\resizetizer\r\..\flat\mipmap-xhdpi_appicon_background.png.flat;obj\Debug\net8.0-android\resizetizer\r\..\flat\mipmap-xhdpi_appicon_foreground.png.flat;obj\Debug\net8.0-android\resizetizer\r\..\flat\mipmap-xhdpi_appicon_round.png.flat;obj\Debug\net8.0-android\resizetizer\r\..\flat\mipmap-xxhdpi_appicon.png.flat;obj\Debug\net8.0-android\resizetizer\r\..\flat\mipmap-xxhdpi_appicon_background.png.flat;obj\Debug\net8.0-android\resizetizer\r\..\flat\mipmap-xxhdpi_appicon_foreground.png.flat;obj\Debug\net8.0-android\resizetizer\r\..\flat\mipmap-xxhdpi_appicon_round.png.flat;obj\Debug\net8.0-android\resizetizer\r\..\flat\mipmap-xxxhdpi_appicon.png.flat;obj\Debug\net8.0-android\resizetizer\r\..\flat\mipmap-xxxhdpi_appicon_background.png.flat;obj\Debug\net8.0-android\resizetizer\r\..\flat\mipmap-xxxhdpi_appicon_foreground.png.flat;obj\Debug\net8.0-android\resizetizer\r\..\flat\mipmap-xxxhdpi_appicon_round.png.flat;C:\Users\rober\Documents\MoneyMindApp\obj\Debug\net8.0-android\lp\107\jl\res\..\flat\107.flata;C:\Users\rober\Documents\MoneyMindApp\obj\Debug\net8.0-android\lp\108\jl\res\..\flat\108.flata;C:\Users\rober\Documents\MoneyMindApp\obj\Debug\net8.0-android\lp\109\jl\res\..\flat\109.flata;C:\Users\rober\Documents\MoneyMindApp\obj\Debug\net8.0-android\lp\110\jl\res\..\flat\110.flata;C:\Users\rober\Documents\MoneyMindApp\obj\Debug\net8.0-android\lp\111\jl\res\..\flat\111.flata;C:\Users\rober\Documents\MoneyMindApp\obj\Debug\net8.0-android\lp\113\jl\res\..\flat\113.flata;C:\Users\rober\Documents\MoneyMindApp\obj\Debug\net8.0-android\lp\114\jl\res\..\flat\114.flata;C:\Users\rober\Documents\MoneyMindApp\obj\Debug\net8.0-android\lp\117\jl\res\..\flat\117.flata;C:\Users\rober\Documents\MoneyMindApp\obj\Debug\net8.0-android\lp\118\jl\res\..\flat\118.flata;C:\Users\rober\Documents\MoneyMindApp\obj\Debug\net8.0-android\lp\119\jl\res\..\flat\119.flata;C:\Users\rober\Documents\MoneyMindApp\obj\Debug\net8.0-android\lp\120\jl\res\..\flat\120.flata;C:\Users\rober\Documents\MoneyMindApp\obj\Debug\net8.0-android\lp\121\jl\res\..\flat\121.flata;C:\Users\rober\Documents\MoneyMindApp\obj\Debug\net8.0-android\lp\122\jl\res\..\flat\122.flata;C:\Users\rober\Documents\MoneyMindApp\obj\Debug\net8.0-android\lp\124\jl\res\..\flat\124.flata;C:\Users\rober\Documents\MoneyMindApp\obj\Debug\net8.0-android\lp\125\jl\res\..\flat\125.flata;C:\Users\rober\Documents\MoneyMindApp\obj\Debug\net8.0-android\lp\126\jl\res\..\flat\126.flata;C:\Users\rober\Documents\MoneyMindApp\obj\Debug\net8.0-android\lp\127\jl\res\..\flat\127.flata;C:\Users\rober\Documents\MoneyMindApp\obj\Debug\net8.0-android\lp\130\jl\res\..\flat\130.flata;C:\Users\rober\Documents\MoneyMindApp\obj\Debug\net8.0-android\lp\132\jl\res\..\flat\132.flata;C:\Users\rober\Documents\MoneyMindApp\obj\Debug\net8.0-android\lp\133\jl\res\..\flat\133.flata;C:\Users\rober\Documents\MoneyMindApp\obj\Debug\net8.0-android\lp\136\jl\res\..\flat\136.flata;C:\Users\rober\Documents\MoneyMindApp\obj\Debug\net8.0-android\lp\137\jl\res\..\flat\137.flata;C:\Users\rober\Documents\MoneyMindApp\obj\Debug\net8.0-android\lp\139\jl\res\..\flat\139.flata;C:\Users\rober\Documents\MoneyMindApp\obj\Debug\net8.0-android\lp\141\jl\res\..\flat\141.flata;C:\Users\rober\Documents\MoneyMindApp\obj\Debug\net8.0-android\lp\142\jl\res\..\flat\142.flata;C:\Users\rober\Documents\MoneyMindApp\obj\Debug\net8.0-android\lp\143\jl\res\..\flat\143.flata;C:\Users\rober\Documents\MoneyMindApp\obj\Debug\net8.0-android\lp\144\jl\res\..\flat\144.flata;C:\Users\rober\Documents\MoneyMindApp\obj\Debug\net8.0-android\lp\145\jl\res\..\flat\145.flata;C:\Users\rober\Documents\MoneyMindApp\obj\Debug\net8.0-android\lp\146\jl\res\..\flat\146.flata;C:\Users\rober\Documents\MoneyMindApp\obj\Debug\net8.0-android\lp\147\jl\res\..\flat\147.flata;C:\Users\rober\Documents\MoneyMindApp\obj\Debug\net8.0-android\lp\148\jl\res\..\flat\148.flata;C:\Users\rober\Documents\MoneyMindApp\obj\Debug\net8.0-android\lp\149\jl\res\..\flat\149.flata;C:\Users\rober\Documents\MoneyMindApp\obj\Debug\net8.0-android\lp\150\jl\res\..\flat\150.flata;C:\Users\rober\Documents\MoneyMindApp\obj\Debug\net8.0-android\lp\151\jl\res\..\flat\151.flata;C:\Users\rober\Documents\MoneyMindApp\obj\Debug\net8.0-android\lp\152\jl\res\..\flat\152.flata;C:\Users\rober\Documents\MoneyMindApp\obj\Debug\net8.0-android\lp\153\jl\res\..\flat\153.flata;C:\Users\rober\Documents\MoneyMindApp\obj\Debug\net8.0-android\lp\154\jl\res\..\flat\154.flata;C:\Users\rober\Documents\MoneyMindApp\obj\Debug\net8.0-android\lp\155\jl\res\..\flat\155.flata;C:\Users\rober\Documents\MoneyMindApp\obj\Debug\net8.0-android\lp\156\jl\res\..\flat\156.flata;C:\Users\rober\Documents\MoneyMindApp\obj\Debug\net8.0-android\lp\157\jl\res\..\flat\157.flata;C:\Users\rober\Documents\MoneyMindApp\obj\Debug\net8.0-android\lp\158\jl\res\..\flat\158.flata;C:\Users\rober\Documents\MoneyMindApp\obj\Debug\net8.0-android\lp\159\jl\res\..\flat\159.flata;C:\Users\rober\Documents\MoneyMindApp\obj\Debug\net8.0-android\lp\160\jl\res\..\flat\160.flata;C:\Users\rober\Documents\MoneyMindApp\obj\Debug\net8.0-android\lp\161\jl\res\..\flat\161.flata;C:\Users\rober\Documents\MoneyMindApp\obj\Debug\net8.0-android\lp\162\jl\res\..\flat\162.flata;C:\Users\rober\Documents\MoneyMindApp\obj\Debug\net8.0-android\lp\164\jl\res\..\flat\164.flata;C:\Users\rober\Documents\MoneyMindApp\obj\Debug\net8.0-android\lp\165\jl\res\..\flat\165.flata;C:\Users\rober\Documents\MoneyMindApp\obj\Debug\net8.0-android\lp\167\jl\res\..\flat\167.flata;C:\Users\rober\Documents\MoneyMindApp\obj\Debug\net8.0-android\lp\170\jl\res\..\flat\layout_tabbar.xml.flat;C:\Users\rober\Documents\MoneyMindApp\obj\Debug\net8.0-android\lp\170\jl\res\..\flat\layout_toolbar.xml.flat;C:\Users\rober\Documents\MoneyMindApp\obj\Debug\net8.0-android\lp\170\jl\res\..\flat\values_attrs.arsc.flat;C:\Users\rober\Documents\MoneyMindApp\obj\Debug\net8.0-android\lp\170\jl\res\..\flat\values_styles.arsc.flat;C:\Users\rober\Documents\MoneyMindApp\obj\Debug\net8.0-android\lp\171\jl\res\..\flat\anim_enterfromleft.xml.flat;C:\Users\rober\Documents\MoneyMindApp\obj\Debug\net8.0-android\lp\171\jl\res\..\flat\anim_enterfromright.xml.flat;C:\Users\rober\Documents\MoneyMindApp\obj\Debug\net8.0-android\lp\171\jl\res\..\flat\anim_exittoleft.xml.flat;C:\Users\rober\Documents\MoneyMindApp\obj\Debug\net8.0-android\lp\171\jl\res\..\flat\anim_exittoright.xml.flat;C:\Users\rober\Documents\MoneyMindApp\obj\Debug\net8.0-android\lp\171\jl\res\..\flat\layout_flyoutcontent.xml.flat;C:\Users\rober\Documents\MoneyMindApp\obj\Debug\net8.0-android\lp\171\jl\res\..\flat\layout_shellcontent.xml.flat;C:\Users\rober\Documents\MoneyMindApp\obj\Debug\net8.0-android\lp\171\jl\res\..\flat\values_strings.arsc.flat;C:\Users\rober\Documents\MoneyMindApp\obj\Debug\net8.0-android\lp\172\jl\res\..\flat\values_values.arsc.flat;C:\Users\rober\Documents\MoneyMindApp\obj\Debug\net8.0-android\lp\173\jl\res\..\flat\anim_nav_default_enter_anim.xml.flat;C:\Users\rober\Documents\MoneyMindApp\obj\Debug\net8.0-android\lp\173\jl\res\..\flat\anim_nav_default_exit_anim.xml.flat;C:\Users\rober\Documents\MoneyMindApp\obj\Debug\net8.0-android\lp\173\jl\res\..\flat\anim_nav_default_pop_enter_anim.xml.flat;C:\Users\rober\Documents\MoneyMindApp\obj\Debug\net8.0-android\lp\173\jl\res\..\flat\anim_nav_default_pop_exit_anim.xml.flat;C:\Users\rober\Documents\MoneyMindApp\obj\Debug\net8.0-android\lp\173\jl\res\..\flat\drawable_maui_splash.xml.flat;C:\Users\rober\Documents\MoneyMindApp\obj\Debug\net8.0-android\lp\173\jl\res\..\flat\drawable_maui_splash_image.xml.flat;C:\Users\rober\Documents\MoneyMindApp\obj\Debug\net8.0-android\lp\173\jl\res\..\flat\layout_drawer_layout.xml.flat;C:\Users\rober\Documents\MoneyMindApp\obj\Debug\net8.0-android\lp\173\jl\res\..\flat\layout_fragment_backstack.xml.flat;C:\Users\rober\Documents\MoneyMindApp\obj\Debug\net8.0-android\lp\173\jl\res\..\flat\layout_navigationlayout.xml.flat;C:\Users\rober\Documents\MoneyMindApp\obj\Debug\net8.0-android\lp\173\jl\res\..\flat\values_attr.arsc.flat;C:\Users\rober\Documents\MoneyMindApp\obj\Debug\net8.0-android\lp\173\jl\res\..\flat\values_colors.arsc.flat;C:\Users\rober\Documents\MoneyMindApp\obj\Debug\net8.0-android\lp\173\jl\res\..\flat\values_styles.arsc.flat;C:\Users\rober\Documents\MoneyMindApp\obj\Debug\net8.0-android\lp\174\jl\res\..\flat\xml_microsoft_maui_essentials_fileprovider_file_paths.xml.flat;C:\Users\rober\Documents\MoneyMindApp\obj\Debug\net8.0-android\lp\175\jl\res\..\flat\values_attrs.arsc.flat; [C:\Users\rober\Documents\MoneyMindApp\MoneyMindApp.csproj::TargetFramework=net8.0-android]
       C:\Program Files\dotnet\packs\Microsoft.Android.Sdk.Windows\34.0.154\tools\Xamarin.Android.Aapt2.targets(139,5): message :       C:\Users\rober\Documents\MoneyMindApp\obj\Debug\net8.0-android\lp\106.stamp;C:\Users\rober\Documents\MoneyMindApp\obj\Debug\net8.0-android\lp\107.stamp;C:\Users\rober\Documents\MoneyMindApp\obj\Debug\net8.0-android\lp\108.stamp;C:\Users\rober\Documents\MoneyMindApp\obj\Debug\net8.0-android\lp\109.stamp;C:\Users\rober\Documents\MoneyMindApp\obj\Debug\net8.0-android\lp\110.stamp;C:\Users\rober\Documents\MoneyMindApp\obj\Debug\net8.0-android\lp\111.stamp;C:\Users\rober\Documents\MoneyMindApp\obj\Debug\net8.0-android\lp\112.stamp;C:\Users\rober\Documents\MoneyMindApp\obj\Debug\net8.0-android\lp\113.stamp;C:\Users\rober\Documents\MoneyMindApp\obj\Debug\net8.0-android\lp\114.stamp;C:\Users\rober\Documents\MoneyMindApp\obj\Debug\net8.0-android\lp\115.stamp;C:\Users\rober\Documents\MoneyMindApp\obj\Debug\net8.0-android\lp\116.stamp;C:\Users\rober\Documents\MoneyMindApp\obj\Debug\net8.0-android\lp\117.stamp;C:\Users\rober\Documents\MoneyMindApp\obj\Debug\net8.0-android\lp\118.stamp;C:\Users\rober\Documents\MoneyMindApp\obj\Debug\net8.0-android\lp\119.stamp;C:\Users\rober\Documents\MoneyMindApp\obj\Debug\net8.0-android\lp\120.stamp;C:\Users\rober\Documents\MoneyMindApp\obj\Debug\net8.0-android\lp\121.stamp;C:\Users\rober\Documents\MoneyMindApp\obj\Debug\net8.0-android\lp\122.stamp;C:\Users\rober\Documents\MoneyMindApp\obj\Debug\net8.0-android\lp\123.stamp;C:\Users\rober\Documents\MoneyMindApp\obj\Debug\net8.0-android\lp\124.stamp;C:\Users\rober\Documents\MoneyMindApp\obj\Debug\net8.0-android\lp\125.stamp;C:\Users\rober\Documents\MoneyMindApp\obj\Debug\net8.0-android\lp\126.stamp;C:\Users\rober\Documents\MoneyMindApp\obj\Debug\net8.0-android\lp\127.stamp;C:\Users\rober\Documents\MoneyMindApp\obj\Debug\net8.0-android\lp\128.stamp;C:\Users\rober\Documents\MoneyMindApp\obj\Debug\net8.0-android\lp\129.stamp;C:\Users\rober\Documents\MoneyMindApp\obj\Debug\net8.0-android\lp\130.stamp;C:\Users\rober\Documents\MoneyMindApp\obj\Debug\net8.0-android\lp\131.stamp;C:\Users\rober\Documents\MoneyMindApp\obj\Debug\net8.0-android\lp\132.stamp;C:\Users\rober\Documents\MoneyMindApp\obj\Debug\net8.0-android\lp\133.stamp;C:\Users\rober\Documents\MoneyMindApp\obj\Debug\net8.0-android\lp\134.stamp;C:\Users\rober\Documents\MoneyMindApp\obj\Debug\net8.0-android\lp\135.stamp;C:\Users\rober\Documents\MoneyMindApp\obj\Debug\net8.0-android\lp\136.stamp;C:\Users\rober\Documents\MoneyMindApp\obj\Debug\net8.0-android\lp\137.stamp;C:\Users\rober\Documents\MoneyMindApp\obj\Debug\net8.0-android\lp\138.stamp;C:\Users\rober\Documents\MoneyMindApp\obj\Debug\net8.0-android\lp\139.stamp;C:\Users\rober\Documents\MoneyMindApp\obj\Debug\net8.0-android\lp\140.stamp;C:\Users\rober\Documents\MoneyMindApp\obj\Debug\net8.0-android\lp\141.stamp;C:\Users\rober\Documents\MoneyMindApp\obj\Debug\net8.0-android\lp\142.stamp;C:\Users\rober\Documents\MoneyMindApp\obj\Debug\net8.0-android\lp\143.stamp;C:\Users\rober\Documents\MoneyMindApp\obj\Debug\net8.0-android\lp\144.stamp;C:\Users\rober\Documents\MoneyMindApp\obj\Debug\net8.0-android\lp\145.stamp;C:\Users\rober\Documents\MoneyMindApp\obj\Debug\net8.0-android\lp\146.stamp;C:\Users\rober\Documents\MoneyMindApp\obj\Debug\net8.0-android\lp\147.stamp;C:\Users\rober\Documents\MoneyMindApp\obj\Debug\net8.0-android\lp\148.stamp;C:\Users\rober\Documents\MoneyMindApp\obj\Debug\net8.0-android\lp\149.stamp;C:\Users\rober\Documents\MoneyMindApp\obj\Debug\net8.0-android\lp\150.stamp;C:\Users\rober\Documents\MoneyMindApp\obj\Debug\net8.0-android\lp\151.stamp;C:\Users\rober\Documents\MoneyMindApp\obj\Debug\net8.0-android\lp\152.stamp;C:\Users\rober\Documents\MoneyMindApp\obj\Debug\net8.0-android\lp\153.stamp;C:\Users\rober\Documents\MoneyMindApp\obj\Debug\net8.0-android\lp\154.stamp;C:\Users\rober\Documents\MoneyMindApp\obj\Debug\net8.0-android\lp\155.stamp;C:\Users\rober\Documents\MoneyMindApp\obj\Debug\net8.0-android\lp\156.stamp;C:\Users\rober\Documents\MoneyMindApp\obj\Debug\net8.0-android\lp\157.stamp;C:\Users\rober\Documents\MoneyMindApp\obj\Debug\net8.0-android\lp\158.stamp;C:\Users\rober\Documents\MoneyMindApp\obj\Debug\net8.0-android\lp\159.stamp;C:\Users\rober\Documents\MoneyMindApp\obj\Debug\net8.0-android\lp\160.stamp;C:\Users\rober\Documents\MoneyMindApp\obj\Debug\net8.0-android\lp\161.stamp;C:\Users\rober\Documents\MoneyMindApp\obj\Debug\net8.0-android\lp\162.stamp;C:\Users\rober\Documents\MoneyMindApp\obj\Debug\net8.0-android\lp\163.stamp;C:\Users\rober\Documents\MoneyMindApp\obj\Debug\net8.0-android\lp\164.stamp;C:\Users\rober\Documents\MoneyMindApp\obj\Debug\net8.0-android\lp\165.stamp;C:\Users\rober\Documents\MoneyMindApp\obj\Debug\net8.0-android\lp\166.stamp;C:\Users\rober\Documents\MoneyMindApp\obj\Debug\net8.0-android\lp\167.stamp;C:\Users\rober\Documents\MoneyMindApp\obj\Debug\net8.0-android\lp\170.stamp;C:\Users\rober\Documents\MoneyMindApp\obj\Debug\net8.0-android\lp\171.stamp;C:\Users\rober\Documents\MoneyMindApp\obj\Debug\net8.0-android\lp\172.stamp;C:\Users\rober\Documents\MoneyMindApp\obj\Debug\net8.0-android\lp\173.stamp;C:\Users\rober\Documents\MoneyMindApp\obj\Debug\net8.0-android\lp\174.stamp;C:\Users\rober\Documents\MoneyMindApp\obj\Debug\net8.0-android\lp\175.stamp; [C:\Users\rober\Documents\MoneyMindApp\MoneyMindApp.csproj::TargetFramework=net8.0-android]
       C:\Program Files\dotnet\packs\Microsoft.Android.Sdk.Windows\34.0.154\tools\Xamarin.Android.Aapt2.targets(139,5): message :     " (valore precedente: " [C:\Users\rober\Documents\MoneyMindApp\MoneyMindApp.csproj::TargetFramework=net8.0-android]
       C:\Program Files\dotnet\packs\Microsoft.Android.Sdk.Windows\34.0.154\tools\Xamarin.Android.Aapt2.targets(139,5): message : 		@(_AndroidMSBuildAllProjects); [C:\Users\rober\Documents\MoneyMindApp\MoneyMindApp.csproj::TargetFramework=net8.0-android]
       C:\Program Files\dotnet\packs\Microsoft.Android.Sdk.Windows\34.0.154\tools\Xamarin.Android.Aapt2.targets(139,5): message : 		@(_AndroidResourceDest); [C:\Users\rober\Documents\MoneyMindApp\MoneyMindApp.csproj::TargetFramework=net8.0-android]
       C:\Program Files\dotnet\packs\Microsoft.Android.Sdk.Windows\34.0.154\tools\Xamarin.Android.Aapt2.targets(139,5): message : 		obj\Debug\net8.0-android\build.props; [C:\Users\rober\Documents\MoneyMindApp\MoneyMindApp.csproj::TargetFramework=net8.0-android]
       C:\Program Files\dotnet\packs\Microsoft.Android.Sdk.Windows\34.0.154\tools\Xamarin.Android.Aapt2.targets(139,5): message : 		C:\Users\rober\Documents\MoneyMindApp\obj\project.assets.json; [C:\Users\rober\Documents\MoneyMindApp\MoneyMindApp.csproj::TargetFramework=net8.0-android]
       C:\Program Files\dotnet\packs\Microsoft.Android.Sdk.Windows\34.0.154\tools\Xamarin.Android.Aapt2.targets(139,5): message : 		obj\Debug\net8.0-android\libraryprojectimports.cache; [C:\Users\rober\Documents\MoneyMindApp\MoneyMindApp.csproj::TargetFramework=net8.0-android]
       C:\Program Files\dotnet\packs\Microsoft.Android.Sdk.Windows\34.0.154\tools\Xamarin.Android.Aapt2.targets(139,5): message : 		obj\Debug\net8.0-android\libraryimports.cache; [C:\Users\rober\Documents\MoneyMindApp\MoneyMindApp.csproj::TargetFramework=net8.0-android]
       C:\Program Files\dotnet\packs\Microsoft.Android.Sdk.Windows\34.0.154\tools\Xamarin.Android.Aapt2.targets(139,5): message : 		@(_ModifiedResources); [C:\Users\rober\Documents\MoneyMindApp\MoneyMindApp.csproj::TargetFramework=net8.0-android]
       C:\Program Files\dotnet\packs\Microsoft.Android.Sdk.Windows\34.0.154\tools\Xamarin.Android.Aapt2.targets(139,5): message : 	") in C:\Program Files\dotnet\packs\Microsoft.Android.Sdk.Windows\34.0.154\tools\Xamarin.Android.Aapt2.targets (139,5) [C:\Users\rober\Documents\MoneyMindApp\MoneyMindApp.csproj::TargetFramework=net8.0-android]
     1>Compilazione destinazione "_Aapt2UpdateAndroidResgenInputs" nel progetto "MoneyMindApp.csproj" completata.
     1>Destinazione "_IncludeModifiedFilesInUpdateAndroidResgenInputs" nel file "C:\Program Files\dotnet\packs\Microsoft.Android.Sdk.Windows\34.0.154\tools\Xamarin.Android.Common.targets" dal progetto "C:\Users\rober\Documents\MoneyMindApp\MoneyMindApp.csproj" (la destinazione "_PrepareUpdateAndroidResgen" dipende da essa):
       C:\Program Files\dotnet\packs\Microsoft.Android.Sdk.Windows\34.0.154\tools\Xamarin.Android.Common.targets(1224,5): message : Riassegnazione della proprietà: $(_UpdateAndroidResgenInputs)=" [C:\Users\rober\Documents\MoneyMindApp\MoneyMindApp.csproj::TargetFramework=net8.0-android]
       C:\Program Files\dotnet\packs\Microsoft.Android.Sdk.Windows\34.0.154\tools\Xamarin.Android.Common.targets(1224,5): message :        [C:\Users\rober\Documents\MoneyMindApp\MoneyMindApp.csproj::TargetFramework=net8.0-android]
       C:\Program Files\dotnet\packs\Microsoft.Android.Sdk.Windows\34.0.154\tools\Xamarin.Android.Common.targets(1224,5): message :        [C:\Users\rober\Documents\MoneyMindApp\MoneyMindApp.csproj::TargetFramework=net8.0-android]
       C:\Program Files\dotnet\packs\Microsoft.Android.Sdk.Windows\34.0.154\tools\Xamarin.Android.Common.targets(1224,5): message : 		C:\Users\rober\Documents\MoneyMindApp\MoneyMindApp.csproj;C:\Program Files\dotnet\sdk\9.0.305\Current\Microsoft.Common.targets\ImportAfter\Microsoft.TestPlatform.ImportAfter.targets; [C:\Users\rober\Documents\MoneyMindApp\MoneyMindApp.csproj::TargetFramework=net8.0-android]
       C:\Program Files\dotnet\packs\Microsoft.Android.Sdk.Windows\34.0.154\tools\Xamarin.Android.Common.targets(1224,5): message : 		; [C:\Users\rober\Documents\MoneyMindApp\MoneyMindApp.csproj::TargetFramework=net8.0-android]
       C:\Program Files\dotnet\packs\Microsoft.Android.Sdk.Windows\34.0.154\tools\Xamarin.Android.Common.targets(1224,5): message : 		obj\Debug\net8.0-android\build.props; [C:\Users\rober\Documents\MoneyMindApp\MoneyMindApp.csproj::TargetFramework=net8.0-android]
       C:\Program Files\dotnet\packs\Microsoft.Android.Sdk.Windows\34.0.154\tools\Xamarin.Android.Common.targets(1224,5): message : 		C:\Users\rober\Documents\MoneyMindApp\obj\project.assets.json; [C:\Users\rober\Documents\MoneyMindApp\MoneyMindApp.csproj::TargetFramework=net8.0-android]
       C:\Program Files\dotnet\packs\Microsoft.Android.Sdk.Windows\34.0.154\tools\Xamarin.Android.Common.targets(1224,5): message : 		obj\Debug\net8.0-android\libraryprojectimports.cache; [C:\Users\rober\Documents\MoneyMindApp\MoneyMindApp.csproj::TargetFramework=net8.0-android]
       C:\Program Files\dotnet\packs\Microsoft.Android.Sdk.Windows\34.0.154\tools\Xamarin.Android.Common.targets(1224,5): message : 		obj\Debug\net8.0-android\libraryimports.cache; [C:\Users\rober\Documents\MoneyMindApp\MoneyMindApp.csproj::TargetFramework=net8.0-android]
       C:\Program Files\dotnet\packs\Microsoft.Android.Sdk.Windows\34.0.154\tools\Xamarin.Android.Common.targets(1224,5): message : 		; [C:\Users\rober\Documents\MoneyMindApp\MoneyMindApp.csproj::TargetFramework=net8.0-android]
       C:\Program Files\dotnet\packs\Microsoft.Android.Sdk.Windows\34.0.154\tools\Xamarin.Android.Common.targets(1224,5): message : 	; [C:\Users\rober\Documents\MoneyMindApp\MoneyMindApp.csproj::TargetFramework=net8.0-android]
       C:\Program Files\dotnet\packs\Microsoft.Android.Sdk.Windows\34.0.154\tools\Xamarin.Android.Common.targets(1224,5): message :       obj\Debug\net8.0-android\resizetizer\sp\..\flat\drawable_maui_splash_image.xml.flat;obj\Debug\net8.0-android\resizetizer\sp\..\flat\drawable-hdpi_splash.png.flat;obj\Debug\net8.0-android\resizetizer\sp\..\flat\drawable-mdpi_splash.png.flat;obj\Debug\net8.0-android\resizetizer\sp\..\flat\drawable-v31_maui_splash_image.xml.flat;obj\Debug\net8.0-android\resizetizer\sp\..\flat\drawable-xhdpi_splash.png.flat;obj\Debug\net8.0-android\resizetizer\sp\..\flat\drawable-xxhdpi_splash.png.flat;obj\Debug\net8.0-android\resizetizer\sp\..\flat\drawable-xxxhdpi_splash.png.flat;obj\Debug\net8.0-android\resizetizer\sp\..\flat\values_maui_colors.arsc.flat;obj\Debug\net8.0-android\resizetizer\r\..\flat\drawable-hdpi_chart.png.flat;obj\Debug\net8.0-android\resizetizer\r\..\flat\drawable-hdpi_home.png.flat;obj\Debug\net8.0-android\resizetizer\r\..\flat\drawable-hdpi_list.png.flat;obj\Debug\net8.0-android\resizetizer\r\..\flat\drawable-hdpi_settings.png.flat;obj\Debug\net8.0-android\resizetizer\r\..\flat\drawable-hdpi_wallet.png.flat;obj\Debug\net8.0-android\resizetizer\r\..\flat\drawable-mdpi_chart.png.flat;obj\Debug\net8.0-android\resizetizer\r\..\flat\drawable-mdpi_home.png.flat;obj\Debug\net8.0-android\resizetizer\r\..\flat\drawable-mdpi_list.png.flat;obj\Debug\net8.0-android\resizetizer\r\..\flat\drawable-mdpi_settings.png.flat;obj\Debug\net8.0-android\resizetizer\r\..\flat\drawable-mdpi_wallet.png.flat;obj\Debug\net8.0-android\resizetizer\r\..\flat\drawable-xhdpi_chart.png.flat;obj\Debug\net8.0-android\resizetizer\r\..\flat\drawable-xhdpi_home.png.flat;obj\Debug\net8.0-android\resizetizer\r\..\flat\drawable-xhdpi_list.png.flat;obj\Debug\net8.0-android\resizetizer\r\..\flat\drawable-xhdpi_settings.png.flat;obj\Debug\net8.0-android\resizetizer\r\..\flat\drawable-xhdpi_wallet.png.flat;obj\Debug\net8.0-android\resizetizer\r\..\flat\drawable-xxhdpi_chart.png.flat;obj\Debug\net8.0-android\resizetizer\r\..\flat\drawable-xxhdpi_home.png.flat;obj\Debug\net8.0-android\resizetizer\r\..\flat\drawable-xxhdpi_list.png.flat;obj\Debug\net8.0-android\resizetizer\r\..\flat\drawable-xxhdpi_settings.png.flat;obj\Debug\net8.0-android\resizetizer\r\..\flat\drawable-xxhdpi_wallet.png.flat;obj\Debug\net8.0-android\resizetizer\r\..\flat\drawable-xxxhdpi_chart.png.flat;obj\Debug\net8.0-android\resizetizer\r\..\flat\drawable-xxxhdpi_home.png.flat;obj\Debug\net8.0-android\resizetizer\r\..\flat\drawable-xxxhdpi_list.png.flat;obj\Debug\net8.0-android\resizetizer\r\..\flat\drawable-xxxhdpi_settings.png.flat;obj\Debug\net8.0-android\resizetizer\r\..\flat\drawable-xxxhdpi_wallet.png.flat;obj\Debug\net8.0-android\resizetizer\r\..\flat\mipmap-anydpi-v26_appicon.xml.flat;obj\Debug\net8.0-android\resizetizer\r\..\flat\mipmap-anydpi-v26_appicon_round.xml.flat;obj\Debug\net8.0-android\resizetizer\r\..\flat\mipmap-hdpi_appicon.png.flat;obj\Debug\net8.0-android\resizetizer\r\..\flat\mipmap-hdpi_appicon_background.png.flat;obj\Debug\net8.0-android\resizetizer\r\..\flat\mipmap-hdpi_appicon_foreground.png.flat;obj\Debug\net8.0-android\resizetizer\r\..\flat\mipmap-hdpi_appicon_round.png.flat;obj\Debug\net8.0-android\resizetizer\r\..\flat\mipmap-mdpi_appicon.png.flat;obj\Debug\net8.0-android\resizetizer\r\..\flat\mipmap-mdpi_appicon_background.png.flat;obj\Debug\net8.0-android\resizetizer\r\..\flat\mipmap-mdpi_appicon_foreground.png.flat;obj\Debug\net8.0-android\resizetizer\r\..\flat\mipmap-mdpi_appicon_round.png.flat;obj\Debug\net8.0-android\resizetizer\r\..\flat\mipmap-xhdpi_appicon.png.flat;obj\Debug\net8.0-android\resizetizer\r\..\flat\mipmap-xhdpi_appicon_background.png.flat;obj\Debug\net8.0-android\resizetizer\r\..\flat\mipmap-xhdpi_appicon_foreground.png.flat;obj\Debug\net8.0-android\resizetizer\r\..\flat\mipmap-xhdpi_appicon_round.png.flat;obj\Debug\net8.0-android\resizetizer\r\..\flat\mipmap-xxhdpi_appicon.png.flat;obj\Debug\net8.0-android\resizetizer\r\..\flat\mipmap-xxhdpi_appicon_background.png.flat;obj\Debug\net8.0-android\resizetizer\r\..\flat\mipmap-xxhdpi_appicon_foreground.png.flat;obj\Debug\net8.0-android\resizetizer\r\..\flat\mipmap-xxhdpi_appicon_round.png.flat;obj\Debug\net8.0-android\resizetizer\r\..\flat\mipmap-xxxhdpi_appicon.png.flat;obj\Debug\net8.0-android\resizetizer\r\..\flat\mipmap-xxxhdpi_appicon_background.png.flat;obj\Debug\net8.0-android\resizetizer\r\..\flat\mipmap-xxxhdpi_appicon_foreground.png.flat;obj\Debug\net8.0-android\resizetizer\r\..\flat\mipmap-xxxhdpi_appicon_round.png.flat;C:\Users\rober\Documents\MoneyMindApp\obj\Debug\net8.0-android\lp\107\jl\res\..\flat\107.flata;C:\Users\rober\Documents\MoneyMindApp\obj\Debug\net8.0-android\lp\108\jl\res\..\flat\108.flata;C:\Users\rober\Documents\MoneyMindApp\obj\Debug\net8.0-android\lp\109\jl\res\..\flat\109.flata;C:\Users\rober\Documents\MoneyMindApp\obj\Debug\net8.0-android\lp\110\jl\res\..\flat\110.flata;C:\Users\rober\Documents\MoneyMindApp\obj\Debug\net8.0-android\lp\111\jl\res\..\flat\111.flata;C:\Users\rober\Documents\MoneyMindApp\obj\Debug\net8.0-android\lp\113\jl\res\..\flat\113.flata;C:\Users\rober\Documents\MoneyMindApp\obj\Debug\net8.0-android\lp\114\jl\res\..\flat\114.flata;C:\Users\rober\Documents\MoneyMindApp\obj\Debug\net8.0-android\lp\117\jl\res\..\flat\117.flata;C:\Users\rober\Documents\MoneyMindApp\obj\Debug\net8.0-android\lp\118\jl\res\..\flat\118.flata;C:\Users\rober\Documents\MoneyMindApp\obj\Debug\net8.0-android\lp\119\jl\res\..\flat\119.flata;C:\Users\rober\Documents\MoneyMindApp\obj\Debug\net8.0-android\lp\120\jl\res\..\flat\120.flata;C:\Users\rober\Documents\MoneyMindApp\obj\Debug\net8.0-android\lp\121\jl\res\..\flat\121.flata;C:\Users\rober\Documents\MoneyMindApp\obj\Debug\net8.0-android\lp\122\jl\res\..\flat\122.flata;C:\Users\rober\Documents\MoneyMindApp\obj\Debug\net8.0-android\lp\124\jl\res\..\flat\124.flata;C:\Users\rober\Documents\MoneyMindApp\obj\Debug\net8.0-android\lp\125\jl\res\..\flat\125.flata;C:\Users\rober\Documents\MoneyMindApp\obj\Debug\net8.0-android\lp\126\jl\res\..\flat\126.flata;C:\Users\rober\Documents\MoneyMindApp\obj\Debug\net8.0-android\lp\127\jl\res\..\flat\127.flata;C:\Users\rober\Documents\MoneyMindApp\obj\Debug\net8.0-android\lp\130\jl\res\..\flat\130.flata;C:\Users\rober\Documents\MoneyMindApp\obj\Debug\net8.0-android\lp\132\jl\res\..\flat\132.flata;C:\Users\rober\Documents\MoneyMindApp\obj\Debug\net8.0-android\lp\133\jl\res\..\flat\133.flata;C:\Users\rober\Documents\MoneyMindApp\obj\Debug\net8.0-android\lp\136\jl\res\..\flat\136.flata;C:\Users\rober\Documents\MoneyMindApp\obj\Debug\net8.0-android\lp\137\jl\res\..\flat\137.flata;C:\Users\rober\Documents\MoneyMindApp\obj\Debug\net8.0-android\lp\139\jl\res\..\flat\139.flata;C:\Users\rober\Documents\MoneyMindApp\obj\Debug\net8.0-android\lp\141\jl\res\..\flat\141.flata;C:\Users\rober\Documents\MoneyMindApp\obj\Debug\net8.0-android\lp\142\jl\res\..\flat\142.flata;C:\Users\rober\Documents\MoneyMindApp\obj\Debug\net8.0-android\lp\143\jl\res\..\flat\143.flata;C:\Users\rober\Documents\MoneyMindApp\obj\Debug\net8.0-android\lp\144\jl\res\..\flat\144.flata;C:\Users\rober\Documents\MoneyMindApp\obj\Debug\net8.0-android\lp\145\jl\res\..\flat\145.flata;C:\Users\rober\Documents\MoneyMindApp\obj\Debug\net8.0-android\lp\146\jl\res\..\flat\146.flata;C:\Users\rober\Documents\MoneyMindApp\obj\Debug\net8.0-android\lp\147\jl\res\..\flat\147.flata;C:\Users\rober\Documents\MoneyMindApp\obj\Debug\net8.0-android\lp\148\jl\res\..\flat\148.flata;C:\Users\rober\Documents\MoneyMindApp\obj\Debug\net8.0-android\lp\149\jl\res\..\flat\149.flata;C:\Users\rober\Documents\MoneyMindApp\obj\Debug\net8.0-android\lp\150\jl\res\..\flat\150.flata;C:\Users\rober\Documents\MoneyMindApp\obj\Debug\net8.0-android\lp\151\jl\res\..\flat\151.flata;C:\Users\rober\Documents\MoneyMindApp\obj\Debug\net8.0-android\lp\152\jl\res\..\flat\152.flata;C:\Users\rober\Documents\MoneyMindApp\obj\Debug\net8.0-android\lp\153\jl\res\..\flat\153.flata;C:\Users\rober\Documents\MoneyMindApp\obj\Debug\net8.0-android\lp\154\jl\res\..\flat\154.flata;C:\Users\rober\Documents\MoneyMindApp\obj\Debug\net8.0-android\lp\155\jl\res\..\flat\155.flata;C:\Users\rober\Documents\MoneyMindApp\obj\Debug\net8.0-android\lp\156\jl\res\..\flat\156.flata;C:\Users\rober\Documents\MoneyMindApp\obj\Debug\net8.0-android\lp\157\jl\res\..\flat\157.flata;C:\Users\rober\Documents\MoneyMindApp\obj\Debug\net8.0-android\lp\158\jl\res\..\flat\158.flata;C:\Users\rober\Documents\MoneyMindApp\obj\Debug\net8.0-android\lp\159\jl\res\..\flat\159.flata;C:\Users\rober\Documents\MoneyMindApp\obj\Debug\net8.0-android\lp\160\jl\res\..\flat\160.flata;C:\Users\rober\Documents\MoneyMindApp\obj\Debug\net8.0-android\lp\161\jl\res\..\flat\161.flata;C:\Users\rober\Documents\MoneyMindApp\obj\Debug\net8.0-android\lp\162\jl\res\..\flat\162.flata;C:\Users\rober\Documents\MoneyMindApp\obj\Debug\net8.0-android\lp\164\jl\res\..\flat\164.flata;C:\Users\rober\Documents\MoneyMindApp\obj\Debug\net8.0-android\lp\165\jl\res\..\flat\165.flata;C:\Users\rober\Documents\MoneyMindApp\obj\Debug\net8.0-android\lp\167\jl\res\..\flat\167.flata;C:\Users\rober\Documents\MoneyMindApp\obj\Debug\net8.0-android\lp\170\jl\res\..\flat\layout_tabbar.xml.flat;C:\Users\rober\Documents\MoneyMindApp\obj\Debug\net8.0-android\lp\170\jl\res\..\flat\layout_toolbar.xml.flat;C:\Users\rober\Documents\MoneyMindApp\obj\Debug\net8.0-android\lp\170\jl\res\..\flat\values_attrs.arsc.flat;C:\Users\rober\Documents\MoneyMindApp\obj\Debug\net8.0-android\lp\170\jl\res\..\flat\values_styles.arsc.flat;C:\Users\rober\Documents\MoneyMindApp\obj\Debug\net8.0-android\lp\171\jl\res\..\flat\anim_enterfromleft.xml.flat;C:\Users\rober\Documents\MoneyMindApp\obj\Debug\net8.0-android\lp\171\jl\res\..\flat\anim_enterfromright.xml.flat;C:\Users\rober\Documents\MoneyMindApp\obj\Debug\net8.0-android\lp\171\jl\res\..\flat\anim_exittoleft.xml.flat;C:\Users\rober\Documents\MoneyMindApp\obj\Debug\net8.0-android\lp\171\jl\res\..\flat\anim_exittoright.xml.flat;C:\Users\rober\Documents\MoneyMindApp\obj\Debug\net8.0-android\lp\171\jl\res\..\flat\layout_flyoutcontent.xml.flat;C:\Users\rober\Documents\MoneyMindApp\obj\Debug\net8.0-android\lp\171\jl\res\..\flat\layout_shellcontent.xml.flat;C:\Users\rober\Documents\MoneyMindApp\obj\Debug\net8.0-android\lp\171\jl\res\..\flat\values_strings.arsc.flat;C:\Users\rober\Documents\MoneyMindApp\obj\Debug\net8.0-android\lp\172\jl\res\..\flat\values_values.arsc.flat;C:\Users\rober\Documents\MoneyMindApp\obj\Debug\net8.0-android\lp\173\jl\res\..\flat\anim_nav_default_enter_anim.xml.flat;C:\Users\rober\Documents\MoneyMindApp\obj\Debug\net8.0-android\lp\173\jl\res\..\flat\anim_nav_default_exit_anim.xml.flat;C:\Users\rober\Documents\MoneyMindApp\obj\Debug\net8.0-android\lp\173\jl\res\..\flat\anim_nav_default_pop_enter_anim.xml.flat;C:\Users\rober\Documents\MoneyMindApp\obj\Debug\net8.0-android\lp\173\jl\res\..\flat\anim_nav_default_pop_exit_anim.xml.flat;C:\Users\rober\Documents\MoneyMindApp\obj\Debug\net8.0-android\lp\173\jl\res\..\flat\drawable_maui_splash.xml.flat;C:\Users\rober\Documents\MoneyMindApp\obj\Debug\net8.0-android\lp\173\jl\res\..\flat\drawable_maui_splash_image.xml.flat;C:\Users\rober\Documents\MoneyMindApp\obj\Debug\net8.0-android\lp\173\jl\res\..\flat\layout_drawer_layout.xml.flat;C:\Users\rober\Documents\MoneyMindApp\obj\Debug\net8.0-android\lp\173\jl\res\..\flat\layout_fragment_backstack.xml.flat;C:\Users\rober\Documents\MoneyMindApp\obj\Debug\net8.0-android\lp\173\jl\res\..\flat\layout_navigationlayout.xml.flat;C:\Users\rober\Documents\MoneyMindApp\obj\Debug\net8.0-android\lp\173\jl\res\..\flat\values_attr.arsc.flat;C:\Users\rober\Documents\MoneyMindApp\obj\Debug\net8.0-android\lp\173\jl\res\..\flat\values_colors.arsc.flat;C:\Users\rober\Documents\MoneyMindApp\obj\Debug\net8.0-android\lp\173\jl\res\..\flat\values_styles.arsc.flat;C:\Users\rober\Documents\MoneyMindApp\obj\Debug\net8.0-android\lp\174\jl\res\..\flat\xml_microsoft_maui_essentials_fileprovider_file_paths.xml.flat;C:\Users\rober\Documents\MoneyMindApp\obj\Debug\net8.0-android\lp\175\jl\res\..\flat\values_attrs.arsc.flat; [C:\Users\rober\Documents\MoneyMindApp\MoneyMindApp.csproj::TargetFramework=net8.0-android]
       C:\Program Files\dotnet\packs\Microsoft.Android.Sdk.Windows\34.0.154\tools\Xamarin.Android.Common.targets(1224,5): message :       C:\Users\rober\Documents\MoneyMindApp\obj\Debug\net8.0-android\lp\106.stamp;C:\Users\rober\Documents\MoneyMindApp\obj\Debug\net8.0-android\lp\107.stamp;C:\Users\rober\Documents\MoneyMindApp\obj\Debug\net8.0-android\lp\108.stamp;C:\Users\rober\Documents\MoneyMindApp\obj\Debug\net8.0-android\lp\109.stamp;C:\Users\rober\Documents\MoneyMindApp\obj\Debug\net8.0-android\lp\110.stamp;C:\Users\rober\Documents\MoneyMindApp\obj\Debug\net8.0-android\lp\111.stamp;C:\Users\rober\Documents\MoneyMindApp\obj\Debug\net8.0-android\lp\112.stamp;C:\Users\rober\Documents\MoneyMindApp\obj\Debug\net8.0-android\lp\113.stamp;C:\Users\rober\Documents\MoneyMindApp\obj\Debug\net8.0-android\lp\114.stamp;C:\Users\rober\Documents\MoneyMindApp\obj\Debug\net8.0-android\lp\115.stamp;C:\Users\rober\Documents\MoneyMindApp\obj\Debug\net8.0-android\lp\116.stamp;C:\Users\rober\Documents\MoneyMindApp\obj\Debug\net8.0-android\lp\117.stamp;C:\Users\rober\Documents\MoneyMindApp\obj\Debug\net8.0-android\lp\118.stamp;C:\Users\rober\Documents\MoneyMindApp\obj\Debug\net8.0-android\lp\119.stamp;C:\Users\rober\Documents\MoneyMindApp\obj\Debug\net8.0-android\lp\120.stamp;C:\Users\rober\Documents\MoneyMindApp\obj\Debug\net8.0-android\lp\121.stamp;C:\Users\rober\Documents\MoneyMindApp\obj\Debug\net8.0-android\lp\122.stamp;C:\Users\rober\Documents\MoneyMindApp\obj\Debug\net8.0-android\lp\123.stamp;C:\Users\rober\Documents\MoneyMindApp\obj\Debug\net8.0-android\lp\124.stamp;C:\Users\rober\Documents\MoneyMindApp\obj\Debug\net8.0-android\lp\125.stamp;C:\Users\rober\Documents\MoneyMindApp\obj\Debug\net8.0-android\lp\126.stamp;C:\Users\rober\Documents\MoneyMindApp\obj\Debug\net8.0-android\lp\127.stamp;C:\Users\rober\Documents\MoneyMindApp\obj\Debug\net8.0-android\lp\128.stamp;C:\Users\rober\Documents\MoneyMindApp\obj\Debug\net8.0-android\lp\129.stamp;C:\Users\rober\Documents\MoneyMindApp\obj\Debug\net8.0-android\lp\130.stamp;C:\Users\rober\Documents\MoneyMindApp\obj\Debug\net8.0-android\lp\131.stamp;C:\Users\rober\Documents\MoneyMindApp\obj\Debug\net8.0-android\lp\132.stamp;C:\Users\rober\Documents\MoneyMindApp\obj\Debug\net8.0-android\lp\133.stamp;C:\Users\rober\Documents\MoneyMindApp\obj\Debug\net8.0-android\lp\134.stamp;C:\Users\rober\Documents\MoneyMindApp\obj\Debug\net8.0-android\lp\135.stamp;C:\Users\rober\Documents\MoneyMindApp\obj\Debug\net8.0-android\lp\136.stamp;C:\Users\rober\Documents\MoneyMindApp\obj\Debug\net8.0-android\lp\137.stamp;C:\Users\rober\Documents\MoneyMindApp\obj\Debug\net8.0-android\lp\138.stamp;C:\Users\rober\Documents\MoneyMindApp\obj\Debug\net8.0-android\lp\139.stamp;C:\Users\rober\Documents\MoneyMindApp\obj\Debug\net8.0-android\lp\140.stamp;C:\Users\rober\Documents\MoneyMindApp\obj\Debug\net8.0-android\lp\141.stamp;C:\Users\rober\Documents\MoneyMindApp\obj\Debug\net8.0-android\lp\142.stamp;C:\Users\rober\Documents\MoneyMindApp\obj\Debug\net8.0-android\lp\143.stamp;C:\Users\rober\Documents\MoneyMindApp\obj\Debug\net8.0-android\lp\144.stamp;C:\Users\rober\Documents\MoneyMindApp\obj\Debug\net8.0-android\lp\145.stamp;C:\Users\rober\Documents\MoneyMindApp\obj\Debug\net8.0-android\lp\146.stamp;C:\Users\rober\Documents\MoneyMindApp\obj\Debug\net8.0-android\lp\147.stamp;C:\Users\rober\Documents\MoneyMindApp\obj\Debug\net8.0-android\lp\148.stamp;C:\Users\rober\Documents\MoneyMindApp\obj\Debug\net8.0-android\lp\149.stamp;C:\Users\rober\Documents\MoneyMindApp\obj\Debug\net8.0-android\lp\150.stamp;C:\Users\rober\Documents\MoneyMindApp\obj\Debug\net8.0-android\lp\151.stamp;C:\Users\rober\Documents\MoneyMindApp\obj\Debug\net8.0-android\lp\152.stamp;C:\Users\rober\Documents\MoneyMindApp\obj\Debug\net8.0-android\lp\153.stamp;C:\Users\rober\Documents\MoneyMindApp\obj\Debug\net8.0-android\lp\154.stamp;C:\Users\rober\Documents\MoneyMindApp\obj\Debug\net8.0-android\lp\155.stamp;C:\Users\rober\Documents\MoneyMindApp\obj\Debug\net8.0-android\lp\156.stamp;C:\Users\rober\Documents\MoneyMindApp\obj\Debug\net8.0-android\lp\157.stamp;C:\Users\rober\Documents\MoneyMindApp\obj\Debug\net8.0-android\lp\158.stamp;C:\Users\rober\Documents\MoneyMindApp\obj\Debug\net8.0-android\lp\159.stamp;C:\Users\rober\Documents\MoneyMindApp\obj\Debug\net8.0-android\lp\160.stamp;C:\Users\rober\Documents\MoneyMindApp\obj\Debug\net8.0-android\lp\161.stamp;C:\Users\rober\Documents\MoneyMindApp\obj\Debug\net8.0-android\lp\162.stamp;C:\Users\rober\Documents\MoneyMindApp\obj\Debug\net8.0-android\lp\163.stamp;C:\Users\rober\Documents\MoneyMindApp\obj\Debug\net8.0-android\lp\164.stamp;C:\Users\rober\Documents\MoneyMindApp\obj\Debug\net8.0-android\lp\165.stamp;C:\Users\rober\Documents\MoneyMindApp\obj\Debug\net8.0-android\lp\166.stamp;C:\Users\rober\Documents\MoneyMindApp\obj\Debug\net8.0-android\lp\167.stamp;C:\Users\rober\Documents\MoneyMindApp\obj\Debug\net8.0-android\lp\170.stamp;C:\Users\rober\Documents\MoneyMindApp\obj\Debug\net8.0-android\lp\171.stamp;C:\Users\rober\Documents\MoneyMindApp\obj\Debug\net8.0-android\lp\172.stamp;C:\Users\rober\Documents\MoneyMindApp\obj\Debug\net8.0-android\lp\173.stamp;C:\Users\rober\Documents\MoneyMindApp\obj\Debug\net8.0-android\lp\174.stamp;C:\Users\rober\Documents\MoneyMindApp\obj\Debug\net8.0-android\lp\175.stamp; [C:\Users\rober\Documents\MoneyMindApp\MoneyMindApp.csproj::TargetFramework=net8.0-android]
       C:\Program Files\dotnet\packs\Microsoft.Android.Sdk.Windows\34.0.154\tools\Xamarin.Android.Common.targets(1224,5): message :     ; [C:\Users\rober\Documents\MoneyMindApp\MoneyMindApp.csproj::TargetFramework=net8.0-android]
       C:\Program Files\dotnet\packs\Microsoft.Android.Sdk.Windows\34.0.154\tools\Xamarin.Android.Common.targets(1224,5): message :       ; [C:\Users\rober\Documents\MoneyMindApp\MoneyMindApp.csproj::TargetFramework=net8.0-android]
       C:\Program Files\dotnet\packs\Microsoft.Android.Sdk.Windows\34.0.154\tools\Xamarin.Android.Common.targets(1224,5): message :     " (valore precedente: " [C:\Users\rober\Documents\MoneyMindApp\MoneyMindApp.csproj::TargetFramework=net8.0-android]
       C:\Program Files\dotnet\packs\Microsoft.Android.Sdk.Windows\34.0.154\tools\Xamarin.Android.Common.targets(1224,5): message :        [C:\Users\rober\Documents\MoneyMindApp\MoneyMindApp.csproj::TargetFramework=net8.0-android]
       C:\Program Files\dotnet\packs\Microsoft.Android.Sdk.Windows\34.0.154\tools\Xamarin.Android.Common.targets(1224,5): message : 		C:\Users\rober\Documents\MoneyMindApp\MoneyMindApp.csproj;C:\Program Files\dotnet\sdk\9.0.305\Current\Microsoft.Common.targets\ImportAfter\Microsoft.TestPlatform.ImportAfter.targets; [C:\Users\rober\Documents\MoneyMindApp\MoneyMindApp.csproj::TargetFramework=net8.0-android]
       C:\Program Files\dotnet\packs\Microsoft.Android.Sdk.Windows\34.0.154\tools\Xamarin.Android.Common.targets(1224,5): message : 		; [C:\Users\rober\Documents\MoneyMindApp\MoneyMindApp.csproj::TargetFramework=net8.0-android]
       C:\Program Files\dotnet\packs\Microsoft.Android.Sdk.Windows\34.0.154\tools\Xamarin.Android.Common.targets(1224,5): message : 		obj\Debug\net8.0-android\build.props; [C:\Users\rober\Documents\MoneyMindApp\MoneyMindApp.csproj::TargetFramework=net8.0-android]
       C:\Program Files\dotnet\packs\Microsoft.Android.Sdk.Windows\34.0.154\tools\Xamarin.Android.Common.targets(1224,5): message : 		C:\Users\rober\Documents\MoneyMindApp\obj\project.assets.json; [C:\Users\rober\Documents\MoneyMindApp\MoneyMindApp.csproj::TargetFramework=net8.0-android]
       C:\Program Files\dotnet\packs\Microsoft.Android.Sdk.Windows\34.0.154\tools\Xamarin.Android.Common.targets(1224,5): message : 		obj\Debug\net8.0-android\libraryprojectimports.cache; [C:\Users\rober\Documents\MoneyMindApp\MoneyMindApp.csproj::TargetFramework=net8.0-android]
       C:\Program Files\dotnet\packs\Microsoft.Android.Sdk.Windows\34.0.154\tools\Xamarin.Android.Common.targets(1224,5): message : 		obj\Debug\net8.0-android\libraryimports.cache; [C:\Users\rober\Documents\MoneyMindApp\MoneyMindApp.csproj::TargetFramework=net8.0-android]
       C:\Program Files\dotnet\packs\Microsoft.Android.Sdk.Windows\34.0.154\tools\Xamarin.Android.Common.targets(1224,5): message : 		; [C:\Users\rober\Documents\MoneyMindApp\MoneyMindApp.csproj::TargetFramework=net8.0-android]
       C:\Program Files\dotnet\packs\Microsoft.Android.Sdk.Windows\34.0.154\tools\Xamarin.Android.Common.targets(1224,5): message : 	; [C:\Users\rober\Documents\MoneyMindApp\MoneyMindApp.csproj::TargetFramework=net8.0-android]
       C:\Program Files\dotnet\packs\Microsoft.Android.Sdk.Windows\34.0.154\tools\Xamarin.Android.Common.targets(1224,5): message :       obj\Debug\net8.0-android\resizetizer\sp\..\flat\drawable_maui_splash_image.xml.flat;obj\Debug\net8.0-android\resizetizer\sp\..\flat\drawable-hdpi_splash.png.flat;obj\Debug\net8.0-android\resizetizer\sp\..\flat\drawable-mdpi_splash.png.flat;obj\Debug\net8.0-android\resizetizer\sp\..\flat\drawable-v31_maui_splash_image.xml.flat;obj\Debug\net8.0-android\resizetizer\sp\..\flat\drawable-xhdpi_splash.png.flat;obj\Debug\net8.0-android\resizetizer\sp\..\flat\drawable-xxhdpi_splash.png.flat;obj\Debug\net8.0-android\resizetizer\sp\..\flat\drawable-xxxhdpi_splash.png.flat;obj\Debug\net8.0-android\resizetizer\sp\..\flat\values_maui_colors.arsc.flat;obj\Debug\net8.0-android\resizetizer\r\..\flat\drawable-hdpi_chart.png.flat;obj\Debug\net8.0-android\resizetizer\r\..\flat\drawable-hdpi_home.png.flat;obj\Debug\net8.0-android\resizetizer\r\..\flat\drawable-hdpi_list.png.flat;obj\Debug\net8.0-android\resizetizer\r\..\flat\drawable-hdpi_settings.png.flat;obj\Debug\net8.0-android\resizetizer\r\..\flat\drawable-hdpi_wallet.png.flat;obj\Debug\net8.0-android\resizetizer\r\..\flat\drawable-mdpi_chart.png.flat;obj\Debug\net8.0-android\resizetizer\r\..\flat\drawable-mdpi_home.png.flat;obj\Debug\net8.0-android\resizetizer\r\..\flat\drawable-mdpi_list.png.flat;obj\Debug\net8.0-android\resizetizer\r\..\flat\drawable-mdpi_settings.png.flat;obj\Debug\net8.0-android\resizetizer\r\..\flat\drawable-mdpi_wallet.png.flat;obj\Debug\net8.0-android\resizetizer\r\..\flat\drawable-xhdpi_chart.png.flat;obj\Debug\net8.0-android\resizetizer\r\..\flat\drawable-xhdpi_home.png.flat;obj\Debug\net8.0-android\resizetizer\r\..\flat\drawable-xhdpi_list.png.flat;obj\Debug\net8.0-android\resizetizer\r\..\flat\drawable-xhdpi_settings.png.flat;obj\Debug\net8.0-android\resizetizer\r\..\flat\drawable-xhdpi_wallet.png.flat;obj\Debug\net8.0-android\resizetizer\r\..\flat\drawable-xxhdpi_chart.png.flat;obj\Debug\net8.0-android\resizetizer\r\..\flat\drawable-xxhdpi_home.png.flat;obj\Debug\net8.0-android\resizetizer\r\..\flat\drawable-xxhdpi_list.png.flat;obj\Debug\net8.0-android\resizetizer\r\..\flat\drawable-xxhdpi_settings.png.flat;obj\Debug\net8.0-android\resizetizer\r\..\flat\drawable-xxhdpi_wallet.png.flat;obj\Debug\net8.0-android\resizetizer\r\..\flat\drawable-xxxhdpi_chart.png.flat;obj\Debug\net8.0-android\resizetizer\r\..\flat\drawable-xxxhdpi_home.png.flat;obj\Debug\net8.0-android\resizetizer\r\..\flat\drawable-xxxhdpi_list.png.flat;obj\Debug\net8.0-android\resizetizer\r\..\flat\drawable-xxxhdpi_settings.png.flat;obj\Debug\net8.0-android\resizetizer\r\..\flat\drawable-xxxhdpi_wallet.png.flat;obj\Debug\net8.0-android\resizetizer\r\..\flat\mipmap-anydpi-v26_appicon.xml.flat;obj\Debug\net8.0-android\resizetizer\r\..\flat\mipmap-anydpi-v26_appicon_round.xml.flat;obj\Debug\net8.0-android\resizetizer\r\..\flat\mipmap-hdpi_appicon.png.flat;obj\Debug\net8.0-android\resizetizer\r\..\flat\mipmap-hdpi_appicon_background.png.flat;obj\Debug\net8.0-android\resizetizer\r\..\flat\mipmap-hdpi_appicon_foreground.png.flat;obj\Debug\net8.0-android\resizetizer\r\..\flat\mipmap-hdpi_appicon_round.png.flat;obj\Debug\net8.0-android\resizetizer\r\..\flat\mipmap-mdpi_appicon.png.flat;obj\Debug\net8.0-android\resizetizer\r\..\flat\mipmap-mdpi_appicon_background.png.flat;obj\Debug\net8.0-android\resizetizer\r\..\flat\mipmap-mdpi_appicon_foreground.png.flat;obj\Debug\net8.0-android\resizetizer\r\..\flat\mipmap-mdpi_appicon_round.png.flat;obj\Debug\net8.0-android\resizetizer\r\..\flat\mipmap-xhdpi_appicon.png.flat;obj\Debug\net8.0-android\resizetizer\r\..\flat\mipmap-xhdpi_appicon_background.png.flat;obj\Debug\net8.0-android\resizetizer\r\..\flat\mipmap-xhdpi_appicon_foreground.png.flat;obj\Debug\net8.0-android\resizetizer\r\..\flat\mipmap-xhdpi_appicon_round.png.flat;obj\Debug\net8.0-android\resizetizer\r\..\flat\mipmap-xxhdpi_appicon.png.flat;obj\Debug\net8.0-android\resizetizer\r\..\flat\mipmap-xxhdpi_appicon_background.png.flat;obj\Debug\net8.0-android\resizetizer\r\..\flat\mipmap-xxhdpi_appicon_foreground.png.flat;obj\Debug\net8.0-android\resizetizer\r\..\flat\mipmap-xxhdpi_appicon_round.png.flat;obj\Debug\net8.0-android\resizetizer\r\..\flat\mipmap-xxxhdpi_appicon.png.flat;obj\Debug\net8.0-android\resizetizer\r\..\flat\mipmap-xxxhdpi_appicon_background.png.flat;obj\Debug\net8.0-android\resizetizer\r\..\flat\mipmap-xxxhdpi_appicon_foreground.png.flat;obj\Debug\net8.0-android\resizetizer\r\..\flat\mipmap-xxxhdpi_appicon_round.png.flat;C:\Users\rober\Documents\MoneyMindApp\obj\Debug\net8.0-android\lp\107\jl\res\..\flat\107.flata;C:\Users\rober\Documents\MoneyMindApp\obj\Debug\net8.0-android\lp\108\jl\res\..\flat\108.flata;C:\Users\rober\Documents\MoneyMindApp\obj\Debug\net8.0-android\lp\109\jl\res\..\flat\109.flata;C:\Users\rober\Documents\MoneyMindApp\obj\Debug\net8.0-android\lp\110\jl\res\..\flat\110.flata;C:\Users\rober\Documents\MoneyMindApp\obj\Debug\net8.0-android\lp\111\jl\res\..\flat\111.flata;C:\Users\rober\Documents\MoneyMindApp\obj\Debug\net8.0-android\lp\113\jl\res\..\flat\113.flata;C:\Users\rober\Documents\MoneyMindApp\obj\Debug\net8.0-android\lp\114\jl\res\..\flat\114.flata;C:\Users\rober\Documents\MoneyMindApp\obj\Debug\net8.0-android\lp\117\jl\res\..\flat\117.flata;C:\Users\rober\Documents\MoneyMindApp\obj\Debug\net8.0-android\lp\118\jl\res\..\flat\118.flata;C:\Users\rober\Documents\MoneyMindApp\obj\Debug\net8.0-android\lp\119\jl\res\..\flat\119.flata;C:\Users\rober\Documents\MoneyMindApp\obj\Debug\net8.0-android\lp\120\jl\res\..\flat\120.flata;C:\Users\rober\Documents\MoneyMindApp\obj\Debug\net8.0-android\lp\121\jl\res\..\flat\121.flata;C:\Users\rober\Documents\MoneyMindApp\obj\Debug\net8.0-android\lp\122\jl\res\..\flat\122.flata;C:\Users\rober\Documents\MoneyMindApp\obj\Debug\net8.0-android\lp\124\jl\res\..\flat\124.flata;C:\Users\rober\Documents\MoneyMindApp\obj\Debug\net8.0-android\lp\125\jl\res\..\flat\125.flata;C:\Users\rober\Documents\MoneyMindApp\obj\Debug\net8.0-android\lp\126\jl\res\..\flat\126.flata;C:\Users\rober\Documents\MoneyMindApp\obj\Debug\net8.0-android\lp\127\jl\res\..\flat\127.flata;C:\Users\rober\Documents\MoneyMindApp\obj\Debug\net8.0-android\lp\130\jl\res\..\flat\130.flata;C:\Users\rober\Documents\MoneyMindApp\obj\Debug\net8.0-android\lp\132\jl\res\..\flat\132.flata;C:\Users\rober\Documents\MoneyMindApp\obj\Debug\net8.0-android\lp\133\jl\res\..\flat\133.flata;C:\Users\rober\Documents\MoneyMindApp\obj\Debug\net8.0-android\lp\136\jl\res\..\flat\136.flata;C:\Users\rober\Documents\MoneyMindApp\obj\Debug\net8.0-android\lp\137\jl\res\..\flat\137.flata;C:\Users\rober\Documents\MoneyMindApp\obj\Debug\net8.0-android\lp\139\jl\res\..\flat\139.flata;C:\Users\rober\Documents\MoneyMindApp\obj\Debug\net8.0-android\lp\141\jl\res\..\flat\141.flata;C:\Users\rober\Documents\MoneyMindApp\obj\Debug\net8.0-android\lp\142\jl\res\..\flat\142.flata;C:\Users\rober\Documents\MoneyMindApp\obj\Debug\net8.0-android\lp\143\jl\res\..\flat\143.flata;C:\Users\rober\Documents\MoneyMindApp\obj\Debug\net8.0-android\lp\144\jl\res\..\flat\144.flata;C:\Users\rober\Documents\MoneyMindApp\obj\Debug\net8.0-android\lp\145\jl\res\..\flat\145.flata;C:\Users\rober\Documents\MoneyMindApp\obj\Debug\net8.0-android\lp\146\jl\res\..\flat\146.flata;C:\Users\rober\Documents\MoneyMindApp\obj\Debug\net8.0-android\lp\147\jl\res\..\flat\147.flata;C:\Users\rober\Documents\MoneyMindApp\obj\Debug\net8.0-android\lp\148\jl\res\..\flat\148.flata;C:\Users\rober\Documents\MoneyMindApp\obj\Debug\net8.0-android\lp\149\jl\res\..\flat\149.flata;C:\Users\rober\Documents\MoneyMindApp\obj\Debug\net8.0-android\lp\150\jl\res\..\flat\150.flata;C:\Users\rober\Documents\MoneyMindApp\obj\Debug\net8.0-android\lp\151\jl\res\..\flat\151.flata;C:\Users\rober\Documents\MoneyMindApp\obj\Debug\net8.0-android\lp\152\jl\res\..\flat\152.flata;C:\Users\rober\Documents\MoneyMindApp\obj\Debug\net8.0-android\lp\153\jl\res\..\flat\153.flata;C:\Users\rober\Documents\MoneyMindApp\obj\Debug\net8.0-android\lp\154\jl\res\..\flat\154.flata;C:\Users\rober\Documents\MoneyMindApp\obj\Debug\net8.0-android\lp\155\jl\res\..\flat\155.flata;C:\Users\rober\Documents\MoneyMindApp\obj\Debug\net8.0-android\lp\156\jl\res\..\flat\156.flata;C:\Users\rober\Documents\MoneyMindApp\obj\Debug\net8.0-android\lp\157\jl\res\..\flat\157.flata;C:\Users\rober\Documents\MoneyMindApp\obj\Debug\net8.0-android\lp\158\jl\res\..\flat\158.flata;C:\Users\rober\Documents\MoneyMindApp\obj\Debug\net8.0-android\lp\159\jl\res\..\flat\159.flata;C:\Users\rober\Documents\MoneyMindApp\obj\Debug\net8.0-android\lp\160\jl\res\..\flat\160.flata;C:\Users\rober\Documents\MoneyMindApp\obj\Debug\net8.0-android\lp\161\jl\res\..\flat\161.flata;C:\Users\rober\Documents\MoneyMindApp\obj\Debug\net8.0-android\lp\162\jl\res\..\flat\162.flata;C:\Users\rober\Documents\MoneyMindApp\obj\Debug\net8.0-android\lp\164\jl\res\..\flat\164.flata;C:\Users\rober\Documents\MoneyMindApp\obj\Debug\net8.0-android\lp\165\jl\res\..\flat\165.flata;C:\Users\rober\Documents\MoneyMindApp\obj\Debug\net8.0-android\lp\167\jl\res\..\flat\167.flata;C:\Users\rober\Documents\MoneyMindApp\obj\Debug\net8.0-android\lp\170\jl\res\..\flat\layout_tabbar.xml.flat;C:\Users\rober\Documents\MoneyMindApp\obj\Debug\net8.0-android\lp\170\jl\res\..\flat\layout_toolbar.xml.flat;C:\Users\rober\Documents\MoneyMindApp\obj\Debug\net8.0-android\lp\170\jl\res\..\flat\values_attrs.arsc.flat;C:\Users\rober\Documents\MoneyMindApp\obj\Debug\net8.0-android\lp\170\jl\res\..\flat\values_styles.arsc.flat;C:\Users\rober\Documents\MoneyMindApp\obj\Debug\net8.0-android\lp\171\jl\res\..\flat\anim_enterfromleft.xml.flat;C:\Users\rober\Documents\MoneyMindApp\obj\Debug\net8.0-android\lp\171\jl\res\..\flat\anim_enterfromright.xml.flat;C:\Users\rober\Documents\MoneyMindApp\obj\Debug\net8.0-android\lp\171\jl\res\..\flat\anim_exittoleft.xml.flat;C:\Users\rober\Documents\MoneyMindApp\obj\Debug\net8.0-android\lp\171\jl\res\..\flat\anim_exittoright.xml.flat;C:\Users\rober\Documents\MoneyMindApp\obj\Debug\net8.0-android\lp\171\jl\res\..\flat\layout_flyoutcontent.xml.flat;C:\Users\rober\Documents\MoneyMindApp\obj\Debug\net8.0-android\lp\171\jl\res\..\flat\layout_shellcontent.xml.flat;C:\Users\rober\Documents\MoneyMindApp\obj\Debug\net8.0-android\lp\171\jl\res\..\flat\values_strings.arsc.flat;C:\Users\rober\Documents\MoneyMindApp\obj\Debug\net8.0-android\lp\172\jl\res\..\flat\values_values.arsc.flat;C:\Users\rober\Documents\MoneyMindApp\obj\Debug\net8.0-android\lp\173\jl\res\..\flat\anim_nav_default_enter_anim.xml.flat;C:\Users\rober\Documents\MoneyMindApp\obj\Debug\net8.0-android\lp\173\jl\res\..\flat\anim_nav_default_exit_anim.xml.flat;C:\Users\rober\Documents\MoneyMindApp\obj\Debug\net8.0-android\lp\173\jl\res\..\flat\anim_nav_default_pop_enter_anim.xml.flat;C:\Users\rober\Documents\MoneyMindApp\obj\Debug\net8.0-android\lp\173\jl\res\..\flat\anim_nav_default_pop_exit_anim.xml.flat;C:\Users\rober\Documents\MoneyMindApp\obj\Debug\net8.0-android\lp\173\jl\res\..\flat\drawable_maui_splash.xml.flat;C:\Users\rober\Documents\MoneyMindApp\obj\Debug\net8.0-android\lp\173\jl\res\..\flat\drawable_maui_splash_image.xml.flat;C:\Users\rober\Documents\MoneyMindApp\obj\Debug\net8.0-android\lp\173\jl\res\..\flat\layout_drawer_layout.xml.flat;C:\Users\rober\Documents\MoneyMindApp\obj\Debug\net8.0-android\lp\173\jl\res\..\flat\layout_fragment_backstack.xml.flat;C:\Users\rober\Documents\MoneyMindApp\obj\Debug\net8.0-android\lp\173\jl\res\..\flat\layout_navigationlayout.xml.flat;C:\Users\rober\Documents\MoneyMindApp\obj\Debug\net8.0-android\lp\173\jl\res\..\flat\values_attr.arsc.flat;C:\Users\rober\Documents\MoneyMindApp\obj\Debug\net8.0-android\lp\173\jl\res\..\flat\values_colors.arsc.flat;C:\Users\rober\Documents\MoneyMindApp\obj\Debug\net8.0-android\lp\173\jl\res\..\flat\values_styles.arsc.flat;C:\Users\rober\Documents\MoneyMindApp\obj\Debug\net8.0-android\lp\174\jl\res\..\flat\xml_microsoft_maui_essentials_fileprovider_file_paths.xml.flat;C:\Users\rober\Documents\MoneyMindApp\obj\Debug\net8.0-android\lp\175\jl\res\..\flat\values_attrs.arsc.flat; [C:\Users\rober\Documents\MoneyMindApp\MoneyMindApp.csproj::TargetFramework=net8.0-android]
       C:\Program Files\dotnet\packs\Microsoft.Android.Sdk.Windows\34.0.154\tools\Xamarin.Android.Common.targets(1224,5): message :       C:\Users\rober\Documents\MoneyMindApp\obj\Debug\net8.0-android\lp\106.stamp;C:\Users\rober\Documents\MoneyMindApp\obj\Debug\net8.0-android\lp\107.stamp;C:\Users\rober\Documents\MoneyMindApp\obj\Debug\net8.0-android\lp\108.stamp;C:\Users\rober\Documents\MoneyMindApp\obj\Debug\net8.0-android\lp\109.stamp;C:\Users\rober\Documents\MoneyMindApp\obj\Debug\net8.0-android\lp\110.stamp;C:\Users\rober\Documents\MoneyMindApp\obj\Debug\net8.0-android\lp\111.stamp;C:\Users\rober\Documents\MoneyMindApp\obj\Debug\net8.0-android\lp\112.stamp;C:\Users\rober\Documents\MoneyMindApp\obj\Debug\net8.0-android\lp\113.stamp;C:\Users\rober\Documents\MoneyMindApp\obj\Debug\net8.0-android\lp\114.stamp;C:\Users\rober\Documents\MoneyMindApp\obj\Debug\net8.0-android\lp\115.stamp;C:\Users\rober\Documents\MoneyMindApp\obj\Debug\net8.0-android\lp\116.stamp;C:\Users\rober\Documents\MoneyMindApp\obj\Debug\net8.0-android\lp\117.stamp;C:\Users\rober\Documents\MoneyMindApp\obj\Debug\net8.0-android\lp\118.stamp;C:\Users\rober\Documents\MoneyMindApp\obj\Debug\net8.0-android\lp\119.stamp;C:\Users\rober\Documents\MoneyMindApp\obj\Debug\net8.0-android\lp\120.stamp;C:\Users\rober\Documents\MoneyMindApp\obj\Debug\net8.0-android\lp\121.stamp;C:\Users\rober\Documents\MoneyMindApp\obj\Debug\net8.0-android\lp\122.stamp;C:\Users\rober\Documents\MoneyMindApp\obj\Debug\net8.0-android\lp\123.stamp;C:\Users\rober\Documents\MoneyMindApp\obj\Debug\net8.0-android\lp\124.stamp;C:\Users\rober\Documents\MoneyMindApp\obj\Debug\net8.0-android\lp\125.stamp;C:\Users\rober\Documents\MoneyMindApp\obj\Debug\net8.0-android\lp\126.stamp;C:\Users\rober\Documents\MoneyMindApp\obj\Debug\net8.0-android\lp\127.stamp;C:\Users\rober\Documents\MoneyMindApp\obj\Debug\net8.0-android\lp\128.stamp;C:\Users\rober\Documents\MoneyMindApp\obj\Debug\net8.0-android\lp\129.stamp;C:\Users\rober\Documents\MoneyMindApp\obj\Debug\net8.0-android\lp\130.stamp;C:\Users\rober\Documents\MoneyMindApp\obj\Debug\net8.0-android\lp\131.stamp;C:\Users\rober\Documents\MoneyMindApp\obj\Debug\net8.0-android\lp\132.stamp;C:\Users\rober\Documents\MoneyMindApp\obj\Debug\net8.0-android\lp\133.stamp;C:\Users\rober\Documents\MoneyMindApp\obj\Debug\net8.0-android\lp\134.stamp;C:\Users\rober\Documents\MoneyMindApp\obj\Debug\net8.0-android\lp\135.stamp;C:\Users\rober\Documents\MoneyMindApp\obj\Debug\net8.0-android\lp\136.stamp;C:\Users\rober\Documents\MoneyMindApp\obj\Debug\net8.0-android\lp\137.stamp;C:\Users\rober\Documents\MoneyMindApp\obj\Debug\net8.0-android\lp\138.stamp;C:\Users\rober\Documents\MoneyMindApp\obj\Debug\net8.0-android\lp\139.stamp;C:\Users\rober\Documents\MoneyMindApp\obj\Debug\net8.0-android\lp\140.stamp;C:\Users\rober\Documents\MoneyMindApp\obj\Debug\net8.0-android\lp\141.stamp;C:\Users\rober\Documents\MoneyMindApp\obj\Debug\net8.0-android\lp\142.stamp;C:\Users\rober\Documents\MoneyMindApp\obj\Debug\net8.0-android\lp\143.stamp;C:\Users\rober\Documents\MoneyMindApp\obj\Debug\net8.0-android\lp\144.stamp;C:\Users\rober\Documents\MoneyMindApp\obj\Debug\net8.0-android\lp\145.stamp;C:\Users\rober\Documents\MoneyMindApp\obj\Debug\net8.0-android\lp\146.stamp;C:\Users\rober\Documents\MoneyMindApp\obj\Debug\net8.0-android\lp\147.stamp;C:\Users\rober\Documents\MoneyMindApp\obj\Debug\net8.0-android\lp\148.stamp;C:\Users\rober\Documents\MoneyMindApp\obj\Debug\net8.0-android\lp\149.stamp;C:\Users\rober\Documents\MoneyMindApp\obj\Debug\net8.0-android\lp\150.stamp;C:\Users\rober\Documents\MoneyMindApp\obj\Debug\net8.0-android\lp\151.stamp;C:\Users\rober\Documents\MoneyMindApp\obj\Debug\net8.0-android\lp\152.stamp;C:\Users\rober\Documents\MoneyMindApp\obj\Debug\net8.0-android\lp\153.stamp;C:\Users\rober\Documents\MoneyMindApp\obj\Debug\net8.0-android\lp\154.stamp;C:\Users\rober\Documents\MoneyMindApp\obj\Debug\net8.0-android\lp\155.stamp;C:\Users\rober\Documents\MoneyMindApp\obj\Debug\net8.0-android\lp\156.stamp;C:\Users\rober\Documents\MoneyMindApp\obj\Debug\net8.0-android\lp\157.stamp;C:\Users\rober\Documents\MoneyMindApp\obj\Debug\net8.0-android\lp\158.stamp;C:\Users\rober\Documents\MoneyMindApp\obj\Debug\net8.0-android\lp\159.stamp;C:\Users\rober\Documents\MoneyMindApp\obj\Debug\net8.0-android\lp\160.stamp;C:\Users\rober\Documents\MoneyMindApp\obj\Debug\net8.0-android\lp\161.stamp;C:\Users\rober\Documents\MoneyMindApp\obj\Debug\net8.0-android\lp\162.stamp;C:\Users\rober\Documents\MoneyMindApp\obj\Debug\net8.0-android\lp\163.stamp;C:\Users\rober\Documents\MoneyMindApp\obj\Debug\net8.0-android\lp\164.stamp;C:\Users\rober\Documents\MoneyMindApp\obj\Debug\net8.0-android\lp\165.stamp;C:\Users\rober\Documents\MoneyMindApp\obj\Debug\net8.0-android\lp\166.stamp;C:\Users\rober\Documents\MoneyMindApp\obj\Debug\net8.0-android\lp\167.stamp;C:\Users\rober\Documents\MoneyMindApp\obj\Debug\net8.0-android\lp\170.stamp;C:\Users\rober\Documents\MoneyMindApp\obj\Debug\net8.0-android\lp\171.stamp;C:\Users\rober\Documents\MoneyMindApp\obj\Debug\net8.0-android\lp\172.stamp;C:\Users\rober\Documents\MoneyMindApp\obj\Debug\net8.0-android\lp\173.stamp;C:\Users\rober\Documents\MoneyMindApp\obj\Debug\net8.0-android\lp\174.stamp;C:\Users\rober\Documents\MoneyMindApp\obj\Debug\net8.0-android\lp\175.stamp; [C:\Users\rober\Documents\MoneyMindApp\MoneyMindApp.csproj::TargetFramework=net8.0-android]
       C:\Program Files\dotnet\packs\Microsoft.Android.Sdk.Windows\34.0.154\tools\Xamarin.Android.Common.targets(1224,5): message :     ") in C:\Program Files\dotnet\packs\Microsoft.Android.Sdk.Windows\34.0.154\tools\Xamarin.Android.Common.targets (1224,5) [C:\Users\rober\Documents\MoneyMindApp\MoneyMindApp.csproj::TargetFramework=net8.0-android]
     1>Compilazione destinazione "_IncludeModifiedFilesInUpdateAndroidResgenInputs" nel progetto "MoneyMindApp.csproj" completata.
     1>Destinazione "_PrepareUpdateAndroidResgen" nel file "C:\Program Files\dotnet\packs\Microsoft.Android.Sdk.Windows\34.0.154\tools\Xamarin.Android.Common.targets" dal progetto "C:\Users\rober\Documents\MoneyMindApp\MoneyMindApp.csproj" (la destinazione "_UpdateAndroidResgen" dipende da essa):
       La destinazione "_PrepareUpdateAndroidResgen" verrà ignorata. Tutti i file di output sono aggiornati rispetto ai file di input.
       File di input: 
           C:\Users\rober\Documents\MoneyMindApp\MoneyMindApp.csproj
           C:\Program Files\dotnet\sdk\9.0.305\Current\Microsoft.Common.targets\ImportAfter\Microsoft.TestPlatform.ImportAfter.targets
           obj\Debug\net8.0-android\build.props
           C:\Users\rober\Documents\MoneyMindApp\obj\project.assets.json
           obj\Debug\net8.0-android\libraryprojectimports.cache
           obj\Debug\net8.0-android\libraryimports.cache
           obj\Debug\net8.0-android\resizetizer\sp\..\flat\drawable_maui_splash_image.xml.flat
           obj\Debug\net8.0-android\resizetizer\sp\..\flat\drawable-hdpi_splash.png.flat
           obj\Debug\net8.0-android\resizetizer\sp\..\flat\drawable-mdpi_splash.png.flat
           obj\Debug\net8.0-android\resizetizer\sp\..\flat\drawable-v31_maui_splash_image.xml.flat
           obj\Debug\net8.0-android\resizetizer\sp\..\flat\drawable-xhdpi_splash.png.flat
           obj\Debug\net8.0-android\resizetizer\sp\..\flat\drawable-xxhdpi_splash.png.flat
           obj\Debug\net8.0-android\resizetizer\sp\..\flat\drawable-xxxhdpi_splash.png.flat
           obj\Debug\net8.0-android\resizetizer\sp\..\flat\values_maui_colors.arsc.flat
           obj\Debug\net8.0-android\resizetizer\r\..\flat\drawable-hdpi_chart.png.flat
           obj\Debug\net8.0-android\resizetizer\r\..\flat\drawable-hdpi_home.png.flat
           obj\Debug\net8.0-android\resizetizer\r\..\flat\drawable-hdpi_list.png.flat
           obj\Debug\net8.0-android\resizetizer\r\..\flat\drawable-hdpi_settings.png.flat
           obj\Debug\net8.0-android\resizetizer\r\..\flat\drawable-hdpi_wallet.png.flat
           obj\Debug\net8.0-android\resizetizer\r\..\flat\drawable-mdpi_chart.png.flat
           obj\Debug\net8.0-android\resizetizer\r\..\flat\drawable-mdpi_home.png.flat
           obj\Debug\net8.0-android\resizetizer\r\..\flat\drawable-mdpi_list.png.flat
           obj\Debug\net8.0-android\resizetizer\r\..\flat\drawable-mdpi_settings.png.flat
           obj\Debug\net8.0-android\resizetizer\r\..\flat\drawable-mdpi_wallet.png.flat
           obj\Debug\net8.0-android\resizetizer\r\..\flat\drawable-xhdpi_chart.png.flat
           obj\Debug\net8.0-android\resizetizer\r\..\flat\drawable-xhdpi_home.png.flat
           obj\Debug\net8.0-android\resizetizer\r\..\flat\drawable-xhdpi_list.png.flat
           obj\Debug\net8.0-android\resizetizer\r\..\flat\drawable-xhdpi_settings.png.flat
           obj\Debug\net8.0-android\resizetizer\r\..\flat\drawable-xhdpi_wallet.png.flat
           obj\Debug\net8.0-android\resizetizer\r\..\flat\drawable-xxhdpi_chart.png.flat
           obj\Debug\net8.0-android\resizetizer\r\..\flat\drawable-xxhdpi_home.png.flat
           obj\Debug\net8.0-android\resizetizer\r\..\flat\drawable-xxhdpi_list.png.flat
           obj\Debug\net8.0-android\resizetizer\r\..\flat\drawable-xxhdpi_settings.png.flat
           obj\Debug\net8.0-android\resizetizer\r\..\flat\drawable-xxhdpi_wallet.png.flat
           obj\Debug\net8.0-android\resizetizer\r\..\flat\drawable-xxxhdpi_chart.png.flat
           obj\Debug\net8.0-android\resizetizer\r\..\flat\drawable-xxxhdpi_home.png.flat
           obj\Debug\net8.0-android\resizetizer\r\..\flat\drawable-xxxhdpi_list.png.flat
           obj\Debug\net8.0-android\resizetizer\r\..\flat\drawable-xxxhdpi_settings.png.flat
           obj\Debug\net8.0-android\resizetizer\r\..\flat\drawable-xxxhdpi_wallet.png.flat
           obj\Debug\net8.0-android\resizetizer\r\..\flat\mipmap-anydpi-v26_appicon.xml.flat
           obj\Debug\net8.0-android\resizetizer\r\..\flat\mipmap-anydpi-v26_appicon_round.xml.flat
           obj\Debug\net8.0-android\resizetizer\r\..\flat\mipmap-hdpi_appicon.png.flat
           obj\Debug\net8.0-android\resizetizer\r\..\flat\mipmap-hdpi_appicon_background.png.flat
           obj\Debug\net8.0-android\resizetizer\r\..\flat\mipmap-hdpi_appicon_foreground.png.flat
           obj\Debug\net8.0-android\resizetizer\r\..\flat\mipmap-hdpi_appicon_round.png.flat
           obj\Debug\net8.0-android\resizetizer\r\..\flat\mipmap-mdpi_appicon.png.flat
           obj\Debug\net8.0-android\resizetizer\r\..\flat\mipmap-mdpi_appicon_background.png.flat
           obj\Debug\net8.0-android\resizetizer\r\..\flat\mipmap-mdpi_appicon_foreground.png.flat
           obj\Debug\net8.0-android\resizetizer\r\..\flat\mipmap-mdpi_appicon_round.png.flat
           obj\Debug\net8.0-android\resizetizer\r\..\flat\mipmap-xhdpi_appicon.png.flat
           obj\Debug\net8.0-android\resizetizer\r\..\flat\mipmap-xhdpi_appicon_background.png.flat
           obj\Debug\net8.0-android\resizetizer\r\..\flat\mipmap-xhdpi_appicon_foreground.png.flat
           obj\Debug\net8.0-android\resizetizer\r\..\flat\mipmap-xhdpi_appicon_round.png.flat
           obj\Debug\net8.0-android\resizetizer\r\..\flat\mipmap-xxhdpi_appicon.png.flat
           obj\Debug\net8.0-android\resizetizer\r\..\flat\mipmap-xxhdpi_appicon_background.png.flat
           obj\Debug\net8.0-android\resizetizer\r\..\flat\mipmap-xxhdpi_appicon_foreground.png.flat
           obj\Debug\net8.0-android\resizetizer\r\..\flat\mipmap-xxhdpi_appicon_round.png.flat
           obj\Debug\net8.0-android\resizetizer\r\..\flat\mipmap-xxxhdpi_appicon.png.flat
           obj\Debug\net8.0-android\resizetizer\r\..\flat\mipmap-xxxhdpi_appicon_background.png.flat
           obj\Debug\net8.0-android\resizetizer\r\..\flat\mipmap-xxxhdpi_appicon_foreground.png.flat
           obj\Debug\net8.0-android\resizetizer\r\..\flat\mipmap-xxxhdpi_appicon_round.png.flat
           C:\Users\rober\Documents\MoneyMindApp\obj\Debug\net8.0-android\lp\107\jl\res\..\flat\107.flata
           C:\Users\rober\Documents\MoneyMindApp\obj\Debug\net8.0-android\lp\108\jl\res\..\flat\108.flata
           C:\Users\rober\Documents\MoneyMindApp\obj\Debug\net8.0-android\lp\109\jl\res\..\flat\109.flata
           C:\Users\rober\Documents\MoneyMindApp\obj\Debug\net8.0-android\lp\110\jl\res\..\flat\110.flata
           C:\Users\rober\Documents\MoneyMindApp\obj\Debug\net8.0-android\lp\111\jl\res\..\flat\111.flata
           C:\Users\rober\Documents\MoneyMindApp\obj\Debug\net8.0-android\lp\113\jl\res\..\flat\113.flata
           C:\Users\rober\Documents\MoneyMindApp\obj\Debug\net8.0-android\lp\114\jl\res\..\flat\114.flata
           C:\Users\rober\Documents\MoneyMindApp\obj\Debug\net8.0-android\lp\117\jl\res\..\flat\117.flata
           C:\Users\rober\Documents\MoneyMindApp\obj\Debug\net8.0-android\lp\118\jl\res\..\flat\118.flata
           C:\Users\rober\Documents\MoneyMindApp\obj\Debug\net8.0-android\lp\119\jl\res\..\flat\119.flata
           C:\Users\rober\Documents\MoneyMindApp\obj\Debug\net8.0-android\lp\120\jl\res\..\flat\120.flata
           C:\Users\rober\Documents\MoneyMindApp\obj\Debug\net8.0-android\lp\121\jl\res\..\flat\121.flata
           C:\Users\rober\Documents\MoneyMindApp\obj\Debug\net8.0-android\lp\122\jl\res\..\flat\122.flata
           C:\Users\rober\Documents\MoneyMindApp\obj\Debug\net8.0-android\lp\124\jl\res\..\flat\124.flata
           C:\Users\rober\Documents\MoneyMindApp\obj\Debug\net8.0-android\lp\125\jl\res\..\flat\125.flata
           C:\Users\rober\Documents\MoneyMindApp\obj\Debug\net8.0-android\lp\126\jl\res\..\flat\126.flata
           C:\Users\rober\Documents\MoneyMindApp\obj\Debug\net8.0-android\lp\127\jl\res\..\flat\127.flata
           C:\Users\rober\Documents\MoneyMindApp\obj\Debug\net8.0-android\lp\130\jl\res\..\flat\130.flata
           C:\Users\rober\Documents\MoneyMindApp\obj\Debug\net8.0-android\lp\132\jl\res\..\flat\132.flata
           C:\Users\rober\Documents\MoneyMindApp\obj\Debug\net8.0-android\lp\133\jl\res\..\flat\133.flata
           C:\Users\rober\Documents\MoneyMindApp\obj\Debug\net8.0-android\lp\136\jl\res\..\flat\136.flata
           C:\Users\rober\Documents\MoneyMindApp\obj\Debug\net8.0-android\lp\137\jl\res\..\flat\137.flata
           C:\Users\rober\Documents\MoneyMindApp\obj\Debug\net8.0-android\lp\139\jl\res\..\flat\139.flata
           C:\Users\rober\Documents\MoneyMindApp\obj\Debug\net8.0-android\lp\141\jl\res\..\flat\141.flata
           C:\Users\rober\Documents\MoneyMindApp\obj\Debug\net8.0-android\lp\142\jl\res\..\flat\142.flata
           C:\Users\rober\Documents\MoneyMindApp\obj\Debug\net8.0-android\lp\143\jl\res\..\flat\143.flata
           C:\Users\rober\Documents\MoneyMindApp\obj\Debug\net8.0-android\lp\144\jl\res\..\flat\144.flata
           C:\Users\rober\Documents\MoneyMindApp\obj\Debug\net8.0-android\lp\145\jl\res\..\flat\145.flata
           C:\Users\rober\Documents\MoneyMindApp\obj\Debug\net8.0-android\lp\146\jl\res\..\flat\146.flata
           C:\Users\rober\Documents\MoneyMindApp\obj\Debug\net8.0-android\lp\147\jl\res\..\flat\147.flata
           C:\Users\rober\Documents\MoneyMindApp\obj\Debug\net8.0-android\lp\148\jl\res\..\flat\148.flata
           C:\Users\rober\Documents\MoneyMindApp\obj\Debug\net8.0-android\lp\149\jl\res\..\flat\149.flata
           C:\Users\rober\Documents\MoneyMindApp\obj\Debug\net8.0-android\lp\150\jl\res\..\flat\150.flata
           C:\Users\rober\Documents\MoneyMindApp\obj\Debug\net8.0-android\lp\151\jl\res\..\flat\151.flata
           C:\Users\rober\Documents\MoneyMindApp\obj\Debug\net8.0-android\lp\152\jl\res\..\flat\152.flata
           C:\Users\rober\Documents\MoneyMindApp\obj\Debug\net8.0-android\lp\153\jl\res\..\flat\153.flata
           C:\Users\rober\Documents\MoneyMindApp\obj\Debug\net8.0-android\lp\154\jl\res\..\flat\154.flata
           C:\Users\rober\Documents\MoneyMindApp\obj\Debug\net8.0-android\lp\155\jl\res\..\flat\155.flata
           C:\Users\rober\Documents\MoneyMindApp\obj\Debug\net8.0-android\lp\156\jl\res\..\flat\156.flata
           C:\Users\rober\Documents\MoneyMindApp\obj\Debug\net8.0-android\lp\157\jl\res\..\flat\157.flata
           C:\Users\rober\Documents\MoneyMindApp\obj\Debug\net8.0-android\lp\158\jl\res\..\flat\158.flata
           C:\Users\rober\Documents\MoneyMindApp\obj\Debug\net8.0-android\lp\159\jl\res\..\flat\159.flata
           C:\Users\rober\Documents\MoneyMindApp\obj\Debug\net8.0-android\lp\160\jl\res\..\flat\160.flata
           C:\Users\rober\Documents\MoneyMindApp\obj\Debug\net8.0-android\lp\161\jl\res\..\flat\161.flata
           C:\Users\rober\Documents\MoneyMindApp\obj\Debug\net8.0-android\lp\162\jl\res\..\flat\162.flata
           C:\Users\rober\Documents\MoneyMindApp\obj\Debug\net8.0-android\lp\164\jl\res\..\flat\164.flata
           C:\Users\rober\Documents\MoneyMindApp\obj\Debug\net8.0-android\lp\165\jl\res\..\flat\165.flata
           C:\Users\rober\Documents\MoneyMindApp\obj\Debug\net8.0-android\lp\167\jl\res\..\flat\167.flata
           C:\Users\rober\Documents\MoneyMindApp\obj\Debug\net8.0-android\lp\170\jl\res\..\flat\layout_tabbar.xml.flat
           C:\Users\rober\Documents\MoneyMindApp\obj\Debug\net8.0-android\lp\170\jl\res\..\flat\layout_toolbar.xml.flat
           C:\Users\rober\Documents\MoneyMindApp\obj\Debug\net8.0-android\lp\170\jl\res\..\flat\values_attrs.arsc.flat
           C:\Users\rober\Documents\MoneyMindApp\obj\Debug\net8.0-android\lp\170\jl\res\..\flat\values_styles.arsc.flat
           C:\Users\rober\Documents\MoneyMindApp\obj\Debug\net8.0-android\lp\171\jl\res\..\flat\anim_enterfromleft.xml.flat
           C:\Users\rober\Documents\MoneyMindApp\obj\Debug\net8.0-android\lp\171\jl\res\..\flat\anim_enterfromright.xml.flat
           C:\Users\rober\Documents\MoneyMindApp\obj\Debug\net8.0-android\lp\171\jl\res\..\flat\anim_exittoleft.xml.flat
           C:\Users\rober\Documents\MoneyMindApp\obj\Debug\net8.0-android\lp\171\jl\res\..\flat\anim_exittoright.xml.flat
           C:\Users\rober\Documents\MoneyMindApp\obj\Debug\net8.0-android\lp\171\jl\res\..\flat\layout_flyoutcontent.xml.flat
           C:\Users\rober\Documents\MoneyMindApp\obj\Debug\net8.0-android\lp\171\jl\res\..\flat\layout_shellcontent.xml.flat
           C:\Users\rober\Documents\MoneyMindApp\obj\Debug\net8.0-android\lp\171\jl\res\..\flat\values_strings.arsc.flat
           C:\Users\rober\Documents\MoneyMindApp\obj\Debug\net8.0-android\lp\172\jl\res\..\flat\values_values.arsc.flat
           C:\Users\rober\Documents\MoneyMindApp\obj\Debug\net8.0-android\lp\173\jl\res\..\flat\anim_nav_default_enter_anim.xml.flat
           C:\Users\rober\Documents\MoneyMindApp\obj\Debug\net8.0-android\lp\173\jl\res\..\flat\anim_nav_default_exit_anim.xml.flat
           C:\Users\rober\Documents\MoneyMindApp\obj\Debug\net8.0-android\lp\173\jl\res\..\flat\anim_nav_default_pop_enter_anim.xml.flat
           C:\Users\rober\Documents\MoneyMindApp\obj\Debug\net8.0-android\lp\173\jl\res\..\flat\anim_nav_default_pop_exit_anim.xml.flat
           C:\Users\rober\Documents\MoneyMindApp\obj\Debug\net8.0-android\lp\173\jl\res\..\flat\drawable_maui_splash.xml.flat
           C:\Users\rober\Documents\MoneyMindApp\obj\Debug\net8.0-android\lp\173\jl\res\..\flat\drawable_maui_splash_image.xml.flat
           C:\Users\rober\Documents\MoneyMindApp\obj\Debug\net8.0-android\lp\173\jl\res\..\flat\layout_drawer_layout.xml.flat
           C:\Users\rober\Documents\MoneyMindApp\obj\Debug\net8.0-android\lp\173\jl\res\..\flat\layout_fragment_backstack.xml.flat
           C:\Users\rober\Documents\MoneyMindApp\obj\Debug\net8.0-android\lp\173\jl\res\..\flat\layout_navigationlayout.xml.flat
           C:\Users\rober\Documents\MoneyMindApp\obj\Debug\net8.0-android\lp\173\jl\res\..\flat\values_attr.arsc.flat
           C:\Users\rober\Documents\MoneyMindApp\obj\Debug\net8.0-android\lp\173\jl\res\..\flat\values_colors.arsc.flat
           C:\Users\rober\Documents\MoneyMindApp\obj\Debug\net8.0-android\lp\173\jl\res\..\flat\values_styles.arsc.flat
           C:\Users\rober\Documents\MoneyMindApp\obj\Debug\net8.0-android\lp\174\jl\res\..\flat\xml_microsoft_maui_essentials_fileprovider_file_paths.xml.flat
           C:\Users\rober\Documents\MoneyMindApp\obj\Debug\net8.0-android\lp\175\jl\res\..\flat\values_attrs.arsc.flat
           C:\Users\rober\Documents\MoneyMindApp\obj\Debug\net8.0-android\lp\106.stamp
           C:\Users\rober\Documents\MoneyMindApp\obj\Debug\net8.0-android\lp\107.stamp
           C:\Users\rober\Documents\MoneyMindApp\obj\Debug\net8.0-android\lp\108.stamp
           C:\Users\rober\Documents\MoneyMindApp\obj\Debug\net8.0-android\lp\109.stamp
           C:\Users\rober\Documents\MoneyMindApp\obj\Debug\net8.0-android\lp\110.stamp
           C:\Users\rober\Documents\MoneyMindApp\obj\Debug\net8.0-android\lp\111.stamp
           C:\Users\rober\Documents\MoneyMindApp\obj\Debug\net8.0-android\lp\112.stamp
           C:\Users\rober\Documents\MoneyMindApp\obj\Debug\net8.0-android\lp\113.stamp
           C:\Users\rober\Documents\MoneyMindApp\obj\Debug\net8.0-android\lp\114.stamp
           C:\Users\rober\Documents\MoneyMindApp\obj\Debug\net8.0-android\lp\115.stamp
           C:\Users\rober\Documents\MoneyMindApp\obj\Debug\net8.0-android\lp\116.stamp
           C:\Users\rober\Documents\MoneyMindApp\obj\Debug\net8.0-android\lp\117.stamp
           C:\Users\rober\Documents\MoneyMindApp\obj\Debug\net8.0-android\lp\118.stamp
           C:\Users\rober\Documents\MoneyMindApp\obj\Debug\net8.0-android\lp\119.stamp
           C:\Users\rober\Documents\MoneyMindApp\obj\Debug\net8.0-android\lp\120.stamp
           C:\Users\rober\Documents\MoneyMindApp\obj\Debug\net8.0-android\lp\121.stamp
           C:\Users\rober\Documents\MoneyMindApp\obj\Debug\net8.0-android\lp\122.stamp
           C:\Users\rober\Documents\MoneyMindApp\obj\Debug\net8.0-android\lp\123.stamp
           C:\Users\rober\Documents\MoneyMindApp\obj\Debug\net8.0-android\lp\124.stamp
           C:\Users\rober\Documents\MoneyMindApp\obj\Debug\net8.0-android\lp\125.stamp
           C:\Users\rober\Documents\MoneyMindApp\obj\Debug\net8.0-android\lp\126.stamp
           C:\Users\rober\Documents\MoneyMindApp\obj\Debug\net8.0-android\lp\127.stamp
           C:\Users\rober\Documents\MoneyMindApp\obj\Debug\net8.0-android\lp\128.stamp
           C:\Users\rober\Documents\MoneyMindApp\obj\Debug\net8.0-android\lp\129.stamp
           C:\Users\rober\Documents\MoneyMindApp\obj\Debug\net8.0-android\lp\130.stamp
           C:\Users\rober\Documents\MoneyMindApp\obj\Debug\net8.0-android\lp\131.stamp
           C:\Users\rober\Documents\MoneyMindApp\obj\Debug\net8.0-android\lp\132.stamp
           C:\Users\rober\Documents\MoneyMindApp\obj\Debug\net8.0-android\lp\133.stamp
           C:\Users\rober\Documents\MoneyMindApp\obj\Debug\net8.0-android\lp\134.stamp
           C:\Users\rober\Documents\MoneyMindApp\obj\Debug\net8.0-android\lp\135.stamp
           C:\Users\rober\Documents\MoneyMindApp\obj\Debug\net8.0-android\lp\136.stamp
           C:\Users\rober\Documents\MoneyMindApp\obj\Debug\net8.0-android\lp\137.stamp
           C:\Users\rober\Documents\MoneyMindApp\obj\Debug\net8.0-android\lp\138.stamp
           C:\Users\rober\Documents\MoneyMindApp\obj\Debug\net8.0-android\lp\139.stamp
           C:\Users\rober\Documents\MoneyMindApp\obj\Debug\net8.0-android\lp\140.stamp
           C:\Users\rober\Documents\MoneyMindApp\obj\Debug\net8.0-android\lp\141.stamp
           C:\Users\rober\Documents\MoneyMindApp\obj\Debug\net8.0-android\lp\142.stamp
           C:\Users\rober\Documents\MoneyMindApp\obj\Debug\net8.0-android\lp\143.stamp
           C:\Users\rober\Documents\MoneyMindApp\obj\Debug\net8.0-android\lp\144.stamp
           C:\Users\rober\Documents\MoneyMindApp\obj\Debug\net8.0-android\lp\145.stamp
           C:\Users\rober\Documents\MoneyMindApp\obj\Debug\net8.0-android\lp\146.stamp
           C:\Users\rober\Documents\MoneyMindApp\obj\Debug\net8.0-android\lp\147.stamp
           C:\Users\rober\Documents\MoneyMindApp\obj\Debug\net8.0-android\lp\148.stamp
           C:\Users\rober\Documents\MoneyMindApp\obj\Debug\net8.0-android\lp\149.stamp
           C:\Users\rober\Documents\MoneyMindApp\obj\Debug\net8.0-android\lp\150.stamp
           C:\Users\rober\Documents\MoneyMindApp\obj\Debug\net8.0-android\lp\151.stamp
           C:\Users\rober\Documents\MoneyMindApp\obj\Debug\net8.0-android\lp\152.stamp
           C:\Users\rober\Documents\MoneyMindApp\obj\Debug\net8.0-android\lp\153.stamp
           C:\Users\rober\Documents\MoneyMindApp\obj\Debug\net8.0-android\lp\154.stamp
           C:\Users\rober\Documents\MoneyMindApp\obj\Debug\net8.0-android\lp\155.stamp
           C:\Users\rober\Documents\MoneyMindApp\obj\Debug\net8.0-android\lp\156.stamp
           C:\Users\rober\Documents\MoneyMindApp\obj\Debug\net8.0-android\lp\157.stamp
           C:\Users\rober\Documents\MoneyMindApp\obj\Debug\net8.0-android\lp\158.stamp
           C:\Users\rober\Documents\MoneyMindApp\obj\Debug\net8.0-android\lp\159.stamp
           C:\Users\rober\Documents\MoneyMindApp\obj\Debug\net8.0-android\lp\160.stamp
           C:\Users\rober\Documents\MoneyMindApp\obj\Debug\net8.0-android\lp\161.stamp
           C:\Users\rober\Documents\MoneyMindApp\obj\Debug\net8.0-android\lp\162.stamp
           C:\Users\rober\Documents\MoneyMindApp\obj\Debug\net8.0-android\lp\163.stamp
           C:\Users\rober\Documents\MoneyMindApp\obj\Debug\net8.0-android\lp\164.stamp
           C:\Users\rober\Documents\MoneyMindApp\obj\Debug\net8.0-android\lp\165.stamp
           C:\Users\rober\Documents\MoneyMindApp\obj\Debug\net8.0-android\lp\166.stamp
           C:\Users\rober\Documents\MoneyMindApp\obj\Debug\net8.0-android\lp\167.stamp
           C:\Users\rober\Documents\MoneyMindApp\obj\Debug\net8.0-android\lp\170.stamp
           C:\Users\rober\Documents\MoneyMindApp\obj\Debug\net8.0-android\lp\171.stamp
           C:\Users\rober\Documents\MoneyMindApp\obj\Debug\net8.0-android\lp\172.stamp
           C:\Users\rober\Documents\MoneyMindApp\obj\Debug\net8.0-android\lp\173.stamp
           C:\Users\rober\Documents\MoneyMindApp\obj\Debug\net8.0-android\lp\174.stamp
           C:\Users\rober\Documents\MoneyMindApp\obj\Debug\net8.0-android\lp\175.stamp
       File di output: obj\Debug\net8.0-android\R.cs.flag
     1>Compilazione destinazione "_PrepareUpdateAndroidResgen" nel progetto "MoneyMindApp.csproj" completata.
     1>Destinazione "_XamarinAndroidSupportVectorDrawableArgs" nel file "C:\Users\rober\.nuget\packages\xamarin.androidx.vectordrawable\1.1.0.19\buildTransitive\net6.0-android31.0\Xamarin.AndroidX.VectorDrawable.targets" dal progetto "C:\Users\rober\Documents\MoneyMindApp\MoneyMindApp.csproj" (la destinazione "_UpdateAndroidResgen" dipende da essa):
     1>Compilazione destinazione "_XamarinAndroidSupportVectorDrawableArgs" nel progetto "MoneyMindApp.csproj" completata.
     1>Destinazione "_UpdateAndroidResgen" nel file "C:\Program Files\dotnet\packs\Microsoft.Android.Sdk.Windows\34.0.154\tools\Xamarin.Android.Common.targets" dal progetto "C:\Users\rober\Documents\MoneyMindApp\MoneyMindApp.csproj" (la destinazione "_UpdateAndroidResources" dipende da essa):
       La destinazione "_UpdateAndroidResgen" verrà ignorata. Tutti i file di output sono aggiornati rispetto ai file di input.
       File di input: 
           C:\Users\rober\Documents\MoneyMindApp\MoneyMindApp.csproj
           C:\Program Files\dotnet\sdk\9.0.305\Current\Microsoft.Common.targets\ImportAfter\Microsoft.TestPlatform.ImportAfter.targets
           obj\Debug\net8.0-android\build.props
           C:\Users\rober\Documents\MoneyMindApp\obj\project.assets.json
           obj\Debug\net8.0-android\libraryprojectimports.cache
           obj\Debug\net8.0-android\libraryimports.cache
           obj\Debug\net8.0-android\resizetizer\sp\..\flat\drawable_maui_splash_image.xml.flat
           obj\Debug\net8.0-android\resizetizer\sp\..\flat\drawable-hdpi_splash.png.flat
           obj\Debug\net8.0-android\resizetizer\sp\..\flat\drawable-mdpi_splash.png.flat
           obj\Debug\net8.0-android\resizetizer\sp\..\flat\drawable-v31_maui_splash_image.xml.flat
           obj\Debug\net8.0-android\resizetizer\sp\..\flat\drawable-xhdpi_splash.png.flat
           obj\Debug\net8.0-android\resizetizer\sp\..\flat\drawable-xxhdpi_splash.png.flat
           obj\Debug\net8.0-android\resizetizer\sp\..\flat\drawable-xxxhdpi_splash.png.flat
           obj\Debug\net8.0-android\resizetizer\sp\..\flat\values_maui_colors.arsc.flat
           obj\Debug\net8.0-android\resizetizer\r\..\flat\drawable-hdpi_chart.png.flat
           obj\Debug\net8.0-android\resizetizer\r\..\flat\drawable-hdpi_home.png.flat
           obj\Debug\net8.0-android\resizetizer\r\..\flat\drawable-hdpi_list.png.flat
           obj\Debug\net8.0-android\resizetizer\r\..\flat\drawable-hdpi_settings.png.flat
           obj\Debug\net8.0-android\resizetizer\r\..\flat\drawable-hdpi_wallet.png.flat
           obj\Debug\net8.0-android\resizetizer\r\..\flat\drawable-mdpi_chart.png.flat
           obj\Debug\net8.0-android\resizetizer\r\..\flat\drawable-mdpi_home.png.flat
           obj\Debug\net8.0-android\resizetizer\r\..\flat\drawable-mdpi_list.png.flat
           obj\Debug\net8.0-android\resizetizer\r\..\flat\drawable-mdpi_settings.png.flat
           obj\Debug\net8.0-android\resizetizer\r\..\flat\drawable-mdpi_wallet.png.flat
           obj\Debug\net8.0-android\resizetizer\r\..\flat\drawable-xhdpi_chart.png.flat
           obj\Debug\net8.0-android\resizetizer\r\..\flat\drawable-xhdpi_home.png.flat
           obj\Debug\net8.0-android\resizetizer\r\..\flat\drawable-xhdpi_list.png.flat
           obj\Debug\net8.0-android\resizetizer\r\..\flat\drawable-xhdpi_settings.png.flat
           obj\Debug\net8.0-android\resizetizer\r\..\flat\drawable-xhdpi_wallet.png.flat
           obj\Debug\net8.0-android\resizetizer\r\..\flat\drawable-xxhdpi_chart.png.flat
           obj\Debug\net8.0-android\resizetizer\r\..\flat\drawable-xxhdpi_home.png.flat
           obj\Debug\net8.0-android\resizetizer\r\..\flat\drawable-xxhdpi_list.png.flat
           obj\Debug\net8.0-android\resizetizer\r\..\flat\drawable-xxhdpi_settings.png.flat
           obj\Debug\net8.0-android\resizetizer\r\..\flat\drawable-xxhdpi_wallet.png.flat
           obj\Debug\net8.0-android\resizetizer\r\..\flat\drawable-xxxhdpi_chart.png.flat
           obj\Debug\net8.0-android\resizetizer\r\..\flat\drawable-xxxhdpi_home.png.flat
           obj\Debug\net8.0-android\resizetizer\r\..\flat\drawable-xxxhdpi_list.png.flat
           obj\Debug\net8.0-android\resizetizer\r\..\flat\drawable-xxxhdpi_settings.png.flat
           obj\Debug\net8.0-android\resizetizer\r\..\flat\drawable-xxxhdpi_wallet.png.flat
           obj\Debug\net8.0-android\resizetizer\r\..\flat\mipmap-anydpi-v26_appicon.xml.flat
           obj\Debug\net8.0-android\resizetizer\r\..\flat\mipmap-anydpi-v26_appicon_round.xml.flat
           obj\Debug\net8.0-android\resizetizer\r\..\flat\mipmap-hdpi_appicon.png.flat
           obj\Debug\net8.0-android\resizetizer\r\..\flat\mipmap-hdpi_appicon_background.png.flat
           obj\Debug\net8.0-android\resizetizer\r\..\flat\mipmap-hdpi_appicon_foreground.png.flat
           obj\Debug\net8.0-android\resizetizer\r\..\flat\mipmap-hdpi_appicon_round.png.flat
           obj\Debug\net8.0-android\resizetizer\r\..\flat\mipmap-mdpi_appicon.png.flat
           obj\Debug\net8.0-android\resizetizer\r\..\flat\mipmap-mdpi_appicon_background.png.flat
           obj\Debug\net8.0-android\resizetizer\r\..\flat\mipmap-mdpi_appicon_foreground.png.flat
           obj\Debug\net8.0-android\resizetizer\r\..\flat\mipmap-mdpi_appicon_round.png.flat
           obj\Debug\net8.0-android\resizetizer\r\..\flat\mipmap-xhdpi_appicon.png.flat
           obj\Debug\net8.0-android\resizetizer\r\..\flat\mipmap-xhdpi_appicon_background.png.flat
           obj\Debug\net8.0-android\resizetizer\r\..\flat\mipmap-xhdpi_appicon_foreground.png.flat
           obj\Debug\net8.0-android\resizetizer\r\..\flat\mipmap-xhdpi_appicon_round.png.flat
           obj\Debug\net8.0-android\resizetizer\r\..\flat\mipmap-xxhdpi_appicon.png.flat
           obj\Debug\net8.0-android\resizetizer\r\..\flat\mipmap-xxhdpi_appicon_background.png.flat
           obj\Debug\net8.0-android\resizetizer\r\..\flat\mipmap-xxhdpi_appicon_foreground.png.flat
           obj\Debug\net8.0-android\resizetizer\r\..\flat\mipmap-xxhdpi_appicon_round.png.flat
           obj\Debug\net8.0-android\resizetizer\r\..\flat\mipmap-xxxhdpi_appicon.png.flat
           obj\Debug\net8.0-android\resizetizer\r\..\flat\mipmap-xxxhdpi_appicon_background.png.flat
           obj\Debug\net8.0-android\resizetizer\r\..\flat\mipmap-xxxhdpi_appicon_foreground.png.flat
           obj\Debug\net8.0-android\resizetizer\r\..\flat\mipmap-xxxhdpi_appicon_round.png.flat
           C:\Users\rober\Documents\MoneyMindApp\obj\Debug\net8.0-android\lp\107\jl\res\..\flat\107.flata
           C:\Users\rober\Documents\MoneyMindApp\obj\Debug\net8.0-android\lp\108\jl\res\..\flat\108.flata
           C:\Users\rober\Documents\MoneyMindApp\obj\Debug\net8.0-android\lp\109\jl\res\..\flat\109.flata
           C:\Users\rober\Documents\MoneyMindApp\obj\Debug\net8.0-android\lp\110\jl\res\..\flat\110.flata
           C:\Users\rober\Documents\MoneyMindApp\obj\Debug\net8.0-android\lp\111\jl\res\..\flat\111.flata
           C:\Users\rober\Documents\MoneyMindApp\obj\Debug\net8.0-android\lp\113\jl\res\..\flat\113.flata
           C:\Users\rober\Documents\MoneyMindApp\obj\Debug\net8.0-android\lp\114\jl\res\..\flat\114.flata
           C:\Users\rober\Documents\MoneyMindApp\obj\Debug\net8.0-android\lp\117\jl\res\..\flat\117.flata
           C:\Users\rober\Documents\MoneyMindApp\obj\Debug\net8.0-android\lp\118\jl\res\..\flat\118.flata
           C:\Users\rober\Documents\MoneyMindApp\obj\Debug\net8.0-android\lp\119\jl\res\..\flat\119.flata
           C:\Users\rober\Documents\MoneyMindApp\obj\Debug\net8.0-android\lp\120\jl\res\..\flat\120.flata
           C:\Users\rober\Documents\MoneyMindApp\obj\Debug\net8.0-android\lp\121\jl\res\..\flat\121.flata
           C:\Users\rober\Documents\MoneyMindApp\obj\Debug\net8.0-android\lp\122\jl\res\..\flat\122.flata
           C:\Users\rober\Documents\MoneyMindApp\obj\Debug\net8.0-android\lp\124\jl\res\..\flat\124.flata
           C:\Users\rober\Documents\MoneyMindApp\obj\Debug\net8.0-android\lp\125\jl\res\..\flat\125.flata
           C:\Users\rober\Documents\MoneyMindApp\obj\Debug\net8.0-android\lp\126\jl\res\..\flat\126.flata
           C:\Users\rober\Documents\MoneyMindApp\obj\Debug\net8.0-android\lp\127\jl\res\..\flat\127.flata
           C:\Users\rober\Documents\MoneyMindApp\obj\Debug\net8.0-android\lp\130\jl\res\..\flat\130.flata
           C:\Users\rober\Documents\MoneyMindApp\obj\Debug\net8.0-android\lp\132\jl\res\..\flat\132.flata
           C:\Users\rober\Documents\MoneyMindApp\obj\Debug\net8.0-android\lp\133\jl\res\..\flat\133.flata
           C:\Users\rober\Documents\MoneyMindApp\obj\Debug\net8.0-android\lp\136\jl\res\..\flat\136.flata
           C:\Users\rober\Documents\MoneyMindApp\obj\Debug\net8.0-android\lp\137\jl\res\..\flat\137.flata
           C:\Users\rober\Documents\MoneyMindApp\obj\Debug\net8.0-android\lp\139\jl\res\..\flat\139.flata
           C:\Users\rober\Documents\MoneyMindApp\obj\Debug\net8.0-android\lp\141\jl\res\..\flat\141.flata
           C:\Users\rober\Documents\MoneyMindApp\obj\Debug\net8.0-android\lp\142\jl\res\..\flat\142.flata
           C:\Users\rober\Documents\MoneyMindApp\obj\Debug\net8.0-android\lp\143\jl\res\..\flat\143.flata
           C:\Users\rober\Documents\MoneyMindApp\obj\Debug\net8.0-android\lp\144\jl\res\..\flat\144.flata
           C:\Users\rober\Documents\MoneyMindApp\obj\Debug\net8.0-android\lp\145\jl\res\..\flat\145.flata
           C:\Users\rober\Documents\MoneyMindApp\obj\Debug\net8.0-android\lp\146\jl\res\..\flat\146.flata
           C:\Users\rober\Documents\MoneyMindApp\obj\Debug\net8.0-android\lp\147\jl\res\..\flat\147.flata
           C:\Users\rober\Documents\MoneyMindApp\obj\Debug\net8.0-android\lp\148\jl\res\..\flat\148.flata
           C:\Users\rober\Documents\MoneyMindApp\obj\Debug\net8.0-android\lp\149\jl\res\..\flat\149.flata
           C:\Users\rober\Documents\MoneyMindApp\obj\Debug\net8.0-android\lp\150\jl\res\..\flat\150.flata
           C:\Users\rober\Documents\MoneyMindApp\obj\Debug\net8.0-android\lp\151\jl\res\..\flat\151.flata
           C:\Users\rober\Documents\MoneyMindApp\obj\Debug\net8.0-android\lp\152\jl\res\..\flat\152.flata
           C:\Users\rober\Documents\MoneyMindApp\obj\Debug\net8.0-android\lp\153\jl\res\..\flat\153.flata
           C:\Users\rober\Documents\MoneyMindApp\obj\Debug\net8.0-android\lp\154\jl\res\..\flat\154.flata
           C:\Users\rober\Documents\MoneyMindApp\obj\Debug\net8.0-android\lp\155\jl\res\..\flat\155.flata
           C:\Users\rober\Documents\MoneyMindApp\obj\Debug\net8.0-android\lp\156\jl\res\..\flat\156.flata
           C:\Users\rober\Documents\MoneyMindApp\obj\Debug\net8.0-android\lp\157\jl\res\..\flat\157.flata
           C:\Users\rober\Documents\MoneyMindApp\obj\Debug\net8.0-android\lp\158\jl\res\..\flat\158.flata
           C:\Users\rober\Documents\MoneyMindApp\obj\Debug\net8.0-android\lp\159\jl\res\..\flat\159.flata
           C:\Users\rober\Documents\MoneyMindApp\obj\Debug\net8.0-android\lp\160\jl\res\..\flat\160.flata
           C:\Users\rober\Documents\MoneyMindApp\obj\Debug\net8.0-android\lp\161\jl\res\..\flat\161.flata
           C:\Users\rober\Documents\MoneyMindApp\obj\Debug\net8.0-android\lp\162\jl\res\..\flat\162.flata
           C:\Users\rober\Documents\MoneyMindApp\obj\Debug\net8.0-android\lp\164\jl\res\..\flat\164.flata
           C:\Users\rober\Documents\MoneyMindApp\obj\Debug\net8.0-android\lp\165\jl\res\..\flat\165.flata
           C:\Users\rober\Documents\MoneyMindApp\obj\Debug\net8.0-android\lp\167\jl\res\..\flat\167.flata
           C:\Users\rober\Documents\MoneyMindApp\obj\Debug\net8.0-android\lp\170\jl\res\..\flat\layout_tabbar.xml.flat
           C:\Users\rober\Documents\MoneyMindApp\obj\Debug\net8.0-android\lp\170\jl\res\..\flat\layout_toolbar.xml.flat
           C:\Users\rober\Documents\MoneyMindApp\obj\Debug\net8.0-android\lp\170\jl\res\..\flat\values_attrs.arsc.flat
           C:\Users\rober\Documents\MoneyMindApp\obj\Debug\net8.0-android\lp\170\jl\res\..\flat\values_styles.arsc.flat
           C:\Users\rober\Documents\MoneyMindApp\obj\Debug\net8.0-android\lp\171\jl\res\..\flat\anim_enterfromleft.xml.flat
           C:\Users\rober\Documents\MoneyMindApp\obj\Debug\net8.0-android\lp\171\jl\res\..\flat\anim_enterfromright.xml.flat
           C:\Users\rober\Documents\MoneyMindApp\obj\Debug\net8.0-android\lp\171\jl\res\..\flat\anim_exittoleft.xml.flat
           C:\Users\rober\Documents\MoneyMindApp\obj\Debug\net8.0-android\lp\171\jl\res\..\flat\anim_exittoright.xml.flat
           C:\Users\rober\Documents\MoneyMindApp\obj\Debug\net8.0-android\lp\171\jl\res\..\flat\layout_flyoutcontent.xml.flat
           C:\Users\rober\Documents\MoneyMindApp\obj\Debug\net8.0-android\lp\171\jl\res\..\flat\layout_shellcontent.xml.flat
           C:\Users\rober\Documents\MoneyMindApp\obj\Debug\net8.0-android\lp\171\jl\res\..\flat\values_strings.arsc.flat
           C:\Users\rober\Documents\MoneyMindApp\obj\Debug\net8.0-android\lp\172\jl\res\..\flat\values_values.arsc.flat
           C:\Users\rober\Documents\MoneyMindApp\obj\Debug\net8.0-android\lp\173\jl\res\..\flat\anim_nav_default_enter_anim.xml.flat
           C:\Users\rober\Documents\MoneyMindApp\obj\Debug\net8.0-android\lp\173\jl\res\..\flat\anim_nav_default_exit_anim.xml.flat
           C:\Users\rober\Documents\MoneyMindApp\obj\Debug\net8.0-android\lp\173\jl\res\..\flat\anim_nav_default_pop_enter_anim.xml.flat
           C:\Users\rober\Documents\MoneyMindApp\obj\Debug\net8.0-android\lp\173\jl\res\..\flat\anim_nav_default_pop_exit_anim.xml.flat
           C:\Users\rober\Documents\MoneyMindApp\obj\Debug\net8.0-android\lp\173\jl\res\..\flat\drawable_maui_splash.xml.flat
           C:\Users\rober\Documents\MoneyMindApp\obj\Debug\net8.0-android\lp\173\jl\res\..\flat\drawable_maui_splash_image.xml.flat
           C:\Users\rober\Documents\MoneyMindApp\obj\Debug\net8.0-android\lp\173\jl\res\..\flat\layout_drawer_layout.xml.flat
           C:\Users\rober\Documents\MoneyMindApp\obj\Debug\net8.0-android\lp\173\jl\res\..\flat\layout_fragment_backstack.xml.flat
           C:\Users\rober\Documents\MoneyMindApp\obj\Debug\net8.0-android\lp\173\jl\res\..\flat\layout_navigationlayout.xml.flat
           C:\Users\rober\Documents\MoneyMindApp\obj\Debug\net8.0-android\lp\173\jl\res\..\flat\values_attr.arsc.flat
           C:\Users\rober\Documents\MoneyMindApp\obj\Debug\net8.0-android\lp\173\jl\res\..\flat\values_colors.arsc.flat
           C:\Users\rober\Documents\MoneyMindApp\obj\Debug\net8.0-android\lp\173\jl\res\..\flat\values_styles.arsc.flat
           C:\Users\rober\Documents\MoneyMindApp\obj\Debug\net8.0-android\lp\174\jl\res\..\flat\xml_microsoft_maui_essentials_fileprovider_file_paths.xml.flat
           C:\Users\rober\Documents\MoneyMindApp\obj\Debug\net8.0-android\lp\175\jl\res\..\flat\values_attrs.arsc.flat
           C:\Users\rober\Documents\MoneyMindApp\obj\Debug\net8.0-android\lp\106.stamp
           C:\Users\rober\Documents\MoneyMindApp\obj\Debug\net8.0-android\lp\107.stamp
           C:\Users\rober\Documents\MoneyMindApp\obj\Debug\net8.0-android\lp\108.stamp
           C:\Users\rober\Documents\MoneyMindApp\obj\Debug\net8.0-android\lp\109.stamp
           C:\Users\rober\Documents\MoneyMindApp\obj\Debug\net8.0-android\lp\110.stamp
           C:\Users\rober\Documents\MoneyMindApp\obj\Debug\net8.0-android\lp\111.stamp
           C:\Users\rober\Documents\MoneyMindApp\obj\Debug\net8.0-android\lp\112.stamp
           C:\Users\rober\Documents\MoneyMindApp\obj\Debug\net8.0-android\lp\113.stamp
           C:\Users\rober\Documents\MoneyMindApp\obj\Debug\net8.0-android\lp\114.stamp
           C:\Users\rober\Documents\MoneyMindApp\obj\Debug\net8.0-android\lp\115.stamp
           C:\Users\rober\Documents\MoneyMindApp\obj\Debug\net8.0-android\lp\116.stamp
           C:\Users\rober\Documents\MoneyMindApp\obj\Debug\net8.0-android\lp\117.stamp
           C:\Users\rober\Documents\MoneyMindApp\obj\Debug\net8.0-android\lp\118.stamp
           C:\Users\rober\Documents\MoneyMindApp\obj\Debug\net8.0-android\lp\119.stamp
           C:\Users\rober\Documents\MoneyMindApp\obj\Debug\net8.0-android\lp\120.stamp
           C:\Users\rober\Documents\MoneyMindApp\obj\Debug\net8.0-android\lp\121.stamp
           C:\Users\rober\Documents\MoneyMindApp\obj\Debug\net8.0-android\lp\122.stamp
           C:\Users\rober\Documents\MoneyMindApp\obj\Debug\net8.0-android\lp\123.stamp
           C:\Users\rober\Documents\MoneyMindApp\obj\Debug\net8.0-android\lp\124.stamp
           C:\Users\rober\Documents\MoneyMindApp\obj\Debug\net8.0-android\lp\125.stamp
           C:\Users\rober\Documents\MoneyMindApp\obj\Debug\net8.0-android\lp\126.stamp
           C:\Users\rober\Documents\MoneyMindApp\obj\Debug\net8.0-android\lp\127.stamp
           C:\Users\rober\Documents\MoneyMindApp\obj\Debug\net8.0-android\lp\128.stamp
           C:\Users\rober\Documents\MoneyMindApp\obj\Debug\net8.0-android\lp\129.stamp
           C:\Users\rober\Documents\MoneyMindApp\obj\Debug\net8.0-android\lp\130.stamp
           C:\Users\rober\Documents\MoneyMindApp\obj\Debug\net8.0-android\lp\131.stamp
           C:\Users\rober\Documents\MoneyMindApp\obj\Debug\net8.0-android\lp\132.stamp
           C:\Users\rober\Documents\MoneyMindApp\obj\Debug\net8.0-android\lp\133.stamp
           C:\Users\rober\Documents\MoneyMindApp\obj\Debug\net8.0-android\lp\134.stamp
           C:\Users\rober\Documents\MoneyMindApp\obj\Debug\net8.0-android\lp\135.stamp
           C:\Users\rober\Documents\MoneyMindApp\obj\Debug\net8.0-android\lp\136.stamp
           C:\Users\rober\Documents\MoneyMindApp\obj\Debug\net8.0-android\lp\137.stamp
           C:\Users\rober\Documents\MoneyMindApp\obj\Debug\net8.0-android\lp\138.stamp
           C:\Users\rober\Documents\MoneyMindApp\obj\Debug\net8.0-android\lp\139.stamp
           C:\Users\rober\Documents\MoneyMindApp\obj\Debug\net8.0-android\lp\140.stamp
           C:\Users\rober\Documents\MoneyMindApp\obj\Debug\net8.0-android\lp\141.stamp
           C:\Users\rober\Documents\MoneyMindApp\obj\Debug\net8.0-android\lp\142.stamp
           C:\Users\rober\Documents\MoneyMindApp\obj\Debug\net8.0-android\lp\143.stamp
           C:\Users\rober\Documents\MoneyMindApp\obj\Debug\net8.0-android\lp\144.stamp
           C:\Users\rober\Documents\MoneyMindApp\obj\Debug\net8.0-android\lp\145.stamp
           C:\Users\rober\Documents\MoneyMindApp\obj\Debug\net8.0-android\lp\146.stamp
           C:\Users\rober\Documents\MoneyMindApp\obj\Debug\net8.0-android\lp\147.stamp
           C:\Users\rober\Documents\MoneyMindApp\obj\Debug\net8.0-android\lp\148.stamp
           C:\Users\rober\Documents\MoneyMindApp\obj\Debug\net8.0-android\lp\149.stamp
           C:\Users\rober\Documents\MoneyMindApp\obj\Debug\net8.0-android\lp\150.stamp
           C:\Users\rober\Documents\MoneyMindApp\obj\Debug\net8.0-android\lp\151.stamp
           C:\Users\rober\Documents\MoneyMindApp\obj\Debug\net8.0-android\lp\152.stamp
           C:\Users\rober\Documents\MoneyMindApp\obj\Debug\net8.0-android\lp\153.stamp
           C:\Users\rober\Documents\MoneyMindApp\obj\Debug\net8.0-android\lp\154.stamp
           C:\Users\rober\Documents\MoneyMindApp\obj\Debug\net8.0-android\lp\155.stamp
           C:\Users\rober\Documents\MoneyMindApp\obj\Debug\net8.0-android\lp\156.stamp
           C:\Users\rober\Documents\MoneyMindApp\obj\Debug\net8.0-android\lp\157.stamp
           C:\Users\rober\Documents\MoneyMindApp\obj\Debug\net8.0-android\lp\158.stamp
           C:\Users\rober\Documents\MoneyMindApp\obj\Debug\net8.0-android\lp\159.stamp
           C:\Users\rober\Documents\MoneyMindApp\obj\Debug\net8.0-android\lp\160.stamp
           C:\Users\rober\Documents\MoneyMindApp\obj\Debug\net8.0-android\lp\161.stamp
           C:\Users\rober\Documents\MoneyMindApp\obj\Debug\net8.0-android\lp\162.stamp
           C:\Users\rober\Documents\MoneyMindApp\obj\Debug\net8.0-android\lp\163.stamp
           C:\Users\rober\Documents\MoneyMindApp\obj\Debug\net8.0-android\lp\164.stamp
           C:\Users\rober\Documents\MoneyMindApp\obj\Debug\net8.0-android\lp\165.stamp
           C:\Users\rober\Documents\MoneyMindApp\obj\Debug\net8.0-android\lp\166.stamp
           C:\Users\rober\Documents\MoneyMindApp\obj\Debug\net8.0-android\lp\167.stamp
           C:\Users\rober\Documents\MoneyMindApp\obj\Debug\net8.0-android\lp\170.stamp
           C:\Users\rober\Documents\MoneyMindApp\obj\Debug\net8.0-android\lp\171.stamp
           C:\Users\rober\Documents\MoneyMindApp\obj\Debug\net8.0-android\lp\172.stamp
           C:\Users\rober\Documents\MoneyMindApp\obj\Debug\net8.0-android\lp\173.stamp
           C:\Users\rober\Documents\MoneyMindApp\obj\Debug\net8.0-android\lp\174.stamp
           C:\Users\rober\Documents\MoneyMindApp\obj\Debug\net8.0-android\lp\175.stamp
       File di output: obj\Debug\net8.0-android\R.cs.flag
     1>Compilazione destinazione "_UpdateAndroidResgen" nel progetto "MoneyMindApp.csproj" completata.
       Destinazione"_CreateAar" ignorata. Condizione false. ( '$(AndroidApplication)' != 'true' ) ha restituito ( 'true' != 'true' ).
       La destinazione "_BuildResourceDesigner" è stata ignorata. La compilazione era stata completata in precedenza.
     1>Destinazione "_UpdateAndroidResources" nel file "C:\Program Files\dotnet\packs\Microsoft.Android.Sdk.Windows\34.0.154\tools\Xamarin.Android.Common.targets" dal progetto "C:\Users\rober\Documents\MoneyMindApp\MoneyMindApp.csproj" (la destinazione "UpdateAndroidResources" dipende da essa):
     1>Compilazione destinazione "_UpdateAndroidResources" nel progetto "MoneyMindApp.csproj" completata.
     1>Destinazione "UpdateAndroidResources" nel file "C:\Program Files\dotnet\packs\Microsoft.Android.Sdk.Windows\34.0.154\tools\Xamarin.Android.Common.targets" dal progetto "C:\Users\rober\Documents\MoneyMindApp\MoneyMindApp.csproj" (la destinazione "ResolveReferences" dipende da essa):
     1>Compilazione destinazione "UpdateAndroidResources" nel progetto "MoneyMindApp.csproj" completata.
       La destinazione "_BuildResourceDesigner" è stata ignorata. La compilazione era stata completata in precedenza.
       Destinazione"UpdateAndroidInterfaceProxies" ignorata. Condizione false. ( '@(AndroidInterfaceDescription->Count())' != '0' ) ha restituito ( '0' != '0' ).
       Destinazione"_CheckForInvalidDesignerConfig" ignorata. Condizione false. ( '$(AndroidUseDesignerAssembly)' != 'True' ) ha restituito ( 'true' != 'True' ).
     1>Destinazione "ResolveReferences" nel file "C:\Program Files\dotnet\sdk\9.0.305\Microsoft.Common.CurrentVersion.targets" dal progetto "C:\Users\rober\Documents\MoneyMindApp\MoneyMindApp.csproj" (la destinazione "_BlockWinMDsOnUnsupportedTFMs" dipende da essa):
     1>Compilazione destinazione "ResolveReferences" nel progetto "MoneyMindApp.csproj" completata.
     1>Destinazione "_BlockWinMDsOnUnsupportedTFMs" nel file "C:\Program Files\dotnet\sdk\9.0.305\Sdks\Microsoft.NET.Sdk\targets\Microsoft.NET.Sdk.targets" dal progetto "C:\Users\rober\Documents\MoneyMindApp\MoneyMindApp.csproj" (la destinazione "CoreBuild" dipende da essa):
       Verrà usata l'attività "CheckForUnsupportedWinMDReferences" dall'assembly "C:\Program Files\dotnet\sdk\9.0.305\Sdks\Microsoft.NET.Sdk\targets\..\tools\net9.0\Microsoft.NET.Build.Tasks.dll".
       Attività "CheckForUnsupportedWinMDReferences"
       Esecuzione attività "CheckForUnsupportedWinMDReferences" completata.
       Attività "NETSdkError" ignorata. Condizione false. ('$(OutputType)' == 'winmdobj') ha restituito ('Library' == 'winmdobj').
     1>Compilazione destinazione "_BlockWinMDsOnUnsupportedTFMs" nel progetto "MoneyMindApp.csproj" completata.
       La destinazione "ResolveReferences" è stata ignorata. La compilazione era stata completata in precedenza.
     1>Destinazione "_MauiAddXamlEmbeddedResources" nel file "C:\Users\rober\.nuget\packages\microsoft.maui.controls.build.tasks\8.0.90\buildTransitive\netstandard2.0\Microsoft.Maui.Controls.targets" dal progetto "C:\Users\rober\Documents\MoneyMindApp\MoneyMindApp.csproj" (la destinazione "PrepareResources" dipende da essa):
     1>Compilazione destinazione "_MauiAddXamlEmbeddedResources" nel progetto "MoneyMindApp.csproj" completata.
       La destinazione "ResolvePackageDependenciesForBuild" è stata ignorata. La compilazione era stata completata in precedenza.
       La destinazione "_HandlePackageFileConflicts" è stata ignorata. La compilazione era stata completata in precedenza.
     1>Destinazione "CopyAdditionalFiles" nel file "C:\Program Files\dotnet\sdk\9.0.305\Roslyn\Microsoft.Managed.Core.targets" dal progetto "C:\Users\rober\Documents\MoneyMindApp\MoneyMindApp.csproj" (la destinazione "AssignTargetPaths" dipende da essa):
     1>Compilazione destinazione "CopyAdditionalFiles" nel progetto "MoneyMindApp.csproj" completata.
       Destinazione"_ComputeNETCoreBuildOutputFiles" ignorata. Condizione false. ('$(ComputeNETCoreBuildOutputFiles)' == 'true') ha restituito ('false' == 'true').
     1>Destinazione "AssignTargetPaths" nel file "C:\Program Files\dotnet\sdk\9.0.305\Microsoft.Common.CurrentVersion.targets" dal progetto "C:\Users\rober\Documents\MoneyMindApp\MoneyMindApp.csproj" (la destinazione "PrepareResourceNames" dipende da essa):
       Verrà usata l'attività "AssignTargetPath" dall'assembly "Microsoft.Build.Tasks.Core, Version=15.1.0.0, Culture=neutral, PublicKeyToken=b03f5f7f11d50a3a".
       Attività "AssignTargetPath"
       Esecuzione attività "AssignTargetPath" completata.
       Attività "AssignTargetPath"
       Esecuzione attività "AssignTargetPath" completata.
       Attività "AssignTargetPath"
       Esecuzione attività "AssignTargetPath" completata.
       Attività "AssignTargetPath"
       Esecuzione attività "AssignTargetPath" completata.
       Attività "AssignTargetPath" ignorata. Condizione false. ('@(_DeploymentBaseManifestWithTargetPath)'=='' and '%(None.Extension)'=='.manifest') ha restituito (''=='' and '.gitignore'=='.manifest').
       Attività "AssignTargetPath" ignorata. Condizione false. ('@(_DeploymentBaseManifestWithTargetPath)'=='' and '%(None.Extension)'=='.manifest') ha restituito (''=='' and '.log'=='.manifest').
       Attività "AssignTargetPath" ignorata. Condizione false. ('@(_DeploymentBaseManifestWithTargetPath)'=='' and '%(None.Extension)'=='.manifest') ha restituito (''=='' and '.txt'=='.manifest').
       Attività "AssignTargetPath" ignorata. Condizione false. ('@(_DeploymentBaseManifestWithTargetPath)'=='' and '%(None.Extension)'=='.manifest') ha restituito (''=='' and '.md'=='.manifest').
       Attività "AssignTargetPath" ignorata. Condizione false. ('@(_DeploymentBaseManifestWithTargetPath)'=='' and '%(None.Extension)'=='.manifest') ha restituito (''=='' and '.db'=='.manifest').
       Attività "AssignTargetPath" ignorata. Condizione false. ('@(_DeploymentBaseManifestWithTargetPath)'=='' and '%(None.Extension)'=='.manifest') ha restituito (''=='' and '.csv'=='.manifest').
       Attività "AssignTargetPath" ignorata. Condizione false. ('@(_DeploymentBaseManifestWithTargetPath)'=='' and '%(None.Extension)'=='.manifest') ha restituito (''=='' and ''=='.manifest').
       Attività "AssignTargetPath" ignorata. Condizione false. ('@(_DeploymentBaseManifestWithTargetPath)'=='' and '%(None.Extension)'=='.manifest') ha restituito (''=='' and '.xml'=='.manifest').
       Attività "AssignTargetPath" ignorata. Condizione false. ('@(_DeploymentBaseManifestWithTargetPath)'=='' and '%(None.Extension)'=='.manifest') ha restituito (''=='' and '.plist'=='.manifest').
       Attività "AssignTargetPath" ignorata. Condizione false. ('@(_DeploymentBaseManifestWithTargetPath)'=='' and '%(None.Extension)'=='.manifest') ha restituito (''=='' and '.svg'=='.manifest').
       Attività "AssignTargetPath" ignorata. Condizione false. ('@(_DeploymentBaseManifestWithTargetPath)'=='' and '%(None.Extension)'=='.manifest') ha restituito (''=='' and '.png'=='.manifest').
       Attività "AssignTargetPath" ignorata. Condizione false. ('@(_DeploymentBaseManifestWithTargetPath)'=='' and '%(None.Extension)'=='.manifest') ha restituito (''=='' and '.bat'=='.manifest').
     1>Compilazione destinazione "AssignTargetPaths" nel progetto "MoneyMindApp.csproj" completata.
       La destinazione "AssignTargetPaths" è stata ignorata. La compilazione era stata completata in precedenza.
     1>Destinazione "SplitResourcesByCulture" nel file "C:\Program Files\dotnet\sdk\9.0.305\Microsoft.Common.CurrentVersion.targets" dal progetto "C:\Users\rober\Documents\MoneyMindApp\MoneyMindApp.csproj" (la destinazione "PrepareResourceNames" dipende da essa):
       Attività "MSBuildInternalMessage" ignorata. Condizione false. ('@(ResxWithNoCulture)'!='') ha restituito (''!='').
       Attività "MSBuildInternalMessage" ignorata. Condizione false. ('@(ResxWithCulture)'!='') ha restituito (''!='').
       Attività "MSBuildInternalMessage" ignorata. Condizione false. ('@(NonResxWithCulture)'!='') ha restituito (''!='').
       Attività "MSBuildInternalMessage" ignorata. Condizione false. ('@(NonResxWithNoCulture)'!='') ha restituito (''!='').
       Verrà usata l'attività "AssignCulture" dall'assembly "Microsoft.Build.Tasks.Core, Version=15.1.0.0, Culture=neutral, PublicKeyToken=b03f5f7f11d50a3a".
       Attività "AssignCulture"
         Impostazioni cultura di "" assegnate al file "App.xaml".
         Impostazioni cultura di "" assegnate al file "AppShell.xaml".
         Impostazioni cultura di "" assegnate al file "Resources\Styles\Colors.xaml".
         Impostazioni cultura di "" assegnate al file "Resources\Styles\Components.xaml".
         Impostazioni cultura di "" assegnate al file "Resources\Styles\Styles.xaml".
         Impostazioni cultura di "" assegnate al file "Resources\Styles\Typography.xaml".
         Impostazioni cultura di "" assegnate al file "Views\AccountSelectionPage.xaml".
         Impostazioni cultura di "" assegnate al file "Views\AddAccountPage.xaml".
         Impostazioni cultura di "" assegnate al file "Views\AddTransactionPage.xaml".
         Impostazioni cultura di "" assegnate al file "Views\AdminPage.xaml".
         Impostazioni cultura di "" assegnate al file "Views\AnalyticsPage.xaml".
         Impostazioni cultura di "" assegnate al file "Views\BiometricSetupPage.xaml".
         Impostazioni cultura di "" assegnate al file "Views\CreateAccountPage.xaml".
         Impostazioni cultura di "" assegnate al file "Views\DuplicatesPage.xaml".
         Impostazioni cultura di "" assegnate al file "Views\EditAccountPage.xaml".
         Impostazioni cultura di "" assegnate al file "Views\EditTransactionPage.xaml".
         Impostazioni cultura di "" assegnate al file "Views\ExportPage.xaml".
         Impostazioni cultura di "" assegnate al file "Views\ImportPage.xaml".
         Impostazioni cultura di "" assegnate al file "Views\LicenseActivationPage.xaml".
         Impostazioni cultura di "" assegnate al file "Views\MainPage.xaml".
         Impostazioni cultura di "" assegnate al file "Views\QuickTourPage.xaml".
         Impostazioni cultura di "" assegnate al file "Views\SalaryConfigPage.xaml".
         Impostazioni cultura di "" assegnate al file "Views\SettingsPage.xaml".
         Impostazioni cultura di "" assegnate al file "Views\TransactionsPage.xaml".
         Impostazioni cultura di "" assegnate al file "Views\WelcomePage.xaml".
         Impostazioni cultura di "" assegnate al file "Views\WiFiSyncPage.xaml".
       Esecuzione attività "AssignCulture" completata.
     1>Compilazione destinazione "SplitResourcesByCulture" nel progetto "MoneyMindApp.csproj" completata.
     1>Destinazione "CreateManifestResourceNames" nel file "C:\Program Files\dotnet\sdk\9.0.305\Microsoft.CSharp.CurrentVersion.targets" dal progetto "C:\Users\rober\Documents\MoneyMindApp\MoneyMindApp.csproj" (la destinazione "PrepareResourceNames" dipende da essa):
       Verrà usata l'attività "CreateCSharpManifestResourceName" dall'assembly "Microsoft.Build.Tasks.Core, Version=15.1.0.0, Culture=neutral, PublicKeyToken=b03f5f7f11d50a3a".
       Attività "CreateCSharpManifestResourceName"
         Lo spazio dei nomi radice è 'MoneyMindApp'.
         Il file di risorse 'App.xaml' non dipende da alcun file.
         Il file di risorse 'App.xaml' ottiene il nome di risorsa di manifesto 'MoneyMindApp.App.xaml'.
         Il file di risorse 'AppShell.xaml' non dipende da alcun file.
         Il file di risorse 'AppShell.xaml' ottiene il nome di risorsa di manifesto 'MoneyMindApp.AppShell.xaml'.
         Il file di risorse 'Resources\Styles\Colors.xaml' non dipende da alcun file.
         Il file di risorse 'Resources\Styles\Colors.xaml' ottiene il nome di risorsa di manifesto 'MoneyMindApp.Resources.Styles.Colors.xaml'.
         Il file di risorse 'Resources\Styles\Components.xaml' non dipende da alcun file.
         Il file di risorse 'Resources\Styles\Components.xaml' ottiene il nome di risorsa di manifesto 'MoneyMindApp.Resources.Styles.Components.xaml'.
         Il file di risorse 'Resources\Styles\Styles.xaml' non dipende da alcun file.
         Il file di risorse 'Resources\Styles\Styles.xaml' ottiene il nome di risorsa di manifesto 'MoneyMindApp.Resources.Styles.Styles.xaml'.
         Il file di risorse 'Resources\Styles\Typography.xaml' non dipende da alcun file.
         Il file di risorse 'Resources\Styles\Typography.xaml' ottiene il nome di risorsa di manifesto 'MoneyMindApp.Resources.Styles.Typography.xaml'.
         Il file di risorse 'Views\AccountSelectionPage.xaml' non dipende da alcun file.
         Il file di risorse 'Views\AccountSelectionPage.xaml' ottiene il nome di risorsa di manifesto 'MoneyMindApp.Views.AccountSelectionPage.xaml'.
         Il file di risorse 'Views\AddAccountPage.xaml' non dipende da alcun file.
         Il file di risorse 'Views\AddAccountPage.xaml' ottiene il nome di risorsa di manifesto 'MoneyMindApp.Views.AddAccountPage.xaml'.
         Il file di risorse 'Views\AddTransactionPage.xaml' non dipende da alcun file.
         Il file di risorse 'Views\AddTransactionPage.xaml' ottiene il nome di risorsa di manifesto 'MoneyMindApp.Views.AddTransactionPage.xaml'.
         Il file di risorse 'Views\AdminPage.xaml' non dipende da alcun file.
         Il file di risorse 'Views\AdminPage.xaml' ottiene il nome di risorsa di manifesto 'MoneyMindApp.Views.AdminPage.xaml'.
         Il file di risorse 'Views\AnalyticsPage.xaml' non dipende da alcun file.
         Il file di risorse 'Views\AnalyticsPage.xaml' ottiene il nome di risorsa di manifesto 'MoneyMindApp.Views.AnalyticsPage.xaml'.
         Il file di risorse 'Views\BiometricSetupPage.xaml' non dipende da alcun file.
         Il file di risorse 'Views\BiometricSetupPage.xaml' ottiene il nome di risorsa di manifesto 'MoneyMindApp.Views.BiometricSetupPage.xaml'.
         Il file di risorse 'Views\CreateAccountPage.xaml' non dipende da alcun file.
         Il file di risorse 'Views\CreateAccountPage.xaml' ottiene il nome di risorsa di manifesto 'MoneyMindApp.Views.CreateAccountPage.xaml'.
         Il file di risorse 'Views\DuplicatesPage.xaml' non dipende da alcun file.
         Il file di risorse 'Views\DuplicatesPage.xaml' ottiene il nome di risorsa di manifesto 'MoneyMindApp.Views.DuplicatesPage.xaml'.
         Il file di risorse 'Views\EditAccountPage.xaml' non dipende da alcun file.
         Il file di risorse 'Views\EditAccountPage.xaml' ottiene il nome di risorsa di manifesto 'MoneyMindApp.Views.EditAccountPage.xaml'.
         Il file di risorse 'Views\EditTransactionPage.xaml' non dipende da alcun file.
         Il file di risorse 'Views\EditTransactionPage.xaml' ottiene il nome di risorsa di manifesto 'MoneyMindApp.Views.EditTransactionPage.xaml'.
         Il file di risorse 'Views\ExportPage.xaml' non dipende da alcun file.
         Il file di risorse 'Views\ExportPage.xaml' ottiene il nome di risorsa di manifesto 'MoneyMindApp.Views.ExportPage.xaml'.
         Il file di risorse 'Views\ImportPage.xaml' non dipende da alcun file.
         Il file di risorse 'Views\ImportPage.xaml' ottiene il nome di risorsa di manifesto 'MoneyMindApp.Views.ImportPage.xaml'.
         Il file di risorse 'Views\LicenseActivationPage.xaml' non dipende da alcun file.
         Il file di risorse 'Views\LicenseActivationPage.xaml' ottiene il nome di risorsa di manifesto 'MoneyMindApp.Views.LicenseActivationPage.xaml'.
         Il file di risorse 'Views\MainPage.xaml' non dipende da alcun file.
         Il file di risorse 'Views\MainPage.xaml' ottiene il nome di risorsa di manifesto 'MoneyMindApp.Views.MainPage.xaml'.
         Il file di risorse 'Views\QuickTourPage.xaml' non dipende da alcun file.
         Il file di risorse 'Views\QuickTourPage.xaml' ottiene il nome di risorsa di manifesto 'MoneyMindApp.Views.QuickTourPage.xaml'.
         Il file di risorse 'Views\SalaryConfigPage.xaml' non dipende da alcun file.
         Il file di risorse 'Views\SalaryConfigPage.xaml' ottiene il nome di risorsa di manifesto 'MoneyMindApp.Views.SalaryConfigPage.xaml'.
         Il file di risorse 'Views\SettingsPage.xaml' non dipende da alcun file.
         Il file di risorse 'Views\SettingsPage.xaml' ottiene il nome di risorsa di manifesto 'MoneyMindApp.Views.SettingsPage.xaml'.
         Il file di risorse 'Views\TransactionsPage.xaml' non dipende da alcun file.
         Il file di risorse 'Views\TransactionsPage.xaml' ottiene il nome di risorsa di manifesto 'MoneyMindApp.Views.TransactionsPage.xaml'.
         Il file di risorse 'Views\WelcomePage.xaml' non dipende da alcun file.
         Il file di risorse 'Views\WelcomePage.xaml' ottiene il nome di risorsa di manifesto 'MoneyMindApp.Views.WelcomePage.xaml'.
         Il file di risorse 'Views\WiFiSyncPage.xaml' non dipende da alcun file.
         Il file di risorse 'Views\WiFiSyncPage.xaml' ottiene il nome di risorsa di manifesto 'MoneyMindApp.Views.WiFiSyncPage.xaml'.
       Esecuzione attività "CreateCSharpManifestResourceName" completata.
       Attività "CreateCSharpManifestResourceName" ignorata. Condizione false. ('%(EmbeddedResource.ManifestResourceName)' == '' and '%(EmbeddedResource.WithCulture)' == 'true' and '%(EmbeddedResource.Type)' == 'Non-Resx') ha restituito ('' == '' and 'false' == 'true' and 'Non-Resx' == 'Non-Resx').
     1>Compilazione destinazione "CreateManifestResourceNames" nel progetto "MoneyMindApp.csproj" completata.
     1>Destinazione "CreateCustomManifestResourceNames" nel file "C:\Program Files\dotnet\sdk\9.0.305\Microsoft.Common.CurrentVersion.targets" dal progetto "C:\Users\rober\Documents\MoneyMindApp\MoneyMindApp.csproj" (la destinazione "PrepareResourceNames" dipende da essa):
     1>Compilazione destinazione "CreateCustomManifestResourceNames" nel progetto "MoneyMindApp.csproj" completata.
     1>Destinazione "PrepareResourceNames" nel file "C:\Program Files\dotnet\sdk\9.0.305\Microsoft.Common.CurrentVersion.targets" dal progetto "C:\Users\rober\Documents\MoneyMindApp\MoneyMindApp.csproj" (la destinazione "PrepareResources" dipende da essa):
     1>Compilazione destinazione "PrepareResourceNames" nel progetto "MoneyMindApp.csproj" completata.
       La destinazione "ResolveAssemblyReferences" è stata ignorata. La compilazione era stata completata in precedenza.
       La destinazione "SplitResourcesByCulture" è stata ignorata. La compilazione era stata completata in precedenza.
     1>Destinazione "BeforeResGen" nel file "C:\Program Files\dotnet\sdk\9.0.305\Microsoft.Common.CurrentVersion.targets" dal progetto "C:\Users\rober\Documents\MoneyMindApp\MoneyMindApp.csproj" (la destinazione "ResGen" dipende da essa):
     1>Compilazione destinazione "BeforeResGen" nel progetto "MoneyMindApp.csproj" completata.
       La destinazione "ResolveReferences" è stata ignorata. La compilazione era stata completata in precedenza.
     1>Destinazione "FindReferenceAssembliesForReferences" nel file "C:\Program Files\dotnet\sdk\9.0.305\Microsoft.Common.CurrentVersion.targets" dal progetto "C:\Users\rober\Documents\MoneyMindApp\MoneyMindApp.csproj" (la destinazione "CoreResGen" dipende da essa):
     1>Compilazione destinazione "FindReferenceAssembliesForReferences" nel progetto "MoneyMindApp.csproj" completata.
     1>Destinazione "CoreResGen" nel file "C:\Program Files\dotnet\sdk\9.0.305\Microsoft.Common.CurrentVersion.targets" dal progetto "C:\Users\rober\Documents\MoneyMindApp\MoneyMindApp.csproj" (la destinazione "ResGen" dipende da essa):
       Attività "GenerateResource" ignorata. Condizione false. ('%(EmbeddedResource.Type)' == 'Resx' and '%(EmbeddedResource.GenerateResource)' != 'false' and '$(GenerateResourceMSBuildRuntime)' != 'CLR2') ha restituito ('Non-Resx' == 'Resx' and '' != 'false' and 'CurrentRuntime' != 'CLR2').
       Attività "GenerateResource" ignorata. Condizione false. ('%(EmbeddedResource.Type)' == 'Resx' and '%(EmbeddedResource.GenerateResource)' != 'false' and '$(GenerateResourceMSBuildRuntime)' == 'CLR2') ha restituito ('Non-Resx' == 'Resx' and '' != 'false' and 'CurrentRuntime' == 'CLR2').
     1>Compilazione destinazione "CoreResGen" nel progetto "MoneyMindApp.csproj" completata.
     1>Destinazione "AfterResGen" nel file "C:\Program Files\dotnet\sdk\9.0.305\Microsoft.Common.CurrentVersion.targets" dal progetto "C:\Users\rober\Documents\MoneyMindApp\MoneyMindApp.csproj" (la destinazione "ResGen" dipende da essa):
     1>Compilazione destinazione "AfterResGen" nel progetto "MoneyMindApp.csproj" completata.
     1>Destinazione "ResGen" nel file "C:\Program Files\dotnet\sdk\9.0.305\Microsoft.Common.CurrentVersion.targets" dal progetto "C:\Users\rober\Documents\MoneyMindApp\MoneyMindApp.csproj" (la destinazione "PrepareResources" dipende da essa):
     1>Compilazione destinazione "ResGen" nel progetto "MoneyMindApp.csproj" completata.
       Destinazione"CompileLicxFiles" ignorata. Condizione false. ('@(_LicxFile)'!='') ha restituito (''!='').
     1>Destinazione "PrepareResources" nel file "C:\Program Files\dotnet\sdk\9.0.305\Microsoft.Common.CurrentVersion.targets" dal progetto "C:\Users\rober\Documents\MoneyMindApp\MoneyMindApp.csproj" (la destinazione "CoreBuild" dipende da essa):
     1>Compilazione destinazione "PrepareResources" nel progetto "MoneyMindApp.csproj" completata.
       Destinazione"ResolveKeySource" ignorata. Condizione false. ($(SignManifests) == 'true' or $(SignAssembly) == 'true') ha restituito ( == 'true' or false == 'true').
       La destinazione "_SetupMSBuildAllProjects" è stata ignorata. La compilazione era stata completata in precedenza.
       La destinazione "_SetupDesignTimeBuildForCompile" è stata ignorata. La compilazione era stata completata in precedenza.
       La destinazione "_ResolveMonoAndroidSdks" è stata ignorata. La compilazione era stata completata in precedenza.
       La destinazione "_ValidateAndroidPackageProperties" è stata ignorata. La compilazione era stata completata in precedenza.
       La destinazione "_ResolveMonoAndroidSdks" è stata ignorata. La compilazione era stata completata in precedenza.
       La destinazione "_ResolveXamarinAndroidTools" è stata ignorata. La compilazione era stata completata in precedenza.
     1>Destinazione "_AddAndroidDefines" nel file "C:\Program Files\dotnet\packs\Microsoft.Android.Sdk.Windows\34.0.154\tools\Xamarin.Android.Common.targets" dal progetto "C:\Users\rober\Documents\MoneyMindApp\MoneyMindApp.csproj" (la destinazione "Compile" dipende da essa):
     1>Compilazione destinazione "_AddAndroidDefines" nel progetto "MoneyMindApp.csproj" completata.
       La destinazione "_IncludeLayoutBindingSources" è stata ignorata. La compilazione era stata completata in precedenza.
       La destinazione "AddLibraryJarsToBind" è stata ignorata. La compilazione era stata completata in precedenza.
       La destinazione "_CategorizeAndroidLibraries" è stata ignorata. La compilazione era stata completata in precedenza.
     1>Destinazione "_CollectLibrariesToBind" nel file "C:\Program Files\dotnet\packs\Microsoft.Android.Sdk.Windows\34.0.154\tools\Xamarin.Android.Bindings.Core.targets" dal progetto "C:\Users\rober\Documents\MoneyMindApp\MoneyMindApp.csproj" (la destinazione "Compile" dipende da essa):
     1>Compilazione destinazione "_CollectLibrariesToBind" nel progetto "MoneyMindApp.csproj" completata.
       Destinazione"_SetAndroidGenerateManagedBindings" ignorata. Condizione false. ( '@(_LibrariesToBind->Count())' != '0' ) ha restituito ( '0' != '0' ).
       Destinazione"ExportJarToXml" ignorata. Condizione false. ( '$(_AndroidGenerateManagedBindings)' == 'true' ) ha restituito ( '' == 'true' ).
       Destinazione"GenerateBindings" ignorata. Condizione false. ( '$(_AndroidGenerateManagedBindings)' == 'true' ) ha restituito ( '' == 'true' ).
     1>Destinazione "_CollectGeneratedManagedBindingFiles" nel file "C:\Program Files\dotnet\packs\Microsoft.Android.Sdk.Windows\34.0.154\tools\Xamarin.Android.Bindings.Core.targets" dal progetto "C:\Users\rober\Documents\MoneyMindApp\MoneyMindApp.csproj" (la destinazione "Compile" dipende da essa):
     1>Compilazione destinazione "_CollectGeneratedManagedBindingFiles" nel progetto "MoneyMindApp.csproj" completata.
     1>Destinazione "_ClearGeneratedManagedBindings" nel file "C:\Program Files\dotnet\packs\Microsoft.Android.Sdk.Windows\34.0.154\tools\Xamarin.Android.Bindings.Core.targets" dal progetto "C:\Users\rober\Documents\MoneyMindApp\MoneyMindApp.csproj" (la destinazione "Compile" dipende da essa):
       Verrà usata l'attività "Delete" dall'assembly "Microsoft.Build.Tasks.Core, Version=15.1.0.0, Culture=neutral, PublicKeyToken=b03f5f7f11d50a3a".
       Attività "Delete"
       Esecuzione attività "Delete" completata.
     1>Compilazione destinazione "_ClearGeneratedManagedBindings" nel progetto "MoneyMindApp.csproj" completata.
       Destinazione"AddBindingsToCompile" ignorata. Condizione false. ( '$(_AndroidGenerateManagedBindings)' == 'true' Or '@(_GeneratedManagedBindingFiles->Count())' != '0' ) ha restituito ( '' == 'true' Or '0' != '0' ).
       La destinazione "_BuildResourceDesigner" è stata ignorata. La compilazione era stata completata in precedenza.
       La destinazione "_AddResourceDesignerFiles" è stata ignorata. La compilazione era stata completata in precedenza.
       La destinazione "ResolveReferences" è stata ignorata. La compilazione era stata completata in precedenza.
       Destinazione"ResolveKeySource" ignorata. Condizione false. ($(SignManifests) == 'true' or $(SignAssembly) == 'true') ha restituito ( == 'true' or false == 'true').
       Destinazione"ResolveComReferences" ignorata. Condizione false. ('@(COMReference)'!='' or '@(COMFileReference)'!='') ha restituito (''!='' or ''!='').
       Destinazione"ResolveNativeReferences" ignorata. Condizione false. ('@(NativeReference)'!='') ha restituito (''!='').
       Destinazione"_SetExternalWin32ManifestProperties" ignorata. Condizione false. ('$(GenerateClickOnceManifests)'=='true' or '@(NativeReference)'!='' or '@(ResolvedIsolatedComModules)'!='') ha restituito (''=='true' or ''!='' or ''!='').
     1>Destinazione "_SetEmbeddedWin32ManifestProperties" nel file "C:\Program Files\dotnet\sdk\9.0.305\Microsoft.Common.CurrentVersion.targets" dal progetto "C:\Users\rober\Documents\MoneyMindApp\MoneyMindApp.csproj" (la destinazione "SetWin32ManifestProperties" dipende da essa):
       Verrà usata l'attività "GetFrameworkPath" dall'assembly "Microsoft.Build.Tasks.Core, Version=15.1.0.0, Culture=neutral, PublicKeyToken=b03f5f7f11d50a3a".
       Attività "GetFrameworkPath"
       Esecuzione attività "GetFrameworkPath" completata.
     1>Compilazione destinazione "_SetEmbeddedWin32ManifestProperties" nel progetto "MoneyMindApp.csproj" completata.
     1>Destinazione "SetWin32ManifestProperties" nel file "C:\Program Files\dotnet\sdk\9.0.305\Microsoft.Common.CurrentVersion.targets" dal progetto "C:\Users\rober\Documents\MoneyMindApp\MoneyMindApp.csproj" (la destinazione "Compile" dipende da essa):
     1>Compilazione destinazione "SetWin32ManifestProperties" nel progetto "MoneyMindApp.csproj" completata.
       Destinazione"_SetPreferNativeArm64Win32ManifestProperties" ignorata. Condizione false. ( '$(PreferNativeArm64)'=='true' and '$(NoWin32Manifest)'!='true') ha restituito ( 'false'=='true' and ''!='true').
       La destinazione "FindReferenceAssembliesForReferences" è stata ignorata. La compilazione era stata completata in precedenza.
     1>Destinazione "_GenerateCompileInputs" nel file "C:\Program Files\dotnet\sdk\9.0.305\Microsoft.Common.CurrentVersion.targets" dal progetto "C:\Users\rober\Documents\MoneyMindApp\MoneyMindApp.csproj" (la destinazione "Compile" dipende da essa):
       Attività "MSBuildInternalMessage" ignorata. Condizione false. ('@(ManifestResourceWithNoCulture)'!='' and '%(ManifestResourceWithNoCulture.EmittedForCompatibilityOnly)'=='') ha restituito (''!='' and ''=='').
       Attività "MSBuildInternalMessage" ignorata. Condizione false. ('@(ManifestNonResxWithNoCultureOnDisk)'!='' and '%(ManifestNonResxWithNoCultureOnDisk.EmittedForCompatibilityOnly)'=='') ha restituito ('App.xaml;AppShell.xaml;Resources\Styles\Colors.xaml;...'!='' and 'true'=='').
     1>Compilazione destinazione "_GenerateCompileInputs" nel progetto "MoneyMindApp.csproj" completata.
       La destinazione "PrepareForBuild" è stata ignorata. La compilazione era stata completata in precedenza.
     1>Destinazione "_MauiRemovePlatformCompileItems" nel file "C:\Users\rober\.nuget\packages\microsoft.maui.controls.build.tasks\8.0.90\buildTransitive\netstandard2.0\Microsoft.Maui.Controls.SingleProject.targets" dal progetto "C:\Users\rober\Documents\MoneyMindApp\MoneyMindApp.csproj" (la destinazione "_MauiInjectXamlCssAdditionalFiles" dipende da essa):
     1>Compilazione destinazione "_MauiRemovePlatformCompileItems" nel progetto "MoneyMindApp.csproj" completata.
     1>Destinazione "_MauiInjectXamlCssAdditionalFiles" nel file "C:\Users\rober\.nuget\packages\microsoft.maui.controls.build.tasks\8.0.90\buildTransitive\netstandard2.0\Microsoft.Maui.Controls.targets" dal progetto "C:\Users\rober\Documents\MoneyMindApp\MoneyMindApp.csproj" (la destinazione "GenerateMSBuildEditorConfigFileShouldRun" dipende da essa):
       Attività "AssignTargetPath"
       Esecuzione attività "AssignTargetPath" completata.
       Attività "AssignTargetPath"
       Esecuzione attività "AssignTargetPath" completata.
       Attività "CreateCSharpManifestResourceName"
         Lo spazio dei nomi radice è 'MoneyMindApp'.
         Il file di risorse 'C:\Users\rober\Documents\MoneyMindApp\App.xaml' non dipende da alcun file.
         Il file di risorse 'C:\Users\rober\Documents\MoneyMindApp\App.xaml' ottiene il nome di risorsa di manifesto 'MoneyMindApp.App.xaml'.
         Il file di risorse 'C:\Users\rober\Documents\MoneyMindApp\AppShell.xaml' non dipende da alcun file.
         Il file di risorse 'C:\Users\rober\Documents\MoneyMindApp\AppShell.xaml' ottiene il nome di risorsa di manifesto 'MoneyMindApp.AppShell.xaml'.
         Il file di risorse 'C:\Users\rober\Documents\MoneyMindApp\Resources\Styles\Colors.xaml' non dipende da alcun file.
         Il file di risorse 'C:\Users\rober\Documents\MoneyMindApp\Resources\Styles\Colors.xaml' ottiene il nome di risorsa di manifesto 'MoneyMindApp.Resources.Styles.Colors.xaml'.
         Il file di risorse 'C:\Users\rober\Documents\MoneyMindApp\Resources\Styles\Components.xaml' non dipende da alcun file.
         Il file di risorse 'C:\Users\rober\Documents\MoneyMindApp\Resources\Styles\Components.xaml' ottiene il nome di risorsa di manifesto 'MoneyMindApp.Resources.Styles.Components.xaml'.
         Il file di risorse 'C:\Users\rober\Documents\MoneyMindApp\Resources\Styles\Styles.xaml' non dipende da alcun file.
         Il file di risorse 'C:\Users\rober\Documents\MoneyMindApp\Resources\Styles\Styles.xaml' ottiene il nome di risorsa di manifesto 'MoneyMindApp.Resources.Styles.Styles.xaml'.
         Il file di risorse 'C:\Users\rober\Documents\MoneyMindApp\Resources\Styles\Typography.xaml' non dipende da alcun file.
         Il file di risorse 'C:\Users\rober\Documents\MoneyMindApp\Resources\Styles\Typography.xaml' ottiene il nome di risorsa di manifesto 'MoneyMindApp.Resources.Styles.Typography.xaml'.
         Il file di risorse 'C:\Users\rober\Documents\MoneyMindApp\Views\AccountSelectionPage.xaml' non dipende da alcun file.
         Il file di risorse 'C:\Users\rober\Documents\MoneyMindApp\Views\AccountSelectionPage.xaml' ottiene il nome di risorsa di manifesto 'MoneyMindApp.Views.AccountSelectionPage.xaml'.
         Il file di risorse 'C:\Users\rober\Documents\MoneyMindApp\Views\AddAccountPage.xaml' non dipende da alcun file.
         Il file di risorse 'C:\Users\rober\Documents\MoneyMindApp\Views\AddAccountPage.xaml' ottiene il nome di risorsa di manifesto 'MoneyMindApp.Views.AddAccountPage.xaml'.
         Il file di risorse 'C:\Users\rober\Documents\MoneyMindApp\Views\AddTransactionPage.xaml' non dipende da alcun file.
         Il file di risorse 'C:\Users\rober\Documents\MoneyMindApp\Views\AddTransactionPage.xaml' ottiene il nome di risorsa di manifesto 'MoneyMindApp.Views.AddTransactionPage.xaml'.
         Il file di risorse 'C:\Users\rober\Documents\MoneyMindApp\Views\AdminPage.xaml' non dipende da alcun file.
         Il file di risorse 'C:\Users\rober\Documents\MoneyMindApp\Views\AdminPage.xaml' ottiene il nome di risorsa di manifesto 'MoneyMindApp.Views.AdminPage.xaml'.
         Il file di risorse 'C:\Users\rober\Documents\MoneyMindApp\Views\AnalyticsPage.xaml' non dipende da alcun file.
         Il file di risorse 'C:\Users\rober\Documents\MoneyMindApp\Views\AnalyticsPage.xaml' ottiene il nome di risorsa di manifesto 'MoneyMindApp.Views.AnalyticsPage.xaml'.
         Il file di risorse 'C:\Users\rober\Documents\MoneyMindApp\Views\BiometricSetupPage.xaml' non dipende da alcun file.
         Il file di risorse 'C:\Users\rober\Documents\MoneyMindApp\Views\BiometricSetupPage.xaml' ottiene il nome di risorsa di manifesto 'MoneyMindApp.Views.BiometricSetupPage.xaml'.
         Il file di risorse 'C:\Users\rober\Documents\MoneyMindApp\Views\CreateAccountPage.xaml' non dipende da alcun file.
         Il file di risorse 'C:\Users\rober\Documents\MoneyMindApp\Views\CreateAccountPage.xaml' ottiene il nome di risorsa di manifesto 'MoneyMindApp.Views.CreateAccountPage.xaml'.
         Il file di risorse 'C:\Users\rober\Documents\MoneyMindApp\Views\DuplicatesPage.xaml' non dipende da alcun file.
         Il file di risorse 'C:\Users\rober\Documents\MoneyMindApp\Views\DuplicatesPage.xaml' ottiene il nome di risorsa di manifesto 'MoneyMindApp.Views.DuplicatesPage.xaml'.
         Il file di risorse 'C:\Users\rober\Documents\MoneyMindApp\Views\EditAccountPage.xaml' non dipende da alcun file.
         Il file di risorse 'C:\Users\rober\Documents\MoneyMindApp\Views\EditAccountPage.xaml' ottiene il nome di risorsa di manifesto 'MoneyMindApp.Views.EditAccountPage.xaml'.
         Il file di risorse 'C:\Users\rober\Documents\MoneyMindApp\Views\EditTransactionPage.xaml' non dipende da alcun file.
         Il file di risorse 'C:\Users\rober\Documents\MoneyMindApp\Views\EditTransactionPage.xaml' ottiene il nome di risorsa di manifesto 'MoneyMindApp.Views.EditTransactionPage.xaml'.
         Il file di risorse 'C:\Users\rober\Documents\MoneyMindApp\Views\ExportPage.xaml' non dipende da alcun file.
         Il file di risorse 'C:\Users\rober\Documents\MoneyMindApp\Views\ExportPage.xaml' ottiene il nome di risorsa di manifesto 'MoneyMindApp.Views.ExportPage.xaml'.
         Il file di risorse 'C:\Users\rober\Documents\MoneyMindApp\Views\ImportPage.xaml' non dipende da alcun file.
         Il file di risorse 'C:\Users\rober\Documents\MoneyMindApp\Views\ImportPage.xaml' ottiene il nome di risorsa di manifesto 'MoneyMindApp.Views.ImportPage.xaml'.
         Il file di risorse 'C:\Users\rober\Documents\MoneyMindApp\Views\LicenseActivationPage.xaml' non dipende da alcun file.
         Il file di risorse 'C:\Users\rober\Documents\MoneyMindApp\Views\LicenseActivationPage.xaml' ottiene il nome di risorsa di manifesto 'MoneyMindApp.Views.LicenseActivationPage.xaml'.
         Il file di risorse 'C:\Users\rober\Documents\MoneyMindApp\Views\MainPage.xaml' non dipende da alcun file.
         Il file di risorse 'C:\Users\rober\Documents\MoneyMindApp\Views\MainPage.xaml' ottiene il nome di risorsa di manifesto 'MoneyMindApp.Views.MainPage.xaml'.
         Il file di risorse 'C:\Users\rober\Documents\MoneyMindApp\Views\QuickTourPage.xaml' non dipende da alcun file.
         Il file di risorse 'C:\Users\rober\Documents\MoneyMindApp\Views\QuickTourPage.xaml' ottiene il nome di risorsa di manifesto 'MoneyMindApp.Views.QuickTourPage.xaml'.
         Il file di risorse 'C:\Users\rober\Documents\MoneyMindApp\Views\SalaryConfigPage.xaml' non dipende da alcun file.
         Il file di risorse 'C:\Users\rober\Documents\MoneyMindApp\Views\SalaryConfigPage.xaml' ottiene il nome di risorsa di manifesto 'MoneyMindApp.Views.SalaryConfigPage.xaml'.
         Il file di risorse 'C:\Users\rober\Documents\MoneyMindApp\Views\SettingsPage.xaml' non dipende da alcun file.
         Il file di risorse 'C:\Users\rober\Documents\MoneyMindApp\Views\SettingsPage.xaml' ottiene il nome di risorsa di manifesto 'MoneyMindApp.Views.SettingsPage.xaml'.
         Il file di risorse 'C:\Users\rober\Documents\MoneyMindApp\Views\TransactionsPage.xaml' non dipende da alcun file.
         Il file di risorse 'C:\Users\rober\Documents\MoneyMindApp\Views\TransactionsPage.xaml' ottiene il nome di risorsa di manifesto 'MoneyMindApp.Views.TransactionsPage.xaml'.
         Il file di risorse 'C:\Users\rober\Documents\MoneyMindApp\Views\WelcomePage.xaml' non dipende da alcun file.
         Il file di risorse 'C:\Users\rober\Documents\MoneyMindApp\Views\WelcomePage.xaml' ottiene il nome di risorsa di manifesto 'MoneyMindApp.Views.WelcomePage.xaml'.
         Il file di risorse 'C:\Users\rober\Documents\MoneyMindApp\Views\WiFiSyncPage.xaml' non dipende da alcun file.
         Il file di risorse 'C:\Users\rober\Documents\MoneyMindApp\Views\WiFiSyncPage.xaml' ottiene il nome di risorsa di manifesto 'MoneyMindApp.Views.WiFiSyncPage.xaml'.
       Esecuzione attività "CreateCSharpManifestResourceName" completata.
       Attività "CreateCSharpManifestResourceName"
         Lo spazio dei nomi radice è 'MoneyMindApp'.
       Esecuzione attività "CreateCSharpManifestResourceName" completata.
     1>Compilazione destinazione "_MauiInjectXamlCssAdditionalFiles" nel progetto "MoneyMindApp.csproj" completata.
       La destinazione "_MauiRemovePlatformCompileItems" è stata ignorata. La compilazione era stata completata in precedenza.
     1>Destinazione "GenerateMSBuildEditorConfigFileShouldRun" nel file "C:\Program Files\dotnet\sdk\9.0.305\Roslyn\Microsoft.Managed.Core.targets" dal progetto "C:\Users\rober\Documents\MoneyMindApp\MoneyMindApp.csproj" (la destinazione "GenerateMSBuildEditorConfigFile" dipende da essa):
     1>Compilazione destinazione "GenerateMSBuildEditorConfigFileShouldRun" nel progetto "MoneyMindApp.csproj" completata.
     1>Destinazione "AddGlobalAnalyzerConfigForPackage_MicrosoftCodeAnalysisCSharpCodeStyle" nel file "C:\Program Files\dotnet\sdk\9.0.305\Sdks\Microsoft.NET.Sdk\codestyle\cs\build\Microsoft.CodeAnalysis.CSharp.CodeStyle.targets" dal progetto "C:\Users\rober\Documents\MoneyMindApp\MoneyMindApp.csproj" (la destinazione "GenerateMSBuildEditorConfigFileCore" dipende da essa):
     1>Compilazione destinazione "AddGlobalAnalyzerConfigForPackage_MicrosoftCodeAnalysisCSharpCodeStyle" nel progetto "MoneyMindApp.csproj" completata.
     1>Destinazione "GenerateMSBuildEditorConfigFileCore" nel file "C:\Program Files\dotnet\sdk\9.0.305\Roslyn\Microsoft.Managed.Core.targets" dal progetto "C:\Users\rober\Documents\MoneyMindApp\MoneyMindApp.csproj" (la destinazione "GenerateMSBuildEditorConfigFile" dipende da essa):
       Compilazione completa della destinazione "GenerateMSBuildEditorConfigFileCore" in corso.
       Non è stato specificato alcun file di input.
       Verrà usata l'attività "GenerateMSBuildEditorConfig" dall'assembly "C:\Program Files\dotnet\sdk\9.0.305\Roslyn\Microsoft.Build.Tasks.CodeAnalysis.dll".
       Attività "GenerateMSBuildEditorConfig"
       Esecuzione attività "GenerateMSBuildEditorConfig" completata.
     1>Compilazione destinazione "GenerateMSBuildEditorConfigFileCore" nel progetto "MoneyMindApp.csproj" completata.
     1>Destinazione "GenerateMSBuildEditorConfigFile" nel file "C:\Program Files\dotnet\sdk\9.0.305\Roslyn\Microsoft.Managed.Core.targets" dal progetto "C:\Users\rober\Documents\MoneyMindApp\MoneyMindApp.csproj" (la destinazione "BeforeCompile" dipende da essa):
     1>Compilazione destinazione "GenerateMSBuildEditorConfigFile" nel progetto "MoneyMindApp.csproj" completata.
       La destinazione "PrepareForBuild" è stata ignorata. La compilazione era stata completata in precedenza.
       La destinazione "GetReferenceAssemblyPaths" è stata ignorata. La compilazione era stata completata in precedenza.
     1>Destinazione "_SetTargetFrameworkMonikerAttribute" nel file "C:\Program Files\dotnet\sdk\9.0.305\Microsoft.CSharp.CurrentVersion.targets" dal progetto "C:\Users\rober\Documents\MoneyMindApp\MoneyMindApp.csproj" (la destinazione "GenerateTargetFrameworkMonikerAttribute" dipende da essa):
     1>Compilazione destinazione "_SetTargetFrameworkMonikerAttribute" nel progetto "MoneyMindApp.csproj" completata.
     1>Destinazione "GenerateTargetFrameworkMonikerAttribute" nel file "C:\Program Files\dotnet\sdk\9.0.305\Microsoft.Common.CurrentVersion.targets" dal progetto "C:\Users\rober\Documents\MoneyMindApp\MoneyMindApp.csproj" (la destinazione "BeforeCompile" dipende da essa):
       La destinazione "GenerateTargetFrameworkMonikerAttribute" verrà ignorata. Tutti i file di output sono aggiornati rispetto ai file di input.
       File di input: C:\Program Files\dotnet\sdk\9.0.305\Microsoft.Common.targets
       File di output: obj\Debug\net8.0-android\.NETCoreApp,Version=v8.0.AssemblyAttributes.cs
     1>Compilazione destinazione "GenerateTargetFrameworkMonikerAttribute" nel progetto "MoneyMindApp.csproj" completata.
       Destinazione"GenerateAdditionalSources" ignorata. Condizione false. ('@(AssemblyAttributes)' != '' and '$(GenerateAdditionalSources)' == 'true') ha restituito ('' != '' and '' == 'true').
       La destinazione "PrepareForBuild" è stata ignorata. La compilazione era stata completata in precedenza.
     1>Destinazione "GetAssemblyVersion" nel file "C:\Program Files\dotnet\sdk\9.0.305\Sdks\Microsoft.NET.Sdk\targets\Microsoft.NET.GenerateAssemblyInfo.targets" dal progetto "C:\Users\rober\Documents\MoneyMindApp\MoneyMindApp.csproj" (la destinazione "GetAssemblyAttributes" dipende da essa):
       Verrà usata l'attività "GetAssemblyVersion" dall'assembly "C:\Program Files\dotnet\sdk\9.0.305\Sdks\Microsoft.NET.Sdk\targets\..\tools\net9.0\Microsoft.NET.Build.Tasks.dll".
       Attività "GetAssemblyVersion"
       Esecuzione attività "GetAssemblyVersion" completata.
     1>Compilazione destinazione "GetAssemblyVersion" nel progetto "MoneyMindApp.csproj" completata.
     1>Destinazione "InitializeSourceControlInformationFromSourceControlManager" nel file "C:\Program Files\dotnet\sdk\9.0.305\Sdks\Microsoft.Build.Tasks.Git\build\Microsoft.Build.Tasks.Git.targets" dal progetto "C:\Users\rober\Documents\MoneyMindApp\MoneyMindApp.csproj" (la destinazione "_InitializeSourceControlInformationFromSourceControlManager" dipende da essa):
       Verrà usata l'attività "Microsoft.Build.Tasks.Git.LocateRepository" dall'assembly "C:\Program Files\dotnet\sdk\9.0.305\Sdks\Microsoft.Build.Tasks.Git\build\..\tools\net\Microsoft.Build.Tasks.Git.dll".
       Attività "Microsoft.Build.Tasks.Git.LocateRepository"
       Esecuzione attività "Microsoft.Build.Tasks.Git.LocateRepository" completata.
     1>Compilazione destinazione "InitializeSourceControlInformationFromSourceControlManager" nel progetto "MoneyMindApp.csproj" completata.
     1>Destinazione "_SourceLinkHasSingleProvider" nel file "C:\Program Files\dotnet\sdk\9.0.305\Sdks\Microsoft.SourceLink.Common\build\InitializeSourceControlInformation.targets" dal progetto "C:\Users\rober\Documents\MoneyMindApp\MoneyMindApp.csproj" (la destinazione "_InitializeSourceControlInformationFromSourceControlManager" dipende da essa):
       Assembly caricato durante TaskRun: Microsoft.SourceLink.Common, Version=9.0.11.11701, Culture=neutral, PublicKeyToken=31bf3856ad364e35 (percorso: C:\Program Files\dotnet\sdk\9.0.305\Sdks\Microsoft.SourceLink.Common\tools\net\Microsoft.SourceLink.Common.dll, MVID: e7b93933-92ac-4eda-8ab8-a1e1c543bfb2, AssemblyLoadContext: MSBuild plugin C:\Program Files\dotnet\sdk\9.0.305\Sdks\Microsoft.SourceLink.Common\tools\net\Microsoft.SourceLink.Common.dll)
       Verrà usata l'attività "Microsoft.SourceLink.Common.SourceLinkHasSingleProvider" dall'assembly "C:\Program Files\dotnet\sdk\9.0.305\Sdks\Microsoft.SourceLink.Common\build\..\tools\net\Microsoft.SourceLink.Common.dll".
       Attività "Microsoft.SourceLink.Common.SourceLinkHasSingleProvider"
       Esecuzione attività "Microsoft.SourceLink.Common.SourceLinkHasSingleProvider" completata.
     1>Compilazione destinazione "_SourceLinkHasSingleProvider" nel progetto "MoneyMindApp.csproj" completata.
     1>Destinazione "TranslateGitHubUrlsInSourceControlInformation" nel file "C:\Program Files\dotnet\sdk\9.0.305\Sdks\Microsoft.SourceLink.GitHub\build\Microsoft.SourceLink.GitHub.targets" dal progetto "C:\Users\rober\Documents\MoneyMindApp\MoneyMindApp.csproj" (la destinazione "_InitializeSourceControlInformationFromSourceControlManager" dipende da essa):
       Assembly caricato durante TaskRun: Microsoft.SourceLink.GitHub, Version=9.0.11.11701, Culture=neutral, PublicKeyToken=31bf3856ad364e35 (percorso: C:\Program Files\dotnet\sdk\9.0.305\Sdks\Microsoft.SourceLink.GitHub\tools\net\Microsoft.SourceLink.GitHub.dll, MVID: de6eb21e-3e60-4c55-84da-db4085852056, AssemblyLoadContext: MSBuild plugin C:\Program Files\dotnet\sdk\9.0.305\Sdks\Microsoft.SourceLink.GitHub\tools\net\Microsoft.SourceLink.GitHub.dll)
       Verrà usata l'attività "Microsoft.SourceLink.GitHub.TranslateRepositoryUrls" dall'assembly "C:\Program Files\dotnet\sdk\9.0.305\Sdks\Microsoft.SourceLink.GitHub\build\..\tools\net\Microsoft.SourceLink.GitHub.dll".
       Attività "Microsoft.SourceLink.GitHub.TranslateRepositoryUrls"
       Esecuzione attività "Microsoft.SourceLink.GitHub.TranslateRepositoryUrls" completata.
     1>Compilazione destinazione "TranslateGitHubUrlsInSourceControlInformation" nel progetto "MoneyMindApp.csproj" completata.
     1>Destinazione "TranslateGitLabUrlsInSourceControlInformation" nel file "C:\Program Files\dotnet\sdk\9.0.305\Sdks\Microsoft.SourceLink.GitLab\build\Microsoft.SourceLink.GitLab.targets" dal progetto "C:\Users\rober\Documents\MoneyMindApp\MoneyMindApp.csproj" (la destinazione "_InitializeSourceControlInformationFromSourceControlManager" dipende da essa):
       Assembly caricato durante TaskRun: Microsoft.SourceLink.GitLab, Version=9.0.11.11701, Culture=neutral, PublicKeyToken=31bf3856ad364e35 (percorso: C:\Program Files\dotnet\sdk\9.0.305\Sdks\Microsoft.SourceLink.GitLab\tools\net\Microsoft.SourceLink.GitLab.dll, MVID: ccdddc0a-7879-4673-a23d-bd877ae513a4, AssemblyLoadContext: MSBuild plugin C:\Program Files\dotnet\sdk\9.0.305\Sdks\Microsoft.SourceLink.GitLab\tools\net\Microsoft.SourceLink.GitLab.dll)
       Verrà usata l'attività "Microsoft.SourceLink.GitLab.TranslateRepositoryUrls" dall'assembly "C:\Program Files\dotnet\sdk\9.0.305\Sdks\Microsoft.SourceLink.GitLab\build\..\tools\net\Microsoft.SourceLink.GitLab.dll".
       Attività "Microsoft.SourceLink.GitLab.TranslateRepositoryUrls"
       Esecuzione attività "Microsoft.SourceLink.GitLab.TranslateRepositoryUrls" completata.
     1>Compilazione destinazione "TranslateGitLabUrlsInSourceControlInformation" nel progetto "MoneyMindApp.csproj" completata.
     1>Destinazione "TranslateAzureReposGitUrlsInSourceControlInformation" nel file "C:\Program Files\dotnet\sdk\9.0.305\Sdks\Microsoft.SourceLink.AzureRepos.Git\build\Microsoft.SourceLink.AzureRepos.Git.targets" dal progetto "C:\Users\rober\Documents\MoneyMindApp\MoneyMindApp.csproj" (la destinazione "_InitializeSourceControlInformationFromSourceControlManager" dipende da essa):
       Assembly caricato durante TaskRun: Microsoft.SourceLink.AzureRepos.Git, Version=9.0.11.11701, Culture=neutral, PublicKeyToken=31bf3856ad364e35 (percorso: C:\Program Files\dotnet\sdk\9.0.305\Sdks\Microsoft.SourceLink.AzureRepos.Git\tools\net\Microsoft.SourceLink.AzureRepos.Git.dll, MVID: cc8362fa-d14c-4e8c-a855-a55f196817ae, AssemblyLoadContext: MSBuild plugin C:\Program Files\dotnet\sdk\9.0.305\Sdks\Microsoft.SourceLink.AzureRepos.Git\tools\net\Microsoft.SourceLink.AzureRepos.Git.dll)
       Verrà usata l'attività "Microsoft.SourceLink.AzureRepos.Git.TranslateRepositoryUrls" dall'assembly "C:\Program Files\dotnet\sdk\9.0.305\Sdks\Microsoft.SourceLink.AzureRepos.Git\build\..\tools\net\Microsoft.SourceLink.AzureRepos.Git.dll".
       Attività "Microsoft.SourceLink.AzureRepos.Git.TranslateRepositoryUrls"
       Esecuzione attività "Microsoft.SourceLink.AzureRepos.Git.TranslateRepositoryUrls" completata.
     1>Compilazione destinazione "TranslateAzureReposGitUrlsInSourceControlInformation" nel progetto "MoneyMindApp.csproj" completata.
     1>Destinazione "TranslateBitbucketGitUrlsInSourceControlInformation" nel file "C:\Program Files\dotnet\sdk\9.0.305\Sdks\Microsoft.SourceLink.Bitbucket.Git\build\Microsoft.SourceLink.Bitbucket.Git.targets" dal progetto "C:\Users\rober\Documents\MoneyMindApp\MoneyMindApp.csproj" (la destinazione "_InitializeSourceControlInformationFromSourceControlManager" dipende da essa):
       Assembly caricato durante TaskRun: Microsoft.SourceLink.Bitbucket.Git, Version=9.0.11.11701, Culture=neutral, PublicKeyToken=31bf3856ad364e35 (percorso: C:\Program Files\dotnet\sdk\9.0.305\Sdks\Microsoft.SourceLink.Bitbucket.Git\tools\net\Microsoft.SourceLink.Bitbucket.Git.dll, MVID: 633cbf61-44e1-4706-8334-7e18ba081963, AssemblyLoadContext: MSBuild plugin C:\Program Files\dotnet\sdk\9.0.305\Sdks\Microsoft.SourceLink.Bitbucket.Git\tools\net\Microsoft.SourceLink.Bitbucket.Git.dll)
       Verrà usata l'attività "Microsoft.SourceLink.Bitbucket.Git.TranslateRepositoryUrls" dall'assembly "C:\Program Files\dotnet\sdk\9.0.305\Sdks\Microsoft.SourceLink.Bitbucket.Git\build\..\tools\net\Microsoft.SourceLink.Bitbucket.Git.dll".
       Attività "Microsoft.SourceLink.Bitbucket.Git.TranslateRepositoryUrls"
       Esecuzione attività "Microsoft.SourceLink.Bitbucket.Git.TranslateRepositoryUrls" completata.
     1>Compilazione destinazione "TranslateBitbucketGitUrlsInSourceControlInformation" nel progetto "MoneyMindApp.csproj" completata.
     1>Destinazione "SourceControlManagerPublishTranslatedUrls" nel file "C:\Program Files\dotnet\sdk\9.0.305\Sdks\Microsoft.SourceLink.Common\build\InitializeSourceControlInformation.targets" dal progetto "C:\Users\rober\Documents\MoneyMindApp\MoneyMindApp.csproj" (la destinazione "_InitializeSourceControlInformationFromSourceControlManager" dipende da essa):
     1>Compilazione destinazione "SourceControlManagerPublishTranslatedUrls" nel progetto "MoneyMindApp.csproj" completata.
     1>Destinazione "_InitializeSourceControlInformationFromSourceControlManager" nel file "C:\Program Files\dotnet\sdk\9.0.305\Sdks\Microsoft.SourceLink.Common\build\InitializeSourceControlInformation.targets" dal progetto "C:\Users\rober\Documents\MoneyMindApp\MoneyMindApp.csproj" (la destinazione "InitializeSourceControlInformation" dipende da essa):
     1>Compilazione destinazione "_InitializeSourceControlInformationFromSourceControlManager" nel progetto "MoneyMindApp.csproj" completata.
     1>Destinazione "InitializeSourceControlInformation" nel file "C:\Program Files\dotnet\sdk\9.0.305\Microsoft.Common.CurrentVersion.targets" dal progetto "C:\Users\rober\Documents\MoneyMindApp\MoneyMindApp.csproj" (la destinazione "GetAssemblyAttributes" dipende da essa):
     1>Compilazione destinazione "InitializeSourceControlInformation" nel progetto "MoneyMindApp.csproj" completata.
       La destinazione "GetAssemblyVersion" è stata ignorata. La compilazione era stata completata in precedenza.
       La destinazione "InitializeSourceControlInformation" è stata ignorata. La compilazione era stata completata in precedenza.
     1>Destinazione "AddSourceRevisionToInformationalVersion" nel file "C:\Program Files\dotnet\sdk\9.0.305\Sdks\Microsoft.NET.Sdk\targets\Microsoft.NET.GenerateAssemblyInfo.targets" dal progetto "C:\Users\rober\Documents\MoneyMindApp\MoneyMindApp.csproj" (la destinazione "GetAssemblyAttributes" dipende da essa):
     1>Compilazione destinazione "AddSourceRevisionToInformationalVersion" nel progetto "MoneyMindApp.csproj" completata.
       Destinazione"_GetUserSecretsAssemblyAttribute" ignorata. Condizione false. ( '$(UserSecretsId)' != '' AND '$(GenerateUserSecretsAttribute)' != 'false' AND '$(GeneratedUserSecretsAttributeFile)' == '' ) ha restituito ( '' != '' AND '' != 'false' AND '' == '' ).
       Destinazione"_GetAssemblyAttributesBeforeTarget" ignorata. Condizione false. ('$(_ResizetizerIsWindowsAppSdk)' == 'True') ha restituito ('' == 'True').
     1>Destinazione "GetAssemblyAttributes" nel file "C:\Program Files\dotnet\sdk\9.0.305\Sdks\Microsoft.NET.Sdk\targets\Microsoft.NET.GenerateAssemblyInfo.targets" dal progetto "C:\Users\rober\Documents\MoneyMindApp\MoneyMindApp.csproj" (la destinazione "CreateGeneratedAssemblyInfoInputsCacheFile" dipende da essa):
     1>Compilazione destinazione "GetAssemblyAttributes" nel progetto "MoneyMindApp.csproj" completata.
     1>Destinazione "CreateGeneratedAssemblyInfoInputsCacheFile" nel file "C:\Program Files\dotnet\sdk\9.0.305\Sdks\Microsoft.NET.Sdk\targets\Microsoft.NET.GenerateAssemblyInfo.targets" dal progetto "C:\Users\rober\Documents\MoneyMindApp\MoneyMindApp.csproj" (la destinazione "CoreGenerateAssemblyInfo" dipende da essa):
       Verrà usata l'attività "Hash" dall'assembly "Microsoft.Build.Tasks.Core, Version=15.1.0.0, Culture=neutral, PublicKeyToken=b03f5f7f11d50a3a".
       Attività "Hash"
       Esecuzione attività "Hash" completata.
       Attività "WriteLinesToFile"
         L'operazione di scrittura nel file "obj\Debug\net8.0-android\MoneyMindApp.AssemblyInfoInputs.cache" non è stata eseguita perché non avrebbe comportato la modifica del contenuto.
       Esecuzione attività "WriteLinesToFile" completata.
     1>Compilazione destinazione "CreateGeneratedAssemblyInfoInputsCacheFile" nel progetto "MoneyMindApp.csproj" completata.
     1>Destinazione "CoreGenerateAssemblyInfo" nel file "C:\Program Files\dotnet\sdk\9.0.305\Sdks\Microsoft.NET.Sdk\targets\Microsoft.NET.GenerateAssemblyInfo.targets" dal progetto "C:\Users\rober\Documents\MoneyMindApp\MoneyMindApp.csproj" (la destinazione "GenerateAssemblyInfo" dipende da essa):
       La destinazione "CoreGenerateAssemblyInfo" verrà ignorata. Tutti i file di output sono aggiornati rispetto ai file di input.
       File di input: obj\Debug\net8.0-android\MoneyMindApp.AssemblyInfoInputs.cache
       File di output: obj\Debug\net8.0-android\MoneyMindApp.AssemblyInfo.cs
     1>Compilazione destinazione "CoreGenerateAssemblyInfo" nel progetto "MoneyMindApp.csproj" completata.
     1>Destinazione "GenerateAssemblyInfo" nel file "C:\Program Files\dotnet\sdk\9.0.305\Sdks\Microsoft.NET.Sdk\targets\Microsoft.NET.GenerateAssemblyInfo.targets" dal progetto "C:\Users\rober\Documents\MoneyMindApp\MoneyMindApp.csproj" (la destinazione "BeforeCompile" dipende da essa):
     1>Compilazione destinazione "GenerateAssemblyInfo" nel progetto "MoneyMindApp.csproj" completata.
     1>Destinazione "BeforeCompile" nel file "C:\Program Files\dotnet\sdk\9.0.305\Microsoft.Common.CurrentVersion.targets" dal progetto "C:\Users\rober\Documents\MoneyMindApp\MoneyMindApp.csproj" (la destinazione "Compile" dipende da essa):
     1>Compilazione destinazione "BeforeCompile" nel progetto "MoneyMindApp.csproj" completata.
       Destinazione"_TimeStampBeforeCompile" ignorata. Condizione false. ('$(RunPostBuildEvent)'=='OnOutputUpdated' or ('$(RegisterForComInterop)'=='true' and '$(OutputType)'=='library')) ha restituito (''=='OnOutputUpdated' or (''=='true' and 'Library'=='library')).
       La destinazione "ResolveAssemblyReferences" è stata ignorata. La compilazione era stata completata in precedenza.
       La destinazione "_GenerateCompileInputs" è stata ignorata. La compilazione era stata completata in precedenza.
     1>Destinazione "_GenerateCompileDependencyCache" nel file "C:\Program Files\dotnet\sdk\9.0.305\Microsoft.Common.CurrentVersion.targets" dal progetto "C:\Users\rober\Documents\MoneyMindApp\MoneyMindApp.csproj" (la destinazione "Compile" dipende da essa):
       Attività "Hash"
       Esecuzione attività "Hash" completata.
       Attività "WriteLinesToFile"
         L'operazione di scrittura nel file "obj\Debug\net8.0-android\MoneyMindApp.csproj.CoreCompileInputs.cache" non è stata eseguita perché non avrebbe comportato la modifica del contenuto.
       Esecuzione attività "WriteLinesToFile" completata.
     1>Compilazione destinazione "_GenerateCompileDependencyCache" nel progetto "MoneyMindApp.csproj" completata.
       La destinazione "ResolveAssemblyReferences" è stata ignorata. La compilazione era stata completata in precedenza.
     1>Destinazione "_RemoveLegacyDesigner" nel file "C:\Program Files\dotnet\packs\Microsoft.Android.Sdk.Windows\34.0.154\tools\Xamarin.Android.Common.targets" dal progetto "C:\Users\rober\Documents\MoneyMindApp\MoneyMindApp.csproj" (la destinazione "UpdateGeneratedFiles" dipende da essa):
     1>Compilazione destinazione "_RemoveLegacyDesigner" nel progetto "MoneyMindApp.csproj" completata.
       La destinazione "UpdateAndroidResources" è stata ignorata. La compilazione era stata completata in precedenza.
     1>Destinazione "UpdateGeneratedFiles" nel file "C:\Program Files\dotnet\packs\Microsoft.Android.Sdk.Windows\34.0.154\tools\Xamarin.Android.Common.targets" dal progetto "C:\Users\rober\Documents\MoneyMindApp\MoneyMindApp.csproj" (la destinazione "CoreCompile" dipende da essa):
     1>Compilazione destinazione "UpdateGeneratedFiles" nel progetto "MoneyMindApp.csproj" completata.
       Destinazione"_ComputeNonExistentFileProperty" ignorata. Condizione false. (('$(BuildingInsideVisualStudio)' == 'true') and ('$(BuildingOutOfProcess)' != 'true') and (('$(BuildingProject)' == 'false') or ('$(UseHostCompilerIfAvailable)' == 'true'))) ha restituito (('' == 'true') and ('' != 'true') and (('true' == 'false') or ('true' == 'true'))).
       Destinazione"ResolveCodeAnalysisRuleSet" ignorata. Condizione false. ('$(CodeAnalysisRuleSet)' != '') ha restituito ('' != '').
       Destinazione"ShimReferencePathsWhenCommonTargetsDoesNotUnderstandReferenceAssemblies" ignorata. Condizione false. ('@(ReferencePathWithRefAssemblies)' == '') ha restituito ('C:\Users\rober\Documents\MoneyMindApp\obj\Debug\net8.0-android\_Microsoft.Android.Resource.Designer.dll;C:\Users\rober\.nuget\packages\communitytoolkit.maui.core\9.1.0\lib\net8.0-android34.0\CommunityToolkit.Maui.Core.dll;C:\Users\rober\.nuget\packages\communitytoolkit.maui\9.1.0\lib\net8.0-android34.0\CommunityToolkit.Maui.dll;...' == '').
     1>Destinazione "_BeforeVBCSCoreCompile" nel file "C:\Program Files\dotnet\sdk\9.0.305\Roslyn\Microsoft.Managed.Core.targets" dal progetto "C:\Users\rober\Documents\MoneyMindApp\MoneyMindApp.csproj" (la destinazione "CoreCompile" dipende da essa):
     1>Compilazione destinazione "_BeforeVBCSCoreCompile" nel progetto "MoneyMindApp.csproj" completata.
       Destinazione"AdjustDefaultPlatformTargetForNetFrameworkExeWithNoNativeCopyLocalItems" ignorata. Condizione false. ('$(_UsingDefaultPlatformTarget)' == 'true' and
                            '$(_UsingDefaultRuntimeIdentifier)' == 'true') ha restituito ('true' == 'true' and
                            '' == 'true').
       Destinazione"_DisableDiagnosticTracing" ignorata. Condizione false. ('$(DisableDiagnosticTracing)' == 'true') ha restituito ('' == 'true').
       Destinazione"ShimReferencePathsWhenCommonTargetsDoesNotUnderstandReferenceAssemblies" ignorata. Condizione false. ('@(ReferencePathWithRefAssemblies)' == '') ha restituito ('C:\Users\rober\Documents\MoneyMindApp\obj\Debug\net8.0-android\_Microsoft.Android.Resource.Designer.dll;C:\Users\rober\.nuget\packages\communitytoolkit.maui.core\9.1.0\lib\net8.0-android34.0\CommunityToolkit.Maui.Core.dll;C:\Users\rober\.nuget\packages\communitytoolkit.maui\9.1.0\lib\net8.0-android34.0\CommunityToolkit.Maui.dll;...' == '').
     1>Destinazione "_ComputeSkipAnalyzers" nel file "C:\Program Files\dotnet\sdk\9.0.305\Roslyn\Microsoft.Managed.Core.targets" dal progetto "C:\Users\rober\Documents\MoneyMindApp\MoneyMindApp.csproj" (la destinazione "CoreCompile" dipende da essa):
       Attività "ShowMessageForImplicitlySkipAnalyzers" ignorata. Condizione false. ('$(_ImplicitlySkipAnalyzers)' == 'true') ha restituito ('' == 'true').
     1>Compilazione destinazione "_ComputeSkipAnalyzers" nel progetto "MoneyMindApp.csproj" completata.
       Destinazione"_SetPathMapFromSourceRoots" ignorata. Condizione false. ('$(DeterministicSourcePaths)' == 'true') ha restituito ('' == 'true').
       Destinazione"CreateCompilerGeneratedFilesOutputPath" ignorata. Condizione false. ('$(EmitCompilerGeneratedFiles)' == 'true' and !('$(DesignTimeBuild)' == 'true' OR '$(BuildingProject)' != 'true')) ha restituito ('false' == 'true' and !('false' == 'true' OR 'true' != 'true')).
       Destinazione"_CheckMicrosoftNetSdkCompilersToolsetPackageExists" ignorata. Condizione false. ('$(_NeedToDownloadMicrosoftNetSdkCompilersToolsetPackage)' == 'true' and '$(DesignTimeBuild)' != 'true') ha restituito ('' == 'true' and 'false' != 'true').
       La destinazione "BeforeCompile" è stata ignorata. La compilazione era stata completata in precedenza.
       La destinazione "InitializeSourceControlInformationFromSourceControlManager" è stata ignorata. La compilazione era stata completata in precedenza.
     1>Destinazione "SetEmbeddedFilesFromSourceControlManagerUntrackedFiles" nel file "C:\Program Files\dotnet\sdk\9.0.305\Sdks\Microsoft.Build.Tasks.Git\build\Microsoft.Build.Tasks.Git.targets" dal progetto "C:\Users\rober\Documents\MoneyMindApp\MoneyMindApp.csproj" (la destinazione "_SetEmbeddedFilesFromSourceControlManagerUntrackedFiles" dipende da essa):
       Attività "Microsoft.Build.Tasks.Git.GetUntrackedFiles" ignorata. Condizione false. ('$(_GitRepositoryId)' != '') ha restituito ('' != '').
     1>Compilazione destinazione "SetEmbeddedFilesFromSourceControlManagerUntrackedFiles" nel progetto "MoneyMindApp.csproj" completata.
     1>Destinazione "_SetEmbeddedFilesFromSourceControlManagerUntrackedFiles" nel file "C:\Program Files\dotnet\sdk\9.0.305\Sdks\Microsoft.SourceLink.Common\build\Microsoft.SourceLink.Common.targets" dal progetto "C:\Users\rober\Documents\MoneyMindApp\MoneyMindApp.csproj" (la destinazione "CoreCompile" dipende da essa):
     1>Compilazione destinazione "_SetEmbeddedFilesFromSourceControlManagerUntrackedFiles" nel progetto "MoneyMindApp.csproj" completata.
       La destinazione "InitializeSourceControlInformation" è stata ignorata. La compilazione era stata completata in precedenza.
     1>Destinazione "_SetSourceLinkFilePath" nel file "C:\Program Files\dotnet\sdk\9.0.305\Sdks\Microsoft.SourceLink.Common\build\Microsoft.SourceLink.Common.targets" dal progetto "C:\Users\rober\Documents\MoneyMindApp\MoneyMindApp.csproj" (la destinazione "_GenerateSourceLinkFile" dipende da essa):
     1>Compilazione destinazione "_SetSourceLinkFilePath" nel progetto "MoneyMindApp.csproj" completata.
       La destinazione "InitializeSourceControlInformation" è stata ignorata. La compilazione era stata completata in precedenza.
     1>Destinazione "_InitializeSourceRootMappedPathsFromSourceControl" nel file "C:\Program Files\dotnet\sdk\9.0.305\Roslyn\Microsoft.Managed.Core.targets" dal progetto "C:\Users\rober\Documents\MoneyMindApp\MoneyMindApp.csproj" (la destinazione "InitializeSourceRootMappedPaths" dipende da essa):
     1>Compilazione destinazione "_InitializeSourceRootMappedPathsFromSourceControl" nel progetto "MoneyMindApp.csproj" completata.
     1>Destinazione "InitializeSourceRootMappedPaths" nel file "C:\Program Files\dotnet\sdk\9.0.305\Roslyn\Microsoft.Managed.Core.targets" dal progetto "C:\Users\rober\Documents\MoneyMindApp\MoneyMindApp.csproj" (la destinazione "_InitializeSourceRootMappedPathsOpt" dipende da essa):
       Verrà usata l'attività "Microsoft.CodeAnalysis.BuildTasks.MapSourceRoots" dall'assembly "C:\Program Files\dotnet\sdk\9.0.305\Roslyn\Microsoft.Build.Tasks.CodeAnalysis.dll".
       Attività "Microsoft.CodeAnalysis.BuildTasks.MapSourceRoots"
       Esecuzione attività "Microsoft.CodeAnalysis.BuildTasks.MapSourceRoots" completata.
     1>Compilazione destinazione "InitializeSourceRootMappedPaths" nel progetto "MoneyMindApp.csproj" completata.
     1>Destinazione "_InitializeSourceRootMappedPathsOpt" nel file "C:\Program Files\dotnet\sdk\9.0.305\Sdks\Microsoft.SourceLink.Common\build\Microsoft.SourceLink.Common.targets" dal progetto "C:\Users\rober\Documents\MoneyMindApp\MoneyMindApp.csproj" (la destinazione "_GenerateSourceLinkFile" dipende da essa):
     1>Compilazione destinazione "_InitializeSourceRootMappedPathsOpt" nel progetto "MoneyMindApp.csproj" completata.
     1>Destinazione "_InitializeGitHubSourceLinkUrl" nel file "C:\Program Files\dotnet\sdk\9.0.305\Sdks\Microsoft.SourceLink.GitHub\build\Microsoft.SourceLink.GitHub.targets" dal progetto "C:\Users\rober\Documents\MoneyMindApp\MoneyMindApp.csproj" (la destinazione "_GenerateSourceLinkFile" dipende da essa):
       Compilazione completa della destinazione "_InitializeGitHubSourceLinkUrl" in corso.
       Non è stato specificato alcun file di input.
       Verrà usata l'attività "Microsoft.SourceLink.GitHub.GetSourceLinkUrl" dall'assembly "C:\Program Files\dotnet\sdk\9.0.305\Sdks\Microsoft.SourceLink.GitHub\build\..\tools\net\Microsoft.SourceLink.GitHub.dll".
       Attività "Microsoft.SourceLink.GitHub.GetSourceLinkUrl"
       Esecuzione attività "Microsoft.SourceLink.GitHub.GetSourceLinkUrl" completata.
     1>Compilazione destinazione "_InitializeGitHubSourceLinkUrl" nel progetto "MoneyMindApp.csproj" completata.
     1>Destinazione "_InitializeGitHubSourceLinkUrl" nel file "C:\Program Files\dotnet\sdk\9.0.305\Sdks\Microsoft.SourceLink.GitHub\build\Microsoft.SourceLink.GitHub.targets" dal progetto "C:\Users\rober\Documents\MoneyMindApp\MoneyMindApp.csproj" (la destinazione "_GenerateSourceLinkFile" dipende da essa):
       Compilazione completa della destinazione "_InitializeGitHubSourceLinkUrl" in corso.
       Non è stato specificato alcun file di input.
       Attività "Microsoft.SourceLink.GitHub.GetSourceLinkUrl"
       Esecuzione attività "Microsoft.SourceLink.GitHub.GetSourceLinkUrl" completata.
     1>Compilazione destinazione "_InitializeGitHubSourceLinkUrl" nel progetto "MoneyMindApp.csproj" completata.
     1>Destinazione "_InitializeGitLabSourceLinkUrl" nel file "C:\Program Files\dotnet\sdk\9.0.305\Sdks\Microsoft.SourceLink.GitLab\build\Microsoft.SourceLink.GitLab.targets" dal progetto "C:\Users\rober\Documents\MoneyMindApp\MoneyMindApp.csproj" (la destinazione "_GenerateSourceLinkFile" dipende da essa):
       Compilazione completa della destinazione "_InitializeGitLabSourceLinkUrl" in corso.
       Non è stato specificato alcun file di input.
       Verrà usata l'attività "Microsoft.SourceLink.GitLab.GetSourceLinkUrl" dall'assembly "C:\Program Files\dotnet\sdk\9.0.305\Sdks\Microsoft.SourceLink.GitLab\build\..\tools\net\Microsoft.SourceLink.GitLab.dll".
       Attività "Microsoft.SourceLink.GitLab.GetSourceLinkUrl"
       Esecuzione attività "Microsoft.SourceLink.GitLab.GetSourceLinkUrl" completata.
     1>Compilazione destinazione "_InitializeGitLabSourceLinkUrl" nel progetto "MoneyMindApp.csproj" completata.
     1>Destinazione "_InitializeGitLabSourceLinkUrl" nel file "C:\Program Files\dotnet\sdk\9.0.305\Sdks\Microsoft.SourceLink.GitLab\build\Microsoft.SourceLink.GitLab.targets" dal progetto "C:\Users\rober\Documents\MoneyMindApp\MoneyMindApp.csproj" (la destinazione "_GenerateSourceLinkFile" dipende da essa):
       Compilazione completa della destinazione "_InitializeGitLabSourceLinkUrl" in corso.
       Non è stato specificato alcun file di input.
       Attività "Microsoft.SourceLink.GitLab.GetSourceLinkUrl"
       Esecuzione attività "Microsoft.SourceLink.GitLab.GetSourceLinkUrl" completata.
     1>Compilazione destinazione "_InitializeGitLabSourceLinkUrl" nel progetto "MoneyMindApp.csproj" completata.
     1>Destinazione "_InitializeAzureReposGitSourceLinkUrl" nel file "C:\Program Files\dotnet\sdk\9.0.305\Sdks\Microsoft.SourceLink.AzureRepos.Git\build\Microsoft.SourceLink.AzureRepos.Git.targets" dal progetto "C:\Users\rober\Documents\MoneyMindApp\MoneyMindApp.csproj" (la destinazione "_GenerateSourceLinkFile" dipende da essa):
       Compilazione completa della destinazione "_InitializeAzureReposGitSourceLinkUrl" in corso.
       Non è stato specificato alcun file di input.
       Verrà usata l'attività "Microsoft.SourceLink.AzureRepos.Git.GetSourceLinkUrl" dall'assembly "C:\Program Files\dotnet\sdk\9.0.305\Sdks\Microsoft.SourceLink.AzureRepos.Git\build\..\tools\net\Microsoft.SourceLink.AzureRepos.Git.dll".
       Attività "Microsoft.SourceLink.AzureRepos.Git.GetSourceLinkUrl"
       Esecuzione attività "Microsoft.SourceLink.AzureRepos.Git.GetSourceLinkUrl" completata.
     1>Compilazione destinazione "_InitializeAzureReposGitSourceLinkUrl" nel progetto "MoneyMindApp.csproj" completata.
     1>Destinazione "_InitializeAzureReposGitSourceLinkUrl" nel file "C:\Program Files\dotnet\sdk\9.0.305\Sdks\Microsoft.SourceLink.AzureRepos.Git\build\Microsoft.SourceLink.AzureRepos.Git.targets" dal progetto "C:\Users\rober\Documents\MoneyMindApp\MoneyMindApp.csproj" (la destinazione "_GenerateSourceLinkFile" dipende da essa):
       Compilazione completa della destinazione "_InitializeAzureReposGitSourceLinkUrl" in corso.
       Non è stato specificato alcun file di input.
       Attività "Microsoft.SourceLink.AzureRepos.Git.GetSourceLinkUrl"
       Esecuzione attività "Microsoft.SourceLink.AzureRepos.Git.GetSourceLinkUrl" completata.
     1>Compilazione destinazione "_InitializeAzureReposGitSourceLinkUrl" nel progetto "MoneyMindApp.csproj" completata.
     1>Destinazione "_InitializeBitbucketGitSourceLinkUrl" nel file "C:\Program Files\dotnet\sdk\9.0.305\Sdks\Microsoft.SourceLink.Bitbucket.Git\build\Microsoft.SourceLink.Bitbucket.Git.targets" dal progetto "C:\Users\rober\Documents\MoneyMindApp\MoneyMindApp.csproj" (la destinazione "_GenerateSourceLinkFile" dipende da essa):
       Compilazione completa della destinazione "_InitializeBitbucketGitSourceLinkUrl" in corso.
       Non è stato specificato alcun file di input.
       Verrà usata l'attività "Microsoft.SourceLink.Bitbucket.Git.GetSourceLinkUrl" dall'assembly "C:\Program Files\dotnet\sdk\9.0.305\Sdks\Microsoft.SourceLink.Bitbucket.Git\build\..\tools\net\Microsoft.SourceLink.Bitbucket.Git.dll".
       Attività "Microsoft.SourceLink.Bitbucket.Git.GetSourceLinkUrl"
       Esecuzione attività "Microsoft.SourceLink.Bitbucket.Git.GetSourceLinkUrl" completata.
     1>Compilazione destinazione "_InitializeBitbucketGitSourceLinkUrl" nel progetto "MoneyMindApp.csproj" completata.
     1>Destinazione "_InitializeBitbucketGitSourceLinkUrl" nel file "C:\Program Files\dotnet\sdk\9.0.305\Sdks\Microsoft.SourceLink.Bitbucket.Git\build\Microsoft.SourceLink.Bitbucket.Git.targets" dal progetto "C:\Users\rober\Documents\MoneyMindApp\MoneyMindApp.csproj" (la destinazione "_GenerateSourceLinkFile" dipende da essa):
       Compilazione completa della destinazione "_InitializeBitbucketGitSourceLinkUrl" in corso.
       Non è stato specificato alcun file di input.
       Attività "Microsoft.SourceLink.Bitbucket.Git.GetSourceLinkUrl"
       Esecuzione attività "Microsoft.SourceLink.Bitbucket.Git.GetSourceLinkUrl" completata.
     1>Compilazione destinazione "_InitializeBitbucketGitSourceLinkUrl" nel progetto "MoneyMindApp.csproj" completata.
     1>Destinazione "_GenerateSourceLinkFile" nel file "C:\Program Files\dotnet\sdk\9.0.305\Sdks\Microsoft.SourceLink.Common\build\Microsoft.SourceLink.Common.targets" dal progetto "C:\Users\rober\Documents\MoneyMindApp\MoneyMindApp.csproj" (la destinazione "GenerateSourceLinkFile" dipende da essa):
       Compilazione completa della destinazione "_GenerateSourceLinkFile" in corso.
       Non è stato specificato alcun file di input.
       Verrà usata l'attività "Microsoft.SourceLink.Common.GenerateSourceLinkFile" dall'assembly "C:\Program Files\dotnet\sdk\9.0.305\Sdks\Microsoft.SourceLink.Common\build\..\tools\net\Microsoft.SourceLink.Common.dll".
       Attività "Microsoft.SourceLink.Common.GenerateSourceLinkFile"
         Assembly caricato durante TaskRun (Microsoft.SourceLink.Common.GenerateSourceLinkFile): Microsoft.SourceLink.Common.resources, Version=9.0.11.11701, Culture=it, PublicKeyToken=31bf3856ad364e35 (percorso: C:\Program Files\dotnet\sdk\9.0.305\Sdks\Microsoft.SourceLink.Common\tools\net\it\Microsoft.SourceLink.Common.resources.dll, MVID: 366d0fe9-4f1a-41bb-b9c0-b7fc0bfce143, AssemblyLoadContext: MSBuild plugin C:\Program Files\dotnet\sdk\9.0.305\Sdks\Microsoft.SourceLink.Common\tools\net\Microsoft.SourceLink.Common.dll)
         Source Link è vuoto, il file 'obj\Debug\net8.0-android\MoneyMindApp.sourcelink.json' non esiste.
       Esecuzione attività "Microsoft.SourceLink.Common.GenerateSourceLinkFile" completata.
     1>Compilazione destinazione "_GenerateSourceLinkFile" nel progetto "MoneyMindApp.csproj" completata.
     1>Destinazione "GenerateSourceLinkFile" nel file "C:\Program Files\dotnet\sdk\9.0.305\Sdks\Microsoft.SourceLink.Common\build\Microsoft.SourceLink.Common.targets" dal progetto "C:\Users\rober\Documents\MoneyMindApp\MoneyMindApp.csproj" (la destinazione "CoreCompile" dipende da essa):
     1>Compilazione destinazione "GenerateSourceLinkFile" nel progetto "MoneyMindApp.csproj" completata.
     1>Destinazione "AddGlobalAnalyzerConfigForPackage_MicrosoftCodeAnalysisNetAnalyzers" nel file "C:\Program Files\dotnet\sdk\9.0.305\Sdks\Microsoft.NET.Sdk\analyzers\build\Microsoft.CodeAnalysis.NetAnalyzers.targets" dal progetto "C:\Users\rober\Documents\MoneyMindApp\MoneyMindApp.csproj" (la destinazione "CoreCompile" dipende da essa):
     1>Compilazione destinazione "AddGlobalAnalyzerConfigForPackage_MicrosoftCodeAnalysisNetAnalyzers" nel progetto "MoneyMindApp.csproj" completata.
       Destinazione"AddGlobalAnalyzerConfigForPackage_MicrosoftCodeAnalysisNetAnalyzersDesign" ignorata. Condizione false. ('$(SkipGlobalAnalyzerConfigForPackage)' != 'true' and ('$(AnalysisLevelDesign)' != '' or '$(AnalysisModeDesign)' != '')) ha restituito ('' != 'true' and ('' != '' or '' != '')).
       Destinazione"AddGlobalAnalyzerConfigForPackage_MicrosoftCodeAnalysisNetAnalyzersDocumentation" ignorata. Condizione false. ('$(SkipGlobalAnalyzerConfigForPackage)' != 'true' and ('$(AnalysisLevelDocumentation)' != '' or '$(AnalysisModeDocumentation)' != '')) ha restituito ('' != 'true' and ('' != '' or '' != '')).
       Destinazione"AddGlobalAnalyzerConfigForPackage_MicrosoftCodeAnalysisNetAnalyzersGlobalization" ignorata. Condizione false. ('$(SkipGlobalAnalyzerConfigForPackage)' != 'true' and ('$(AnalysisLevelGlobalization)' != '' or '$(AnalysisModeGlobalization)' != '')) ha restituito ('' != 'true' and ('' != '' or '' != '')).
       Destinazione"AddGlobalAnalyzerConfigForPackage_MicrosoftCodeAnalysisNetAnalyzersInteroperability" ignorata. Condizione false. ('$(SkipGlobalAnalyzerConfigForPackage)' != 'true' and ('$(AnalysisLevelInteroperability)' != '' or '$(AnalysisModeInteroperability)' != '')) ha restituito ('' != 'true' and ('' != '' or '' != '')).
       Destinazione"AddGlobalAnalyzerConfigForPackage_MicrosoftCodeAnalysisNetAnalyzersMaintainability" ignorata. Condizione false. ('$(SkipGlobalAnalyzerConfigForPackage)' != 'true' and ('$(AnalysisLevelMaintainability)' != '' or '$(AnalysisModeMaintainability)' != '')) ha restituito ('' != 'true' and ('' != '' or '' != '')).
       Destinazione"AddGlobalAnalyzerConfigForPackage_MicrosoftCodeAnalysisNetAnalyzersNaming" ignorata. Condizione false. ('$(SkipGlobalAnalyzerConfigForPackage)' != 'true' and ('$(AnalysisLevelNaming)' != '' or '$(AnalysisModeNaming)' != '')) ha restituito ('' != 'true' and ('' != '' or '' != '')).
       Destinazione"AddGlobalAnalyzerConfigForPackage_MicrosoftCodeAnalysisNetAnalyzersPerformance" ignorata. Condizione false. ('$(SkipGlobalAnalyzerConfigForPackage)' != 'true' and ('$(AnalysisLevelPerformance)' != '' or '$(AnalysisModePerformance)' != '')) ha restituito ('' != 'true' and ('' != '' or '' != '')).
       Destinazione"AddGlobalAnalyzerConfigForPackage_MicrosoftCodeAnalysisNetAnalyzersReliability" ignorata. Condizione false. ('$(SkipGlobalAnalyzerConfigForPackage)' != 'true' and ('$(AnalysisLevelReliability)' != '' or '$(AnalysisModeReliability)' != '')) ha restituito ('' != 'true' and ('' != '' or '' != '')).
       Destinazione"AddGlobalAnalyzerConfigForPackage_MicrosoftCodeAnalysisNetAnalyzersSecurity" ignorata. Condizione false. ('$(SkipGlobalAnalyzerConfigForPackage)' != 'true' and ('$(AnalysisLevelSecurity)' != '' or '$(AnalysisModeSecurity)' != '')) ha restituito ('' != 'true' and ('' != '' or '' != '')).
       Destinazione"AddGlobalAnalyzerConfigForPackage_MicrosoftCodeAnalysisNetAnalyzersUsage" ignorata. Condizione false. ('$(SkipGlobalAnalyzerConfigForPackage)' != 'true' and ('$(AnalysisLevelUsage)' != '' or '$(AnalysisModeUsage)' != '')) ha restituito ('' != 'true' and ('' != '' or '' != '')).
       Destinazione"_CodeAnalysisTreatWarningsAsErrors" ignorata. Condizione false. ('$(DesignTimeBuild)' == 'true' OR '$(BuildingProject)' != 'true') ha restituito ('false' == 'true' OR 'true' != 'true').
     1>Destinazione "CoreCompile" nel file "C:\Program Files\dotnet\sdk\9.0.305\Roslyn\Microsoft.CSharp.Core.targets" dal progetto "C:\Users\rober\Documents\MoneyMindApp\MoneyMindApp.csproj" (la destinazione "Compile" dipende da essa):
       La destinazione "CoreCompile" verrà ignorata. Tutti i file di output sono aggiornati rispetto ai file di input.
       File di input: 
           App.xaml.cs
           AppShell.xaml.cs
           Behaviors\TouchFeedbackBehavior.cs
           Converters\ValueConverters.cs
           Helpers\IconHelper.cs
           Helpers\SyncHelper.cs
           MauiProgram.cs
           Models\AccountStatistics.cs
           Models\AppSetting.cs
           Models\BankAccount.cs
           Models\DuplicateGroup.cs
           Models\ImportExportModels.cs
           Models\LicenseData.cs
           Models\MonthlyStats.cs
           Models\PaymentPreview.cs
           Models\SalaryException.cs
           Models\Sync\SyncModels.cs
           Models\Transaction.cs
           Models\TransactionFilters.cs
           Models\TransactionGroup.cs
           Models\UpdateInfo.cs
           Platforms\Android\MainActivity.cs
           Platforms\Android\MainApplication.cs
           Services\AnalyticsService.cs
           Services\Backup\BackupService.cs
           Services\Backup\IBackupService.cs
           Services\Business\DuplicateDetectionService.cs
           Services\Business\IDuplicateDetectionService.cs
           Services\Database\DatabaseMigrationService.cs
           Services\Database\DatabaseService.cs
           Services\Database\GlobalDatabaseService.cs
           Services\Database\IDatabaseMigrationService.cs
           Services\IAnalyticsService.cs
           Services\ImportExport\IImportExportService.cs
           Services\ImportExport\ImportExportService.cs
           Services\ISalaryPeriodService.cs
           Services\License\ILicenseService.cs
           Services\License\LicenseService.cs
           Services\Logging\CrashReportingService.cs
           Services\Logging\ICrashReportingService.cs
           Services\Logging\ILoggingService.cs
           Services\Logging\LoggingService.cs
           Services\Platform\IPermissionService.cs
           Services\Platform\PermissionService.cs
           Services\SalaryPeriodService.cs
           Services\Security\BiometricAuthService.cs
           Services\Security\IBiometricAuthService.cs
           Services\Sync\IWiFiSyncService.cs
           Services\Sync\WiFiSyncService.cs
           Services\Updates\IUpdateService.cs
           Services\Updates\UpdateService.cs
           ViewModels\AccountSelectionViewModel.cs
           ViewModels\AddAccountViewModel.cs
           ViewModels\AddTransactionViewModel.cs
           ViewModels\AdminViewModel.cs
           ViewModels\AnalyticsViewModel.cs
           ViewModels\BiometricSetupViewModel.cs
           ViewModels\CreateAccountViewModel.cs
           ViewModels\DuplicatesViewModel.cs
           ViewModels\EditAccountViewModel.cs
           ViewModels\EditTransactionViewModel.cs
           ViewModels\ExportViewModel.cs
           ViewModels\ImportViewModel.cs
           ViewModels\LicenseActivationViewModel.cs
           ViewModels\MainViewModel.cs
           ViewModels\QuickTourViewModel.cs
           ViewModels\SalaryConfigViewModel.cs
           ViewModels\SettingsViewModel.cs
           ViewModels\TransactionsViewModel.cs
           ViewModels\WelcomeViewModel.cs
           ViewModels\WiFiSyncViewModel.cs
           Views\AccountSelectionPage.xaml.cs
           Views\AddAccountPage.xaml.cs
           Views\AddTransactionPage.xaml.cs
           Views\AdminPage.xaml.cs
           Views\AnalyticsPage.xaml.cs
           Views\BiometricSetupPage.xaml.cs
           Views\CreateAccountPage.xaml.cs
           Views\DuplicatesPage.xaml.cs
           Views\EditAccountPage.xaml.cs
           Views\EditTransactionPage.xaml.cs
           Views\ExportPage.xaml.cs
           Views\ImportPage.xaml.cs
           Views\LicenseActivationPage.xaml.cs
           Views\MainPage.xaml.cs
           Views\QuickTourPage.xaml.cs
           Views\SalaryConfigPage.xaml.cs
           Views\SettingsPage.xaml.cs
           Views\TransactionsPage.xaml.cs
           Views\WelcomePage.xaml.cs
           Views\WiFiSyncPage.xaml.cs
           obj\Debug\net8.0-android\MoneyMindApp.GlobalUsings.g.cs
           obj\Debug\net8.0-android\__Microsoft.Android.Resource.Designer.cs
           obj\Debug\net8.0-android\.NETCoreApp,Version=v8.0.AssemblyAttributes.cs
           obj\Debug\net8.0-android\MoneyMindApp.AssemblyInfo.cs
           App.xaml
           AppShell.xaml
           Resources\Styles\Colors.xaml
           Resources\Styles\Components.xaml
           Resources\Styles\Styles.xaml
           Resources\Styles\Typography.xaml
           Views\AccountSelectionPage.xaml
           Views\AddAccountPage.xaml
           Views\AddTransactionPage.xaml
           Views\AdminPage.xaml
           Views\AnalyticsPage.xaml
           Views\BiometricSetupPage.xaml
           Views\CreateAccountPage.xaml
           Views\DuplicatesPage.xaml
           Views\EditAccountPage.xaml
           Views\EditTransactionPage.xaml
           Views\ExportPage.xaml
           Views\ImportPage.xaml
           Views\LicenseActivationPage.xaml
           Views\MainPage.xaml
           Views\QuickTourPage.xaml
           Views\SalaryConfigPage.xaml
           Views\SettingsPage.xaml
           Views\TransactionsPage.xaml
           Views\WelcomePage.xaml
           Views\WiFiSyncPage.xaml
           C:\Users\rober\Documents\MoneyMindApp\obj\Debug\net8.0-android\_Microsoft.Android.Resource.Designer.dll
           C:\Users\rober\.nuget\packages\communitytoolkit.maui.core\9.1.0\lib\net8.0-android34.0\CommunityToolkit.Maui.Core.dll
           C:\Users\rober\.nuget\packages\communitytoolkit.maui\9.1.0\lib\net8.0-android34.0\CommunityToolkit.Maui.dll
           C:\Users\rober\.nuget\packages\communitytoolkit.mvvm\8.3.2\lib\net8.0\CommunityToolkit.Mvvm.dll
           C:\Users\rober\.nuget\packages\exceldatareader.dataset\3.7.0\lib\netstandard2.1\ExcelDataReader.DataSet.dll
           C:\Users\rober\.nuget\packages\exceldatareader\3.7.0\lib\netstandard2.1\ExcelDataReader.dll
           C:\Users\rober\.nuget\packages\googlegson\2.10.1.4\lib\net6.0-android31.0\GoogleGson.dll
           C:\Users\rober\.nuget\packages\harfbuzzsharp\7.3.0\lib\net6.0-android30.0\HarfBuzzSharp.dll
           C:\Users\rober\.nuget\packages\microsoft.android.ref.34\34.0.154\ref\net8.0\Java.Interop.dll
           C:\Users\rober\.nuget\packages\xamarin.google.code.findbugs.jsr305\3.0.2.9\lib\net6.0-android31.0\Jsr305Binding.dll
           C:\Users\rober\.nuget\packages\livechartscore.behaviours\2.0.0-rc2\lib\net7.0-android31.0\LiveChartsCore.Behaviours.dll
           C:\Users\rober\.nuget\packages\livechartscore\2.0.0-rc2\lib\net6.0-android31.0\LiveChartsCore.dll
           C:\Users\rober\.nuget\packages\livechartscore.skiasharpview\2.0.0-rc2\lib\net6.0-android31.0\LiveChartsCore.SkiaSharpView.dll
           C:\Users\rober\.nuget\packages\livechartscore.skiasharpview.maui\2.0.0-rc2\lib\net6.0-android31.0\LiveChartsCore.SkiaSharpView.Maui.dll
           C:\Users\rober\.nuget\packages\microsoft.aspnetcore.connections.abstractions\2.2.0\lib\netstandard2.0\Microsoft.AspNetCore.Connections.Abstractions.dll
           C:\Users\rober\.nuget\packages\microsoft.aspnetcore.hosting.abstractions\2.2.0\lib\netstandard2.0\Microsoft.AspNetCore.Hosting.Abstractions.dll
           C:\Users\rober\.nuget\packages\microsoft.aspnetcore.hosting\2.2.0\lib\netstandard2.0\Microsoft.AspNetCore.Hosting.dll
           C:\Users\rober\.nuget\packages\microsoft.aspnetcore.hosting.server.abstractions\2.2.0\lib\netstandard2.0\Microsoft.AspNetCore.Hosting.Server.Abstractions.dll
           C:\Users\rober\.nuget\packages\microsoft.aspnetcore.http.abstractions\2.2.0\lib\netstandard2.0\Microsoft.AspNetCore.Http.Abstractions.dll
           C:\Users\rober\.nuget\packages\microsoft.aspnetcore.http\2.2.0\lib\netstandard2.0\Microsoft.AspNetCore.Http.dll
           C:\Users\rober\.nuget\packages\microsoft.aspnetcore.http.extensions\2.2.0\lib\netstandard2.0\Microsoft.AspNetCore.Http.Extensions.dll
           C:\Users\rober\.nuget\packages\microsoft.aspnetcore.http.features\2.2.0\lib\netstandard2.0\Microsoft.AspNetCore.Http.Features.dll
           C:\Users\rober\.nuget\packages\microsoft.aspnetcore.server.kestrel.core\2.2.0\lib\netcoreapp2.1\Microsoft.AspNetCore.Server.Kestrel.Core.dll
           C:\Users\rober\.nuget\packages\microsoft.aspnetcore.server.kestrel\2.2.0\lib\netstandard2.0\Microsoft.AspNetCore.Server.Kestrel.dll
           C:\Users\rober\.nuget\packages\microsoft.aspnetcore.server.kestrel.https\2.2.0\lib\netcoreapp2.1\Microsoft.AspNetCore.Server.Kestrel.Https.dll
           C:\Users\rober\.nuget\packages\microsoft.aspnetcore.server.kestrel.transport.abstractions\2.2.0\lib\netstandard2.0\Microsoft.AspNetCore.Server.Kestrel.Transport.Abstractions.dll
           C:\Users\rober\.nuget\packages\microsoft.aspnetcore.server.kestrel.transport.sockets\2.2.0\lib\netcoreapp2.1\Microsoft.AspNetCore.Server.Kestrel.Transport.Sockets.dll
           C:\Users\rober\.nuget\packages\microsoft.aspnetcore.webutilities\2.2.0\lib\netstandard2.0\Microsoft.AspNetCore.WebUtilities.dll
           C:\Program Files\dotnet\packs\Microsoft.NETCore.App.Ref\8.0.20\ref\net8.0\Microsoft.CSharp.dll
           C:\Users\rober\.nuget\packages\microsoft.extensions.configuration.abstractions\8.0.0\lib\net8.0\Microsoft.Extensions.Configuration.Abstractions.dll
           C:\Users\rober\.nuget\packages\microsoft.extensions.configuration.binder\2.2.0\lib\netstandard2.0\Microsoft.Extensions.Configuration.Binder.dll
           C:\Users\rober\.nuget\packages\microsoft.extensions.configuration\8.0.0\lib\net8.0\Microsoft.Extensions.Configuration.dll
           C:\Users\rober\.nuget\packages\microsoft.extensions.configuration.environmentvariables\2.2.0\lib\netstandard2.0\Microsoft.Extensions.Configuration.EnvironmentVariables.dll
           C:\Users\rober\.nuget\packages\microsoft.extensions.configuration.fileextensions\2.2.0\lib\netstandard2.0\Microsoft.Extensions.Configuration.FileExtensions.dll
           C:\Users\rober\.nuget\packages\microsoft.extensions.dependencyinjection.abstractions\8.0.0\lib\net8.0\Microsoft.Extensions.DependencyInjection.Abstractions.dll
           C:\Users\rober\.nuget\packages\microsoft.extensions.dependencyinjection\8.0.0\lib\net8.0\Microsoft.Extensions.DependencyInjection.dll
           C:\Users\rober\.nuget\packages\microsoft.extensions.fileproviders.abstractions\2.2.0\lib\netstandard2.0\Microsoft.Extensions.FileProviders.Abstractions.dll
           C:\Users\rober\.nuget\packages\microsoft.extensions.fileproviders.physical\2.2.0\lib\netstandard2.0\Microsoft.Extensions.FileProviders.Physical.dll
           C:\Users\rober\.nuget\packages\microsoft.extensions.filesystemglobbing\2.2.0\lib\netstandard2.0\Microsoft.Extensions.FileSystemGlobbing.dll
           C:\Users\rober\.nuget\packages\microsoft.extensions.hosting.abstractions\2.2.0\lib\netstandard2.0\Microsoft.Extensions.Hosting.Abstractions.dll
           C:\Users\rober\.nuget\packages\microsoft.extensions.logging.abstractions\8.0.0\lib\net8.0\Microsoft.Extensions.Logging.Abstractions.dll
           C:\Users\rober\.nuget\packages\microsoft.extensions.logging.debug\8.0.0\lib\net8.0\Microsoft.Extensions.Logging.Debug.dll
           C:\Users\rober\.nuget\packages\microsoft.extensions.logging\8.0.0\lib\net8.0\Microsoft.Extensions.Logging.dll
           C:\Users\rober\.nuget\packages\microsoft.extensions.objectpool\2.2.0\lib\netstandard2.0\Microsoft.Extensions.ObjectPool.dll
           C:\Users\rober\.nuget\packages\microsoft.extensions.options\8.0.0\lib\net8.0\Microsoft.Extensions.Options.dll
           C:\Users\rober\.nuget\packages\microsoft.extensions.primitives\8.0.0\lib\net8.0\Microsoft.Extensions.Primitives.dll
           C:\Users\rober\.nuget\packages\microsoft.maui.controls.compatibility\8.0.90\lib\net8.0-android34.0\Microsoft.Maui.Controls.Compatibility.dll
           C:\Users\rober\.nuget\packages\microsoft.maui.controls.core\8.0.90\lib\net8.0-android34.0\Microsoft.Maui.Controls.dll
           C:\Users\rober\.nuget\packages\microsoft.maui.controls.xaml\8.0.90\lib\net8.0-android34.0\Microsoft.Maui.Controls.Xaml.dll
           C:\Users\rober\.nuget\packages\microsoft.maui.core\8.0.90\lib\net8.0-android34.0\Microsoft.Maui.dll
           C:\Users\rober\.nuget\packages\microsoft.maui.essentials\8.0.90\lib\net8.0-android34.0\Microsoft.Maui.Essentials.dll
           C:\Users\rober\.nuget\packages\microsoft.maui.graphics\8.0.90\lib\net8.0-android34.0\Microsoft.Maui.Graphics.dll
           C:\Users\rober\.nuget\packages\microsoft.net.http.headers\2.2.0\lib\netstandard2.0\Microsoft.Net.Http.Headers.dll
           C:\Program Files\dotnet\packs\Microsoft.NETCore.App.Ref\8.0.20\ref\net8.0\Microsoft.VisualBasic.Core.dll
           C:\Program Files\dotnet\packs\Microsoft.NETCore.App.Ref\8.0.20\ref\net8.0\Microsoft.VisualBasic.dll
           C:\Program Files\dotnet\packs\Microsoft.NETCore.App.Ref\8.0.20\ref\net8.0\Microsoft.Win32.Primitives.dll
           C:\Program Files\dotnet\packs\Microsoft.NETCore.App.Ref\8.0.20\ref\net8.0\Microsoft.Win32.Registry.dll
           C:\Users\rober\.nuget\packages\microsoft.android.ref.34\34.0.154\ref\net8.0\Mono.Android.dll
           C:\Users\rober\.nuget\packages\microsoft.android.ref.34\34.0.154\ref\net8.0\Mono.Android.Export.dll
           C:\Users\rober\.nuget\packages\microsoft.android.ref.34\34.0.154\ref\net8.0\Mono.Android.Runtime.dll
           C:\Program Files\dotnet\packs\Microsoft.NETCore.App.Ref\8.0.20\ref\net8.0\mscorlib.dll
           C:\Program Files\dotnet\packs\Microsoft.NETCore.App.Ref\8.0.20\ref\net8.0\netstandard.dll
           C:\Users\rober\.nuget\packages\newtonsoft.json\13.0.3\lib\net6.0\Newtonsoft.Json.dll
           C:\Users\rober\.nuget\packages\plugin.fingerprint\3.0.0-beta.1\lib\net6.0-android31.0\Plugin.Fingerprint.dll
           C:\Users\rober\.nuget\packages\serilog\4.1.0\lib\net8.0\Serilog.dll
           C:\Users\rober\.nuget\packages\serilog.extensions.logging\8.0.0\lib\net8.0\Serilog.Extensions.Logging.dll
           C:\Users\rober\.nuget\packages\serilog.sinks.file\6.0.0\lib\net8.0\Serilog.Sinks.File.dll
           C:\Users\rober\.nuget\packages\skiasharp\2.88.6\lib\net6.0-android30.0\SkiaSharp.dll
           C:\Users\rober\.nuget\packages\skiasharp.harfbuzz\2.88.6\lib\net6.0\SkiaSharp.HarfBuzz.dll
           C:\Users\rober\.nuget\packages\skiasharp.views\2.88.6\lib\net6.0-android30.0\SkiaSharp.Views.Android.dll
           C:\Users\rober\.nuget\packages\skiasharp.views.maui.controls.compatibility\2.88.6\lib\net6.0-android30.0\SkiaSharp.Views.Maui.Controls.Compatibility.dll
           C:\Users\rober\.nuget\packages\skiasharp.views.maui.controls\2.88.6\lib\net6.0-android30.0\SkiaSharp.Views.Maui.Controls.dll
           C:\Users\rober\.nuget\packages\skiasharp.views.maui.core\2.88.6\lib\net6.0-android30.0\SkiaSharp.Views.Maui.Core.dll
           C:\Users\rober\.nuget\packages\sqlite-net-pcl\1.8.116\lib\netstandard2.0\SQLite-net.dll
           C:\Users\rober\.nuget\packages\sqlitepclraw.bundle_green\2.1.8\lib\net6.0-android31.0\SQLitePCLRaw.batteries_v2.dll
           C:\Users\rober\.nuget\packages\sqlitepclraw.core\2.1.8\lib\netstandard2.0\SQLitePCLRaw.core.dll
           C:\Users\rober\.nuget\packages\sqlitepclraw.lib.e_sqlite3.android\2.1.8\lib\net6.0-android31.0\SQLitePCLRaw.lib.e_sqlite3.android.dll
           C:\Users\rober\.nuget\packages\sqlitepclraw.provider.e_sqlite3\2.1.8\lib\net6.0\SQLitePCLRaw.provider.e_sqlite3.dll
           C:\Program Files\dotnet\packs\Microsoft.NETCore.App.Ref\8.0.20\ref\net8.0\System.AppContext.dll
           C:\Program Files\dotnet\packs\Microsoft.NETCore.App.Ref\8.0.20\ref\net8.0\System.Buffers.dll
           C:\Program Files\dotnet\packs\Microsoft.NETCore.App.Ref\8.0.20\ref\net8.0\System.Collections.Concurrent.dll
           C:\Program Files\dotnet\packs\Microsoft.NETCore.App.Ref\8.0.20\ref\net8.0\System.Collections.dll
           C:\Program Files\dotnet\packs\Microsoft.NETCore.App.Ref\8.0.20\ref\net8.0\System.Collections.Immutable.dll
           C:\Program Files\dotnet\packs\Microsoft.NETCore.App.Ref\8.0.20\ref\net8.0\System.Collections.NonGeneric.dll
           C:\Program Files\dotnet\packs\Microsoft.NETCore.App.Ref\8.0.20\ref\net8.0\System.Collections.Specialized.dll
           C:\Program Files\dotnet\packs\Microsoft.NETCore.App.Ref\8.0.20\ref\net8.0\System.ComponentModel.Annotations.dll
           C:\Program Files\dotnet\packs\Microsoft.NETCore.App.Ref\8.0.20\ref\net8.0\System.ComponentModel.DataAnnotations.dll
           C:\Program Files\dotnet\packs\Microsoft.NETCore.App.Ref\8.0.20\ref\net8.0\System.ComponentModel.dll
           C:\Program Files\dotnet\packs\Microsoft.NETCore.App.Ref\8.0.20\ref\net8.0\System.ComponentModel.EventBasedAsync.dll
           C:\Program Files\dotnet\packs\Microsoft.NETCore.App.Ref\8.0.20\ref\net8.0\System.ComponentModel.Primitives.dll
           C:\Program Files\dotnet\packs\Microsoft.NETCore.App.Ref\8.0.20\ref\net8.0\System.ComponentModel.TypeConverter.dll
           C:\Program Files\dotnet\packs\Microsoft.NETCore.App.Ref\8.0.20\ref\net8.0\System.Configuration.dll
           C:\Program Files\dotnet\packs\Microsoft.NETCore.App.Ref\8.0.20\ref\net8.0\System.Console.dll
           C:\Program Files\dotnet\packs\Microsoft.NETCore.App.Ref\8.0.20\ref\net8.0\System.Core.dll
           C:\Program Files\dotnet\packs\Microsoft.NETCore.App.Ref\8.0.20\ref\net8.0\System.Data.Common.dll
           C:\Program Files\dotnet\packs\Microsoft.NETCore.App.Ref\8.0.20\ref\net8.0\System.Data.DataSetExtensions.dll
           C:\Program Files\dotnet\packs\Microsoft.NETCore.App.Ref\8.0.20\ref\net8.0\System.Data.dll
           C:\Program Files\dotnet\packs\Microsoft.NETCore.App.Ref\8.0.20\ref\net8.0\System.Diagnostics.Contracts.dll
           C:\Program Files\dotnet\packs\Microsoft.NETCore.App.Ref\8.0.20\ref\net8.0\System.Diagnostics.Debug.dll
           C:\Program Files\dotnet\packs\Microsoft.NETCore.App.Ref\8.0.20\ref\net8.0\System.Diagnostics.DiagnosticSource.dll
           C:\Program Files\dotnet\packs\Microsoft.NETCore.App.Ref\8.0.20\ref\net8.0\System.Diagnostics.FileVersionInfo.dll
           C:\Program Files\dotnet\packs\Microsoft.NETCore.App.Ref\8.0.20\ref\net8.0\System.Diagnostics.Process.dll
           C:\Program Files\dotnet\packs\Microsoft.NETCore.App.Ref\8.0.20\ref\net8.0\System.Diagnostics.StackTrace.dll
           C:\Program Files\dotnet\packs\Microsoft.NETCore.App.Ref\8.0.20\ref\net8.0\System.Diagnostics.TextWriterTraceListener.dll
           C:\Program Files\dotnet\packs\Microsoft.NETCore.App.Ref\8.0.20\ref\net8.0\System.Diagnostics.Tools.dll
           C:\Program Files\dotnet\packs\Microsoft.NETCore.App.Ref\8.0.20\ref\net8.0\System.Diagnostics.TraceSource.dll
           C:\Program Files\dotnet\packs\Microsoft.NETCore.App.Ref\8.0.20\ref\net8.0\System.Diagnostics.Tracing.dll
           C:\Program Files\dotnet\packs\Microsoft.NETCore.App.Ref\8.0.20\ref\net8.0\System.dll
           C:\Program Files\dotnet\packs\Microsoft.NETCore.App.Ref\8.0.20\ref\net8.0\System.Drawing.dll
           C:\Program Files\dotnet\packs\Microsoft.NETCore.App.Ref\8.0.20\ref\net8.0\System.Drawing.Primitives.dll
           C:\Program Files\dotnet\packs\Microsoft.NETCore.App.Ref\8.0.20\ref\net8.0\System.Dynamic.Runtime.dll
           C:\Program Files\dotnet\packs\Microsoft.NETCore.App.Ref\8.0.20\ref\net8.0\System.Formats.Asn1.dll
           C:\Program Files\dotnet\packs\Microsoft.NETCore.App.Ref\8.0.20\ref\net8.0\System.Formats.Tar.dll
           C:\Program Files\dotnet\packs\Microsoft.NETCore.App.Ref\8.0.20\ref\net8.0\System.Globalization.Calendars.dll
           C:\Program Files\dotnet\packs\Microsoft.NETCore.App.Ref\8.0.20\ref\net8.0\System.Globalization.dll
           C:\Program Files\dotnet\packs\Microsoft.NETCore.App.Ref\8.0.20\ref\net8.0\System.Globalization.Extensions.dll
           C:\Program Files\dotnet\packs\Microsoft.NETCore.App.Ref\8.0.20\ref\net8.0\System.IO.Compression.Brotli.dll
           C:\Program Files\dotnet\packs\Microsoft.NETCore.App.Ref\8.0.20\ref\net8.0\System.IO.Compression.dll
           C:\Program Files\dotnet\packs\Microsoft.NETCore.App.Ref\8.0.20\ref\net8.0\System.IO.Compression.FileSystem.dll
           C:\Program Files\dotnet\packs\Microsoft.NETCore.App.Ref\8.0.20\ref\net8.0\System.IO.Compression.ZipFile.dll
           C:\Program Files\dotnet\packs\Microsoft.NETCore.App.Ref\8.0.20\ref\net8.0\System.IO.dll
           C:\Program Files\dotnet\packs\Microsoft.NETCore.App.Ref\8.0.20\ref\net8.0\System.IO.FileSystem.AccessControl.dll
           C:\Program Files\dotnet\packs\Microsoft.NETCore.App.Ref\8.0.20\ref\net8.0\System.IO.FileSystem.dll
           C:\Program Files\dotnet\packs\Microsoft.NETCore.App.Ref\8.0.20\ref\net8.0\System.IO.FileSystem.DriveInfo.dll
           C:\Program Files\dotnet\packs\Microsoft.NETCore.App.Ref\8.0.20\ref\net8.0\System.IO.FileSystem.Primitives.dll
           C:\Program Files\dotnet\packs\Microsoft.NETCore.App.Ref\8.0.20\ref\net8.0\System.IO.FileSystem.Watcher.dll
           C:\Program Files\dotnet\packs\Microsoft.NETCore.App.Ref\8.0.20\ref\net8.0\System.IO.IsolatedStorage.dll
           C:\Program Files\dotnet\packs\Microsoft.NETCore.App.Ref\8.0.20\ref\net8.0\System.IO.MemoryMappedFiles.dll
           C:\Users\rober\.nuget\packages\system.io.pipelines\4.5.2\ref\netstandard1.3\System.IO.Pipelines.dll
           C:\Program Files\dotnet\packs\Microsoft.NETCore.App.Ref\8.0.20\ref\net8.0\System.IO.Pipes.AccessControl.dll
           C:\Program Files\dotnet\packs\Microsoft.NETCore.App.Ref\8.0.20\ref\net8.0\System.IO.Pipes.dll
           C:\Program Files\dotnet\packs\Microsoft.NETCore.App.Ref\8.0.20\ref\net8.0\System.IO.UnmanagedMemoryStream.dll
           C:\Program Files\dotnet\packs\Microsoft.NETCore.App.Ref\8.0.20\ref\net8.0\System.Linq.dll
           C:\Program Files\dotnet\packs\Microsoft.NETCore.App.Ref\8.0.20\ref\net8.0\System.Linq.Expressions.dll
           C:\Program Files\dotnet\packs\Microsoft.NETCore.App.Ref\8.0.20\ref\net8.0\System.Linq.Parallel.dll
           C:\Program Files\dotnet\packs\Microsoft.NETCore.App.Ref\8.0.20\ref\net8.0\System.Linq.Queryable.dll
           C:\Program Files\dotnet\packs\Microsoft.NETCore.App.Ref\8.0.20\ref\net8.0\System.Memory.dll
           C:\Program Files\dotnet\packs\Microsoft.NETCore.App.Ref\8.0.20\ref\net8.0\System.Net.dll
           C:\Program Files\dotnet\packs\Microsoft.NETCore.App.Ref\8.0.20\ref\net8.0\System.Net.Http.dll
           C:\Program Files\dotnet\packs\Microsoft.NETCore.App.Ref\8.0.20\ref\net8.0\System.Net.Http.Json.dll
           C:\Program Files\dotnet\packs\Microsoft.NETCore.App.Ref\8.0.20\ref\net8.0\System.Net.HttpListener.dll
           C:\Program Files\dotnet\packs\Microsoft.NETCore.App.Ref\8.0.20\ref\net8.0\System.Net.Mail.dll
           C:\Program Files\dotnet\packs\Microsoft.NETCore.App.Ref\8.0.20\ref\net8.0\System.Net.NameResolution.dll
           C:\Program Files\dotnet\packs\Microsoft.NETCore.App.Ref\8.0.20\ref\net8.0\System.Net.NetworkInformation.dll
           C:\Program Files\dotnet\packs\Microsoft.NETCore.App.Ref\8.0.20\ref\net8.0\System.Net.Ping.dll
           C:\Program Files\dotnet\packs\Microsoft.NETCore.App.Ref\8.0.20\ref\net8.0\System.Net.Primitives.dll
           C:\Program Files\dotnet\packs\Microsoft.NETCore.App.Ref\8.0.20\ref\net8.0\System.Net.Quic.dll
           C:\Program Files\dotnet\packs\Microsoft.NETCore.App.Ref\8.0.20\ref\net8.0\System.Net.Requests.dll
           C:\Program Files\dotnet\packs\Microsoft.NETCore.App.Ref\8.0.20\ref\net8.0\System.Net.Security.dll
           C:\Program Files\dotnet\packs\Microsoft.NETCore.App.Ref\8.0.20\ref\net8.0\System.Net.ServicePoint.dll
           C:\Program Files\dotnet\packs\Microsoft.NETCore.App.Ref\8.0.20\ref\net8.0\System.Net.Sockets.dll
           C:\Program Files\dotnet\packs\Microsoft.NETCore.App.Ref\8.0.20\ref\net8.0\System.Net.WebClient.dll
           C:\Program Files\dotnet\packs\Microsoft.NETCore.App.Ref\8.0.20\ref\net8.0\System.Net.WebHeaderCollection.dll
           C:\Program Files\dotnet\packs\Microsoft.NETCore.App.Ref\8.0.20\ref\net8.0\System.Net.WebProxy.dll
           C:\Program Files\dotnet\packs\Microsoft.NETCore.App.Ref\8.0.20\ref\net8.0\System.Net.WebSockets.Client.dll
           C:\Program Files\dotnet\packs\Microsoft.NETCore.App.Ref\8.0.20\ref\net8.0\System.Net.WebSockets.dll
           C:\Program Files\dotnet\packs\Microsoft.NETCore.App.Ref\8.0.20\ref\net8.0\System.Numerics.dll
           C:\Program Files\dotnet\packs\Microsoft.NETCore.App.Ref\8.0.20\ref\net8.0\System.Numerics.Vectors.dll
           C:\Program Files\dotnet\packs\Microsoft.NETCore.App.Ref\8.0.20\ref\net8.0\System.ObjectModel.dll
           C:\Program Files\dotnet\packs\Microsoft.NETCore.App.Ref\8.0.20\ref\net8.0\System.Reflection.DispatchProxy.dll
           C:\Program Files\dotnet\packs\Microsoft.NETCore.App.Ref\8.0.20\ref\net8.0\System.Reflection.dll
           C:\Program Files\dotnet\packs\Microsoft.NETCore.App.Ref\8.0.20\ref\net8.0\System.Reflection.Emit.dll
           C:\Program Files\dotnet\packs\Microsoft.NETCore.App.Ref\8.0.20\ref\net8.0\System.Reflection.Emit.ILGeneration.dll
           C:\Program Files\dotnet\packs\Microsoft.NETCore.App.Ref\8.0.20\ref\net8.0\System.Reflection.Emit.Lightweight.dll
           C:\Program Files\dotnet\packs\Microsoft.NETCore.App.Ref\8.0.20\ref\net8.0\System.Reflection.Extensions.dll
           C:\Program Files\dotnet\packs\Microsoft.NETCore.App.Ref\8.0.20\ref\net8.0\System.Reflection.Metadata.dll
           C:\Program Files\dotnet\packs\Microsoft.NETCore.App.Ref\8.0.20\ref\net8.0\System.Reflection.Primitives.dll
           C:\Program Files\dotnet\packs\Microsoft.NETCore.App.Ref\8.0.20\ref\net8.0\System.Reflection.TypeExtensions.dll
           C:\Program Files\dotnet\packs\Microsoft.NETCore.App.Ref\8.0.20\ref\net8.0\System.Resources.Reader.dll
           C:\Program Files\dotnet\packs\Microsoft.NETCore.App.Ref\8.0.20\ref\net8.0\System.Resources.ResourceManager.dll
           C:\Program Files\dotnet\packs\Microsoft.NETCore.App.Ref\8.0.20\ref\net8.0\System.Resources.Writer.dll
           C:\Program Files\dotnet\packs\Microsoft.NETCore.App.Ref\8.0.20\ref\net8.0\System.Runtime.CompilerServices.Unsafe.dll
           C:\Program Files\dotnet\packs\Microsoft.NETCore.App.Ref\8.0.20\ref\net8.0\System.Runtime.CompilerServices.VisualC.dll
           C:\Program Files\dotnet\packs\Microsoft.NETCore.App.Ref\8.0.20\ref\net8.0\System.Runtime.dll
           C:\Program Files\dotnet\packs\Microsoft.NETCore.App.Ref\8.0.20\ref\net8.0\System.Runtime.Extensions.dll
           C:\Program Files\dotnet\packs\Microsoft.NETCore.App.Ref\8.0.20\ref\net8.0\System.Runtime.Handles.dll
           C:\Program Files\dotnet\packs\Microsoft.NETCore.App.Ref\8.0.20\ref\net8.0\System.Runtime.InteropServices.dll
           C:\Program Files\dotnet\packs\Microsoft.NETCore.App.Ref\8.0.20\ref\net8.0\System.Runtime.InteropServices.JavaScript.dll
           C:\Program Files\dotnet\packs\Microsoft.NETCore.App.Ref\8.0.20\ref\net8.0\System.Runtime.InteropServices.RuntimeInformation.dll
           C:\Program Files\dotnet\packs\Microsoft.NETCore.App.Ref\8.0.20\ref\net8.0\System.Runtime.Intrinsics.dll
           C:\Program Files\dotnet\packs\Microsoft.NETCore.App.Ref\8.0.20\ref\net8.0\System.Runtime.Loader.dll
           C:\Program Files\dotnet\packs\Microsoft.NETCore.App.Ref\8.0.20\ref\net8.0\System.Runtime.Numerics.dll
           C:\Program Files\dotnet\packs\Microsoft.NETCore.App.Ref\8.0.20\ref\net8.0\System.Runtime.Serialization.dll
           C:\Program Files\dotnet\packs\Microsoft.NETCore.App.Ref\8.0.20\ref\net8.0\System.Runtime.Serialization.Formatters.dll
           C:\Program Files\dotnet\packs\Microsoft.NETCore.App.Ref\8.0.20\ref\net8.0\System.Runtime.Serialization.Json.dll
           C:\Program Files\dotnet\packs\Microsoft.NETCore.App.Ref\8.0.20\ref\net8.0\System.Runtime.Serialization.Primitives.dll
           C:\Program Files\dotnet\packs\Microsoft.NETCore.App.Ref\8.0.20\ref\net8.0\System.Runtime.Serialization.Xml.dll
           C:\Program Files\dotnet\packs\Microsoft.NETCore.App.Ref\8.0.20\ref\net8.0\System.Security.AccessControl.dll
           C:\Program Files\dotnet\packs\Microsoft.NETCore.App.Ref\8.0.20\ref\net8.0\System.Security.Claims.dll
           C:\Program Files\dotnet\packs\Microsoft.NETCore.App.Ref\8.0.20\ref\net8.0\System.Security.Cryptography.Algorithms.dll
           C:\Program Files\dotnet\packs\Microsoft.NETCore.App.Ref\8.0.20\ref\net8.0\System.Security.Cryptography.Cng.dll
           C:\Program Files\dotnet\packs\Microsoft.NETCore.App.Ref\8.0.20\ref\net8.0\System.Security.Cryptography.Csp.dll
           C:\Program Files\dotnet\packs\Microsoft.NETCore.App.Ref\8.0.20\ref\net8.0\System.Security.Cryptography.dll
           C:\Program Files\dotnet\packs\Microsoft.NETCore.App.Ref\8.0.20\ref\net8.0\System.Security.Cryptography.Encoding.dll
           C:\Program Files\dotnet\packs\Microsoft.NETCore.App.Ref\8.0.20\ref\net8.0\System.Security.Cryptography.OpenSsl.dll
           C:\Program Files\dotnet\packs\Microsoft.NETCore.App.Ref\8.0.20\ref\net8.0\System.Security.Cryptography.Primitives.dll
           C:\Program Files\dotnet\packs\Microsoft.NETCore.App.Ref\8.0.20\ref\net8.0\System.Security.Cryptography.X509Certificates.dll
           C:\Program Files\dotnet\packs\Microsoft.NETCore.App.Ref\8.0.20\ref\net8.0\System.Security.dll
           C:\Program Files\dotnet\packs\Microsoft.NETCore.App.Ref\8.0.20\ref\net8.0\System.Security.Principal.dll
           C:\Program Files\dotnet\packs\Microsoft.NETCore.App.Ref\8.0.20\ref\net8.0\System.Security.Principal.Windows.dll
           C:\Program Files\dotnet\packs\Microsoft.NETCore.App.Ref\8.0.20\ref\net8.0\System.Security.SecureString.dll
           C:\Program Files\dotnet\packs\Microsoft.NETCore.App.Ref\8.0.20\ref\net8.0\System.ServiceModel.Web.dll
           C:\Program Files\dotnet\packs\Microsoft.NETCore.App.Ref\8.0.20\ref\net8.0\System.ServiceProcess.dll
           C:\Program Files\dotnet\packs\Microsoft.NETCore.App.Ref\8.0.20\ref\net8.0\System.Text.Encoding.CodePages.dll
           C:\Program Files\dotnet\packs\Microsoft.NETCore.App.Ref\8.0.20\ref\net8.0\System.Text.Encoding.dll
           C:\Program Files\dotnet\packs\Microsoft.NETCore.App.Ref\8.0.20\ref\net8.0\System.Text.Encoding.Extensions.dll
           C:\Program Files\dotnet\packs\Microsoft.NETCore.App.Ref\8.0.20\ref\net8.0\System.Text.Encodings.Web.dll
           C:\Program Files\dotnet\packs\Microsoft.NETCore.App.Ref\8.0.20\ref\net8.0\System.Text.Json.dll
           C:\Program Files\dotnet\packs\Microsoft.NETCore.App.Ref\8.0.20\ref\net8.0\System.Text.RegularExpressions.dll
           C:\Program Files\dotnet\packs\Microsoft.NETCore.App.Ref\8.0.20\ref\net8.0\System.Threading.Channels.dll
           C:\Program Files\dotnet\packs\Microsoft.NETCore.App.Ref\8.0.20\ref\net8.0\System.Threading.dll
           C:\Program Files\dotnet\packs\Microsoft.NETCore.App.Ref\8.0.20\ref\net8.0\System.Threading.Overlapped.dll
           C:\Program Files\dotnet\packs\Microsoft.NETCore.App.Ref\8.0.20\ref\net8.0\System.Threading.Tasks.Dataflow.dll
           C:\Program Files\dotnet\packs\Microsoft.NETCore.App.Ref\8.0.20\ref\net8.0\System.Threading.Tasks.dll
           C:\Program Files\dotnet\packs\Microsoft.NETCore.App.Ref\8.0.20\ref\net8.0\System.Threading.Tasks.Extensions.dll
           C:\Program Files\dotnet\packs\Microsoft.NETCore.App.Ref\8.0.20\ref\net8.0\System.Threading.Tasks.Parallel.dll
           C:\Program Files\dotnet\packs\Microsoft.NETCore.App.Ref\8.0.20\ref\net8.0\System.Threading.Thread.dll
           C:\Program Files\dotnet\packs\Microsoft.NETCore.App.Ref\8.0.20\ref\net8.0\System.Threading.ThreadPool.dll
           C:\Program Files\dotnet\packs\Microsoft.NETCore.App.Ref\8.0.20\ref\net8.0\System.Threading.Timer.dll
           C:\Program Files\dotnet\packs\Microsoft.NETCore.App.Ref\8.0.20\ref\net8.0\System.Transactions.dll
           C:\Program Files\dotnet\packs\Microsoft.NETCore.App.Ref\8.0.20\ref\net8.0\System.Transactions.Local.dll
           C:\Program Files\dotnet\packs\Microsoft.NETCore.App.Ref\8.0.20\ref\net8.0\System.ValueTuple.dll
           C:\Program Files\dotnet\packs\Microsoft.NETCore.App.Ref\8.0.20\ref\net8.0\System.Web.dll
           C:\Program Files\dotnet\packs\Microsoft.NETCore.App.Ref\8.0.20\ref\net8.0\System.Web.HttpUtility.dll
           C:\Program Files\dotnet\packs\Microsoft.NETCore.App.Ref\8.0.20\ref\net8.0\System.Windows.dll
           C:\Program Files\dotnet\packs\Microsoft.NETCore.App.Ref\8.0.20\ref\net8.0\System.Xml.dll
           C:\Program Files\dotnet\packs\Microsoft.NETCore.App.Ref\8.0.20\ref\net8.0\System.Xml.Linq.dll
           C:\Program Files\dotnet\packs\Microsoft.NETCore.App.Ref\8.0.20\ref\net8.0\System.Xml.ReaderWriter.dll
           C:\Program Files\dotnet\packs\Microsoft.NETCore.App.Ref\8.0.20\ref\net8.0\System.Xml.Serialization.dll
           C:\Program Files\dotnet\packs\Microsoft.NETCore.App.Ref\8.0.20\ref\net8.0\System.Xml.XDocument.dll
           C:\Program Files\dotnet\packs\Microsoft.NETCore.App.Ref\8.0.20\ref\net8.0\System.Xml.XmlDocument.dll
           C:\Program Files\dotnet\packs\Microsoft.NETCore.App.Ref\8.0.20\ref\net8.0\System.Xml.XmlSerializer.dll
           C:\Program Files\dotnet\packs\Microsoft.NETCore.App.Ref\8.0.20\ref\net8.0\System.Xml.XPath.dll
           C:\Program Files\dotnet\packs\Microsoft.NETCore.App.Ref\8.0.20\ref\net8.0\System.Xml.XPath.XDocument.dll
           C:\Program Files\dotnet\packs\Microsoft.NETCore.App.Ref\8.0.20\ref\net8.0\WindowsBase.dll
           C:\Users\rober\.nuget\packages\xamarin.android.glide.annotations\4.15.1.2\lib\net6.0-android31.0\Xamarin.Android.Glide.Annotations.dll
           C:\Users\rober\.nuget\packages\xamarin.android.glide.disklrucache\4.15.1.2\lib\net6.0-android31.0\Xamarin.Android.Glide.DiskLruCache.dll
           C:\Users\rober\.nuget\packages\xamarin.android.glide\4.15.1.2\lib\net6.0-android31.0\Xamarin.Android.Glide.dll
           C:\Users\rober\.nuget\packages\xamarin.android.glide.gifdecoder\4.15.1.2\lib\net6.0-android31.0\Xamarin.Android.Glide.GifDecoder.dll
           C:\Users\rober\.nuget\packages\xamarin.androidx.activity\1.7.2.1\lib\net6.0-android31.0\Xamarin.AndroidX.Activity.dll
           C:\Users\rober\.nuget\packages\xamarin.androidx.activity.ktx\1.7.2.1\lib\net6.0-android31.0\Xamarin.AndroidX.Activity.Ktx.dll
           C:\Users\rober\.nuget\packages\xamarin.androidx.annotation\1.6.0.4\lib\net6.0-android31.0\Xamarin.AndroidX.Annotation.dll
           C:\Users\rober\.nuget\packages\xamarin.androidx.annotation.experimental\1.3.1.1\lib\net6.0-android31.0\Xamarin.AndroidX.Annotation.Experimental.dll
           C:\Users\rober\.nuget\packages\xamarin.androidx.annotation.jvm\1.6.0.2\lib\net6.0-android31.0\Xamarin.AndroidX.Annotation.Jvm.dll
           C:\Users\rober\.nuget\packages\xamarin.androidx.appcompat.appcompatresources\1.6.1.3\lib\net6.0-android31.0\Xamarin.AndroidX.AppCompat.AppCompatResources.dll
           C:\Users\rober\.nuget\packages\xamarin.androidx.appcompat\1.6.1.3\lib\net6.0-android31.0\Xamarin.AndroidX.AppCompat.dll
           C:\Users\rober\.nuget\packages\xamarin.androidx.arch.core.common\2.2.0.3\lib\net6.0-android31.0\Xamarin.AndroidX.Arch.Core.Common.dll
           C:\Users\rober\.nuget\packages\xamarin.androidx.arch.core.runtime\2.2.0.3\lib\net6.0-android31.0\Xamarin.AndroidX.Arch.Core.Runtime.dll
           C:\Users\rober\.nuget\packages\xamarin.androidx.biometric\1.1.0.9\lib\net6.0-android31.0\Xamarin.AndroidX.Biometric.dll
           C:\Users\rober\.nuget\packages\xamarin.androidx.browser\1.5.0.3\lib\net6.0-android31.0\Xamarin.AndroidX.Browser.dll
           C:\Users\rober\.nuget\packages\xamarin.androidx.cardview\1.0.0.21\lib\net6.0-android31.0\Xamarin.AndroidX.CardView.dll
           C:\Users\rober\.nuget\packages\xamarin.androidx.collection\1.2.0.9\lib\net6.0-android31.0\Xamarin.AndroidX.Collection.dll
           C:\Users\rober\.nuget\packages\xamarin.androidx.collection.ktx\1.2.0.9\lib\net6.0-android31.0\Xamarin.AndroidX.Collection.Ktx.dll
           C:\Users\rober\.nuget\packages\xamarin.androidx.concurrent.futures\1.1.0.14\lib\net6.0-android31.0\Xamarin.AndroidX.Concurrent.Futures.dll
           C:\Users\rober\.nuget\packages\xamarin.androidx.constraintlayout.core\1.0.4.6\lib\net6.0-android31.0\Xamarin.AndroidX.ConstraintLayout.Core.dll
           C:\Users\rober\.nuget\packages\xamarin.androidx.constraintlayout\2.1.4.6\lib\net6.0-android31.0\Xamarin.AndroidX.ConstraintLayout.dll
           C:\Users\rober\.nuget\packages\xamarin.androidx.coordinatorlayout\1.2.0.7\lib\net6.0-android31.0\Xamarin.AndroidX.CoordinatorLayout.dll
           C:\Users\rober\.nuget\packages\xamarin.androidx.core.core.ktx\1.10.1.2\lib\net6.0-android31.0\Xamarin.AndroidX.Core.Core.Ktx.dll
           C:\Users\rober\.nuget\packages\xamarin.androidx.core\1.10.1.2\lib\net6.0-android31.0\Xamarin.AndroidX.Core.dll
           C:\Users\rober\.nuget\packages\xamarin.androidx.cursoradapter\1.0.0.19\lib\net6.0-android31.0\Xamarin.AndroidX.CursorAdapter.dll
           C:\Users\rober\.nuget\packages\xamarin.androidx.customview\1.1.0.18\lib\net6.0-android31.0\Xamarin.AndroidX.CustomView.dll
           C:\Users\rober\.nuget\packages\xamarin.androidx.customview.poolingcontainer\1.0.0.5\lib\net6.0-android31.0\Xamarin.AndroidX.CustomView.PoolingContainer.dll
           C:\Users\rober\.nuget\packages\xamarin.androidx.documentfile\1.0.1.19\lib\net6.0-android31.0\Xamarin.AndroidX.DocumentFile.dll
           C:\Users\rober\.nuget\packages\xamarin.androidx.drawerlayout\1.2.0.3\lib\net6.0-android31.0\Xamarin.AndroidX.DrawerLayout.dll
           C:\Users\rober\.nuget\packages\xamarin.androidx.dynamicanimation\1.0.0.19\lib\net6.0-android31.0\Xamarin.AndroidX.DynamicAnimation.dll
           C:\Users\rober\.nuget\packages\xamarin.androidx.emoji2\1.3.0.3\lib\net6.0-android31.0\Xamarin.AndroidX.Emoji2.dll
           C:\Users\rober\.nuget\packages\xamarin.androidx.emoji2.viewshelper\1.3.0.3\lib\net6.0-android31.0\Xamarin.AndroidX.Emoji2.ViewsHelper.dll
           C:\Users\rober\.nuget\packages\xamarin.androidx.exifinterface\1.3.6.2\lib\net6.0-android31.0\Xamarin.AndroidX.ExifInterface.dll
           C:\Users\rober\.nuget\packages\xamarin.androidx.fragment\1.6.0.1\lib\net6.0-android31.0\Xamarin.AndroidX.Fragment.dll
           C:\Users\rober\.nuget\packages\xamarin.androidx.fragment.ktx\1.6.0.1\lib\net6.0-android31.0\Xamarin.AndroidX.Fragment.Ktx.dll
           C:\Users\rober\.nuget\packages\xamarin.androidx.interpolator\1.0.0.19\lib\net6.0-android31.0\Xamarin.AndroidX.Interpolator.dll
           C:\Users\rober\.nuget\packages\xamarin.androidx.legacy.support.core.utils\1.0.0.19\lib\net6.0-android31.0\Xamarin.AndroidX.Legacy.Support.Core.Utils.dll
           C:\Users\rober\.nuget\packages\xamarin.androidx.lifecycle.common\2.6.1.3\lib\net6.0-android31.0\Xamarin.AndroidX.Lifecycle.Common.dll
           C:\Users\rober\.nuget\packages\xamarin.androidx.lifecycle.livedata.core\2.6.1.3\lib\net6.0-android31.0\Xamarin.AndroidX.Lifecycle.LiveData.Core.dll
           C:\Users\rober\.nuget\packages\xamarin.androidx.lifecycle.livedata.core.ktx\2.6.1.3\lib\net6.0-android31.0\Xamarin.AndroidX.Lifecycle.LiveData.Core.Ktx.dll
           C:\Users\rober\.nuget\packages\xamarin.androidx.lifecycle.livedata\2.6.1.3\lib\net6.0-android31.0\Xamarin.AndroidX.Lifecycle.LiveData.dll
           C:\Users\rober\.nuget\packages\xamarin.androidx.lifecycle.process\2.6.1.3\lib\net6.0-android31.0\Xamarin.AndroidX.Lifecycle.Process.dll
           C:\Users\rober\.nuget\packages\xamarin.androidx.lifecycle.runtime\2.6.1.3\lib\net6.0-android31.0\Xamarin.AndroidX.Lifecycle.Runtime.dll
           C:\Users\rober\.nuget\packages\xamarin.androidx.lifecycle.runtime.ktx\2.6.1.3\lib\net6.0-android31.0\Xamarin.AndroidX.Lifecycle.Runtime.Ktx.dll
           C:\Users\rober\.nuget\packages\xamarin.androidx.lifecycle.viewmodel\2.6.1.3\lib\net6.0-android31.0\Xamarin.AndroidX.Lifecycle.ViewModel.dll
           C:\Users\rober\.nuget\packages\xamarin.androidx.lifecycle.viewmodel.ktx\2.6.1.3\lib\net6.0-android31.0\Xamarin.AndroidX.Lifecycle.ViewModel.Ktx.dll
           C:\Users\rober\.nuget\packages\xamarin.androidx.lifecycle.viewmodelsavedstate\2.6.1.3\lib\net6.0-android31.0\Xamarin.AndroidX.Lifecycle.ViewModelSavedState.dll
           C:\Users\rober\.nuget\packages\xamarin.androidx.loader\1.1.0.19\lib\net6.0-android31.0\Xamarin.AndroidX.Loader.dll
           C:\Users\rober\.nuget\packages\xamarin.androidx.localbroadcastmanager\1.1.0.7\lib\net6.0-android31.0\Xamarin.AndroidX.LocalBroadcastManager.dll
           C:\Users\rober\.nuget\packages\xamarin.androidx.navigation.common\2.6.0.1\lib\net6.0-android31.0\Xamarin.AndroidX.Navigation.Common.dll
           C:\Users\rober\.nuget\packages\xamarin.androidx.navigation.fragment\2.6.0.1\lib\net6.0-android31.0\Xamarin.AndroidX.Navigation.Fragment.dll
           C:\Users\rober\.nuget\packages\xamarin.androidx.navigation.runtime\2.6.0.1\lib\net6.0-android31.0\Xamarin.AndroidX.Navigation.Runtime.dll
           C:\Users\rober\.nuget\packages\xamarin.androidx.navigation.ui\2.6.0.1\lib\net6.0-android31.0\Xamarin.AndroidX.Navigation.UI.dll
           C:\Users\rober\.nuget\packages\xamarin.androidx.print\1.0.0.19\lib\net6.0-android31.0\Xamarin.AndroidX.Print.dll
           C:\Users\rober\.nuget\packages\xamarin.androidx.profileinstaller.profileinstaller\1.3.1.2\lib\net6.0-android31.0\Xamarin.AndroidX.ProfileInstaller.ProfileInstaller.dll
           C:\Users\rober\.nuget\packages\xamarin.androidx.recyclerview\1.3.0.3\lib\net6.0-android31.0\Xamarin.AndroidX.RecyclerView.dll
           C:\Users\rober\.nuget\packages\xamarin.androidx.resourceinspection.annotation\1.0.1.7\lib\net6.0-android31.0\Xamarin.AndroidX.ResourceInspection.Annotation.dll
           C:\Users\rober\.nuget\packages\xamarin.androidx.savedstate\1.2.1.3\lib\net6.0-android31.0\Xamarin.AndroidX.SavedState.dll
           C:\Users\rober\.nuget\packages\xamarin.androidx.savedstate.savedstate.ktx\1.2.1.3\lib\net6.0-android31.0\Xamarin.AndroidX.SavedState.SavedState.Ktx.dll
           C:\Users\rober\.nuget\packages\xamarin.androidx.security.securitycrypto\1.1.0.1-alpha06\lib\net6.0-android31.0\Xamarin.AndroidX.Security.SecurityCrypto.dll
           C:\Users\rober\.nuget\packages\xamarin.androidx.slidingpanelayout\1.2.0.7\lib\net6.0-android31.0\Xamarin.AndroidX.SlidingPaneLayout.dll
           C:\Users\rober\.nuget\packages\xamarin.androidx.startup.startupruntime\1.1.1.7\lib\net6.0-android31.0\Xamarin.AndroidX.Startup.StartupRuntime.dll
           C:\Users\rober\.nuget\packages\xamarin.androidx.swiperefreshlayout\1.1.0.14\lib\net6.0-android31.0\Xamarin.AndroidX.SwipeRefreshLayout.dll
           C:\Users\rober\.nuget\packages\xamarin.androidx.tracing.tracing\1.1.0.6\lib\net6.0-android31.0\Xamarin.AndroidX.Tracing.Tracing.dll
           C:\Users\rober\.nuget\packages\xamarin.androidx.transition\1.4.1.12\lib\net6.0-android31.0\Xamarin.AndroidX.Transition.dll
           C:\Users\rober\.nuget\packages\xamarin.androidx.vectordrawable.animated\1.1.0.19\lib\net6.0-android31.0\Xamarin.AndroidX.VectorDrawable.Animated.dll
           C:\Users\rober\.nuget\packages\xamarin.androidx.vectordrawable\1.1.0.19\lib\net6.0-android31.0\Xamarin.AndroidX.VectorDrawable.dll
           C:\Users\rober\.nuget\packages\xamarin.androidx.versionedparcelable\1.1.1.19\lib\net6.0-android31.0\Xamarin.AndroidX.VersionedParcelable.dll
           C:\Users\rober\.nuget\packages\xamarin.androidx.viewpager\1.0.0.19\lib\net6.0-android31.0\Xamarin.AndroidX.ViewPager.dll
           C:\Users\rober\.nuget\packages\xamarin.androidx.viewpager2\1.0.0.21\lib\net6.0-android31.0\Xamarin.AndroidX.ViewPager2.dll
           C:\Users\rober\.nuget\packages\xamarin.androidx.window\1.1.0.1\lib\net6.0-android31.0\Xamarin.AndroidX.Window.dll
           C:\Users\rober\.nuget\packages\xamarin.androidx.window.extensions.core.core\1.0.0.1\lib\net6.0-android31.0\Xamarin.AndroidX.Window.Extensions.Core.Core.dll
           C:\Users\rober\.nuget\packages\xamarin.google.android.material\1.9.0.2\lib\net6.0-android31.0\Xamarin.Google.Android.Material.dll
           C:\Users\rober\.nuget\packages\xamarin.google.crypto.tink.android\1.10.0\lib\net6.0-android31.0\Xamarin.Google.Crypto.Tink.Android.dll
           C:\Users\rober\.nuget\packages\xamarin.google.errorprone.annotations\2.20.0.1\lib\net6.0-android31.0\Xamarin.Google.ErrorProne.Annotations.dll
           C:\Users\rober\.nuget\packages\xamarin.google.guava.listenablefuture\1.0.0.14\lib\net6.0-android31.0\Xamarin.Google.Guava.ListenableFuture.dll
           C:\Users\rober\.nuget\packages\xamarin.jetbrains.annotations\24.0.1.3\lib\net6.0-android31.0\Xamarin.Jetbrains.Annotations.dll
           C:\Users\rober\.nuget\packages\xamarin.kotlin.stdlib.common\1.9.0.1\lib\net6.0-android31.0\Xamarin.Kotlin.StdLib.Common.dll
           C:\Users\rober\.nuget\packages\xamarin.kotlin.stdlib\1.9.0.1\lib\net6.0-android31.0\Xamarin.Kotlin.StdLib.dll
           C:\Users\rober\.nuget\packages\xamarin.kotlin.stdlib.jdk7\1.9.0.1\lib\net6.0-android31.0\Xamarin.Kotlin.StdLib.Jdk7.dll
           C:\Users\rober\.nuget\packages\xamarin.kotlin.stdlib.jdk8\1.9.0.1\lib\net6.0-android31.0\Xamarin.Kotlin.StdLib.Jdk8.dll
           C:\Users\rober\.nuget\packages\xamarin.kotlinx.coroutines.android\1.7.2.1\lib\net6.0-android31.0\Xamarin.KotlinX.Coroutines.Android.dll
           C:\Users\rober\.nuget\packages\xamarin.kotlinx.coroutines.core.jvm\1.7.2.1\lib\net6.0-android31.0\Xamarin.KotlinX.Coroutines.Core.Jvm.dll
           obj\Debug\net8.0-android\MoneyMindApp.csproj.CoreCompileInputs.cache
           C:\Users\rober\Documents\MoneyMindApp\App.xaml
           C:\Users\rober\Documents\MoneyMindApp\AppShell.xaml
           C:\Users\rober\Documents\MoneyMindApp\Resources\Styles\Colors.xaml
           C:\Users\rober\Documents\MoneyMindApp\Resources\Styles\Components.xaml
           C:\Users\rober\Documents\MoneyMindApp\Resources\Styles\Styles.xaml
           C:\Users\rober\Documents\MoneyMindApp\Resources\Styles\Typography.xaml
           C:\Users\rober\Documents\MoneyMindApp\Views\AccountSelectionPage.xaml
           C:\Users\rober\Documents\MoneyMindApp\Views\AddAccountPage.xaml
           C:\Users\rober\Documents\MoneyMindApp\Views\AddTransactionPage.xaml
           C:\Users\rober\Documents\MoneyMindApp\Views\AdminPage.xaml
           C:\Users\rober\Documents\MoneyMindApp\Views\AnalyticsPage.xaml
           C:\Users\rober\Documents\MoneyMindApp\Views\BiometricSetupPage.xaml
           C:\Users\rober\Documents\MoneyMindApp\Views\CreateAccountPage.xaml
           C:\Users\rober\Documents\MoneyMindApp\Views\DuplicatesPage.xaml
           C:\Users\rober\Documents\MoneyMindApp\Views\EditAccountPage.xaml
           C:\Users\rober\Documents\MoneyMindApp\Views\EditTransactionPage.xaml
           C:\Users\rober\Documents\MoneyMindApp\Views\ExportPage.xaml
           C:\Users\rober\Documents\MoneyMindApp\Views\ImportPage.xaml
           C:\Users\rober\Documents\MoneyMindApp\Views\LicenseActivationPage.xaml
           C:\Users\rober\Documents\MoneyMindApp\Views\MainPage.xaml
           C:\Users\rober\Documents\MoneyMindApp\Views\QuickTourPage.xaml
           C:\Users\rober\Documents\MoneyMindApp\Views\SalaryConfigPage.xaml
           C:\Users\rober\Documents\MoneyMindApp\Views\SettingsPage.xaml
           C:\Users\rober\Documents\MoneyMindApp\Views\TransactionsPage.xaml
           C:\Users\rober\Documents\MoneyMindApp\Views\WelcomePage.xaml
           C:\Users\rober\Documents\MoneyMindApp\Views\WiFiSyncPage.xaml
           C:\Program Files\dotnet\sdk\9.0.305\Sdks\Microsoft.NET.Sdk\targets\..\analyzers\Microsoft.CodeAnalysis.CSharp.NetAnalyzers.dll
           C:\Program Files\dotnet\sdk\9.0.305\Sdks\Microsoft.NET.Sdk\targets\..\analyzers\Microsoft.CodeAnalysis.NetAnalyzers.dll
           C:\Users\rober\.nuget\packages\microsoft.maui.controls.build.tasks\8.0.90\buildTransitive\netstandard2.0\Microsoft.Maui.Controls.SourceGen.dll
           C:\Program Files\dotnet\packs\Microsoft.NETCore.App.Ref\8.0.20\analyzers/dotnet/cs/Microsoft.Interop.ComInterfaceGenerator.dll
           C:\Program Files\dotnet\packs\Microsoft.NETCore.App.Ref\8.0.20\analyzers/dotnet/cs/Microsoft.Interop.JavaScript.JSImportGenerator.dll
           C:\Program Files\dotnet\packs\Microsoft.NETCore.App.Ref\8.0.20\analyzers/dotnet/cs/Microsoft.Interop.LibraryImportGenerator.dll
           C:\Program Files\dotnet\packs\Microsoft.NETCore.App.Ref\8.0.20\analyzers/dotnet/cs/Microsoft.Interop.SourceGeneration.dll
           C:\Program Files\dotnet\packs\Microsoft.NETCore.App.Ref\8.0.20\analyzers/dotnet/cs/System.Text.Json.SourceGeneration.dll
           C:\Program Files\dotnet\packs\Microsoft.NETCore.App.Ref\8.0.20\analyzers/dotnet/cs/System.Text.RegularExpressions.Generator.dll
           C:\Users\rober\.nuget\packages\communitytoolkit.maui\9.1.0\analyzers\dotnet\cs\CommunityToolkit.Maui.Analyzers.CodeFixes.dll
           C:\Users\rober\.nuget\packages\communitytoolkit.maui\9.1.0\analyzers\dotnet\cs\CommunityToolkit.Maui.Analyzers.dll
           C:\Users\rober\.nuget\packages\communitytoolkit.maui\9.1.0\analyzers\dotnet\cs\CommunityToolkit.Maui.SourceGenerators.dll
           C:\Users\rober\.nuget\packages\communitytoolkit.mvvm\8.3.2\analyzers\dotnet\roslyn4.3\cs\CommunityToolkit.Mvvm.CodeFixers.dll
           C:\Users\rober\.nuget\packages\communitytoolkit.mvvm\8.3.2\analyzers\dotnet\roslyn4.3\cs\CommunityToolkit.Mvvm.SourceGenerators.dll
           C:\Users\rober\.nuget\packages\microsoft.extensions.logging.abstractions\8.0.0\analyzers\dotnet\roslyn4.4\cs\Microsoft.Extensions.Logging.Generators.dll
           C:\Users\rober\.nuget\packages\microsoft.extensions.options\8.0.0\analyzers\dotnet\roslyn4.4\cs\Microsoft.Extensions.Options.SourceGeneration.dll
           C:\Users\rober\.nuget\packages\microsoft.net.illink.tasks\8.0.20\analyzers\dotnet\cs\ILLink.CodeFixProvider.dll
           C:\Users\rober\.nuget\packages\microsoft.net.illink.tasks\8.0.20\analyzers\dotnet\cs\ILLink.RoslynAnalyzer.dll
           obj\Debug\net8.0-android\MoneyMindApp.GeneratedMSBuildEditorConfig.editorconfig
           C:\Program Files\dotnet\sdk\9.0.305\Sdks\Microsoft.NET.Sdk\analyzers\build\config\analysislevel_8_default.globalconfig
           C:\Users\rober\Documents\MoneyMindApp\MoneyMindApp.csproj
           C:\Program Files\dotnet\sdk\9.0.305\Current\Microsoft.Common.targets\ImportAfter\Microsoft.TestPlatform.ImportAfter.targets
       File di output: 
           bin\Debug\net8.0-android\MoneyMindApp.xml
           obj\Debug\net8.0-android\MoneyMindApp.dll
           obj\Debug\net8.0-android\MoneyMindApp.pdb
       C:\Program Files\dotnet\sdk\9.0.305\Roslyn\Microsoft.CSharp.Core.targets(66,7): message : Riassegnazione della proprietà: $(NoWarn)="1701;1702;CS1573;CS1591;1701;1702" (valore precedente: "1701;1702;CS1573;CS1591") in C:\Program Files\dotnet\sdk\9.0.305\Roslyn\Microsoft.CSharp.Core.targets (66,7) [C:\Users\rober\Documents\MoneyMindApp\MoneyMindApp.csproj::TargetFramework=net8.0-android]
     1>Compilazione destinazione "CoreCompile" nel progetto "MoneyMindApp.csproj" completata.
       Destinazione"_TouchLastBuildWithSkipAnalyzers" ignorata. Condizione false. ('$(_SkipAnalyzers)' == 'true') ha restituito ('' == 'true').
       Destinazione"_TimeStampAfterCompile" ignorata. Condizione false. ('$(RunPostBuildEvent)'=='OnOutputUpdated' or ('$(RegisterForComInterop)'=='true' and '$(OutputType)'=='library')) ha restituito (''=='OnOutputUpdated' or (''=='true' and 'Library'=='library')).
     1>Destinazione "AfterCompile" nel file "C:\Program Files\dotnet\sdk\9.0.305\Microsoft.Common.CurrentVersion.targets" dal progetto "C:\Users\rober\Documents\MoneyMindApp\MoneyMindApp.csproj" (la destinazione "Compile" dipende da essa):
     1>Compilazione destinazione "AfterCompile" nel progetto "MoneyMindApp.csproj" completata.
       Destinazione"_CreateAppHost" ignorata. Condizione false. ('$(ComputeNETCoreBuildOutputFiles)' == 'true' and
                            '$(AppHostSourcePath)' != '' and
                            Exists('@(IntermediateAssembly)') and
                            Exists('$(AppHostSourcePath)')) ha restituito ('false' == 'true' and
                            '' != '' and
                            Exists('obj\Debug\net8.0-android\MoneyMindApp.dll') and
                            Exists('')).
       Destinazione"_CreateComHost" ignorata. Condizione false. ('$(ComputeNETCoreBuildOutputFiles)' == 'true' and
                            '$(ComHostIntermediatePath)' != '' and
                            Exists('@(IntermediateAssembly)') and
                            Exists('$(ComHostSourcePath)')) ha restituito ('false' == 'true' and
                            '' != '' and
                            Exists('obj\Debug\net8.0-android\MoneyMindApp.dll') and
                            Exists('')).
       Destinazione"_GetIjwHostPaths" ignorata. Condizione false. ('$(UseIJWHost)' == 'true') ha restituito ('' == 'true').
     1>Destinazione "_CheckAndroidHttpClientHandlerType" nel file "C:\Program Files\dotnet\packs\Microsoft.Android.Sdk.Windows\34.0.154\tools\Xamarin.Android.Common.targets" dal progetto "C:\Users\rober\Documents\MoneyMindApp\MoneyMindApp.csproj" (la destinazione "Compile" dipende da essa):
       Verrà usata l'attività "CheckClientHandlerType" dall'assembly "C:\Program Files\dotnet\packs\Microsoft.Android.Sdk.Windows\34.0.154\tools\Xamarin.Android.Build.Tasks.dll".
       Attività "CheckClientHandlerType"
         Assembly caricato durante TaskRun (Xamarin.Android.Tasks.CheckClientHandlerType): Java.Interop.Tools.Cecil, Version=7.0.0.130, Culture=neutral, PublicKeyToken=84e04ff9cfb79065 (percorso: C:\Program Files\dotnet\packs\Microsoft.Android.Sdk.Windows\34.0.154\tools\Java.Interop.Tools.Cecil.dll, MVID: 5c02f7e2-7847-4ad7-8ca9-96297488f9bc, AssemblyLoadContext: MSBuild plugin C:\Program Files\dotnet\packs\Microsoft.Android.Sdk.Windows\34.0.154\tools\Xamarin.Android.Build.Tasks.dll)
       Esecuzione attività "CheckClientHandlerType" completata.
     1>Compilazione destinazione "_CheckAndroidHttpClientHandlerType" nel progetto "MoneyMindApp.csproj" completata.
     1>Destinazione "XamlC" nel file "C:\Users\rober\.nuget\packages\microsoft.maui.controls.build.tasks\8.0.90\buildTransitive\netstandard2.0\Microsoft.Maui.Controls.targets" dal progetto "C:\Users\rober\Documents\MoneyMindApp\MoneyMindApp.csproj" (la destinazione "Compile" dipende da essa):
       Compilazione completa della destinazione "XamlC" in corso.
       Il file di input "obj\Debug\net8.0-android\MoneyMindApp.dll" è più recente del file di output "obj\Debug\net8.0-android\XamlC.stamp".
       Assembly caricato durante TaskRun: Microsoft.Maui.Controls.Build.Tasks, Version=8.0.9024.46204, Culture=neutral, PublicKeyToken=798c2ba514f889d3 (percorso: C:\Users\rober\.nuget\packages\microsoft.maui.controls.build.tasks\8.0.90\buildTransitive\netstandard2.0\Microsoft.Maui.Controls.Build.Tasks.dll, MVID: bc1de71c-2e02-4457-978e-3b4a72578dea, AssemblyLoadContext: MSBuild plugin C:\Users\rober\.nuget\packages\microsoft.maui.controls.build.tasks\8.0.90\buildTransitive\netstandard2.0\Microsoft.Maui.Controls.Build.Tasks.dll)
       Assembly caricato durante TaskRun: Mono.Cecil, Version=0.11.5.0, Culture=neutral, PublicKeyToken=50cebf1cceb9d05e (percorso: C:\Users\rober\.nuget\packages\microsoft.maui.controls.build.tasks\8.0.90\buildTransitive\netstandard2.0\Mono.Cecil.dll, MVID: 6f6cad7a-4114-4167-8411-53769a3850ff, AssemblyLoadContext: MSBuild plugin C:\Users\rober\.nuget\packages\microsoft.maui.controls.build.tasks\8.0.90\buildTransitive\netstandard2.0\Microsoft.Maui.Controls.Build.Tasks.dll)
       Verrà usata l'attività "XamlCTask" dall'assembly "C:\Users\rober\.nuget\packages\microsoft.maui.controls.build.tasks\8.0.90\buildTransitive\netstandard2.0\Microsoft.Maui.Controls.Build.Tasks.dll".
       Attività "XamlCTask"
         Compiling Xaml, assembly: obj\Debug\net8.0-android\MoneyMindApp.dll
           Adding searchpath obj\Debug\net8.0-android
           Adding searchpath C:\Users\rober\.nuget\packages\communitytoolkit.maui.core\9.1.0\lib\net8.0-android34.0
           Adding searchpath C:\Users\rober\.nuget\packages\communitytoolkit.maui\9.1.0\lib\net8.0-android34.0
           Adding searchpath C:\Users\rober\.nuget\packages\communitytoolkit.mvvm\8.3.2\lib\net8.0
           Adding searchpath C:\Users\rober\.nuget\packages\exceldatareader.dataset\3.7.0\lib\netstandard2.1
           Adding searchpath C:\Users\rober\.nuget\packages\exceldatareader\3.7.0\lib\netstandard2.1
           Adding searchpath C:\Users\rober\.nuget\packages\googlegson\2.10.1.4\lib\net6.0-android31.0
           Adding searchpath C:\Users\rober\.nuget\packages\harfbuzzsharp\7.3.0\lib\net6.0-android30.0
           Adding searchpath C:\Users\rober\.nuget\packages\microsoft.android.ref.34\34.0.154\ref\net8.0
           Adding searchpath C:\Users\rober\.nuget\packages\xamarin.google.code.findbugs.jsr305\3.0.2.9\lib\net6.0-android31.0
           Adding searchpath C:\Users\rober\.nuget\packages\livechartscore.behaviours\2.0.0-rc2\lib\net7.0-android31.0
           Adding searchpath C:\Users\rober\.nuget\packages\livechartscore\2.0.0-rc2\lib\net6.0-android31.0
           Adding searchpath C:\Users\rober\.nuget\packages\livechartscore.skiasharpview\2.0.0-rc2\lib\net6.0-android31.0
           Adding searchpath C:\Users\rober\.nuget\packages\livechartscore.skiasharpview.maui\2.0.0-rc2\lib\net6.0-android31.0
           Adding searchpath C:\Users\rober\.nuget\packages\microsoft.aspnetcore.connections.abstractions\2.2.0\lib\netstandard2.0
           Adding searchpath C:\Users\rober\.nuget\packages\microsoft.aspnetcore.hosting.abstractions\2.2.0\lib\netstandard2.0
           Adding searchpath C:\Users\rober\.nuget\packages\microsoft.aspnetcore.hosting\2.2.0\lib\netstandard2.0
           Adding searchpath C:\Users\rober\.nuget\packages\microsoft.aspnetcore.hosting.server.abstractions\2.2.0\lib\netstandard2.0
           Adding searchpath C:\Users\rober\.nuget\packages\microsoft.aspnetcore.http.abstractions\2.2.0\lib\netstandard2.0
           Adding searchpath C:\Users\rober\.nuget\packages\microsoft.aspnetcore.http\2.2.0\lib\netstandard2.0
           Adding searchpath C:\Users\rober\.nuget\packages\microsoft.aspnetcore.http.extensions\2.2.0\lib\netstandard2.0
           Adding searchpath C:\Users\rober\.nuget\packages\microsoft.aspnetcore.http.features\2.2.0\lib\netstandard2.0
           Adding searchpath C:\Users\rober\.nuget\packages\microsoft.aspnetcore.server.kestrel.core\2.2.0\lib\netcoreapp2.1
           Adding searchpath C:\Users\rober\.nuget\packages\microsoft.aspnetcore.server.kestrel\2.2.0\lib\netstandard2.0
           Adding searchpath C:\Users\rober\.nuget\packages\microsoft.aspnetcore.server.kestrel.https\2.2.0\lib\netcoreapp2.1
           Adding searchpath C:\Users\rober\.nuget\packages\microsoft.aspnetcore.server.kestrel.transport.abstractions\2.2.0\lib\netstandard2.0
           Adding searchpath C:\Users\rober\.nuget\packages\microsoft.aspnetcore.server.kestrel.transport.sockets\2.2.0\lib\netcoreapp2.1
           Adding searchpath C:\Users\rober\.nuget\packages\microsoft.aspnetcore.webutilities\2.2.0\lib\netstandard2.0
           Adding searchpath C:\Program Files\dotnet\packs\Microsoft.NETCore.App.Ref\8.0.20\ref\net8.0
           Adding searchpath C:\Users\rober\.nuget\packages\microsoft.extensions.configuration.abstractions\8.0.0\lib\net8.0
           Adding searchpath C:\Users\rober\.nuget\packages\microsoft.extensions.configuration.binder\2.2.0\lib\netstandard2.0
           Adding searchpath C:\Users\rober\.nuget\packages\microsoft.extensions.configuration\8.0.0\lib\net8.0
           Adding searchpath C:\Users\rober\.nuget\packages\microsoft.extensions.configuration.environmentvariables\2.2.0\lib\netstandard2.0
           Adding searchpath C:\Users\rober\.nuget\packages\microsoft.extensions.configuration.fileextensions\2.2.0\lib\netstandard2.0
           Adding searchpath C:\Users\rober\.nuget\packages\microsoft.extensions.dependencyinjection.abstractions\8.0.0\lib\net8.0
           Adding searchpath C:\Users\rober\.nuget\packages\microsoft.extensions.dependencyinjection\8.0.0\lib\net8.0
           Adding searchpath C:\Users\rober\.nuget\packages\microsoft.extensions.fileproviders.abstractions\2.2.0\lib\netstandard2.0
           Adding searchpath C:\Users\rober\.nuget\packages\microsoft.extensions.fileproviders.physical\2.2.0\lib\netstandard2.0
           Adding searchpath C:\Users\rober\.nuget\packages\microsoft.extensions.filesystemglobbing\2.2.0\lib\netstandard2.0
           Adding searchpath C:\Users\rober\.nuget\packages\microsoft.extensions.hosting.abstractions\2.2.0\lib\netstandard2.0
           Adding searchpath C:\Users\rober\.nuget\packages\microsoft.extensions.logging.abstractions\8.0.0\lib\net8.0
           Adding searchpath C:\Users\rober\.nuget\packages\microsoft.extensions.logging.debug\8.0.0\lib\net8.0
           Adding searchpath C:\Users\rober\.nuget\packages\microsoft.extensions.logging\8.0.0\lib\net8.0
           Adding searchpath C:\Users\rober\.nuget\packages\microsoft.extensions.objectpool\2.2.0\lib\netstandard2.0
           Adding searchpath C:\Users\rober\.nuget\packages\microsoft.extensions.options\8.0.0\lib\net8.0
           Adding searchpath C:\Users\rober\.nuget\packages\microsoft.extensions.primitives\8.0.0\lib\net8.0
           Adding searchpath C:\Users\rober\.nuget\packages\microsoft.maui.controls.compatibility\8.0.90\lib\net8.0-android34.0
           Adding searchpath C:\Users\rober\.nuget\packages\microsoft.maui.controls.core\8.0.90\lib\net8.0-android34.0
           Adding searchpath C:\Users\rober\.nuget\packages\microsoft.maui.controls.xaml\8.0.90\lib\net8.0-android34.0
           Adding searchpath C:\Users\rober\.nuget\packages\microsoft.maui.core\8.0.90\lib\net8.0-android34.0
           Adding searchpath C:\Users\rober\.nuget\packages\microsoft.maui.essentials\8.0.90\lib\net8.0-android34.0
           Adding searchpath C:\Users\rober\.nuget\packages\microsoft.maui.graphics\8.0.90\lib\net8.0-android34.0
           Adding searchpath C:\Users\rober\.nuget\packages\microsoft.net.http.headers\2.2.0\lib\netstandard2.0
           Adding searchpath C:\Users\rober\.nuget\packages\newtonsoft.json\13.0.3\lib\net6.0
           Adding searchpath C:\Users\rober\.nuget\packages\plugin.fingerprint\3.0.0-beta.1\lib\net6.0-android31.0
           Adding searchpath C:\Users\rober\.nuget\packages\serilog\4.1.0\lib\net8.0
           Adding searchpath C:\Users\rober\.nuget\packages\serilog.extensions.logging\8.0.0\lib\net8.0
           Adding searchpath C:\Users\rober\.nuget\packages\serilog.sinks.file\6.0.0\lib\net8.0
           Adding searchpath C:\Users\rober\.nuget\packages\skiasharp\2.88.6\lib\net6.0-android30.0
           Adding searchpath C:\Users\rober\.nuget\packages\skiasharp.harfbuzz\2.88.6\lib\net6.0
           Adding searchpath C:\Users\rober\.nuget\packages\skiasharp.views\2.88.6\lib\net6.0-android30.0
           Adding searchpath C:\Users\rober\.nuget\packages\skiasharp.views.maui.controls.compatibility\2.88.6\lib\net6.0-android30.0
           Adding searchpath C:\Users\rober\.nuget\packages\skiasharp.views.maui.controls\2.88.6\lib\net6.0-android30.0
           Adding searchpath C:\Users\rober\.nuget\packages\skiasharp.views.maui.core\2.88.6\lib\net6.0-android30.0
           Adding searchpath C:\Users\rober\.nuget\packages\sqlite-net-pcl\1.8.116\lib\netstandard2.0
           Adding searchpath C:\Users\rober\.nuget\packages\sqlitepclraw.bundle_green\2.1.8\lib\net6.0-android31.0
           Adding searchpath C:\Users\rober\.nuget\packages\sqlitepclraw.core\2.1.8\lib\netstandard2.0
           Adding searchpath C:\Users\rober\.nuget\packages\sqlitepclraw.lib.e_sqlite3.android\2.1.8\lib\net6.0-android31.0
           Adding searchpath C:\Users\rober\.nuget\packages\sqlitepclraw.provider.e_sqlite3\2.1.8\lib\net6.0
           Adding searchpath C:\Users\rober\.nuget\packages\system.io.pipelines\4.5.2\ref\netstandard1.3
           Adding searchpath C:\Users\rober\.nuget\packages\xamarin.android.glide.annotations\4.15.1.2\lib\net6.0-android31.0
           Adding searchpath C:\Users\rober\.nuget\packages\xamarin.android.glide.disklrucache\4.15.1.2\lib\net6.0-android31.0
           Adding searchpath C:\Users\rober\.nuget\packages\xamarin.android.glide\4.15.1.2\lib\net6.0-android31.0
           Adding searchpath C:\Users\rober\.nuget\packages\xamarin.android.glide.gifdecoder\4.15.1.2\lib\net6.0-android31.0
           Adding searchpath C:\Users\rober\.nuget\packages\xamarin.androidx.activity\1.7.2.1\lib\net6.0-android31.0
           Adding searchpath C:\Users\rober\.nuget\packages\xamarin.androidx.activity.ktx\1.7.2.1\lib\net6.0-android31.0
           Adding searchpath C:\Users\rober\.nuget\packages\xamarin.androidx.annotation\1.6.0.4\lib\net6.0-android31.0
           Adding searchpath C:\Users\rober\.nuget\packages\xamarin.androidx.annotation.experimental\1.3.1.1\lib\net6.0-android31.0
           Adding searchpath C:\Users\rober\.nuget\packages\xamarin.androidx.annotation.jvm\1.6.0.2\lib\net6.0-android31.0
           Adding searchpath C:\Users\rober\.nuget\packages\xamarin.androidx.appcompat.appcompatresources\1.6.1.3\lib\net6.0-android31.0
           Adding searchpath C:\Users\rober\.nuget\packages\xamarin.androidx.appcompat\1.6.1.3\lib\net6.0-android31.0
           Adding searchpath C:\Users\rober\.nuget\packages\xamarin.androidx.arch.core.common\2.2.0.3\lib\net6.0-android31.0
           Adding searchpath C:\Users\rober\.nuget\packages\xamarin.androidx.arch.core.runtime\2.2.0.3\lib\net6.0-android31.0
           Adding searchpath C:\Users\rober\.nuget\packages\xamarin.androidx.biometric\1.1.0.9\lib\net6.0-android31.0
           Adding searchpath C:\Users\rober\.nuget\packages\xamarin.androidx.browser\1.5.0.3\lib\net6.0-android31.0
           Adding searchpath C:\Users\rober\.nuget\packages\xamarin.androidx.cardview\1.0.0.21\lib\net6.0-android31.0
           Adding searchpath C:\Users\rober\.nuget\packages\xamarin.androidx.collection\1.2.0.9\lib\net6.0-android31.0
           Adding searchpath C:\Users\rober\.nuget\packages\xamarin.androidx.collection.ktx\1.2.0.9\lib\net6.0-android31.0
           Adding searchpath C:\Users\rober\.nuget\packages\xamarin.androidx.concurrent.futures\1.1.0.14\lib\net6.0-android31.0
           Adding searchpath C:\Users\rober\.nuget\packages\xamarin.androidx.constraintlayout.core\1.0.4.6\lib\net6.0-android31.0
           Adding searchpath C:\Users\rober\.nuget\packages\xamarin.androidx.constraintlayout\2.1.4.6\lib\net6.0-android31.0
           Adding searchpath C:\Users\rober\.nuget\packages\xamarin.androidx.coordinatorlayout\1.2.0.7\lib\net6.0-android31.0
           Adding searchpath C:\Users\rober\.nuget\packages\xamarin.androidx.core.core.ktx\1.10.1.2\lib\net6.0-android31.0
           Adding searchpath C:\Users\rober\.nuget\packages\xamarin.androidx.core\1.10.1.2\lib\net6.0-android31.0
           Adding searchpath C:\Users\rober\.nuget\packages\xamarin.androidx.cursoradapter\1.0.0.19\lib\net6.0-android31.0
           Adding searchpath C:\Users\rober\.nuget\packages\xamarin.androidx.customview\1.1.0.18\lib\net6.0-android31.0
           Adding searchpath C:\Users\rober\.nuget\packages\xamarin.androidx.customview.poolingcontainer\1.0.0.5\lib\net6.0-android31.0
           Adding searchpath C:\Users\rober\.nuget\packages\xamarin.androidx.documentfile\1.0.1.19\lib\net6.0-android31.0
           Adding searchpath C:\Users\rober\.nuget\packages\xamarin.androidx.drawerlayout\1.2.0.3\lib\net6.0-android31.0
           Adding searchpath C:\Users\rober\.nuget\packages\xamarin.androidx.dynamicanimation\1.0.0.19\lib\net6.0-android31.0
           Adding searchpath C:\Users\rober\.nuget\packages\xamarin.androidx.emoji2\1.3.0.3\lib\net6.0-android31.0
           Adding searchpath C:\Users\rober\.nuget\packages\xamarin.androidx.emoji2.viewshelper\1.3.0.3\lib\net6.0-android31.0
           Adding searchpath C:\Users\rober\.nuget\packages\xamarin.androidx.exifinterface\1.3.6.2\lib\net6.0-android31.0
           Adding searchpath C:\Users\rober\.nuget\packages\xamarin.androidx.fragment\1.6.0.1\lib\net6.0-android31.0
           Adding searchpath C:\Users\rober\.nuget\packages\xamarin.androidx.fragment.ktx\1.6.0.1\lib\net6.0-android31.0
           Adding searchpath C:\Users\rober\.nuget\packages\xamarin.androidx.interpolator\1.0.0.19\lib\net6.0-android31.0
           Adding searchpath C:\Users\rober\.nuget\packages\xamarin.androidx.legacy.support.core.utils\1.0.0.19\lib\net6.0-android31.0
           Adding searchpath C:\Users\rober\.nuget\packages\xamarin.androidx.lifecycle.common\2.6.1.3\lib\net6.0-android31.0
           Adding searchpath C:\Users\rober\.nuget\packages\xamarin.androidx.lifecycle.livedata.core\2.6.1.3\lib\net6.0-android31.0
           Adding searchpath C:\Users\rober\.nuget\packages\xamarin.androidx.lifecycle.livedata.core.ktx\2.6.1.3\lib\net6.0-android31.0
           Adding searchpath C:\Users\rober\.nuget\packages\xamarin.androidx.lifecycle.livedata\2.6.1.3\lib\net6.0-android31.0
           Adding searchpath C:\Users\rober\.nuget\packages\xamarin.androidx.lifecycle.process\2.6.1.3\lib\net6.0-android31.0
           Adding searchpath C:\Users\rober\.nuget\packages\xamarin.androidx.lifecycle.runtime\2.6.1.3\lib\net6.0-android31.0
           Adding searchpath C:\Users\rober\.nuget\packages\xamarin.androidx.lifecycle.runtime.ktx\2.6.1.3\lib\net6.0-android31.0
           Adding searchpath C:\Users\rober\.nuget\packages\xamarin.androidx.lifecycle.viewmodel\2.6.1.3\lib\net6.0-android31.0
           Adding searchpath C:\Users\rober\.nuget\packages\xamarin.androidx.lifecycle.viewmodel.ktx\2.6.1.3\lib\net6.0-android31.0
           Adding searchpath C:\Users\rober\.nuget\packages\xamarin.androidx.lifecycle.viewmodelsavedstate\2.6.1.3\lib\net6.0-android31.0
           Adding searchpath C:\Users\rober\.nuget\packages\xamarin.androidx.loader\1.1.0.19\lib\net6.0-android31.0
           Adding searchpath C:\Users\rober\.nuget\packages\xamarin.androidx.localbroadcastmanager\1.1.0.7\lib\net6.0-android31.0
           Adding searchpath C:\Users\rober\.nuget\packages\xamarin.androidx.navigation.common\2.6.0.1\lib\net6.0-android31.0
           Adding searchpath C:\Users\rober\.nuget\packages\xamarin.androidx.navigation.fragment\2.6.0.1\lib\net6.0-android31.0
           Adding searchpath C:\Users\rober\.nuget\packages\xamarin.androidx.navigation.runtime\2.6.0.1\lib\net6.0-android31.0
           Adding searchpath C:\Users\rober\.nuget\packages\xamarin.androidx.navigation.ui\2.6.0.1\lib\net6.0-android31.0
           Adding searchpath C:\Users\rober\.nuget\packages\xamarin.androidx.print\1.0.0.19\lib\net6.0-android31.0
           Adding searchpath C:\Users\rober\.nuget\packages\xamarin.androidx.profileinstaller.profileinstaller\1.3.1.2\lib\net6.0-android31.0
           Adding searchpath C:\Users\rober\.nuget\packages\xamarin.androidx.recyclerview\1.3.0.3\lib\net6.0-android31.0
           Adding searchpath C:\Users\rober\.nuget\packages\xamarin.androidx.resourceinspection.annotation\1.0.1.7\lib\net6.0-android31.0
           Adding searchpath C:\Users\rober\.nuget\packages\xamarin.androidx.savedstate\1.2.1.3\lib\net6.0-android31.0
           Adding searchpath C:\Users\rober\.nuget\packages\xamarin.androidx.savedstate.savedstate.ktx\1.2.1.3\lib\net6.0-android31.0
           Adding searchpath C:\Users\rober\.nuget\packages\xamarin.androidx.security.securitycrypto\1.1.0.1-alpha06\lib\net6.0-android31.0
           Adding searchpath C:\Users\rober\.nuget\packages\xamarin.androidx.slidingpanelayout\1.2.0.7\lib\net6.0-android31.0
           Adding searchpath C:\Users\rober\.nuget\packages\xamarin.androidx.startup.startupruntime\1.1.1.7\lib\net6.0-android31.0
           Adding searchpath C:\Users\rober\.nuget\packages\xamarin.androidx.swiperefreshlayout\1.1.0.14\lib\net6.0-android31.0
           Adding searchpath C:\Users\rober\.nuget\packages\xamarin.androidx.tracing.tracing\1.1.0.6\lib\net6.0-android31.0
           Adding searchpath C:\Users\rober\.nuget\packages\xamarin.androidx.transition\1.4.1.12\lib\net6.0-android31.0
           Adding searchpath C:\Users\rober\.nuget\packages\xamarin.androidx.vectordrawable.animated\1.1.0.19\lib\net6.0-android31.0
           Adding searchpath C:\Users\rober\.nuget\packages\xamarin.androidx.vectordrawable\1.1.0.19\lib\net6.0-android31.0
           Adding searchpath C:\Users\rober\.nuget\packages\xamarin.androidx.versionedparcelable\1.1.1.19\lib\net6.0-android31.0
           Adding searchpath C:\Users\rober\.nuget\packages\xamarin.androidx.viewpager\1.0.0.19\lib\net6.0-android31.0
           Adding searchpath C:\Users\rober\.nuget\packages\xamarin.androidx.viewpager2\1.0.0.21\lib\net6.0-android31.0
           Adding searchpath C:\Users\rober\.nuget\packages\xamarin.androidx.window\1.1.0.1\lib\net6.0-android31.0
           Adding searchpath C:\Users\rober\.nuget\packages\xamarin.androidx.window.extensions.core.core\1.0.0.1\lib\net6.0-android31.0
           Adding searchpath C:\Users\rober\.nuget\packages\xamarin.google.android.material\1.9.0.2\lib\net6.0-android31.0
           Adding searchpath C:\Users\rober\.nuget\packages\xamarin.google.crypto.tink.android\1.10.0\lib\net6.0-android31.0
           Adding searchpath C:\Users\rober\.nuget\packages\xamarin.google.errorprone.annotations\2.20.0.1\lib\net6.0-android31.0
           Adding searchpath C:\Users\rober\.nuget\packages\xamarin.google.guava.listenablefuture\1.0.0.14\lib\net6.0-android31.0
           Adding searchpath C:\Users\rober\.nuget\packages\xamarin.jetbrains.annotations\24.0.1.3\lib\net6.0-android31.0
           Adding searchpath C:\Users\rober\.nuget\packages\xamarin.kotlin.stdlib.common\1.9.0.1\lib\net6.0-android31.0
           Adding searchpath C:\Users\rober\.nuget\packages\xamarin.kotlin.stdlib\1.9.0.1\lib\net6.0-android31.0
           Adding searchpath C:\Users\rober\.nuget\packages\xamarin.kotlin.stdlib.jdk7\1.9.0.1\lib\net6.0-android31.0
           Adding searchpath C:\Users\rober\.nuget\packages\xamarin.kotlin.stdlib.jdk8\1.9.0.1\lib\net6.0-android31.0
           Adding searchpath C:\Users\rober\.nuget\packages\xamarin.kotlinx.coroutines.android\1.7.2.1\lib\net6.0-android31.0
           Adding searchpath C:\Users\rober\.nuget\packages\xamarin.kotlinx.coroutines.core.jvm\1.7.2.1\lib\net6.0-android31.0
           Module: MoneyMindApp.dll
             Resource: MoneyMindApp.App.xaml
               Parsing Xaml
                 done.
               Replacing 0.InitializeComponent ()
         Assembly caricato durante TaskRun (Microsoft.Maui.Controls.Build.Tasks.XamlCTask): Mono.Cecil.Rocks, Version=0.11.5.0, Culture=neutral, PublicKeyToken=50cebf1cceb9d05e (percorso: C:\Users\rober\.nuget\packages\microsoft.maui.controls.build.tasks\8.0.90\buildTransitive\netstandard2.0\Mono.Cecil.Rocks.dll, MVID: 22ba7d2e-d3af-4f65-8069-a088d8ae6e74, AssemblyLoadContext: MSBuild plugin C:\Users\rober\.nuget\packages\microsoft.maui.controls.build.tasks\8.0.90\buildTransitive\netstandard2.0\Microsoft.Maui.Controls.Build.Tasks.dll)
                 done.
             Resource: MoneyMindApp.AppShell.xaml
               Parsing Xaml
                 done.
               Replacing 0.InitializeComponent ()
         Assembly caricato durante TaskRun (Microsoft.Maui.Controls.Build.Tasks.XamlCTask): System.ComponentModel, Version=9.0.0.0, Culture=neutral, PublicKeyToken=b03f5f7f11d50a3a (percorso: C:\Program Files\dotnet\shared\Microsoft.NETCore.App\9.0.11\System.ComponentModel.dll, MVID: 60069e0f-32db-4585-9afe-b15615731325, AssemblyLoadContext: Default)
                 done.
             Resource: MoneyMindApp.Resources.Styles.Colors.xaml
               Parsing Xaml
                 done.
               Replacing 0.InitializeComponent ()
                 done.
             Resource: MoneyMindApp.Resources.Styles.Components.xaml
               Parsing Xaml
                 done.
               Replacing 0.InitializeComponent ()
                 done.
             Resource: MoneyMindApp.Resources.Styles.Styles.xaml
               Parsing Xaml
                 done.
               Replacing 0.InitializeComponent ()
                 done.
             Resource: MoneyMindApp.Resources.Styles.Typography.xaml
               Parsing Xaml
                 done.
               Replacing 0.InitializeComponent ()
                 done.
             Resource: MoneyMindApp.Views.AccountSelectionPage.xaml
               Parsing Xaml
                 done.
               Replacing 0.InitializeComponent ()
                 done.
             Resource: MoneyMindApp.Views.AddAccountPage.xaml
               Parsing Xaml
                 done.
               Replacing 0.InitializeComponent ()
                 done.
             Resource: MoneyMindApp.Views.AddTransactionPage.xaml
               Parsing Xaml
                 done.
               Replacing 0.InitializeComponent ()
                 done.
             Resource: MoneyMindApp.Views.AdminPage.xaml
               Parsing Xaml
                 done.
               Replacing 0.InitializeComponent ()
                 done.
             Resource: MoneyMindApp.Views.AnalyticsPage.xaml
               Parsing Xaml
                 done.
               Replacing 0.InitializeComponent ()
                 done.
             Resource: MoneyMindApp.Views.BiometricSetupPage.xaml
               Parsing Xaml
                 done.
               Replacing 0.InitializeComponent ()
                 done.
             Resource: MoneyMindApp.Views.CreateAccountPage.xaml
               Parsing Xaml
                 done.
               Replacing 0.InitializeComponent ()
                 done.
             Resource: MoneyMindApp.Views.DuplicatesPage.xaml
               Parsing Xaml
                 done.
               Replacing 0.InitializeComponent ()
                 done.
             Resource: MoneyMindApp.Views.EditAccountPage.xaml
               Parsing Xaml
                 done.
               Replacing 0.InitializeComponent ()
                 done.
             Resource: MoneyMindApp.Views.EditTransactionPage.xaml
               Parsing Xaml
                 done.
               Replacing 0.InitializeComponent ()
                 done.
             Resource: MoneyMindApp.Views.ExportPage.xaml
               Parsing Xaml
                 done.
               Replacing 0.InitializeComponent ()
                 done.
             Resource: MoneyMindApp.Views.ImportPage.xaml
               Parsing Xaml
                 done.
               Replacing 0.InitializeComponent ()
                 done.
             Resource: MoneyMindApp.Views.LicenseActivationPage.xaml
               Parsing Xaml
                 done.
               Replacing 0.InitializeComponent ()
                 done.
             Resource: MoneyMindApp.Views.MainPage.xaml
               Parsing Xaml
                 done.
               Replacing 0.InitializeComponent ()
                 done.
             Resource: MoneyMindApp.Views.QuickTourPage.xaml
               Parsing Xaml
                 done.
               Replacing 0.InitializeComponent ()
                 done.
             Resource: MoneyMindApp.Views.SalaryConfigPage.xaml
               Parsing Xaml
                 done.
               Replacing 0.InitializeComponent ()
                 done.
             Resource: MoneyMindApp.Views.SettingsPage.xaml
               Parsing Xaml
                 done.
               Replacing 0.InitializeComponent ()
                 done.
             Resource: MoneyMindApp.Views.TransactionsPage.xaml
               Parsing Xaml
         Assembly caricato durante TaskRun (Microsoft.Maui.Controls.Build.Tasks.XamlCTask): System.Diagnostics.StackTrace, Version=9.0.0.0, Culture=neutral, PublicKeyToken=b03f5f7f11d50a3a (percorso: C:\Program Files\dotnet\shared\Microsoft.NETCore.App\9.0.11\System.Diagnostics.StackTrace.dll, MVID: 043d46d2-7927-48b8-8bb5-d17e5823ecda, AssemblyLoadContext: Default)
     1>C:\Users\rober\.nuget\packages\microsoft.maui.controls.build.tasks\8.0.90\buildTransitive\netstandard2.0\Microsoft.Maui.Controls.targets(158,3): error MSB4018: errore imprevisto dell'attività "XamlCTask". [C:\Users\rober\Documents\MoneyMindApp\MoneyMindApp.csproj::TargetFramework=net8.0-android]
C:\Users\rober\.nuget\packages\microsoft.maui.controls.build.tasks\8.0.90\buildTransitive\netstandard2.0\Microsoft.Maui.Controls.targets(158,3): error MSB4018: Microsoft.Maui.Controls.Xaml.XamlParseException: Position 364:34. 'Frame.GestureRecognizers' is a duplicate property name. [C:\Users\rober\Documents\MoneyMindApp\MoneyMindApp.csproj::TargetFramework=net8.0-android]
C:\Users\rober\.nuget\packages\microsoft.maui.controls.build.tasks\8.0.90\buildTransitive\netstandard2.0\Microsoft.Maui.Controls.targets(158,3): error MSB4018:    at Microsoft.Maui.Controls.Xaml.XamlParser.ParseXamlElementFor(IElementNode node, XmlReader reader) in /_/src/Controls/src/Xaml/XamlParser.cs:line 79 [C:\Users\rober\Documents\MoneyMindApp\MoneyMindApp.csproj::TargetFramework=net8.0-android]
C:\Users\rober\.nuget\packages\microsoft.maui.controls.build.tasks\8.0.90\buildTransitive\netstandard2.0\Microsoft.Maui.Controls.targets(158,3): error MSB4018:    at Microsoft.Maui.Controls.Xaml.XamlParser.ReadNode(XmlReader reader, Boolean nested) in /_/src/Controls/src/Xaml/XamlParser.cs:line 173 [C:\Users\rober\Documents\MoneyMindApp\MoneyMindApp.csproj::TargetFramework=net8.0-android]
C:\Users\rober\.nuget\packages\microsoft.maui.controls.build.tasks\8.0.90\buildTransitive\netstandard2.0\Microsoft.Maui.Controls.targets(158,3): error MSB4018:    at Microsoft.Maui.Controls.Xaml.XamlParser.ParseXamlElementFor(IElementNode node, XmlReader reader) in /_/src/Controls/src/Xaml/XamlParser.cs:line 114 [C:\Users\rober\Documents\MoneyMindApp\MoneyMindApp.csproj::TargetFramework=net8.0-android]
C:\Users\rober\.nuget\packages\microsoft.maui.controls.build.tasks\8.0.90\buildTransitive\netstandard2.0\Microsoft.Maui.Controls.targets(158,3): error MSB4018:    at Microsoft.Maui.Controls.Xaml.XamlParser.ReadNode(XmlReader reader, Boolean nested) in /_/src/Controls/src/Xaml/XamlParser.cs:line 173 [C:\Users\rober\Documents\MoneyMindApp\MoneyMindApp.csproj::TargetFramework=net8.0-android]
C:\Users\rober\.nuget\packages\microsoft.maui.controls.build.tasks\8.0.90\buildTransitive\netstandard2.0\Microsoft.Maui.Controls.targets(158,3): error MSB4018:    at Microsoft.Maui.Controls.Xaml.XamlParser.ParseXamlElementFor(IElementNode node, XmlReader reader) in /_/src/Controls/src/Xaml/XamlParser.cs:line 107 [C:\Users\rober\Documents\MoneyMindApp\MoneyMindApp.csproj::TargetFramework=net8.0-android]
C:\Users\rober\.nuget\packages\microsoft.maui.controls.build.tasks\8.0.90\buildTransitive\netstandard2.0\Microsoft.Maui.Controls.targets(158,3): error MSB4018:    at Microsoft.Maui.Controls.Xaml.XamlParser.ReadNode(XmlReader reader, Boolean nested) in /_/src/Controls/src/Xaml/XamlParser.cs:line 173 [C:\Users\rober\Documents\MoneyMindApp\MoneyMindApp.csproj::TargetFramework=net8.0-android]
C:\Users\rober\.nuget\packages\microsoft.maui.controls.build.tasks\8.0.90\buildTransitive\netstandard2.0\Microsoft.Maui.Controls.targets(158,3): error MSB4018:    at Microsoft.Maui.Controls.Xaml.XamlParser.ParseXamlElementFor(IElementNode node, XmlReader reader) in /_/src/Controls/src/Xaml/XamlParser.cs:line 85 [C:\Users\rober\Documents\MoneyMindApp\MoneyMindApp.csproj::TargetFramework=net8.0-android]
C:\Users\rober\.nuget\packages\microsoft.maui.controls.build.tasks\8.0.90\buildTransitive\netstandard2.0\Microsoft.Maui.Controls.targets(158,3): error MSB4018:    at Microsoft.Maui.Controls.Xaml.XamlParser.ReadNode(XmlReader reader, Boolean nested) in /_/src/Controls/src/Xaml/XamlParser.cs:line 173 [C:\Users\rober\Documents\MoneyMindApp\MoneyMindApp.csproj::TargetFramework=net8.0-android]
C:\Users\rober\.nuget\packages\microsoft.maui.controls.build.tasks\8.0.90\buildTransitive\netstandard2.0\Microsoft.Maui.Controls.targets(158,3): error MSB4018:    at Microsoft.Maui.Controls.Xaml.XamlParser.ParseXamlElementFor(IElementNode node, XmlReader reader) in /_/src/Controls/src/Xaml/XamlParser.cs:line 114 [C:\Users\rober\Documents\MoneyMindApp\MoneyMindApp.csproj::TargetFramework=net8.0-android]
C:\Users\rober\.nuget\packages\microsoft.maui.controls.build.tasks\8.0.90\buildTransitive\netstandard2.0\Microsoft.Maui.Controls.targets(158,3): error MSB4018:    at Microsoft.Maui.Controls.Xaml.XamlParser.ReadNode(XmlReader reader, Boolean nested) in /_/src/Controls/src/Xaml/XamlParser.cs:line 173 [C:\Users\rober\Documents\MoneyMindApp\MoneyMindApp.csproj::TargetFramework=net8.0-android]
C:\Users\rober\.nuget\packages\microsoft.maui.controls.build.tasks\8.0.90\buildTransitive\netstandard2.0\Microsoft.Maui.Controls.targets(158,3): error MSB4018:    at Microsoft.Maui.Controls.Xaml.XamlParser.ParseXamlElementFor(IElementNode node, XmlReader reader) in /_/src/Controls/src/Xaml/XamlParser.cs:line 114 [C:\Users\rober\Documents\MoneyMindApp\MoneyMindApp.csproj::TargetFramework=net8.0-android]
C:\Users\rober\.nuget\packages\microsoft.maui.controls.build.tasks\8.0.90\buildTransitive\netstandard2.0\Microsoft.Maui.Controls.targets(158,3): error MSB4018:    at Microsoft.Maui.Controls.Xaml.XamlParser.ReadNode(XmlReader reader, Boolean nested) in /_/src/Controls/src/Xaml/XamlParser.cs:line 173 [C:\Users\rober\Documents\MoneyMindApp\MoneyMindApp.csproj::TargetFramework=net8.0-android]
C:\Users\rober\.nuget\packages\microsoft.maui.controls.build.tasks\8.0.90\buildTransitive\netstandard2.0\Microsoft.Maui.Controls.targets(158,3): error MSB4018:    at Microsoft.Maui.Controls.Xaml.XamlParser.ParseXamlElementFor(IElementNode node, XmlReader reader) in /_/src/Controls/src/Xaml/XamlParser.cs:line 114 [C:\Users\rober\Documents\MoneyMindApp\MoneyMindApp.csproj::TargetFramework=net8.0-android]
C:\Users\rober\.nuget\packages\microsoft.maui.controls.build.tasks\8.0.90\buildTransitive\netstandard2.0\Microsoft.Maui.Controls.targets(158,3): error MSB4018:    at Microsoft.Maui.Controls.Xaml.XamlParser.ParseXaml(RootNode rootNode, XmlReader reader) in /_/src/Controls/src/Xaml/XamlParser.cs:line 48 [C:\Users\rober\Documents\MoneyMindApp\MoneyMindApp.csproj::TargetFramework=net8.0-android]
C:\Users\rober\.nuget\packages\microsoft.maui.controls.build.tasks\8.0.90\buildTransitive\netstandard2.0\Microsoft.Maui.Controls.targets(158,3): error MSB4018:    at Microsoft.Maui.Controls.Build.Tasks.XamlTask.ParseXaml(Stream stream, TypeReference typeReference) in /_/src/Controls/src/Build.Tasks/XamlTask.cs:line 59 [C:\Users\rober\Documents\MoneyMindApp\MoneyMindApp.csproj::TargetFramework=net8.0-android]
C:\Users\rober\.nuget\packages\microsoft.maui.controls.build.tasks\8.0.90\buildTransitive\netstandard2.0\Microsoft.Maui.Controls.targets(158,3): error MSB4018:    at Microsoft.Maui.Controls.Build.Tasks.XamlCTask.Execute(IList`1& thrownExceptions) in /_/src/Controls/src/Build.Tasks/XamlCTask.cs:line 246 [C:\Users\rober\Documents\MoneyMindApp\MoneyMindApp.csproj::TargetFramework=net8.0-android]
C:\Users\rober\.nuget\packages\microsoft.maui.controls.build.tasks\8.0.90\buildTransitive\netstandard2.0\Microsoft.Maui.Controls.targets(158,3): error MSB4018:    at Microsoft.Maui.Controls.Build.Tasks.XamlTask.Execute() in /_/src/Controls/src/Build.Tasks/XamlTask.cs:line 38 [C:\Users\rober\Documents\MoneyMindApp\MoneyMindApp.csproj::TargetFramework=net8.0-android]
C:\Users\rober\.nuget\packages\microsoft.maui.controls.build.tasks\8.0.90\buildTransitive\netstandard2.0\Microsoft.Maui.Controls.targets(158,3): error MSB4018:    at Microsoft.Build.BackEnd.TaskExecutionHost.Execute() [C:\Users\rober\Documents\MoneyMindApp\MoneyMindApp.csproj::TargetFramework=net8.0-android]
C:\Users\rober\.nuget\packages\microsoft.maui.controls.build.tasks\8.0.90\buildTransitive\netstandard2.0\Microsoft.Maui.Controls.targets(158,3): error MSB4018:    at Microsoft.Build.BackEnd.TaskBuilder.ExecuteInstantiatedTask(TaskExecutionHost taskExecutionHost, TaskLoggingContext taskLoggingContext, TaskHost taskHost, ItemBucket bucket, TaskExecutionMode howToExecuteTask) [C:\Users\rober\Documents\MoneyMindApp\MoneyMindApp.csproj::TargetFramework=net8.0-android]
       Esecuzione attività "XamlCTask" NON COMPLETATA.
     1>Compilazione destinazione "XamlC" nel progetto "MoneyMindApp.csproj" NON COMPLETATA.
     1>Destinazione "_CheckForCompileOutputs" nel file "C:\Program Files\dotnet\sdk\9.0.305\Microsoft.Common.CurrentVersion.targets" dal progetto "C:\Users\rober\Documents\MoneyMindApp\MoneyMindApp.csproj" (la destinazione "_CleanGetCurrentAndPriorFileWrites" dipende da essa):
     1>Compilazione destinazione "_CheckForCompileOutputs" nel progetto "MoneyMindApp.csproj" completata.
       Destinazione"_SGenCheckForOutputs" ignorata. Condizione false. ('$(_SGenGenerateSerializationAssembliesConfig)' == 'On' or ('@(WebReferenceUrl)'!='' and '$(_SGenGenerateSerializationAssembliesConfig)' == 'Auto')) ha restituito ('Off' == 'On' or (''!='' and 'Off' == 'Auto')).
     1>Destinazione "_CleanGetCurrentAndPriorFileWrites" nel file "C:\Program Files\dotnet\sdk\9.0.305\Microsoft.Common.CurrentVersion.targets" dal progetto "C:\Users\rober\Documents\MoneyMindApp\MoneyMindApp.csproj" (la destinazione "_CleanRecordFileWrites" dipende da essa):
       Attività "ReadLinesFromFile"
       Esecuzione attività "ReadLinesFromFile" completata.
       Verrà usata l'attività "ConvertToAbsolutePath" dall'assembly "Microsoft.Build.Tasks.Core, Version=15.1.0.0, Culture=neutral, PublicKeyToken=b03f5f7f11d50a3a".
       Attività "ConvertToAbsolutePath"
       Esecuzione attività "ConvertToAbsolutePath" completata.
       Verrà usata l'attività "FindUnderPath" dall'assembly "Microsoft.Build.Tasks.Core, Version=15.1.0.0, Culture=neutral, PublicKeyToken=b03f5f7f11d50a3a".
       Attività "FindUnderPath"
         Il percorso di confronto è "C:\Users\rober\Documents\MoneyMindApp".
       Esecuzione attività "FindUnderPath" completata.
       Attività "FindUnderPath"
         Il percorso di confronto è "bin\Debug\net8.0-android\".
       Esecuzione attività "FindUnderPath" completata.
       Attività "FindUnderPath"
         Il percorso di confronto è "obj\Debug\net8.0-android\".
       Esecuzione attività "FindUnderPath" completata.
       Verrà usata l'attività "RemoveDuplicates" dall'assembly "Microsoft.Build.Tasks.Core, Version=15.1.0.0, Culture=neutral, PublicKeyToken=b03f5f7f11d50a3a".
       Attività "RemoveDuplicates"
       Esecuzione attività "RemoveDuplicates" completata.
     1>Compilazione destinazione "_CleanGetCurrentAndPriorFileWrites" nel progetto "MoneyMindApp.csproj" completata.
     1>Destinazione "_CleanRecordFileWrites" nel file "C:\Program Files\dotnet\sdk\9.0.305\Microsoft.Common.CurrentVersion.targets" dal progetto "C:\Users\rober\Documents\MoneyMindApp\MoneyMindApp.csproj" (la destinazione "CoreBuild" dipende da essa):
       Attività "RemoveDuplicates"
       Esecuzione attività "RemoveDuplicates" completata.
       Attività "MakeDir"
       Esecuzione attività "MakeDir" completata.
       Attività "WriteLinesToFile"
         L'operazione di scrittura nel file "obj\Debug\net8.0-android\MoneyMindApp.csproj.FileListAbsolute.txt" non è stata eseguita perché non avrebbe comportato la modifica del contenuto.
       Esecuzione attività "WriteLinesToFile" completata.
     1>Compilazione destinazione "_CleanRecordFileWrites" nel progetto "MoneyMindApp.csproj" completata.
     1>Compilazione progetto "C:\Users\rober\Documents\MoneyMindApp\MoneyMindApp.csproj" (destinazioni predefinite) NON COMPLETATA.

Compilazione NON RIUSCITA.

       "C:\Users\rober\Documents\MoneyMindApp\MoneyMindApp.csproj" (destinazione predefinita) (1) ->
       (destinazione: XamlC) -> 
         C:\Users\rober\.nuget\packages\microsoft.maui.controls.build.tasks\8.0.90\buildTransitive\netstandard2.0\Microsoft.Maui.Controls.targets(158,3): error MSB4018: errore imprevisto dell'attività "XamlCTask". [C:\Users\rober\Documents\MoneyMindApp\MoneyMindApp.csproj::TargetFramework=net8.0-android]
       C:\Users\rober\.nuget\packages\microsoft.maui.controls.build.tasks\8.0.90\buildTransitive\netstandard2.0\Microsoft.Maui.Controls.targets(158,3): error MSB4018: Microsoft.Maui.Controls.Xaml.XamlParseException: Position 364:34. 'Frame.GestureRecognizers' is a duplicate property name. [C:\Users\rober\Documents\MoneyMindApp\MoneyMindApp.csproj::TargetFramework=net8.0-android]
       C:\Users\rober\.nuget\packages\microsoft.maui.controls.build.tasks\8.0.90\buildTransitive\netstandard2.0\Microsoft.Maui.Controls.targets(158,3): error MSB4018:    at Microsoft.Maui.Controls.Xaml.XamlParser.ParseXamlElementFor(IElementNode node, XmlReader reader) in /_/src/Controls/src/Xaml/XamlParser.cs:line 79 [C:\Users\rober\Documents\MoneyMindApp\MoneyMindApp.csproj::TargetFramework=net8.0-android]
       C:\Users\rober\.nuget\packages\microsoft.maui.controls.build.tasks\8.0.90\buildTransitive\netstandard2.0\Microsoft.Maui.Controls.targets(158,3): error MSB4018:    at Microsoft.Maui.Controls.Xaml.XamlParser.ReadNode(XmlReader reader, Boolean nested) in /_/src/Controls/src/Xaml/XamlParser.cs:line 173 [C:\Users\rober\Documents\MoneyMindApp\MoneyMindApp.csproj::TargetFramework=net8.0-android]
       C:\Users\rober\.nuget\packages\microsoft.maui.controls.build.tasks\8.0.90\buildTransitive\netstandard2.0\Microsoft.Maui.Controls.targets(158,3): error MSB4018:    at Microsoft.Maui.Controls.Xaml.XamlParser.ParseXamlElementFor(IElementNode node, XmlReader reader) in /_/src/Controls/src/Xaml/XamlParser.cs:line 114 [C:\Users\rober\Documents\MoneyMindApp\MoneyMindApp.csproj::TargetFramework=net8.0-android]
       C:\Users\rober\.nuget\packages\microsoft.maui.controls.build.tasks\8.0.90\buildTransitive\netstandard2.0\Microsoft.Maui.Controls.targets(158,3): error MSB4018:    at Microsoft.Maui.Controls.Xaml.XamlParser.ReadNode(XmlReader reader, Boolean nested) in /_/src/Controls/src/Xaml/XamlParser.cs:line 173 [C:\Users\rober\Documents\MoneyMindApp\MoneyMindApp.csproj::TargetFramework=net8.0-android]
       C:\Users\rober\.nuget\packages\microsoft.maui.controls.build.tasks\8.0.90\buildTransitive\netstandard2.0\Microsoft.Maui.Controls.targets(158,3): error MSB4018:    at Microsoft.Maui.Controls.Xaml.XamlParser.ParseXamlElementFor(IElementNode node, XmlReader reader) in /_/src/Controls/src/Xaml/XamlParser.cs:line 107 [C:\Users\rober\Documents\MoneyMindApp\MoneyMindApp.csproj::TargetFramework=net8.0-android]
       C:\Users\rober\.nuget\packages\microsoft.maui.controls.build.tasks\8.0.90\buildTransitive\netstandard2.0\Microsoft.Maui.Controls.targets(158,3): error MSB4018:    at Microsoft.Maui.Controls.Xaml.XamlParser.ReadNode(XmlReader reader, Boolean nested) in /_/src/Controls/src/Xaml/XamlParser.cs:line 173 [C:\Users\rober\Documents\MoneyMindApp\MoneyMindApp.csproj::TargetFramework=net8.0-android]
       C:\Users\rober\.nuget\packages\microsoft.maui.controls.build.tasks\8.0.90\buildTransitive\netstandard2.0\Microsoft.Maui.Controls.targets(158,3): error MSB4018:    at Microsoft.Maui.Controls.Xaml.XamlParser.ParseXamlElementFor(IElementNode node, XmlReader reader) in /_/src/Controls/src/Xaml/XamlParser.cs:line 85 [C:\Users\rober\Documents\MoneyMindApp\MoneyMindApp.csproj::TargetFramework=net8.0-android]
       C:\Users\rober\.nuget\packages\microsoft.maui.controls.build.tasks\8.0.90\buildTransitive\netstandard2.0\Microsoft.Maui.Controls.targets(158,3): error MSB4018:    at Microsoft.Maui.Controls.Xaml.XamlParser.ReadNode(XmlReader reader, Boolean nested) in /_/src/Controls/src/Xaml/XamlParser.cs:line 173 [C:\Users\rober\Documents\MoneyMindApp\MoneyMindApp.csproj::TargetFramework=net8.0-android]
       C:\Users\rober\.nuget\packages\microsoft.maui.controls.build.tasks\8.0.90\buildTransitive\netstandard2.0\Microsoft.Maui.Controls.targets(158,3): error MSB4018:    at Microsoft.Maui.Controls.Xaml.XamlParser.ParseXamlElementFor(IElementNode node, XmlReader reader) in /_/src/Controls/src/Xaml/XamlParser.cs:line 114 [C:\Users\rober\Documents\MoneyMindApp\MoneyMindApp.csproj::TargetFramework=net8.0-android]
       C:\Users\rober\.nuget\packages\microsoft.maui.controls.build.tasks\8.0.90\buildTransitive\netstandard2.0\Microsoft.Maui.Controls.targets(158,3): error MSB4018:    at Microsoft.Maui.Controls.Xaml.XamlParser.ReadNode(XmlReader reader, Boolean nested) in /_/src/Controls/src/Xaml/XamlParser.cs:line 173 [C:\Users\rober\Documents\MoneyMindApp\MoneyMindApp.csproj::TargetFramework=net8.0-android]
       C:\Users\rober\.nuget\packages\microsoft.maui.controls.build.tasks\8.0.90\buildTransitive\netstandard2.0\Microsoft.Maui.Controls.targets(158,3): error MSB4018:    at Microsoft.Maui.Controls.Xaml.XamlParser.ParseXamlElementFor(IElementNode node, XmlReader reader) in /_/src/Controls/src/Xaml/XamlParser.cs:line 114 [C:\Users\rober\Documents\MoneyMindApp\MoneyMindApp.csproj::TargetFramework=net8.0-android]
       C:\Users\rober\.nuget\packages\microsoft.maui.controls.build.tasks\8.0.90\buildTransitive\netstandard2.0\Microsoft.Maui.Controls.targets(158,3): error MSB4018:    at Microsoft.Maui.Controls.Xaml.XamlParser.ReadNode(XmlReader reader, Boolean nested) in /_/src/Controls/src/Xaml/XamlParser.cs:line 173 [C:\Users\rober\Documents\MoneyMindApp\MoneyMindApp.csproj::TargetFramework=net8.0-android]
       C:\Users\rober\.nuget\packages\microsoft.maui.controls.build.tasks\8.0.90\buildTransitive\netstandard2.0\Microsoft.Maui.Controls.targets(158,3): error MSB4018:    at Microsoft.Maui.Controls.Xaml.XamlParser.ParseXamlElementFor(IElementNode node, XmlReader reader) in /_/src/Controls/src/Xaml/XamlParser.cs:line 114 [C:\Users\rober\Documents\MoneyMindApp\MoneyMindApp.csproj::TargetFramework=net8.0-android]
       C:\Users\rober\.nuget\packages\microsoft.maui.controls.build.tasks\8.0.90\buildTransitive\netstandard2.0\Microsoft.Maui.Controls.targets(158,3): error MSB4018:    at Microsoft.Maui.Controls.Xaml.XamlParser.ParseXaml(RootNode rootNode, XmlReader reader) in /_/src/Controls/src/Xaml/XamlParser.cs:line 48 [C:\Users\rober\Documents\MoneyMindApp\MoneyMindApp.csproj::TargetFramework=net8.0-android]
       C:\Users\rober\.nuget\packages\microsoft.maui.controls.build.tasks\8.0.90\buildTransitive\netstandard2.0\Microsoft.Maui.Controls.targets(158,3): error MSB4018:    at Microsoft.Maui.Controls.Build.Tasks.XamlTask.ParseXaml(Stream stream, TypeReference typeReference) in /_/src/Controls/src/Build.Tasks/XamlTask.cs:line 59 [C:\Users\rober\Documents\MoneyMindApp\MoneyMindApp.csproj::TargetFramework=net8.0-android]
       C:\Users\rober\.nuget\packages\microsoft.maui.controls.build.tasks\8.0.90\buildTransitive\netstandard2.0\Microsoft.Maui.Controls.targets(158,3): error MSB4018:    at Microsoft.Maui.Controls.Build.Tasks.XamlCTask.Execute(IList`1& thrownExceptions) in /_/src/Controls/src/Build.Tasks/XamlCTask.cs:line 246 [C:\Users\rober\Documents\MoneyMindApp\MoneyMindApp.csproj::TargetFramework=net8.0-android]
       C:\Users\rober\.nuget\packages\microsoft.maui.controls.build.tasks\8.0.90\buildTransitive\netstandard2.0\Microsoft.Maui.Controls.targets(158,3): error MSB4018:    at Microsoft.Maui.Controls.Build.Tasks.XamlTask.Execute() in /_/src/Controls/src/Build.Tasks/XamlTask.cs:line 38 [C:\Users\rober\Documents\MoneyMindApp\MoneyMindApp.csproj::TargetFramework=net8.0-android]
       C:\Users\rober\.nuget\packages\microsoft.maui.controls.build.tasks\8.0.90\buildTransitive\netstandard2.0\Microsoft.Maui.Controls.targets(158,3): error MSB4018:    at Microsoft.Build.BackEnd.TaskExecutionHost.Execute() [C:\Users\rober\Documents\MoneyMindApp\MoneyMindApp.csproj::TargetFramework=net8.0-android]
       C:\Users\rober\.nuget\packages\microsoft.maui.controls.build.tasks\8.0.90\buildTransitive\netstandard2.0\Microsoft.Maui.Controls.targets(158,3): error MSB4018:    at Microsoft.Build.BackEnd.TaskBuilder.ExecuteInstantiatedTask(TaskExecutionHost taskExecutionHost, TaskLoggingContext taskLoggingContext, TaskHost taskHost, ItemBucket bucket, TaskExecutionMode howToExecuteTask) [C:\Users\rober\Documents\MoneyMindApp\MoneyMindApp.csproj::TargetFramework=net8.0-android]

    Avvisi: 0
    Errori: 1

Tempo trascorso 00:00:04.93
