12-27 17:23:28.121  1065  1065 I SurfaceFlinger: [7855f65 Splash Screen com.moneymind.app#82094] attach to parent LayerHierarchy{RequestedLayerState{ActivityRecord{e01e7ad u0 com.moneymind.app/crc64399a401da9d21b0a.MainActivity t5311}#82093 parentId=82092} 1 children}
12-27 17:23:28.121  1065  1065 I SurfaceFlinger: [Splash Screen com.moneymind.app$_2502#82095] attach to parent LayerHierarchy{RequestedLayerState{7855f65 Splash Screen com.moneymind.app#82094 parentId=82093} 1 children}
12-27 17:23:28.121  1065  1065 I SurfaceFlinger: [Transition Root: Task=5311#82096] attach to parent LayerHierarchy{RequestedLayerState{DefaultTaskDisplayArea_d0#11 parentId=10} 15 children}
12-27 17:23:28.121  1065  1065 I BpBinder: onLastStrongRef automatically unlinking death recipients: 
12-27 17:23:28.122 30014 30020 I adbd    : USB event: FUNCTIONFS_RESUME
12-27 17:23:28.123  1405  1527 I ActivityManager: Start proc 3433:com.moneymind.app/u0a413 for next-top-activity {com.moneymind.app/crc64399a401da9d21b0a.MainActivity}
12-27 17:23:28.123  1405  1514 I SurfaceControlRegistry: show, t=StartTransaction_SyncId<6441> sc=ActivityRecord{e01e7ad u0 com.moneymind.app/crc64399a401da9d21b0a.MainActivity t5311}, caller=android.view.SurfaceControl$Transaction.show:3232 com.android.server.wm.Transition.onTransactionReady:2273 com.android.server.wm.BLASTSyncEngine$SyncGroup.finishNow:195 com.android.server.wm.BLASTSyncEngine.onSurfacePlacement:269 com.android.server.wm.RootWindowContainer.performSurfacePlacementNoTrace:471 com.android.server.wm.RootWindowContainer.performSurfacePlacement:9 
12-27 17:23:28.123 30014 30020 I adbd    : USB event: FUNCTIONFS_SUSPEND
12-27 17:23:28.124  1405  1514 V WindowManager: Calling onTransitionReady: {id=6441 t=OPEN f=0x0 trk=0 r=[0@Point(0, 0)] c=[
12-27 17:23:28.124  1405  1514 V WindowManager:         {WCT{RemoteToken{3bd208e Task{d7c2e73 #5311 type=standard A=10413:com.moneymind.app}}} m=OPEN f=NONE leash=Surface(name=Task=5311)/@0xd09e253 sb=Rect(0, 0 - 1080, 2400) eb=Rect(0, 0 - 1080, 2400) d=0 taskParent=-1 inset=Rect(0, 77 - 0, 135) dim=true},
12-27 17:23:28.124  1405  1514 V WindowManager:         {WCT{RemoteToken{74775a5 Task{b9431fd #1 type=home}}} m=TO_BACK f=SHOW_WALLPAPER|EDGE_EXTENSION_RESTRICTION leash=Surface(name=Task=1)/@0xcd95b0f sb=Rect(0, 0 - 1080, 2400) eb=Rect(0, 0 - 1080, 2400) d=0 taskParent=-1 inset=Rect(0, 77 - 0, 135)},
12-27 17:23:28.124  1405  1514 V WindowManager:         {null m=TO_BACK f=IS_WALLPAPER p=WCT{RemoteToken{b700c3b RemoteWallpaperAnim:1:1@66015554}} leash=Surface(name=WallpaperWindowToken{5627964 token=android.os.Binder@30456f7})/@0x7f6499c sb=Rect(0, 0 - 1080, 2400) eb=Rect(0, 0 - 1080, 2400) d=0 inset=Rect(0, 0 - 0, 0)}
12-27 17:23:28.124  1405  1514 V WindowManager:     ]}
12-27 17:23:28.125  1405  1514 D PowerManagerService: [api] setPowerBoost(L) boost:0, durationMs:0, caller (uid: 1000 pid: 1405) <- m() in com.android.server.display.DisplayManagerService$BinderService$$ExternalSyntheticOutline0:1
12-27 17:23:28.126  1405  1510 V WindowManager: Sent Transition (#6441) createdAt=12-27 17:23:28.091 via request=TransitionRequestInfo { type = OPEN, triggerTask = TaskInfo{userId=0 taskId=5311 displayId=0 isRunning=true baseIntent=Intent { flg=0x10000000 cmp=com.moneymind.app/crc64399a401da9d21b0a.MainActivity } baseActivity=ComponentInfo{com.moneymind.app/crc64399a401da9d21b0a.MainActivity} topActivity=ComponentInfo{com.moneymind.app/crc64399a401da9d21b0a.MainActivity} origActivity=null realActivity=ComponentInfo{com.moneymind.app/crc64399a401da9d21b0a.MainActivity} numActivities=1 lastActiveTime=1214006372 supportsMultiWindow=true resizeMode=1 isResizeable=true minWidth=-1 minHeight=-1 maxWidth=-1 maxHeight=-1 defaultMinSize=220 token=WCT{RemoteToken{3bd208e Task{d7c2e73 #5311 type=standard A=10413:com.moneymind.app}}} topActivityType=1 pictureInPictureParams=null shouldDockBigOverlays=false launchIntoPipHostTaskId=-1 lastParentTaskIdBeforePip=-1 displayCutoutSafeInsets=Rect(0, 75 - 0, 0) topActivityInfo=ActivityInfo{63148cb crc64399a401da9d21b0a.MainActivity} launchCookies=[] positionInParent=Point(0, 0) parentTaskId=-1 isFocused=false isVisible=false isVisibleRequested=false isSleeping=false topActivityInSizeCompat=false locusId=null displayAreaFeatureId=1 isTopActivityTransparent=false isTopActivityStyleFloating=false appCompatTaskInfo=AppCompatTaskInfo { topActivityInSizeCompat=false eligibleForLetterboxEducation= false isLetterboxEducationEnabled= false isLetterboxDoubleTapEnabled= false eligibleForUserAspectRatioButton= false topActivityBoundsLetterboxed= false isFromLetterboxDoubleTap= false topActivityLetterboxVerticalPosition= -1 topActivityLetterboxHorizontalPosition= -1 topActivityLetterboxWidth=1080 topActivityLetterboxHeight=2400 topActivityLetterboxAppWidth=1080 topActivityLetterboxAppHeight=2190 isUserFullscreenOverrideEnabled=false isSystemFullscreenOverrideEnabled=false hasMinAspectRatioOverride=false cameraCompatTaskInfo=CameraCompatTaskInfo { freeformCameraCompatMode=inactive} topActivityBounds=null topActivityInDisplayCompat=false} originallySupportedMultiWindow=true hasWallpaper=false rootAffinity=10413:com.moneymind.app isTopTaskInStage=false topActivityUiMode=33 CoverLauncherWidgetTask=false isAllowedSeamlessRotation=false isTopTransparentActivity=false snappingGuideBounds=Rect(81, 571 - 999, 1771) isAliasManaged=false hasConfigChanged=false isAiKeyRemoveAppTask=false}, pipTask = null, remoteTransition = null, displayChange = null, flags = 0, debugId = 6441 }
12-27 17:23:28.126  1405  1510 V WindowManager:     startWCT=WindowContainerTransaction { changes = {} hops = [] errorCallbackToken=null taskFragmentOrganizer=null }
12-27 17:23:28.126  1405  1510 V WindowManager:     info={id=6441 t=OPEN f=0x0 trk=0 r=[0@Point(0, 0)] c=[
12-27 17:23:28.126  1405  1510 V WindowManager:         {WCT{RemoteToken{3bd208e Task{d7c2e73 #5311 type=standard A=10413:com.moneymind.app}}} m=OPEN f=NONE leash=Surface(name=Task=5311)/@0xd09e253 sb=Rect(0, 0 - 1080, 2400) eb=Rect(0, 0 - 1080, 2400) d=0 taskParent=-1 inset=Rect(0, 77 - 0, 135) dim=true},
12-27 17:23:28.126  1405  1510 V WindowManager:         {WCT{RemoteToken{74775a5 Task{b9431fd #1 type=home}}} m=TO_BACK f=SHOW_WALLPAPER|EDGE_EXTENSION_RESTRICTION leash=Surface(name=Task=1)/@0xcd95b0f sb=Rect(0, 0 - 1080, 2400) eb=Rect(0, 0 - 1080, 2400) d=0 taskParent=-1 inset=Rect(0, 77 - 0, 135)},
12-27 17:23:28.126  1405  1510 V WindowManager:         {null m=TO_BACK f=IS_WALLPAPER p=WCT{RemoteToken{b700c3b RemoteWallpaperAnim:1:1@66015554}} leash=Surface(name=WallpaperWindowToken{5627964 token=android.os.Binder@30456f7})/@0x7f6499c sb=Rect(0, 0 - 1080, 2400) eb=Rect(0, 0 - 1080, 2400) d=0 inset=Rect(0, 0 - 0, 0)}
12-27 17:23:28.126  1405  1510 V WindowManager:     ]}
12-27 17:23:28.126  1405  1514 I WindowManager: Cancelling animation restarting=true, leash=Surface(name=Surface(name=672ee06 StatusBar)/@0xaff1dbf - animation-leash of insets_animation)/@0x350437d
12-27 17:23:28.126  1405  1514 I WindowManager: Reparenting to original parent: Surface(name=WindowToken{ea510e1 type=2000 android.os.BinderProxy@3dbdceb})/@0xa6a0c8c, destroy=false, syncState=0, syncCommitDepth=0, surface=Surface(name=672ee06 StatusBar)/@0xaff1dbf
12-27 17:23:28.126  1405  1514 I WindowManager: Reparenting to leash, surface=Surface(name=672ee06 StatusBar)/@0xaff1dbf, syncState=0, syncCommitDepth=0, leashParent=Surface(name=WindowToken{ea510e1 type=2000 android.os.BinderProxy@3dbdceb})/@0xa6a0c8c
12-27 17:23:28.127  1065  3181 I SurfaceFlinger: id=82097 createSurf, flag=24000, Surface(name=672ee06 StatusBar)/@0xaff1dbf - animation-leash of insets_animation#82097
12-27 17:23:28.128  1405  1514 D WindowManager: makeSurface duration=1 leash=Surface(name=Surface(name=672ee06 StatusBar)/@0xaff1dbf - animation-leash of insets_animation)/@0x189a6a7
12-27 17:23:28.128  1405  1514 D InsetsSourceProvider: updateControlForTarget: control=InsetsSourceControl: {1bb60000 mType=statusBars initiallyVisible mSurfacePosition=Point(0, 0) mInsetsHint=Insets{left=0, top=77, right=0, bottom=0}}, target=Window{7855f65 u0 Splash Screen com.moneymind.app}, from=com.android.server.wm.InsetsStateController.onControlTargetChanged:81 com.android.server.wm.InsetsPolicy.updateBarControlTarget:175 com.android.server.wm.DisplayPolicy.updateSystemBarAttributes:281 com.android.server.wm.DisplayPolicy.finishPostLayoutPolicyLw:17 com.android.server.wm.RootWindowContainer.applySurfaceChangesTransaction$1:194 
12-27 17:23:28.128  1405  1514 I WindowManager: Cancelling animation restarting=true, leash=Surface(name=Surface(name=d81298c NavigationBar0)/@0x8c1424c - animation-leash of insets_animation)/@0x77af6c3
12-27 17:23:28.128  1405  1514 I WindowManager: Reparenting to original parent: Surface(name=WindowToken{2dd5f63 type=2019 android.os.BinderProxy@6a1e306})/@0xf449295, destroy=false, syncState=0, syncCommitDepth=0, surface=Surface(name=d81298c NavigationBar0)/@0x8c1424c
12-27 17:23:28.128  1405  1514 I WindowManager: Reparenting to leash, surface=Surface(name=d81298c NavigationBar0)/@0x8c1424c, syncState=0, syncCommitDepth=0, leashParent=Surface(name=WindowToken{2dd5f63 type=2019 android.os.BinderProxy@6a1e306})/@0xf449295
12-27 17:23:28.129  1065  3181 I SurfaceFlinger: id=82098 createSurf, flag=24000, Surface(name=d81298c NavigationBar0)/@0x8c1424c - animation-leash of insets_animation#82098
12-27 17:23:28.130  3433  3433 I m.moneymind.app: Late-enabling -Xcheck:jni
12-27 17:23:28.130  1405  1514 D WindowManager: makeSurface duration=1 leash=Surface(name=Surface(name=d81298c NavigationBar0)/@0x8c1424c - animation-leash of insets_animation)/@0x73fe6fd
12-27 17:23:28.130  1405  1514 D InsetsSourceProvider: updateControlForTarget: control=InsetsSourceControl: {fcd20001 mType=navigationBars initiallyVisible mSurfacePosition=Point(0, 2265) mInsetsHint=Insets{left=0, top=0, right=0, bottom=135}}, target=Window{7855f65 u0 Splash Screen com.moneymind.app}, from=com.android.server.wm.InsetsStateController.onControlTargetChanged:81 com.android.server.wm.InsetsPolicy.updateBarControlTarget:188 com.android.server.wm.DisplayPolicy.updateSystemBarAttributes:281 com.android.server.wm.DisplayPolicy.finishPostLayoutPolicyLw:17 com.android.server.wm.RootWindowContainer.applySurfaceChangesTransaction$1:194 
12-27 17:23:28.130  1405  1514 D WindowManager: updateSystemBarAttributes: displayId=0, focusedCanBeNavColorWin=false, win=Window{7855f65 u0 Splash Screen com.moneymind.app}, navColorWin=Window{7855f65 u0 Splash Screen com.moneymind.app}, caller=com.android.server.wm.DisplayPolicy.finishPostLayoutPolicyLw:17 com.android.server.wm.RootWindowContainer.applySurfaceChangesTransaction$1:194 com.android.server.wm.RootWindowContainer.performSurfacePlacementNoTrace:61 
12-27 17:23:28.131  1405  1514 D WindowManager: updateSystemBarAttributes, bhv=1, apr=0, statusBarAprRegions=[AppearanceRegion{ bounds=[0,0][1080,2400]}], requestedVisibilities=-9
12-27 17:23:28.131  2502  2502 D SysUiState: SysUiState changed: old=0x10000000 new=0x10020000
12-27 17:23:28.131  3037 26156 I HoneySpace.SystemUiRepository: systemUiFlags: allow_gesture|awake
12-27 17:23:28.131  3037  3122 I HoneySpace.TaskbarEventTracker: invokeEvent() called with: event = SystemUiStateChanged(stateFlags=268566528)
12-27 17:23:28.132  1065  3181 I SurfaceFlinger: id=82099 createSurf, flag=84000, a2abd7 ActivityRecordInputSink com.moneymind.app/crc64399a401da9d21b0a.MainActivity#82099
12-27 17:23:28.133  2502  2532 V WindowManagerShell: onTransitionReady(transaction=6034429639392)
12-27 17:23:28.133  2502  2556 V WindowManagerShell: onTransitionReady (#6441) android.os.BinderProxy@95f9c29: {id=6441 t=OPEN f=0x0 trk=0 r=[0@Point(0, 0)] c=[{WCT{android.window.IWindowContainerToken$Stub$Proxy@18aa83f} m=OPEN f=NONE leash=Surface(name=Task=5311)/@0xf4e0e3 sb=Rect(0, 0 - 1080, 2400) eb=Rect(0, 0 - 1080, 2400) d=0 taskParent=-1 inset=Rect(0, 77 - 0, 135) dim=true},{WCT{android.window.IWindowContainerToken$Stub$Proxy@707050c} m=TO_BACK f=SHOW_WALLPAPER|EDGE_EXTENSION_RESTRICTION leash=Surface(name=Task=1)/@0x75b1ae0 sb=Rect(0, 0 - 1080, 2400) eb=Rect(0, 0 - 1080, 2400) d=0 taskParent=-1 inset=Rect(0, 77 - 0, 135)},{null m=TO_BACK f=IS_WALLPAPER p=WCT{android.window.IWindowContainerToken$Stub$Proxy@4cefe55} leash=Surface(name=WallpaperWindowToken{5627964 token=android.os.Binder@30456f7})/@0xd3ae199 sb=Rect(0, 0 - 1080, 2400) eb=Rect(0, 0 - 1080, 2400) d=0 inset=Rect(0, 0 - 0, 0)}]}
12-27 17:23:28.133   673   673 D io_stats: !@   8,0 r 84859806 1798276304 w 24546893 335285412 d 6812896 357176616 f 0 0 iot 40953880 0 th 0 0 0 pt 0 inp 0 0 431024.673
12-27 17:23:28.133  2502  2556 I SurfaceControlRegistry: hide, t=FinishTransaction_SyncId<6441> sc=Task=1, caller=android.view.SurfaceControl$Transaction.hide:3258 com.android.wm.shell.transition.Transitions.dispatchReady:929 com.android.wm.shell.transition.Transitions.onTransitionReady:243 com.android.wm.shell.transition.Transitions$TransitionPlayerImpl$$ExternalSyntheticLambda0.run:13 android.os.Handler.handleCallback:959 android.os.Handler.dispatchMessage:100 
12-27 17:23:28.133  2502  2556 I SurfaceControlRegistry: show, t=StartTransaction_SyncId<6441> sc=Task=5311, caller=android.view.SurfaceControl$Transaction.show:3232 com.android.wm.shell.transition.Transitions.dispatchReady:934 com.android.wm.shell.transition.Transitions.onTransitionReady:243 com.android.wm.shell.transition.Transitions$TransitionPlayerImpl$$ExternalSyntheticLambda0.run:13 android.os.Handler.handleCallback:959 android.os.Handler.dispatchMessage:100 
12-27 17:23:28.133  2502  2556 I SurfaceControlRegistry: show, t=FinishTransaction_SyncId<6441> sc=Task=5311, caller=android.view.SurfaceControl$Transaction.show:3232 com.android.wm.shell.transition.Transitions.dispatchReady:988 com.android.wm.shell.transition.Transitions.onTransitionReady:243 com.android.wm.shell.transition.Transitions$TransitionPlayerImpl$$ExternalSyntheticLambda0.run:13 android.os.Handler.handleCallback:959 android.os.Handler.dispatchMessage:100 
12-27 17:23:28.133  2502  2556 V WindowManagerShell: Playing animation for (#6441) android.os.BinderProxy@95f9c29@0
12-27 17:23:28.133  2502  2556 I SurfaceControlRegistry: show, t=StartTransaction_SyncId<6441> sc=Transition Root: Task=5311, caller=android.view.SurfaceControl$Transaction.show:3232 com.android.wm.shell.transition.Transitions.playTransition:81 com.android.wm.shell.transition.Transitions.processReadyQueue:250 com.android.wm.shell.transition.Transitions.dispatchReady:1007 com.android.wm.shell.transition.Transitions.onTransitionReady:243 com.android.wm.shell.transition.Transitions$TransitionPlayerImpl$$ExternalSyntheticLambda0.run:13 
12-27 17:23:28.133  2502  2556 V WindowManagerShell:  try handler com.android.wm.shell.transition.DefaultMixedHandler@9b10131
12-27 17:23:28.134  2502  2556 V WindowManagerShell:  try handler com.android.wm.shell.keyguard.KeyguardTransitionHandler@ba0a016
12-27 17:23:28.134  2502  2556 V WindowManagerShell:  try handler com.android.wm.shell.pip.PipTransition@b2f0d97
12-27 17:23:28.134  2502  2556 V WindowManagerShell:  try handler com.android.wm.shell.activityembedding.ActivityEmbeddingController@2f6fb84
12-27 17:23:28.134  2502  2556 V WindowManagerShell:  try handler com.android.wm.shell.splitscreen.StageCoordinator@fe37f6d
12-27 17:23:28.134  2502  2556 V WindowManagerShell:  try handler com.android.wm.shell.recents.RecentsTransitionHandler@fccec33
12-27 17:23:28.134   673   673 D io_stats: !@ Read_top(KB): system_server(1405) 108
12-27 17:23:28.134  2502  2556 V ShellRecents: RecentsTransitionHandler.startAnimation: no controller found
12-27 17:23:28.134  2502  2556 V WindowManagerShell:  try handler com.android.wm.shell.transition.RemoteTransitionHandler@caa4bf0
12-27 17:23:28.134   673   673 D io_stats: !@ Write_top(KB): kworker/u16:15(14170) 56 ppmanager:pnsvc(26914) 8 martsuggestions(5365) 4
12-27 17:23:28.134  2502  2556 V WindowManagerShell: Transition doesn't have explicit remote, search filters for match for {id=6441 t=OPEN f=0x0 trk=0 r=[0@Point(0, 0)] c=[{WCT{android.window.IWindowContainerToken$Stub$Proxy@18aa83f} m=OPEN f=NONE leash=Surface(name=Task=5311)/@0xf4e0e3 sb=Rect(0, 0 - 1080, 2400) eb=Rect(0, 0 - 1080, 2400) d=0 taskParent=-1 inset=Rect(0, 77 - 0, 135) dim=true},{WCT{android.window.IWindowContainerToken$Stub$Proxy@707050c} m=TO_BACK f=SHOW_WALLPAPER|EDGE_EXTENSION_RESTRICTION leash=Surface(name=Task=1)/@0x75b1ae0 sb=Rect(0, 0 - 1080, 2400) eb=Rect(0, 0 - 1080, 2400) d=0 taskParent=-1 inset=Rect(0, 77 - 0, 135)},{null m=TO_BACK f=IS_WALLPAPER p=WCT{android.window.IWindowContainerToken$Stub$Proxy@4cefe55} leash=Surface(name=WallpaperWindowToken{5627964 token=android.os.Binder@30456f7})/@0xd3ae199 sb=Rect(0, 0 - 1080, 2400) eb=Rect(0, 0 - 1080, 2400) d=0 inset=Rect(0, 0 - 0, 0)}]}
12-27 17:23:28.134  2502  2556 V WindowManagerShell:  Checking filter Pair{{types=[] flags=0x0] notFlags=0x100 checks=[{atype=home independent=true modes=[OPEN,TO_FRONT] flags=NONE mustBeTask=false order=TOP topActivity=ComponentInfo{com.sec.android.app.launcher/com.sec.android.app.launcher.Launcher} launchCookie=null},{atype=recents independent=true modes=[CLOSE,TO_BACK] flags=NONE mustBeTask=false order=ANY topActivity=null launchCookie=null}]} RemoteTransition { remoteTransition = android.window.IRemoteTransition$Stub$Proxy@548048f, appThread = android.app.IApplicationThread$Stub$Proxy@6a7b31c, debugName = QuickstepLaunchHomeFromRecentsflags =NONE }}
12-27 17:23:28.134  2502  2556 V WindowManagerShell:  Checking filter Pair{{types=[] flags=0x0] notFlags=0x100 checks=[{atype=home independent=true modes=[OPEN,TO_FRONT] flags=NONE mustBeTask=false order=TOP topActivity=ComponentInfo{com.sec.android.app.launcher/com.sec.android.app.launcher.Launcher} launchCookie=null},{atype=standard independent=true modes=[CLOSE,TO_BACK] flags=NONE mustBeTask=false order=ANY topActivity=null launchCookie=null}]} RemoteTransition { remoteTransition = android.window.IRemoteTransition$Stub$Proxy@1a1fb25, appThread = android.app.IApplicationThread$Stub$Proxy@1b64fa, debugName = QuickstepLaunchHomeflags =NONE }}
12-27 17:23:28.134  2502  2556 V WindowManagerShell:  Delegate animation for (#6441) to null
12-27 17:23:28.134  2502  2556 V WindowManagerShell:  try handler com.android.wm.shell.transition.DefaultTransitionHandler@5439bee
12-27 17:23:28.134  2502  2556 V WindowManagerShell: start default transition animation, info = {id=6441 t=OPEN f=0x0 trk=0 r=[0@Point(0, 0)] c=[{WCT{android.window.IWindowContainerToken$Stub$Proxy@18aa83f} m=OPEN f=NONE leash=Surface(name=Task=5311)/@0xf4e0e3 sb=Rect(0, 0 - 1080, 2400) eb=Rect(0, 0 - 1080, 2400) d=0 taskParent=-1 inset=Rect(0, 77 - 0, 135) dim=true},{WCT{android.window.IWindowContainerToken$Stub$Proxy@707050c} m=TO_BACK f=SHOW_WALLPAPER|EDGE_EXTENSION_RESTRICTION leash=Surface(name=Task=1)/@0x75b1ae0 sb=Rect(0, 0 - 1080, 2400) eb=Rect(0, 0 - 1080, 2400) d=0 taskParent=-1 inset=Rect(0, 77 - 0, 135)},{null m=TO_BACK f=IS_WALLPAPER p=WCT{android.window.IWindowContainerToken$Stub$Proxy@4cefe55} leash=Surface(name=WallpaperWindowToken{5627964 token=android.os.Binder@30456f7})/@0xd3ae199 sb=Rect(0, 0 - 1080, 2400) eb=Rect(0, 0 - 1080, 2400) d=0 inset=Rect(0, 0 - 0, 0)}]}
12-27 17:23:28.134 30014 30020 I adbd    : USB event: FUNCTIONFS_SUSPEND
12-27 17:23:28.134  2502  2556 V WindowManagerShell: loadAnimation: anim=android.view.animation.AnimationSet@d8b895b animAttr=0x13 type=OPEN isEntrance=false
12-27 17:23:28.134  2502  2556 V WindowManagerShell:    wallpaperTransit=WALLPAPER_CLOSE translucent=false
12-27 17:23:28.134  2502  2556 V WindowManagerShell:    change={WCT{android.window.IWindowContainerToken$Stub$Proxy@707050c} m=TO_BACK f=SHOW_WALLPAPER|EDGE_EXTENSION_RESTRICTION leash=Surface(name=Task=1)/@0x75b1ae0 sb=Rect(0, 0 - 1080, 2400) eb=Rect(0, 0 - 1080, 2400) d=0 taskParent=-1 inset=Rect(0, 77 - 0, 135)}
12-27 17:23:28.135  2502  2556 V WindowManagerShell: loadAnimation: anim=android.view.animation.AnimationSet@7ef6037 animAttr=0x12 type=OPEN isEntrance=true
12-27 17:23:28.135  2502  2556 V WindowManagerShell:    wallpaperTransit=WALLPAPER_CLOSE translucent=false
12-27 17:23:28.135  2502  2556 V WindowManagerShell:    change={WCT{android.window.IWindowContainerToken$Stub$Proxy@18aa83f} m=OPEN f=NONE leash=Surface(name=Task=5311)/@0xf4e0e3 sb=Rect(0, 0 - 1080, 2400) eb=Rect(0, 0 - 1080, 2400) d=0 taskParent=-1 inset=Rect(0, 77 - 0, 135) dim=true}
12-27 17:23:28.135  2502  2584 I InsetsSourceConsumer: applyRequestedVisibilityToControl: visible=true, type=statusBars, host=Splash Screen com.moneymind.app
12-27 17:23:28.135  2502  2584 I InsetsSourceConsumer: applyRequestedVisibilityToControl: visible=true, type=navigationBars, host=Splash Screen com.moneymind.app
12-27 17:23:28.136  2502  2556 I SurfaceControlRegistry: apply, t=StartTransaction_SyncId<6441>, caller=android.view.SurfaceControl$Transaction.apply:3135 android.view.SurfaceControl$Transaction.apply:3122 android.view.SurfaceControl$Transaction.apply:3078 com.android.wm.shell.transition.DefaultTransitionHandler.startAnimation:2823 com.android.wm.shell.transition.Transitions.dispatchTransition:93 com.android.wm.shell.transition.Transitions.playTransition:700 
12-27 17:23:28.136  2502  2556 V WindowManagerShell:  animated by com.android.wm.shell.transition.DefaultTransitionHandler@5439bee
12-27 17:23:28.137  1065  1065 I SurfaceFlinger: Layer [Transition Root: Task=5311#82096] hidden!! flag(0)
12-27 17:23:28.138  1065  1065 I SurfaceFlinger: Layer [Splash Screen com.moneymind.app$_2502#82095] hidden!! flag(0)
12-27 17:23:28.138  1065  1065 I SurfaceFlinger: Layer [7855f65 Splash Screen com.moneymind.app#82094] hidden!! flag(0)
12-27 17:23:28.138  1065  1065 I SurfaceFlinger: Layer [ActivityRecord{e01e7ad u0 com.moneym[...]1da9d21b0a.MainActivity t5311}#82093] hidden!! flag(0)
12-27 17:23:28.138  1065  1065 I SurfaceFlinger: Layer [Task=5311#82092] hidden!! flag(0)
12-27 17:23:28.138  1065  1065 E SurfaceFlinger: alpha changed 1.000 -> 0.000 - Task=5311#82092
12-27 17:23:28.138  1065  1065 E SurfaceFlinger: alpha changed 0.000 -> 0.000 - Task=5311#82092
12-27 17:23:28.138  1065  1065 I SurfaceFlinger: [LayerHierarchy{RequestedLayerState{ImeContainer#16 parentId=131 relativeParentId=131 z=1} 1 children}] RelativeParent to null
12-27 17:23:28.138  1065  1065 I SurfaceFlinger: [LayerHierarchy{RequestedLayerState{Task=1#52 parentId=82096 z=3} 2 children}] reparent to LayerHierarchy{RequestedLayerState{Transition Root: Task=5311#82096 parentId=11 z=11} 1 children}
12-27 17:23:28.138  1065  1065 I SurfaceFlinger: [LayerHierarchy{RequestedLayerState{d81298c NavigationBar0#80 parentId=82098} 1 children}] reparent to LayerHierarchy{RequestedLayerState{Surface(name=d81298c NavigationBar0)/@0x8c1424c - animation-leash of insets_animation#82098 parentId=79} 1 children}
12-27 17:23:28.138  1065  1065 I SurfaceFlinger: [LayerHierarchy{RequestedLayerState{672ee06 StatusBar#85 parentId=82097} 1 children}] reparent to LayerHierarchy{RequestedLayerState{Surface(name=672ee06 StatusBar)/@0xaff1dbf - animation-leash of insets_animation#82097 parentId=84} 1 children}
12-27 17:23:28.138  1065  1065 I SurfaceFlinger: [LayerHierarchy{RequestedLayerState{WallpaperWindowToken{5627964 token=android.os.Binder@30456f7}#92 parentId=82096 z=1} 1 children}] reparent to LayerHierarchy{RequestedLayerState{Transition Root: Task=5311#82096 parentId=11 z=11} 2 children}
12-27 17:23:28.138  1065  1065 I SurfaceFlinger: [LayerHierarchy{RequestedLayerState{Surface(name=d81298c NavigationBar0)/@0x8c1424c - animation-leash of insets_animation#82085} no children}] reparent to OffscreenRoot
12-27 17:23:28.138  1065  1065 I SurfaceFlinger: [LayerHierarchy{RequestedLayerState{Surface(name=d81298c NavigationBar0)/@0x8c1424c - animation-leash of insets_animation#82085} no children}] RelativeParent to null
12-27 17:23:28.138  1065  1065 I SurfaceFlinger: [LayerHierarchy{RequestedLayerState{Surface(name=672ee06 StatusBar)/@0xaff1dbf - animation-leash of insets_animation#82084} no children}] reparent to OffscreenRoot
12-27 17:23:28.138  1065  1065 I SurfaceFlinger: [LayerHierarchy{RequestedLayerState{Surface(name=672ee06 StatusBar)/@0xaff1dbf - animation-leash of insets_animation#82084} no children}] RelativeParent to null
12-27 17:23:28.138  1065  1065 I SurfaceFlinger: [LayerHierarchy{RequestedLayerState{Task=5311#82092 parentId=82096 z=7} 1 children}] reparent to LayerHierarchy{RequestedLayerState{Transition Root: Task=5311#82096 parentId=11 z=11} 3 children}
12-27 17:23:28.138  1065  1065 I SurfaceFlinger: [Surface(name=672ee06 StatusBar)/@0xaff1dbf - animation-leash of insets_animation#82097] attach to parent LayerHierarchy{RequestedLayerState{WindowToken{ea510e1 type=2000 android.os.BinderProxy@3dbdceb}#84 parentId=19} 1 children}
12-27 17:23:28.138  1065  1065 I SurfaceFlinger: [Surface(name=d81298c NavigationBar0)/@0x8c1424c - animation-leash of insets_animation#82098] attach to parent LayerHierarchy{RequestedLayerState{WindowToken{2dd5f63 type=2019 android.os.BinderProxy@6a1e306}#79 parentId=31} 1 children}
12-27 17:23:28.138  1065  1065 I SurfaceFlinger: [a2abd7 ActivityRecordInputSink com.moneymind.app/crc64399a401da9d21b0a.MainActivity#82099] attach to parent LayerHierarchy{RequestedLayerState{ActivityRecord{e01e7ad u0 com.moneymind.app/crc64399a401da9d21b0a.MainActivity t5311}#82093 parentId=82092} 2 children}
12-27 17:23:28.138  1065  1065 I SurfaceFlinger: id=82085 Removed Surface(name=d81298c NavigationBar0)/@0x8c1424c - animation-leash of insets_animation#82085 (177)
12-27 17:23:28.138  1065  1065 I SurfaceFlinger: id=82084 Removed Surface(name=672ee06 StatusBar)/@0xaff1dbf - animation-leash of insets_animation#82084 (177)
12-27 17:23:28.140 30014 30020 I adbd    : USB event: FUNCTIONFS_SUSPEND
12-27 17:23:28.140 30014 30020 I adbd    : USB event: FUNCTIONFS_RESUME
12-27 17:23:28.141  1405  3238 D InputDispatcher: Focus left window (0): da1422e com.sec.android.app.launcher/com.sec.android.app.launcher.activities.LauncherActivity
12-27 17:23:28.141 30014 30020 I adbd    : USB event: FUNCTIONFS_SUSPEND
12-27 17:23:28.142  3037  3037 I ImeFocusController: onPreWindowFocus: skipped hasWindowFocus=false mHasImeFocus=true
12-27 17:23:28.142  3037  3037 I ImeFocusController: onPostWindowFocus: skipped hasWindowFocus=false mHasImeFocus=true
12-27 17:23:28.145  3433  3433 I m.moneymind.app: Using CollectorTypeCC GC.
12-27 17:23:28.148 30014 30019 I adbd    : jdwp connection from 3433
12-27 17:23:28.150 30014 30020 I adbd    : USB event: FUNCTIONFS_SUSPEND
12-27 17:23:28.151  3433  3433 D nativeloader: Load libframework-connectivity-tiramisu-jni.so using APEX ns com_android_tethering for caller /apex/com.android.tethering/javalib/framework-connectivity-t.jar: ok
12-27 17:23:28.154  3433  3433 D ActivityThread: setConscryptValidator
12-27 17:23:28.154  3433  3433 D ActivityThread: setConscryptValidator - put
12-27 17:23:28.155  1065  1065 I SurfaceFlinger: destroyed Surface(name=d81298c NavigationBar0)/@0x8c1424c - animation-leash of insets_animation#82085
12-27 17:23:28.155  1065  1065 I SurfaceFlinger: destroyed Surface(name=672ee06 StatusBar)/@0xaff1dbf - animation-leash of insets_animation#82084
12-27 17:23:28.156 30014 30020 I adbd    : USB event: FUNCTIONFS_SUSPEND
12-27 17:23:28.156  1065  1065 I Layer   : id=82085 Destroyed Surface(name=d81298c NavigationBar0)/@0x8c1424c - animation-leash of insets_animation#82085
12-27 17:23:28.156  1065  1065 I Layer   : id=82084 Destroyed Surface(name=672ee06 StatusBar)/@0xaff1dbf - animation-leash of insets_animation#82084
12-27 17:23:28.160  1405  3238 I ActivityManager: Changes in 10413 19 to 2, 0 to 127
12-27 17:23:28.161  1405  2287 V NetworkPolicy: getFirewallRuleMobileData UID:10413 policy:0
12-27 17:23:28.161  1405  1511 D PkgPredictorService-SecIpmManagerServiceImpl: onForegroundActivitiesChanged pid:3433 uid:10413
12-27 17:23:28.161 15941 12150 I SAMSUNGWALLET: [Hint_ProcessStatusChange] fg Change, pid : 3433 , isNotify : true , isForeground : true , fg list : [3433, 3037]
12-27 17:23:28.163 15941 12150 I SAMSUNGWALLET: [Hint_ProcessStatusChange] fg Change, pid : 3433 , isNotify : false , isForeground : true , fg list : [3433, 3037]
12-27 17:23:28.165  1405  3238 W UserManagerService: Requested status bar icon for non-badged user 0
12-27 17:23:28.166 15941 16801 I SAMSUNGWALLET: [Hint_SimpleHintProcessMonitor] isHomePackageRunning topPkgName = com.moneymind.app, topClsName = crc64399a401da9d21b0a.MainActivity, return false , se : false
12-27 17:23:28.166 15941 15941 I SAMSUNGWALLET: [Hint_PayHintService] Hint Status - HIDE : Home Package Not Running
12-27 17:23:28.166 15941 15941 I SAMSUNGWALLET: [Hint_PayHintService] getWindowLayoutParams
12-27 17:23:28.166 15941 15941 I SAMSUNGWALLET: [Hint_PayHintService] S fit
12-27 17:23:28.169 30014 30020 I adbd    : USB event: FUNCTIONFS_SUSPEND
12-27 17:23:28.171  1065  1065 E SurfaceFlinger: alpha changed 0.000 -> 0.170 - Task=5311#82092
12-27 17:23:28.172  1405  5122 V WindowManager: Relayout Window{da3a00b u0 com.samsung.android.spay.pay.HintService}: viewVisibility=8 req=522x67 ty=2024 d0
12-27 17:23:28.173  1405  5122 E WindowManager: win=Window{da3a00b u0 com.samsung.android.spay.pay.HintService} destroySurfaces: appStopped=true cleanupOnResume=false win.mWindowRemovalAllowed=false win.mRemoveOnExit=false win.mViewVisibility=8 caller=com.android.server.wm.WindowManagerService.tryStartExitingAnimation:147 com.android.server.wm.WindowManagerService.relayoutWindowInner:112 com.android.server.wm.WindowManagerService.relayoutWindow:6 com.android.server.wm.Session.relayout:27 android.view.IWindowSession$Stub.onTransact:861 com.android.server.wm.Session.onTransact:1 android.os.Binder.execTransactInternal:1541 
12-27 17:23:28.173  1405  5122 I WindowManager: Destroying surface Surface(name=com.samsung.android.spay.pay.HintService$_15941)/@0x528f5f9 called by com.android.server.wm.WindowStateAnimator.destroySurface:11 com.android.server.wm.WindowStateAnimator.destroySurfaceLocked:54 com.android.server.wm.WindowState.destroySurfaceUnchecked:5 com.android.server.wm.WindowState.destroySurface:126 com.android.server.wm.WindowManagerService.tryStartExitingAnimation:147 com.android.server.wm.WindowManagerService.relayoutWindowInner:112 com.android.server.wm.WindowManagerService.relayoutWindow:6 com.android.server.wm.Session.relayout:27 
12-27 17:23:28.173  3433  3433 D CompatChangeReporter: Compat change id reported: 242716250; UID 10413; state: ENABLED
12-27 17:23:28.174  1405  5122 V WindowManager: Relayout hash=da3a00b, pid=15941, syncId=-1: mAttrs={(0,0)(522x67) gr=BOTTOM CENTER sim={adjust=pan} layoutInDisplayCutoutMode=shortEdges ty=NAVIGATION_BAR_PANEL fmt=TRANSLUCENT
12-27 17:23:28.174  1405  5122 V WindowManager:   fl=1800308
12-27 17:23:28.174  1405  5122 V WindowManager:   pfl=10000040
12-27 17:23:28.174  1405  5122 V WindowManager:   bhv=1
12-27 17:23:28.174  1405  5122 V WindowManager:   fitTypes=2
12-27 17:23:28.174  1405  5122 V WindowManager:   fitSides=5
12-27 17:23:28.174  1405  5122 V WindowManager:   frameRateBoostOnTouch=true
12-27 17:23:28.174  1405  5122 V WindowManager:   dvrrWindowFrameRateHint=true naviIconColor=0}
12-27 17:23:28.174 15941 15941 I VRI[HintService]@c5ffca3: Relayout returned: old=(279,2333,801,2400) new=(279,2333,801,2400) relayoutAsync=false req=(522,67)8 dur=2 res=0x2 s={false 0x0} ch=true seqId=5
12-27 17:23:28.177  1065  1065 D SurfaceFlinger: Display 4633128672291735937 HWC layers:
12-27 17:23:28.177  1065  1065 D SurfaceFlinger:        DEVICE |   0xb400007850e7fe50 | 0000 | RGBA_8888    |    0.0    0.0 1080.0 2400.0 |    0    0 1080 2400 | Wallpaper BBQ wrapper 5_system#99 (5)
12-27 17:23:28.177  1065  1065 D SurfaceFlinger:        DEVICE |   0xb400007850f35910 | 0001 | RGBA_8888    |    0.0    0.0 1080.0 2400.0 |    0    0 1080 2400 | com.sec.android.app.launcher/com.sec[...]ivities.LauncherActivity$_3037#82051 (24)
12-27 17:23:28.177  1065  1065 D SurfaceFlinger:        CLIENT |   0xb400007850e832d0 | 0001 | RGBA_8888    |    0.0    0.0 1080.0 2400.0 |   75  167 1005 2233 | Splash Screen com.moneymind.app$_2502#82095 (1)
12-27 17:23:28.177  1065  1065 D SurfaceFlinger:        DEVICE |   0xb400007850ef1890 | 0001 | RGBA_8888    |    0.0    0.0 1080.0   77.0 |    0    0 1080   77 | StatusBar$_2502#93 (112193)
12-27 17:23:28.177  1065  1065 D SurfaceFlinger:        DEVICE |   0xb400007850f42090 | 0001 | RGBA_8888    |    0.0    0.0   67.0  342.0 | 1013  491 1080  833 | com.sec.android.app.launcher/com.sam[...]l.app.CocktailBarService$_3037#82049 (1)
12-27 17:23:28.177  1065  1065 D SurfaceFlinger:        DEVICE |   0xb400007850ef5790 | 0001 | RGBA_8888    |    0.0    0.0 1080.0  135.0 |    0 2265 1080 2400 | NavigationBar0$_2502#89 (1
12-27 17:23:28.177  1065  1065 D SurfaceFlinger: 02879)
12-27 17:23:28.177  1065  1065 D SurfaceFlinger:        DEVICE |   0xb400007850ebee50 | 0001 | RGBA_8888    |    0.0    0.0  522.0   67.0 |  279 2333  801 2400 | com.samsung.android.spay.pay.HintService$_15941#82089 (1)
12-27 17:23:28.177  1065  1065 D SurfaceFlinger: 
12-27 17:23:28.179  3433  3433 D ApplicationLoaders: Returning zygote-cached class loader: /system_ext/framework/androidx.window.extensions.jar
12-27 17:23:28.179  3433  3433 D ApplicationLoaders: Returning zygote-cached class loader: /system_ext/framework/androidx.window.sidecar.jar
12-27 17:23:28.179  3433  3433 W ziparchive: Unable to open '/data/app/~~PgnWfNegDChjA1xvdnajUg==/com.moneymind.app-Sl_Kx5vP6Lsxtt4-UYzgzg==/base.dm': No such file or directory
12-27 17:23:28.179  3433  3433 W ziparchive: Unable to open '/data/app/~~PgnWfNegDChjA1xvdnajUg==/com.moneymind.app-Sl_Kx5vP6Lsxtt4-UYzgzg==/base.dm': No such file or directory
12-27 17:23:28.188  1065  1065 I SurfaceFlinger: [LayerHierarchy{RequestedLayerState{com.samsung.android.spay.pay.HintService$_15941#82089} no children}] reparent to OffscreenRoot
12-27 17:23:28.188  1065  1065 I SurfaceFlinger: [LayerHierarchy{RequestedLayerState{com.samsung.android.spay.pay.HintService$_15941#82089} no children}] RelativeParent to null
12-27 17:23:28.189  1065  1065 I SurfaceFlinger: id=82089 Removed com.samsung.android.spay.pay.HintService$_15941#82089 (175)
12-27 17:23:28.193  1065  1065 D SurfaceFlinger: Display 4633128672291735937 HWC layers:
12-27 17:23:28.193  1065  1065 D SurfaceFlinger:        DEVICE |   0xb400007850e7fe50 | 0000 | RGBA_8888    |    0.0    0.0 1080.0 2400.0 |    0    0 1080 2400 | Wallpaper BBQ wrapper 5_system#99 (5)
12-27 17:23:28.193  1065  1065 D SurfaceFlinger:        DEVICE |   0xb400007850f35910 | 0001 | RGBA_8888    |    0.0    0.0 1080.0 2400.0 |    0    0 1080 2400 | com.sec.android.app.launcher/com.sec[...]ivities.LauncherActivity$_3037#82051 (24)
12-27 17:23:28.193  1065  1065 D SurfaceFlinger:        CLIENT |   0xb400007850e832d0 | 0001 | RGBA_8888    |    0.0    0.0 1080.0 2400.0 |   66  147 1014 2253 | Splash Screen com.moneymind.app$_2502#82095 (1)
12-27 17:23:28.193  1065  1065 D SurfaceFlinger:        DEVICE |   0xb400007850ef1890 | 0001 | RGBA_8888    |    0.0    0.0 1080.0   77.0 |    0    0 1080   77 | StatusBar$_2502#93 (112193)
12-27 17:23:28.193  1065  1065 D SurfaceFlinger:        DEVICE |   0xb400007850f42090 | 0001 | RGBA_8888    |    0.0    0.0   67.0  342.0 | 1013  491 1080  833 | com.sec.android.app.launcher/com.sam[...]l.app.CocktailBarService$_3037#82049 (1)
12-27 17:23:28.193  1065  1065 D SurfaceFlinger:        DEVICE |   0xb400007850ef5790 | 0001 | RGBA_8888    |    0.0    0.0 1080.0  135.0 |    0 2265 1080 2400 | NavigationBar0$_2502#89 (1
12-27 17:23:28.193  1065  1065 D SurfaceFlinger: 02879)
12-27 17:23:28.193  1065  1065 D SurfaceFlinger: 
12-27 17:23:28.196 30014 30020 I adbd    : USB event: FUNCTIONFS_SUSPEND
12-27 17:23:28.197 30014 30020 I adbd    : USB event: FUNCTIONFS_SUSPEND
12-27 17:23:28.204 17136 17136 I bpbk    : onPause
12-27 17:23:28.205  1065  1065 I SurfaceFlinger: destroyed com.samsung.android.spay.pay.HintService$_15941#82089
12-27 17:23:28.206  5490 19675 I SDHMS:l : onTaskStackChanged
12-27 17:23:28.206  5490  5834 I SDHMS:l : no app is Resumed!!! mResumedPackages.size = 0
12-27 17:23:28.206  1065  1065 I Layer   : id=82089 Destroyed com.samsung.android.spay.pay.HintService$_15941#82089
12-27 17:23:28.206  3037 19172 I HoneySpace.RecentTasks: onRecentTasksChanged
12-27 17:23:28.209  3037 19172 I HoneySpace.HistoryViewModel@17345573@OneUI: Illegal access. Unknown type. skip load history items
12-27 17:23:28.219  1405  1537 D BatteryExternalStatsWorker: update stats : battery-level (127)
12-27 17:23:28.219  1405  1537 D BatteryExternalStatsWorker: Fetch WiFi data
12-27 17:23:28.219  1405  1537 D BatteryExternalStatsWorker: Update Rail Energy data
12-27 17:23:28.219  1405  1537 D BatteryExternalStatsWorker: Fetch Bluetooth data
12-27 17:23:28.219  1405  1537 D BatteryExternalStatsWorker: Fetch modem data
12-27 17:23:28.224  1405  3238 D TelephonyManager: requestModemActivityInfo: Sending result to app: ModemActivityInfo{ mTimestamp=1214006496 mSleepTimeMs=737498076 mIdleTimeMs=38469275 mActivityStatsTechSpecificInfo=[{mRat=UNKNOWN,mFrequencyRange=UNKNOWN,mTxTimeMs[]=[13721618, 2619763, 6639110, 6828619, 22720925],mRxTimeMs=556593919}]}
12-27 17:23:28.224  2739  2891 D Am      : Broadcasting: Intent { act=com.samsung.intent.action.BIG_DATA_INFO (has extras) }
12-27 17:23:28.228  1405  2315 I NSLocationMonitor: Broadcast receiver, action=com.samsung.intent.action.BIG_DATA_INFO
12-27 17:23:28.231  2739  2739 D SemBigDataInfoController: Intent: com.samsung.intent.action.BIG_DATA_INFO
12-27 17:23:28.232  2739  2739 D SemBigDataInfoController: BIG_DATA insertLog slot: 0, feature: CMAI
12-27 17:23:28.232  1405  1537 E BatteryExternalStatsWorker: Error updating external stats: 
12-27 17:23:28.232  1405  1537 E BatteryExternalStatsWorker: java.lang.NullPointerException: Attempt to get length of null array
12-27 17:23:28.232  1405  1537 E BatteryExternalStatsWorker: 	at com.android.internal.os.KernelCpuUidBpfMapReader$BpfMapIterator.getNextUid(KernelCpuUidBpfMapReader.java:175)
12-27 17:23:28.232  1405  1537 E BatteryExternalStatsWorker: 	at com.android.internal.os.KernelCpuUidTimeReader$KernelCpuUidFreqTimeReader.readDeltaImpl(KernelCpuUidTimeReader.java:474)
12-27 17:23:28.232  1405  1537 E BatteryExternalStatsWorker: 	at com.android.internal.os.KernelCpuUidTimeReader.readDelta(KernelCpuUidTimeReader.java:115)
12-27 17:23:28.232  1405  1537 E BatteryExternalStatsWorker: 	at com.android.server.power.stats.BatteryStatsImpl.updateCpuTimeLocked(qb/103146911 21eddaf85935620ecaf53d96140752ba06569dc741d29363b74c0faec0769d18:69)
12-27 17:23:28.232  1405  1537 E BatteryExternalStatsWorker: 	at com.android.server.power.stats.BatteryExternalStatsWorker.-$$Nest$mupdateExternalStatsLocked(qb/103146911 21eddaf85935620ecaf53d96140752ba06569dc741d29363b74c0faec0769d18:441)
12-27 17:23:28.232  1405  1537 E BatteryExternalStatsWorker: 	at com.android.server.power.stats.BatteryExternalStatsWorker$1.run$com$android$server$power$stats$BatteryExternalStatsWorker$1(qb/103146911 21eddaf85935620ecaf53d96140752ba06569dc741d29363b74c0faec0769d18:90)
12-27 17:23:28.232  1405  1537 E BatteryExternalStatsWorker: 	at com.android.server.power.stats.BatteryExternalStatsWorker$1.run(qb/103146911 21eddaf85935620ecaf53d96140752ba06569dc741d29363b74c0faec0769d18:23)
12-27 17:23:28.232  1405  1537 E BatteryExternalStatsWorker: 	at java.util.concurrent.Executors$RunnableAdapter.call(Executors.java:487)
12-27 17:23:28.232  1405  1537 E BatteryExternalStatsWorker: 	at java.util.concurrent.FutureTask.run(FutureTask.java:264)
12-27 17:23:28.232  1405  1537 E BatteryExternalStatsWorker: 	at java.util.concurrent.ScheduledThreadPoolExecutor$ScheduledFutureTask.run(ScheduledThreadPoolExecutor.java:307)
12-27 17:23:28.232  1405  1537 E BatteryExternalStatsWorker: 	at java.util.concurrent.ThreadPoolExecutor.runWorker(ThreadPoolExecutor.java:1145)
12-27 17:23:28.232  1405  1537 E BatteryExternalStatsWorker: 	at java.util.concurrent.ThreadPoolExecutor$Worker.run(ThreadPoolExecutor.java:644)
12-27 17:23:28.232  1405  1537 E BatteryExternalStatsWorker: 	at com.android.server.power.stats.BatteryExternalStatsWorker$$ExternalSyntheticLambda1.run(qb/103146911 21eddaf85935620ecaf53d96140752ba06569dc741d29363b74c0faec0769d18:17)
12-27 17:23:28.232  1405  1537 E BatteryExternalStatsWorker: 	at java.lang.Thread.run(Thread.java:1012)
12-27 17:23:28.232  1405  1536 D BatteryStatsImpl: SemModemActivityInfo{ SleepTimeMs=0 IdleTimeMs=0 mNr=MobileActivity{ txTimeMs[]=[0, 0, 136, 423, 1402] rxTimeMs=13300 txBytes=314387 rxBytes=80543 } mLc=MobileActivity{ txTimeMs[]=[1285, 7, 500, 117, 0] rxTimeMs=11220 txBytes=0 rxBytes=0 } }
12-27 17:23:28.232  2739  2739 D SemBigDataInfoController: Intent: com.samsung.intent.action.BIG_DATA_INFO
12-27 17:23:28.233  2739  3792 D Am      : Broadcast completed: result=0
12-27 17:23:28.248 30014 30020 I adbd    : USB event: FUNCTIONFS_RESUME
12-27 17:23:28.248 30014 30020 I adbd    : USB event: FUNCTIONFS_SUSPEND
12-27 17:23:28.254  3433  3433 D nativeloader: Configuring clns-7 for other apk /data/app/~~PgnWfNegDChjA1xvdnajUg==/com.moneymind.app-Sl_Kx5vP6Lsxtt4-UYzgzg==/base.apk. target_sdk_version=34, uses_libraries=, library_path=/data/app/~~PgnWfNegDChjA1xvdnajUg==/com.moneymind.app-Sl_Kx5vP6Lsxtt4-UYzgzg==/lib/arm64:/data/app/~~PgnWfNegDChjA1xvdnajUg==/com.moneymind.app-Sl_Kx5vP6Lsxtt4-UYzgzg==/base.apk!/lib/arm64-v8a, permitted_path=/data:/mnt/expand:/data/user/0/com.moneymind.app
12-27 17:23:28.261  3433  3433 V GraphicsEnvironment: Currently set values for:
12-27 17:23:28.261  3433  3433 V GraphicsEnvironment:   angle_gl_driver_selection_pkgs=[]
12-27 17:23:28.262  3433  3433 V GraphicsEnvironment:   angle_gl_driver_selection_values=[]
12-27 17:23:28.262  3433  3433 V GraphicsEnvironment: Global.Settings values are invalid: number of packages: 0, number of values: 0
12-27 17:23:28.262  3433  3433 V GraphicsEnvironment: App is not on the allowlist for updatable production driver.
12-27 17:23:28.291  1405  2316 D MdnieScenarioControlService:  packageName : com.moneymind.app    className : crc64399a401da9d21b0a.MainActivity
12-27 17:23:28.291  1405  2316 V MdnieScenarioControlService: setUIMode from UI function(3)
12-27 17:23:28.302  3433  3433 D nativeloader: Load /data/app/~~PgnWfNegDChjA1xvdnajUg==/com.moneymind.app-Sl_Kx5vP6Lsxtt4-UYzgzg==/lib/arm64/libmonosgen-2.0.so using ns clns-7 from class loader (caller=/data/app/~~PgnWfNegDChjA1xvdnajUg==/com.moneymind.app-Sl_Kx5vP6Lsxtt4-UYzgzg==/base.apk!classes2.dex): ok
12-27 17:23:28.303  3433  3433 D nativeloader: Load /data/app/~~PgnWfNegDChjA1xvdnajUg==/com.moneymind.app-Sl_Kx5vP6Lsxtt4-UYzgzg==/lib/arm64/libxamarin-app.so using ns clns-7 from class loader (caller=/data/app/~~PgnWfNegDChjA1xvdnajUg==/com.moneymind.app-Sl_Kx5vP6Lsxtt4-UYzgzg==/base.apk!classes2.dex): ok
12-27 17:23:28.303  3433  3433 D nativeloader: Load /data/app/~~PgnWfNegDChjA1xvdnajUg==/com.moneymind.app-Sl_Kx5vP6Lsxtt4-UYzgzg==/lib/arm64/libSystem.Security.Cryptography.Native.Android.so using ns clns-7 from class loader (caller=/data/app/~~PgnWfNegDChjA1xvdnajUg==/com.moneymind.app-Sl_Kx5vP6Lsxtt4-UYzgzg==/base.apk!classes2.dex): ok
12-27 17:23:28.303  3433  3433 I DOTNET  : JNI_OnLoad: JNI_OnLoad in pal_jni.c
12-27 17:23:28.303  3433  3433 D DOTNET  : GetOptionalClassGRef: optional class com/android/org/conscrypt/OpenSSLEngineImpl was not found
12-27 17:23:28.305  3433  3433 D nativeloader: Load /data/app/~~PgnWfNegDChjA1xvdnajUg==/com.moneymind.app-Sl_Kx5vP6Lsxtt4-UYzgzg==/lib/arm64/libmonodroid.so using ns clns-7 from class loader (caller=/data/app/~~PgnWfNegDChjA1xvdnajUg==/com.moneymind.app-Sl_Kx5vP6Lsxtt4-UYzgzg==/base.apk!classes2.dex): ok
12-27 17:23:28.305  3433  3433 W monodroid: Creating public update directory: `/data/user/0/com.moneymind.app/files/.__override__`
12-27 17:23:28.305  3433  3433 W m.moneymind.app: Attempt to remove non-JNI local reference
12-27 17:23:28.305  3433  3433 W monodroid: runtime args empty
12-27 17:23:28.331  3433  3433 W monodroid-gc: GREF GC Threshold: 46080
12-27 17:23:28.356  3433  3433 W m.moneymind.app: Attempt to remove non-JNI local reference
12-27 17:23:28.392  1405  2316 V MdnieScenarioControlService: mAclOffEnabled : false
12-27 17:23:28.488  2502  2556 V WindowManagerShell: Transition animation finished (aborted=false), notifying core (#6441) android.os.BinderProxy@95f9c29@0
12-27 17:23:28.489  2502  2556 I SurfaceControlRegistry: apply, t=FinishTransaction_SyncId<6441>, caller=android.view.SurfaceControl$Transaction.apply:3135 android.view.SurfaceControl$Transaction.apply:3122 android.view.SurfaceControl$Transaction.apply:3078 com.android.wm.shell.transition.Transitions.onFinish:308 com.android.wm.shell.transition.Transitions$$ExternalSyntheticLambda8.onTransitionFinished:10 com.android.wm.shell.transition.DefaultTransitionHandler$$ExternalSyntheticLambda6.run:36 
12-27 17:23:28.489  1405  3238 V WindowManager: Finish Transition: TransitionRecord{4e8dcc4 id=6441 type=OPEN flags=0x0}, caller=com.android.server.wm.WindowOrganizerController.finishTransitionInner:26 com.android.server.wm.WindowOrganizerController.finishAllTransitions:59 android.window.IWindowOrganizerController$Stub.onTransact:311 
12-27 17:23:28.490  1405  1510 V WindowManager: Finish Transition (#6441): created at 12-27 17:23:28.091 collect-started=0.801ms request-sent=8.162ms started=11.389ms ready=28.631ms sent=32.575ms finished=398.194ms
12-27 17:23:28.490  1405  3238 V WindowManager: Setting visibility of Window{da1422e u0 com.sec.android.app.launcher/com.sec.android.app.launcher.activities.LauncherActivity}: false, caller=com.android.server.wm.WindowContainer.sendAppVisibilityToClients:19 com.android.server.wm.WindowToken.setClientVisible:49 com.android.server.wm.ActivityRecord.setClientVisible:8 com.android.server.wm.ActivityRecord.commitVisibility:273 com.android.server.wm.TransitionController.finishTransition:766 
12-27 17:23:28.490  1405  3238 V WindowManager: Setting visibility of Window{96f49e7 u0 com.android.systemui.wallpapers.ImageWallpaper}: false, caller=com.android.server.wm.WindowContainer.sendAppVisibilityToClients:19 com.android.server.wm.WindowToken.setClientVisible:49 com.android.server.wm.WallpaperWindowToken.setVisible$1:3 com.android.server.wm.WallpaperWindowToken.commitVisibility:49 com.android.server.wm.TransitionController.finishTransition:1209 
12-27 17:23:28.490  1405  3238 D PersonaActivityHelper: token.toString()  Token{1b7a5f8 ActivityRecord{403e55 u0 com.sec.android.app.launcher/.activities.LauncherActivity t4814}}
12-27 17:23:28.490  3037  3037 I VRI[LauncherActivity]@49b34de: handleAppVisibility mAppVisible = true visible = false
12-27 17:23:28.490  1405  3238 D PersonaActivityHelper: mLastResumedSFActivity getPackageName  com.android.settings
12-27 17:23:28.490  1405  3238 D PersonaActivityHelper: mLastResumedSFActivity getShortClassName  .Settings$UsbDetailsActivity
12-27 17:23:28.490  1405  3238 D PersonaActivityHelper: token.toString()  Token{3f90130 ActivityRecord{e01e7ad u0 com.moneymind.app/crc64399a401da9d21b0a.MainActivity t5311}}
12-27 17:23:28.490  1405  3238 D PersonaActivityHelper: mLastResumedSFActivity getPackageName  com.android.settings
12-27 17:23:28.490  1405  3238 D PersonaActivityHelper: mLastResumedSFActivity getShortClassName  .Settings$UsbDetailsActivity
12-27 17:23:28.490  1405  3238 D ChangeTransitionController: onTransitionFinished: TransitionRecord{4e8dcc4 id=6441 type=OPEN flags=0x0}
12-27 17:23:28.490  2502  2547 I WallpaperService: dispatchAppVisibility: system, visible=false , mLidState = -1
12-27 17:23:28.490  2502  2556 V WindowManagerShell: Track 0 became idle
12-27 17:23:28.490  2502  2556 V WindowManagerShell: All active transition animations finished
12-27 17:23:28.491  2502  2694 I WallpaperService: reportVisibility: visibility changed. visible=false
12-27 17:23:28.491  2502  2694 I ImageWallpaper_5[Image]:  onVisibilityChanged: visible=false , displayId=0
12-27 17:23:28.491  1405  3238 D DARUtil : Device owner status not updated yet...
12-27 17:23:28.491  1405  3238 D DARUtil : Not an enterprise user : 0
12-27 17:23:28.491  1405  3238 D DARUtil : Device owner status not updated yet...
12-27 17:23:28.491  1405  3238 D DARUtil : Not an enterprise user : 0
12-27 17:23:28.491  1405  3238 D SyntheticPasswordManager.SDP: Inside fromBytes() - result.pinLength : -1
12-27 17:23:28.491  1405  3238 D SyntheticPasswordManager.SDP: 1. result.secureMode : 0
12-27 17:23:28.493  3037 19172 I HoneySpace.RecentTasks: onRecentTasksChanged
12-27 17:23:28.493  1405  3238 W UserManagerService: Requested status bar icon for non-badged user 0
12-27 17:23:28.493  1405  3238 W UserManagerService: Requested status bar icon for non-badged user 0
12-27 17:23:28.496  3037 19172 I HoneySpace.HistoryViewModel@17345573@OneUI: Illegal access. Unknown type. skip load history items
12-27 17:23:28.504  1065  1065 I SurfaceFlinger: Layer [Task=1#52] hidden!! flag(1)
12-27 17:23:28.505  1065  1065 I SurfaceFlinger: [LayerHierarchy{RequestedLayerState{Task=1#52 parentId=11} 2 children}] reparent to LayerHierarchy{RequestedLayerState{DefaultTaskDisplayArea_d0#11 parentId=10} 14 children}
12-27 17:23:28.505  1065  1065 I SurfaceFlinger: [LayerHierarchy{RequestedLayerState{WallpaperWindowToken{5627964 token=android.os.Binder@30456f7}#92 parentId=9 z=1} 1 children}] reparent to LayerHierarchy{RequestedLayerState{Leaf:1:1#9 parentId=8} 2 children}
12-27 17:23:28.505  1065  1065 I SurfaceFlinger: [LayerHierarchy{RequestedLayerState{Task=5311#82092 parentId=11 z=11} 1 children}] reparent to LayerHierarchy{RequestedLayerState{DefaultTaskDisplayArea_d0#11 parentId=10} 15 children}
