12-27 17:26:01.302  1065  1065 I SurfaceFlinger: [LayerHierarchy{RequestedLayerState{Surface(name=672ee06 StatusBar)/@0xaff1dbf - animation-leash of insets_animation#82117} no children}] RelativeParent to null
12-27 17:26:01.302  1065  1065 I SurfaceFlinger: [1ffd8ef ActivityRecordInputSink com.moneymind.app/crc64399a401da9d21b0a.MainActivity#82136] attach to parent LayerHierarchy{RequestedLayerState{ActivityRecord{389d685 u0 com.moneymind.app/crc64399a401da9d21b0a.MainActivity t5313}#82130 parentId=82129} 2 children}
12-27 17:26:01.303  1065  1065 I SurfaceFlinger: id=82118 Removed Surface(name=d81298c NavigationBar0)/@0x8c1424c - animation-leash of insets_animation#82118 (175)
12-27 17:26:01.303  1065  1065 I SurfaceFlinger: id=82117 Removed Surface(name=672ee06 StatusBar)/@0xaff1dbf - animation-leash of insets_animation#82117 (175)
12-27 17:26:01.305  4988  4988 D ActivityThread: setConscryptValidator
12-27 17:26:01.305  4988  4988 D ActivityThread: setConscryptValidator - put
12-27 17:26:01.311  1405  3234 I ActivityManager: Changes in 10413 19 to 2, 0 to 127
12-27 17:26:01.312  1405  2287 V NetworkPolicy: getFirewallRuleMobileData UID:10413 policy:0
12-27 17:26:01.313 15941  1908 I SAMSUNGWALLET: [Hint_ProcessStatusChange] fg Change, pid : 4988 , isNotify : true , isForeground : true , fg list : [4988, 3037]
12-27 17:26:01.314  1405  1511 D PkgPredictorService-SecIpmManagerServiceImpl: onForegroundActivitiesChanged pid:4988 uid:10413
12-27 17:26:01.314 15941  1908 I SAMSUNGWALLET: [Hint_ProcessStatusChange] fg Change, pid : 4988 , isNotify : false , isForeground : true , fg list : [4988, 3037]
12-27 17:26:01.314  1405  3234 W UserManagerService: Requested status bar icon for non-badged user 0
12-27 17:26:01.319  1065  1065 E SurfaceFlinger: alpha changed 0.000 -> 0.170 - Task=5313#82129
12-27 17:26:01.319  1065  1065 I SurfaceFlinger: destroyed Surface(name=d81298c NavigationBar0)/@0x8c1424c - animation-leash of insets_animation#82118
12-27 17:26:01.319  1065  1065 I SurfaceFlinger: destroyed Surface(name=672ee06 StatusBar)/@0xaff1dbf - animation-leash of insets_animation#82117
12-27 17:26:01.319  1065  1065 I Layer   : id=82118 Destroyed Surface(name=d81298c NavigationBar0)/@0x8c1424c - animation-leash of insets_animation#82118
12-27 17:26:01.319  1065  1065 I Layer   : id=82117 Destroyed Surface(name=672ee06 StatusBar)/@0xaff1dbf - animation-leash of insets_animation#82117
12-27 17:26:01.320 15941 16801 I SAMSUNGWALLET: [Hint_SimpleHintProcessMonitor] isHomePackageRunning topPkgName = com.moneymind.app, topClsName = crc64399a401da9d21b0a.MainActivity, return false , se : false
12-27 17:26:01.320 15941 15941 I SAMSUNGWALLET: [Hint_PayHintService] Hint Status - HIDE : Home Package Not Running
12-27 17:26:01.320 15941 15941 I SAMSUNGWALLET: [Hint_PayHintService] getWindowLayoutParams
12-27 17:26:01.320 15941 15941 I SAMSUNGWALLET: [Hint_PayHintService] S fit
12-27 17:26:01.322  1065  1065 D SurfaceFlinger: Display 4633128672291735937 HWC layers:
12-27 17:26:01.322  1065  1065 D SurfaceFlinger:        DEVICE |   0xb400007850e7fe50 | 0000 | RGBA_8888    |    0.0    0.0 1080.0 2400.0 |    0    0 1080 2400 | Wallpaper BBQ wrapper 5_system#99 (5)
12-27 17:26:01.322  1065  1065 D SurfaceFlinger:        DEVICE |   0xb400007850ea07d0 | 0001 | RGBA_8888    |    0.0    0.0 1080.0 2400.0 |    0    0 1080 2400 | com.sec.android.app.launcher/com.sec[...]ivities.LauncherActivity$_3037#82051 (27)
12-27 17:26:01.322  1065  1065 D SurfaceFlinger:        CLIENT |   0xb400007850e8b610 | 0001 | RGBA_8888    |    0.0    0.0 1080.0 2400.0 |   75  167 1005 2233 | Splash Screen com.moneymind.app$_2502#82132 (1)
12-27 17:26:01.322  1065  1065 D SurfaceFlinger:        DEVICE |   0xb400007850ef1890 | 0001 | RGBA_8888    |    0.0    0.0 1080.0   77.0 |    0    0 1080   77 | StatusBar$_2502#93 (112283)
12-27 17:26:01.322  1065  1065 D SurfaceFlinger:        DEVICE |   0xb400007850f42090 | 0001 | RGBA_8888    |    0.0    0.0   67.0  342.0 | 1013  491 1080  833 | com.sec.android.app.launcher/com.sam[...]l.app.CocktailBarService$_3037#82049 (1)
12-27 17:26:01.322  1065  1065 D SurfaceFlinger:        DEVICE |   0xb400007850ecd710 | 0001 | RGBA_8888    |    0.0    0.0 1080.0  135.0 |    0 2265 1080 2400 | NavigationBar0$_2502#89 (1
12-27 17:26:01.322  1065  1065 D SurfaceFlinger: 02890)
12-27 17:26:01.322  1065  1065 D SurfaceFlinger:        DEVICE |   0xb400007850e808d0 | 0001 | RGBA_8888    |    0.0    0.0  522.0   67.0 |  279 2333  801 2400 | com.samsung.android.spay.pay.HintService$_15941#82116 (1)
12-27 17:26:01.322  1065  1065 D SurfaceFlinger: 
12-27 17:26:01.325  4988  4988 D CompatChangeReporter: Compat change id reported: 242716250; UID 10413; state: ENABLED
12-27 17:26:01.332  4988  4988 D ApplicationLoaders: Returning zygote-cached class loader: /system_ext/framework/androidx.window.extensions.jar
12-27 17:26:01.332  4988  4988 D ApplicationLoaders: Returning zygote-cached class loader: /system_ext/framework/androidx.window.sidecar.jar
12-27 17:26:01.332  4988  4988 W ziparchive: Unable to open '/data/app/~~PgnWfNegDChjA1xvdnajUg==/com.moneymind.app-Sl_Kx5vP6Lsxtt4-UYzgzg==/base.dm': No such file or directory
12-27 17:26:01.332  4988  4988 W ziparchive: Unable to open '/data/app/~~PgnWfNegDChjA1xvdnajUg==/com.moneymind.app-Sl_Kx5vP6Lsxtt4-UYzgzg==/base.dm': No such file or directory
12-27 17:26:01.337  1405  1750 V WindowManager: Relayout Window{da3a00b u0 com.samsung.android.spay.pay.HintService}: viewVisibility=8 req=522x67 ty=2024 d0
12-27 17:26:01.337  1405  1750 E WindowManager: win=Window{da3a00b u0 com.samsung.android.spay.pay.HintService} destroySurfaces: appStopped=true cleanupOnResume=false win.mWindowRemovalAllowed=false win.mRemoveOnExit=false win.mViewVisibility=8 caller=com.android.server.wm.WindowManagerService.tryStartExitingAnimation:147 com.android.server.wm.WindowManagerService.relayoutWindowInner:112 com.android.server.wm.WindowManagerService.relayoutWindow:6 com.android.server.wm.Session.relayout:27 android.view.IWindowSession$Stub.onTransact:861 com.android.server.wm.Session.onTransact:1 android.os.Binder.execTransactInternal:1541 
12-27 17:26:01.337  1405  1750 I WindowManager: Destroying surface Surface(name=com.samsung.android.spay.pay.HintService$_15941)/@0x9dbdcb6 called by com.android.server.wm.WindowStateAnimator.destroySurface:11 com.android.server.wm.WindowStateAnimator.destroySurfaceLocked:54 com.android.server.wm.WindowState.destroySurfaceUnchecked:5 com.android.server.wm.WindowState.destroySurface:126 com.android.server.wm.WindowManagerService.tryStartExitingAnimation:147 com.android.server.wm.WindowManagerService.relayoutWindowInner:112 com.android.server.wm.WindowManagerService.relayoutWindow:6 com.android.server.wm.Session.relayout:27 
12-27 17:26:01.339  1405  1750 V WindowManager: Relayout hash=da3a00b, pid=15941, syncId=-1: mAttrs={(0,0)(522x67) gr=BOTTOM CENTER sim={adjust=pan} layoutInDisplayCutoutMode=shortEdges ty=NAVIGATION_BAR_PANEL fmt=TRANSLUCENT
12-27 17:26:01.339  1405  1750 V WindowManager:   fl=1800308
12-27 17:26:01.339  1405  1750 V WindowManager:   pfl=10000040
12-27 17:26:01.339  1405  1750 V WindowManager:   bhv=1
12-27 17:26:01.339  1405  1750 V WindowManager:   fitTypes=2
12-27 17:26:01.339  1405  1750 V WindowManager:   fitSides=5
12-27 17:26:01.339  1405  1750 V WindowManager:   frameRateBoostOnTouch=true
12-27 17:26:01.339  1405  1750 V WindowManager:   dvrrWindowFrameRateHint=true naviIconColor=0}
12-27 17:26:01.340 15941 15941 I VRI[HintService]@c5ffca3: Relayout returned: old=(279,2333,801,2400) new=(279,2333,801,2400) relayoutAsync=false req=(522,67)8 dur=2 res=0x2 s={false 0x0} ch=true seqId=5
12-27 17:26:01.351 17136 17136 I bpbk    : onPause
12-27 17:26:01.352  5490 21132 I SDHMS:l : onTaskStackChanged
12-27 17:26:01.352  1065  1065 I SurfaceFlinger: [LayerHierarchy{RequestedLayerState{com.samsung.android.spay.pay.HintService$_15941#82116} no children}] reparent to OffscreenRoot
12-27 17:26:01.352  1065  1065 I SurfaceFlinger: [LayerHierarchy{RequestedLayerState{com.samsung.android.spay.pay.HintService$_15941#82116} no children}] RelativeParent to null
12-27 17:26:01.353  1065  1065 I SurfaceFlinger: id=82116 Removed com.samsung.android.spay.pay.HintService$_15941#82116 (173)
12-27 17:26:01.353  5490  5834 I SDHMS:l : no app is Resumed!!! mResumedPackages.size = 0
12-27 17:26:01.354  3037 26126 I HoneySpace.RecentTasks: onRecentTasksChanged
12-27 17:26:01.357  1065  1065 D SurfaceFlinger: Display 4633128672291735937 HWC layers:
12-27 17:26:01.357  1065  1065 D SurfaceFlinger:        DEVICE |   0xb400007850e7fe50 | 0000 | RGBA_8888    |    0.0    0.0 1080.0 2400.0 |    0    0 1080 2400 | Wallpaper BBQ wrapper 5_system#99 (5)
12-27 17:26:01.357  1065  1065 D SurfaceFlinger:        DEVICE |   0xb400007850ea07d0 | 0001 | RGBA_8888    |    0.0    0.0 1080.0 2400.0 |    0    0 1080 2400 | com.sec.android.app.launcher/com.sec[...]ivities.LauncherActivity$_3037#82051 (27)
12-27 17:26:01.357  1065  1065 D SurfaceFlinger:        CLIENT |   0xb400007850e8b610 | 0001 | RGBA_8888    |    0.0    0.0 1080.0 2400.0 |   57  126 1023 2274 | Splash Screen com.moneymind.app$_2502#82132 (1)
12-27 17:26:01.357  1065  1065 D SurfaceFlinger:        DEVICE |   0xb400007850ef1890 | 0001 | RGBA_8888    |    0.0    0.0 1080.0   77.0 |    0    0 1080   77 | StatusBar$_2502#93 (112283)
12-27 17:26:01.357  1065  1065 D SurfaceFlinger:        DEVICE |   0xb400007850f42090 | 0001 | RGBA_8888    |    0.0    0.0   67.0  342.0 | 1013  491 1080  833 | com.sec.android.app.launcher/com.sam[...]l.app.CocktailBarService$_3037#82049 (1)
12-27 17:26:01.357  1065  1065 D SurfaceFlinger:        DEVICE |   0xb400007850ecd710 | 0001 | RGBA_8888    |    0.0    0.0 1080.0  135.0 |    0 2265 1080 2400 | NavigationBar0$_2502#89 (1
12-27 17:26:01.357  1065  1065 D SurfaceFlinger: 02890)
12-27 17:26:01.357  1065  1065 D SurfaceFlinger: 
12-27 17:26:01.358  3037 26126 I HoneySpace.HistoryViewModel@17345573@OneUI: Illegal access. Unknown type. skip load history items
12-27 17:26:01.369  1065  1065 I SurfaceFlinger: destroyed com.samsung.android.spay.pay.HintService$_15941#82116
12-27 17:26:01.371  1065  1065 I Layer   : id=82116 Destroyed com.samsung.android.spay.pay.HintService$_15941#82116
12-27 17:26:01.398  1039  1195 I EDEN    : [Exynos][EDEN][v1.6.23][SERVICE] processAliveMointorMain:253: Try to check pid=(980)...
12-27 17:26:01.410  4988  4988 D nativeloader: Configuring clns-7 for other apk /data/app/~~PgnWfNegDChjA1xvdnajUg==/com.moneymind.app-Sl_Kx5vP6Lsxtt4-UYzgzg==/base.apk. target_sdk_version=34, uses_libraries=, library_path=/data/app/~~PgnWfNegDChjA1xvdnajUg==/com.moneymind.app-Sl_Kx5vP6Lsxtt4-UYzgzg==/lib/arm64:/data/app/~~PgnWfNegDChjA1xvdnajUg==/com.moneymind.app-Sl_Kx5vP6Lsxtt4-UYzgzg==/base.apk!/lib/arm64-v8a, permitted_path=/data:/mnt/expand:/data/user/0/com.moneymind.app
12-27 17:26:01.417  4988  4988 V GraphicsEnvironment: Currently set values for:
12-27 17:26:01.418  4988  4988 V GraphicsEnvironment:   angle_gl_driver_selection_pkgs=[]
12-27 17:26:01.418  4988  4988 V GraphicsEnvironment:   angle_gl_driver_selection_values=[]
12-27 17:26:01.418  4988  4988 V GraphicsEnvironment: Global.Settings values are invalid: number of packages: 0, number of values: 0
12-27 17:26:01.418  4988  4988 V GraphicsEnvironment: App is not on the allowlist for updatable production driver.
12-27 17:26:01.443  1405  2316 D MdnieScenarioControlService:  packageName : com.moneymind.app    className : crc64399a401da9d21b0a.MainActivity
12-27 17:26:01.443  1405  2316 V MdnieScenarioControlService: setUIMode from UI function(3)
12-27 17:26:01.453  1405  1750 D CompatChangeReporter: Compat change id reported: 161145287; UID 10413; state: ENABLED
12-27 17:26:01.461  4988  4988 D nativeloader: Load /data/app/~~PgnWfNegDChjA1xvdnajUg==/com.moneymind.app-Sl_Kx5vP6Lsxtt4-UYzgzg==/lib/arm64/libmonosgen-2.0.so using ns clns-7 from class loader (caller=/data/app/~~PgnWfNegDChjA1xvdnajUg==/com.moneymind.app-Sl_Kx5vP6Lsxtt4-UYzgzg==/base.apk!classes2.dex): ok
12-27 17:26:01.462  4988  4988 D nativeloader: Load /data/app/~~PgnWfNegDChjA1xvdnajUg==/com.moneymind.app-Sl_Kx5vP6Lsxtt4-UYzgzg==/lib/arm64/libxamarin-app.so using ns clns-7 from class loader (caller=/data/app/~~PgnWfNegDChjA1xvdnajUg==/com.moneymind.app-Sl_Kx5vP6Lsxtt4-UYzgzg==/base.apk!classes2.dex): ok
12-27 17:26:01.463  4988  4988 D nativeloader: Load /data/app/~~PgnWfNegDChjA1xvdnajUg==/com.moneymind.app-Sl_Kx5vP6Lsxtt4-UYzgzg==/lib/arm64/libSystem.Security.Cryptography.Native.Android.so using ns clns-7 from class loader (caller=/data/app/~~PgnWfNegDChjA1xvdnajUg==/com.moneymind.app-Sl_Kx5vP6Lsxtt4-UYzgzg==/base.apk!classes2.dex): ok
12-27 17:26:01.463  4988  4988 I DOTNET  : JNI_OnLoad: JNI_OnLoad in pal_jni.c
12-27 17:26:01.463  4988  4988 D DOTNET  : GetOptionalClassGRef: optional class com/android/org/conscrypt/OpenSSLEngineImpl was not found
12-27 17:26:01.465  4988  4988 D nativeloader: Load /data/app/~~PgnWfNegDChjA1xvdnajUg==/com.moneymind.app-Sl_Kx5vP6Lsxtt4-UYzgzg==/lib/arm64/libmonodroid.so using ns clns-7 from class loader (caller=/data/app/~~PgnWfNegDChjA1xvdnajUg==/com.moneymind.app-Sl_Kx5vP6Lsxtt4-UYzgzg==/base.apk!classes2.dex): ok
12-27 17:26:01.466  4988  4988 W monodroid: Creating public update directory: `/data/user/0/com.moneymind.app/files/.__override__`
12-27 17:26:01.466  4988  4988 W m.moneymind.app: Attempt to remove non-JNI local reference
12-27 17:26:01.466  4988  4988 W monodroid: runtime args empty
12-27 17:26:01.498  4988  4988 W monodroid-gc: GREF GC Threshold: 46080
12-27 17:26:01.509 30014 30020 I adbd    : USB event: FUNCTIONFS_RESUME
12-27 17:26:01.510 30014 30020 I adbd    : USB event: FUNCTIONFS_SUSPEND
12-27 17:26:01.523  4988  4988 W m.moneymind.app: Attempt to remove non-JNI local reference
12-27 17:26:01.544  1405  2316 V MdnieScenarioControlService: mAclOffEnabled : false
12-27 17:26:01.652  2502  2556 V WindowManagerShell: Transition animation finished (aborted=false), notifying core (#6445) android.os.BinderProxy@95685ce@0
12-27 17:26:01.653  2502  2556 I SurfaceControlRegistry: apply, t=FinishTransaction_SyncId<6445>, caller=android.view.SurfaceControl$Transaction.apply:3135 android.view.SurfaceControl$Transaction.apply:3122 android.view.SurfaceControl$Transaction.apply:3078 com.android.wm.shell.transition.Transitions.onFinish:308 com.android.wm.shell.transition.Transitions$$ExternalSyntheticLambda8.onTransitionFinished:10 com.android.wm.shell.transition.DefaultTransitionHandler$$ExternalSyntheticLambda6.run:36 
12-27 17:26:01.653  1405  3234 V WindowManager: Finish Transition: TransitionRecord{5e25ffc id=6445 type=OPEN flags=0x0}, caller=com.android.server.wm.WindowOrganizerController.finishTransitionInner:26 com.android.server.wm.WindowOrganizerController.finishAllTransitions:59 android.window.IWindowOrganizerController$Stub.onTransact:311 
12-27 17:26:01.653  1405  1510 V WindowManager: Finish Transition (#6445): created at 12-27 17:26:01.239 collect-started=0.753ms request-sent=9.687ms started=10.944ms ready=34.169ms sent=37.255ms finished=414.339ms
12-27 17:26:01.654  1405  3234 V WindowManager: Setting visibility of Window{da1422e u0 com.sec.android.app.launcher/com.sec.android.app.launcher.activities.LauncherActivity}: false, caller=com.android.server.wm.WindowContainer.sendAppVisibilityToClients:19 com.android.server.wm.WindowToken.setClientVisible:49 com.android.server.wm.ActivityRecord.setClientVisible:8 com.android.server.wm.ActivityRecord.commitVisibility:273 com.android.server.wm.TransitionController.finishTransition:766 
12-27 17:26:01.654  1405  3234 V WindowManager: Setting visibility of Window{96f49e7 u0 com.android.systemui.wallpapers.ImageWallpaper}: false, caller=com.android.server.wm.WindowContainer.sendAppVisibilityToClients:19 com.android.server.wm.WindowToken.setClientVisible:49 com.android.server.wm.WallpaperWindowToken.setVisible$1:3 com.android.server.wm.WallpaperWindowToken.commitVisibility:49 com.android.server.wm.TransitionController.finishTransition:1209 
12-27 17:26:01.654  3037  3037 I VRI[LauncherActivity]@49b34de: handleAppVisibility mAppVisible = true visible = false
12-27 17:26:01.654  1405  3234 D PersonaActivityHelper: token.toString()  Token{1b7a5f8 ActivityRecord{403e55 u0 com.sec.android.app.launcher/.activities.LauncherActivity t4814}}
12-27 17:26:01.654  1405  3234 D PersonaActivityHelper: mLastResumedSFActivity getPackageName  com.android.settings
12-27 17:26:01.654  1405  3234 D PersonaActivityHelper: mLastResumedSFActivity getShortClassName  .Settings$UsbDetailsActivity
12-27 17:26:01.654  1405  3234 D PersonaActivityHelper: token.toString()  Token{ff37fe8 ActivityRecord{389d685 u0 com.moneymind.app/crc64399a401da9d21b0a.MainActivity t5313}}
12-27 17:26:01.654  1405  3234 D PersonaActivityHelper: mLastResumedSFActivity getPackageName  com.android.settings
12-27 17:26:01.654  1405  3234 D PersonaActivityHelper: mLastResumedSFActivity getShortClassName  .Settings$UsbDetailsActivity
12-27 17:26:01.654  1405  3234 D ChangeTransitionController: onTransitionFinished: TransitionRecord{5e25ffc id=6445 type=OPEN flags=0x0}
12-27 17:26:01.654  2502  2556 V WindowManagerShell: Track 0 became idle
12-27 17:26:01.654  2502  2556 V WindowManagerShell: All active transition animations finished
12-27 17:26:01.654  2502  3946 I WallpaperService: dispatchAppVisibility: system, visible=false , mLidState = -1
12-27 17:26:01.654  2502  2694 I WallpaperService: reportVisibility: visibility changed. visible=false
12-27 17:26:01.654  2502  2694 I ImageWallpaper_5[Image]:  onVisibilityChanged: visible=false , displayId=0
12-27 17:26:01.655  1405  1750 D DARUtil : Device owner status not updated yet...
12-27 17:26:01.655  1405  1750 D DARUtil : Not an enterprise user : 0
12-27 17:26:01.655  1405  1750 D DARUtil : Device owner status not updated yet...
12-27 17:26:01.655  1405  1750 D DARUtil : Not an enterprise user : 0
12-27 17:26:01.655  1405  1750 D SyntheticPasswordManager.SDP: Inside fromBytes() - result.pinLength : -1
12-27 17:26:01.655  1405  1750 D SyntheticPasswordManager.SDP: 1. result.secureMode : 0
12-27 17:26:01.656  3037 26159 I HoneySpace.RecentTasks: onRecentTasksChanged
12-27 17:26:01.657  1405  3234 W UserManagerService: Requested status bar icon for non-badged user 0
12-27 17:26:01.657  1405  2586 W UserManagerService: Requested status bar icon for non-badged user 0
12-27 17:26:01.660  3037 26159 I HoneySpace.HistoryViewModel@17345573@OneUI: Illegal access. Unknown type. skip load history items
12-27 17:26:01.665 30014 30020 I adbd    : USB event: FUNCTIONFS_SUSPEND
12-27 17:26:01.668  1065  1065 I SurfaceFlinger: Layer [Task=1#52] hidden!! flag(1)
12-27 17:26:01.668  1065  1065 I SurfaceFlinger: [LayerHierarchy{RequestedLayerState{Task=1#52 parentId=11} 2 children}] reparent to LayerHierarchy{RequestedLayerState{DefaultTaskDisplayArea_d0#11 parentId=10} 14 children}
12-27 17:26:01.668  1065  1065 I SurfaceFlinger: [LayerHierarchy{RequestedLayerState{WallpaperWindowToken{5627964 token=android.os.Binder@30456f7}#92 parentId=9 z=1} 1 children}] reparent to LayerHierarchy{RequestedLayerState{Leaf:1:1#9 parentId=8} 2 children}
12-27 17:26:01.668  1065  1065 I SurfaceFlinger: [LayerHierarchy{RequestedLayerState{Task=5313#82129 parentId=11 z=11} 1 children}] reparent to LayerHierarchy{RequestedLayerState{DefaultTaskDisplayArea_d0#11 parentId=10} 15 children}
12-27 17:26:01.668  1065  1065 I SurfaceFlinger: [LayerHierarchy{RequestedLayerState{Transition Root: Task=5313#82133 z=11} no children}] reparent to OffscreenRoot
12-27 17:26:01.669  1065  1065 I SurfaceFlinger: [LayerHierarchy{RequestedLayerState{Transition Root: Task=5313#82133 z=11} no children}] RelativeParent to null
12-27 17:26:01.669  1065  1065 I SurfaceFlinger: id=82133 Removed Transition Root: Task=5313#82133 (172)
12-27 17:26:01.670  1405  3234 V WindowManager: Relayout Window{da1422e u0 com.sec.android.app.launcher/com.sec.android.app.launcher.activities.LauncherActivity}: viewVisibility=8 req=1080x2400 ty=1 d0
12-27 17:26:01.671  1065  1065 D SurfaceFlinger: Display 4633128672291735937 HWC layers:
12-27 17:26:01.671  1065  1065 D SurfaceFlinger:        DEVICE |   0xb400007850e7fe50 | 0000 | RGBA_8888    |    0.0    0.0 1080.0 2400.0 |    0    0 1080 2400 | Wallpaper BBQ wrapper 5_system#99 (5)
12-27 17:26:01.671  1065  1065 D SurfaceFlinger:        DEVICE |   0xb400007850e8b610 | 0001 | RGBA_8888    |    0.0    0.0 1080.0 2400.0 |    0    0 1080 2400 | Splash Screen com.moneymind.app$_2502#82132 (1)
12-27 17:26:01.671  1065  1065 D SurfaceFlinger:        DEVICE |   0xb400007850ef1890 | 0001 | RGBA_8888    |    0.0    0.0 1080.0   77.0 |    0    0 1080   77 | StatusBar$_2502#93 (112283)
12-27 17:26:01.671  1065  1065 D SurfaceFlinger:        DEVICE |   0xb400007850f42090 | 0001 | RGBA_8888    |    0.0    0.0   67.0  342.0 | 1013  491 1080  833 | com.sec.android.app.launcher/com.sam[...]l.app.CocktailBarService$_3037#82049 (1)
12-27 17:26:01.671  1065  1065 D SurfaceFlinger:        DEVICE |   0xb400007850ecd710 | 0001 | RGBA_8888    |    0.0    0.0 1080.0  135.0 |    0 2265 1080 2400 | NavigationBar0$_2502#89 (102890)
12-27 17:26:01.671  1065  1065 D SurfaceFlinger: 
12-27 17:26:01.673  1405  3234 V WindowManager: Relayout hash=da1422e, pid=3037, syncId=-1: mAttrs={(0,0)(fillxfill) sim={adjust=nothing forwardNavigation} layoutInDisplayCutoutMode=always ty=BASE_APPLICATION fmt=TRANSPARENT wanim=0x1030301
12-27 17:26:01.673  1405  3234 V WindowManager:   fl=81910100
12-27 17:26:01.673  1405  3234 V WindowManager:   pfl=10008840
12-27 17:26:01.673  1405  3234 V WindowManager:   bhv=2
12-27 17:26:01.673  1405  3234 V WindowManager:   fitSides=0
12-27 17:26:01.673  1405  3234 V WindowManager:   frameRateBoostOnTouch=true
12-27 17:26:01.673  1405  3234 V WindowManager:   dvrrWindowFrameRateHint=true naviIconColor=0}
12-27 17:26:01.674  3037  3037 I VRI[LauncherActivity]@49b34de: Relayout returned: old=(0,0,1080,2400) new=(0,0,1080,2400) relayoutAsync=false req=(1080,2400)8 dur=3 res=0x2 s={false 0x0} ch=true seqId=0
12-27 17:26:01.681 30014 30020 I adbd    : USB event: FUNCTIONFS_SUSPEND
12-27 17:26:01.685  1065  1065 I SurfaceFlinger: Layer [com.android.systemui.wallpapers.ImageWallpaper$_2502#98] hidden!! flag(1)
12-27 17:26:01.685  1065  1065 I SurfaceFlinger: Layer [com.sec.android.app.launcher/com.sec[...]ivities.LauncherActivity$_3037#82051] hidden!! flag(1)
12-27 17:26:01.685  1065  1065 I SurfaceFlinger: Layer [WallpaperWindowToken{5627964 token=android.os.Binder@30456f7}#92] hidden!! flag(1)
12-27 17:26:01.685  1065  1065 I SurfaceFlinger: Layer [ActivityRecord{403e55 u0 com.sec.and[...]tivities.LauncherActivity t4814}#131] hidden!! flag(1)
12-27 17:26:01.685  1065  1065 I SurfaceFlinger: Layer [Task=4814#130] hidden!! flag(1)
12-27 17:26:01.685  1065  1065 I SurfaceFlinger: destroyed Transition Root: Task=5313#82133
12-27 17:26:01.687  1065  1065 I Layer   : id=82133 Destroyed Transition Root: Task=5313#82133
12-27 17:26:01.689  1065  1065 D SurfaceFlinger: Display 4633128672291735937 HWC layers:
12-27 17:26:01.689  1065  1065 D SurfaceFlinger:        DEVICE |   0xb400007850e8b610 | 0001 | RGBA_8888    |    0.0    0.0 1080.0 2400.0 |    0    0 1080 2400 | Splash Screen com.moneymind.app$_2502#82132 (1)
12-27 17:26:01.689  1065  1065 D SurfaceFlinger:        DEVICE |   0xb400007850ef1890 | 0001 | RGBA_8888    |    0.0    0.0 1080.0   77.0 |    0    0 1080   77 | StatusBar$_2502#93 (112283)
12-27 17:26:01.689  1065  1065 D SurfaceFlinger:        DEVICE |   0xb400007850f42090 | 0001 | RGBA_8888    |    0.0    0.0   67.0  342.0 | 1013  491 1080  833 | com.sec.android.app.launcher/com.sam[...]l.app.CocktailBarService$_3037#82049 (1)
12-27 17:26:01.689  1065  1065 D SurfaceFlinger:        DEVICE |   0xb400007850ef5790 | 0001 | RGBA_8888    |    0.0    0.0 1080.0  135.0 |    0 2265 1080 2400 | NavigationBar0$_2502#89 (102891)
12-27 17:26:01.689  1065  1065 D SurfaceFlinger: 
12-27 17:26:01.723 30014 30020 I adbd    : USB event: FUNCTIONFS_RESUME
12-27 17:26:01.724 30014 30020 I adbd    : USB event: FUNCTIONFS_SUSPEND
12-27 17:26:01.724 30014 30020 I adbd    : USB event: FUNCTIONFS_RESUME
12-27 17:26:01.725 30014 30020 I adbd    : USB event: FUNCTIONFS_SUSPEND
12-27 17:26:01.728 30014 30020 I adbd    : USB event: FUNCTIONFS_RESUME
12-27 17:26:01.729 30014 30020 I adbd    : USB event: FUNCTIONFS_SUSPEND
12-27 17:26:01.741 30014 30020 I adbd    : USB event: FUNCTIONFS_RESUME
12-27 17:26:01.742 30014 30020 I adbd    : USB event: FUNCTIONFS_SUSPEND
12-27 17:26:01.744  4988  4988 W monodroid-assembly: open_from_bundles: failed to load assembly it-IT/System.Private.CoreLib.resources.dll
12-27 17:26:01.744  4988  4988 W monodroid-assembly: open_from_bundles: failed to load assembly it-IT/System.Private.CoreLib.resources.dll
12-27 17:26:01.749  4988  4988 W monodroid-assembly: open_from_bundles: failed to load assembly it/System.Private.CoreLib.resources.dll
12-27 17:26:01.749  4988  4988 W monodroid-assembly: open_from_bundles: failed to load assembly it/System.Private.CoreLib.resources.dll
12-27 17:26:01.756 30014 30020 I adbd    : USB event: FUNCTIONFS_SUSPEND
12-27 17:26:01.767  1405  1405 W AccessibilityManagerService:  wait for adding window timeout: 9283
12-27 17:26:01.775 30014 30020 I adbd    : USB event: FUNCTIONFS_SUSPEND
12-27 17:26:01.776 30014 30020 I adbd    : USB event: FUNCTIONFS_SUSPEND
12-27 17:26:01.789 30014 30020 I adbd    : USB event: FUNCTIONFS_SUSPEND
12-27 17:26:01.817 30014 30020 I adbd    : USB event: FUNCTIONFS_SUSPEND
12-27 17:26:01.823 30014 30020 I adbd    : USB event: FUNCTIONFS_SUSPEND
12-27 17:26:01.824 30014 30020 I adbd    : USB event: FUNCTIONFS_RESUME
12-27 17:26:01.824 30014 30020 I adbd    : USB event: FUNCTIONFS_SUSPEND
12-27 17:26:01.824 30014 30020 I adbd    : USB event: FUNCTIONFS_RESUME
12-27 17:26:01.826 30014 30020 I adbd    : USB event: FUNCTIONFS_SUSPEND
12-27 17:26:01.828 30014 30020 I adbd    : USB event: FUNCTIONFS_RESUME
12-27 17:26:01.829 30014 30020 I adbd    : USB event: FUNCTIONFS_SUSPEND
12-27 17:26:01.832 30014 30020 I adbd    : USB event: FUNCTIONFS_RESUME
12-27 17:26:01.835 30014 30020 I adbd    : USB event: FUNCTIONFS_SUSPEND
12-27 17:26:01.835 30014 30020 I adbd    : USB event: FUNCTIONFS_RESUME
12-27 17:26:01.836 30014 30020 I adbd    : USB event: FUNCTIONFS_SUSPEND
12-27 17:26:01.837 30014 30020 I adbd    : USB event: FUNCTIONFS_RESUME
12-27 17:26:01.839 30014 30020 I adbd    : USB event: FUNCTIONFS_SUSPEND
12-27 17:26:01.858 30014 30020 I adbd    : USB event: FUNCTIONFS_RESUME
12-27 17:26:01.859 30014 30020 I adbd    : USB event: FUNCTIONFS_SUSPEND
12-27 17:26:01.861 30014 30020 I adbd    : USB event: FUNCTIONFS_SUSPEND
12-27 17:26:01.868  1405  3194 D ActivityManager: unpendingScheduleServiceRestart: u=10020, drop=false
12-27 17:26:01.871 30014 30020 I adbd    : USB event: FUNCTIONFS_RESUME
12-27 17:26:01.871 30014 30020 I adbd    : USB event: FUNCTIONFS_SUSPEND
12-27 17:26:01.873 30014 30020 I adbd    : USB event: FUNCTIONFS_SUSPEND
12-27 17:26:01.876 30014 30020 I adbd    : USB event: FUNCTIONFS_SUSPEND
12-27 17:26:01.883 30014 30020 I adbd    : USB event: FUNCTIONFS_SUSPEND
12-27 17:26:01.884 30014 30020 I adbd    : USB event: FUNCTIONFS_SUSPEND
12-27 17:26:01.885 30014 30020 I adbd    : USB event: FUNCTIONFS_SUSPEND
12-27 17:26:01.900 30014 30020 I adbd    : USB event: FUNCTIONFS_SUSPEND
12-27 17:26:01.902 30014 30020 I adbd    : USB event: FUNCTIONFS_RESUME
12-27 17:26:01.903 30014 30020 I adbd    : USB event: FUNCTIONFS_SUSPEND
12-27 17:26:01.918 30014 30020 I adbd    : USB event: FUNCTIONFS_RESUME
12-27 17:26:01.920 30014 30020 I adbd    : USB event: FUNCTIONFS_SUSPEND
12-27 17:26:01.924 30014 30020 I adbd    : USB event: FUNCTIONFS_RESUME
12-27 17:26:01.924 30014 30020 I adbd    : USB event: FUNCTIONFS_SUSPEND
12-27 17:26:01.934 30014 30020 I adbd    : USB event: FUNCTIONFS_RESUME
12-27 17:26:01.935 30014 30020 I adbd    : USB event: FUNCTIONFS_SUSPEND
12-27 17:26:01.936   970  4979 I HYPER-HAL: [ResourceManager.cpp]removeResource(): [CPUMinFreq] RemoveResource Request ID : 2640145
12-27 17:26:01.936   970  4979 I HYPER-HAL: [RequestManager.cpp]releaseLocked(): Released ID : 2640145
12-27 17:26:01.955 30014 30020 I adbd    : USB event: FUNCTIONFS_RESUME
12-27 17:26:01.957  4988  4988 I m.moneymind.app: Explicit concurrent copying GC freed 12MB AllocSpace bytes, 0(0B) LOS objects, 92% free, 2136KB/26MB, paused 36us,5us total 9.305ms
12-27 17:26:01.957 30014 30020 I adbd    : USB event: FUNCTIONFS_SUSPEND
12-27 17:26:01.957 30014 30020 I adbd    : USB event: FUNCTIONFS_RESUME
12-27 17:26:01.960 30014 30020 I adbd    : USB event: FUNCTIONFS_SUSPEND
12-27 17:26:01.960 30014 30020 I adbd    : USB event: FUNCTIONFS_RESUME
12-27 17:26:01.961 30014 30020 I adbd    : USB event: FUNCTIONFS_SUSPEND
12-27 17:26:01.993 30014 30020 I adbd    : USB event: FUNCTIONFS_SUSPEND
12-27 17:26:02.008 30014 30020 I adbd    : USB event: FUNCTIONFS_SUSPEND
12-27 17:26:02.010 30014 30020 I adbd    : USB event: FUNCTIONFS_SUSPEND
12-27 17:26:02.016 30014 30020 I adbd    : USB event: FUNCTIONFS_SUSPEND
12-27 17:26:02.025 30014 30020 I adbd    : USB event: FUNCTIONFS_SUSPEND
12-27 17:26:02.028 30014 30020 I adbd    : USB event: FUNCTIONFS_SUSPEND
12-27 17:26:02.028 30014 30020 I adbd    : USB event: FUNCTIONFS_SUSPEND
12-27 17:26:02.030 30014 30020 I adbd    : USB event: FUNCTIONFS_RESUME
12-27 17:26:02.030 30014 30020 I adbd    : USB event: FUNCTIONFS_SUSPEND
12-27 17:26:02.031 30014 30020 I adbd    : USB event: FUNCTIONFS_RESUME
12-27 17:26:02.033 30014 30020 I adbd    : USB event: FUNCTIONFS_SUSPEND
12-27 17:26:02.036 30014 30020 I adbd    : USB event: FUNCTIONFS_SUSPEND
12-27 17:26:02.052  1405  2370 D SemWifiTrafficPoller: getSoftApTotalTrafficInBytes:10117762
12-27 17:26:02.056 30014 30020 I adbd    : USB event: FUNCTIONFS_SUSPEND
12-27 17:26:02.061 30014 30020 I adbd    : USB event: FUNCTIONFS_RESUME
12-27 17:26:02.062 30014 30020 I adbd    : USB event: FUNCTIONFS_SUSPEND
12-27 17:26:02.066 30014 30020 I adbd    : USB event: FUNCTIONFS_SUSPEND
12-27 17:26:02.076 30014 30020 I adbd    : USB event: FUNCTIONFS_SUSPEND
12-27 17:26:02.076 30014 30020 I adbd    : USB event: FUNCTIONFS_RESUME
12-27 17:26:02.077 30014 30020 I adbd    : USB event: FUNCTIONFS_SUSPEND
12-27 17:26:02.077 30014 30020 I adbd    : USB event: FUNCTIONFS_RESUME
12-27 17:26:02.078 30014 30020 I adbd    : USB event: FUNCTIONFS_SUSPEND
12-27 17:26:02.078 30014 30020 I adbd    : USB event: FUNCTIONFS_RESUME
12-27 17:26:02.080 30014 30020 I adbd    : USB event: FUNCTIONFS_SUSPEND
12-27 17:26:02.091 30014 30020 I adbd    : USB event: FUNCTIONFS_SUSPEND
12-27 17:26:02.109 30014 30020 I adbd    : USB event: FUNCTIONFS_RESUME
12-27 17:26:02.110 30014 30020 I adbd    : USB event: FUNCTIONFS_SUSPEND
12-27 17:26:02.114 30014 30020 I adbd    : USB event: FUNCTIONFS_SUSPEND
12-27 17:26:02.114 30014 30020 I adbd    : USB event: FUNCTIONFS_RESUME
12-27 17:26:02.114 30014 30020 I adbd    : USB event: FUNCTIONFS_SUSPEND
12-27 17:26:02.124 30014 30020 I adbd    : USB event: FUNCTIONFS_SUSPEND
12-27 17:26:02.124 30014 30020 I adbd    : USB event: FUNCTIONFS_RESUME
12-27 17:26:02.126 30014 30020 I adbd    : USB event: FUNCTIONFS_SUSPEND
12-27 17:26:02.157 30014 30020 I adbd    : USB event: FUNCTIONFS_RESUME
12-27 17:26:02.158 30014 30020 I adbd    : USB event: FUNCTIONFS_SUSPEND
12-27 17:26:02.161 30014 30020 I adbd    : USB event: FUNCTIONFS_SUSPEND
12-27 17:26:02.172 30014 30020 I adbd    : USB event: FUNCTIONFS_SUSPEND
12-27 17:26:02.172 30014 30020 I adbd    : USB event: FUNCTIONFS_RESUME
12-27 17:26:02.173 30014 30020 I adbd    : USB event: FUNCTIONFS_SUSPEND
12-27 17:26:02.182 30014 30020 I adbd    : USB event: FUNCTIONFS_SUSPEND
12-27 17:26:02.182 30014 30020 I adbd    : USB event: FUNCTIONFS_RESUME
12-27 17:26:02.183 30014 30020 I adbd    : USB event: FUNCTIONFS_SUSPEND
12-27 17:26:02.205 30014 30020 I adbd    : USB event: FUNCTIONFS_RESUME
12-27 17:26:02.205 30014 30020 I adbd    : USB event: FUNCTIONFS_SUSPEND
12-27 17:26:02.218 30014 30020 I adbd    : USB event: FUNCTIONFS_SUSPEND
12-27 17:26:02.227   673   673 D io_stats: !@   8,0 r 84890869 1798887248 w 24549997 335331700 d 6813691 357203788 f 0 0 iot 40961536 0 th 0 0 0 pt 0 inp 0 0 431178.767
12-27 17:26:02.233 30014 30020 I adbd    : USB event: FUNCTIONFS_SUSPEND
12-27 17:26:02.233 30014 30020 I adbd    : USB event: FUNCTIONFS_RESUME
12-27 17:26:02.235 30014 30020 I adbd    : USB event: FUNCTIONFS_SUSPEND
12-27 17:26:02.251   970  4985 I HYPER-HAL: [ResourceManager.cpp]removeResource(): [CPUMinFreq] RemoveResource Request ID : 1018900
12-27 17:26:02.251   970  4985 I HYPER-HAL: [RequestManager.cpp]releaseLocked(): Released ID : 1018900
12-27 17:26:02.257 30014 30020 I adbd    : USB event: FUNCTIONFS_SUSPEND
12-27 17:26:02.265 30014 30020 I adbd    : USB event: FUNCTIONFS_SUSPEND
12-27 17:26:02.266 30014 30020 I adbd    : USB event: FUNCTIONFS_RESUME
12-27 17:26:02.267 30014 30020 I adbd    : USB event: FUNCTIONFS_SUSPEND
12-27 17:26:02.274 30014 30020 I adbd    : USB event: FUNCTIONFS_SUSPEND
12-27 17:26:02.276 30014 30020 I adbd    : USB event: FUNCTIONFS_SUSPEND
12-27 17:26:02.276 30014 30020 I adbd    : USB event: FUNCTIONFS_RESUME
12-27 17:26:02.277 30014 30020 I adbd    : USB event: FUNCTIONFS_SUSPEND
12-27 17:26:02.298 30014 30020 I adbd    : USB event: FUNCTIONFS_SUSPEND
12-27 17:26:02.298 30014 30020 I adbd    : USB event: FUNCTIONFS_RESUME
12-27 17:26:02.299 30014 30020 I adbd    : USB event: FUNCTIONFS_SUSPEND
12-27 17:26:02.301 30014 30020 I adbd    : USB event: FUNCTIONFS_SUSPEND
12-27 17:26:02.307 30014 30020 I adbd    : USB event: FUNCTIONFS_SUSPEND
12-27 17:26:02.308 30014 30020 I adbd    : USB event: FUNCTIONFS_SUSPEND
12-27 17:26:02.315 30014 30020 I adbd    : USB event: FUNCTIONFS_SUSPEND
12-27 17:26:02.315 30014 30020 I adbd    : USB event: FUNCTIONFS_RESUME
12-27 17:26:02.316 30014 30020 I adbd    : USB event: FUNCTIONFS_SUSPEND
12-27 17:26:02.333 30014 30020 I adbd    : USB event: FUNCTIONFS_SUSPEND
12-27 17:26:02.333 30014 30020 I adbd    : USB event: FUNCTIONFS_RESUME
12-27 17:26:02.334 30014 30020 I adbd    : USB event: FUNCTIONFS_SUSPEND
12-27 17:26:02.340  4988  4988 D app_process64: [INFO] Applied saved theme: Auto
12-27 17:26:02.430  1405  3234 V WindowManager: Computed rotation=ROTATION_0 (0) for display id=0 based on lastOrientation=SCREEN_ORIENTATION_UNSPECIFIED (-1) and oldRotation=ROTATION_0 (0), caller=com.android.server.wm.DisplayRotation.updateOrientation:25 com.android.server.wm.DisplayContent.updateOrientation:65 com.android.server.wm.DisplayContent.updateOrientation:11 com.android.server.wm.RootWindowContainer.ensureVisibilityAndConfig:7 com.android.server.wm.ActivityTaskSupervisor.realStartActivityLocked:213 com.android.server.wm.RootWindowContainer.attachApplication:90 
12-27 17:26:02.431  1405  3234 D SGM:FgCheckThread: notifyAppCreated(), packageName: com.moneymind.app, userId: 0, sendRet: true
12-27 17:26:02.431  1405  1833 D SGM:FgCheckThread: onLooperPrepared(), msg: MSG_APP_CREATE, pkgName: com.moneymind.app, userId: 0
12-27 17:26:02.432  1405  3234 D SGM:FgCheckThread: TaskStackListener.onTaskFocusChanged(), taskId=4814, focused=false
12-27 17:26:02.432  1405  3234 D SGM:FgCheckThread: TaskStackListener.onTaskFocusChanged(), taskId=5313, focused=true
12-27 17:26:02.432  1405  3234 D SGM:FgCheckThread:   sendRunningComponentFocus(), pkgName: com.moneymind.app, userId: 0
12-27 17:26:02.432  1405  3234 D InputDispatcher: Focused application(0): ActivityRecord{389d685 u0 com.moneymind.app/crc64399a401da9d21b0a.MainActivity t5313}
12-27 17:26:02.432  1405  3234 D ActivityTaskManager: scheduleTopResumedActivityChanged, onTop=true, r=ActivityRecord{389d685 u0 com.moneymind.app/crc64399a401da9d21b0a.MainActivity t5313}, caller=com.android.server.wm.ActivityTaskSupervisor.updateTopResumedActivityIfNeeded:62 com.android.server.wm.TaskFragment.setResumedActivity:29 com.android.server.wm.ActivityRecord.setState:104 com.android.server.wm.ActivityTaskSupervisor.realStartActivityLocked:949 com.android.server.wm.RootWindowContainer.attachApplication:90 com.android.server.wm.ActivityTaskManagerService$LocalService.attachApplication:40 
12-27 17:26:02.433  3037  3123 I HoneySpace.TopTaskSource: onTaskFocusChanged(): taskId = 5313
12-27 17:26:02.433  1405  2328 D AS.MultiSoundManager: mForegroundUid = 10413
12-27 17:26:02.433  3037  3123 I HoneySpace.TopTaskSource: onTaskMovedToFront : taskId = 5313, displayId = 0
12-27 17:26:02.433  1405  1833 D SGM:FgCheckThread: onLooperPrepared(), msg: MSG_TASK_FOCUSED, pkgName: com.moneymind.app, userId: 0
12-27 17:26:02.433  1405  1833 D SGM:FgCheckThread: handleTaskFocused().
12-27 17:26:02.433  1405  1833 D SGM:FgCheckThread:   handleTaskFocused(), pkgName: com.moneymind.app, userID:0
12-27 17:26:02.433  1405  1833 D SGM:FgCheckThread: handleResume().
12-27 17:26:02.433  1405  1833 D SGM:FgCheckThread: sendFocusOutConditionally() - mPrevNotiPkg: (unknown), userId: 0
12-27 17:26:02.433  1405  1833 D SGM:FgCheckThread:   handleResume(). pkgName: com.moneymind.app, userId: 0, category: non-game
12-27 17:26:02.433  1405  1833 D SGM:FgCheckThread: notifyFocusInOut(). of pkg: com.moneymind.app, type: 4, isSecGameFamily: false, userId: 0
12-27 17:26:02.433  1405  1833 D SGM:FgCheckThread:   notifyFocusInOut(). unexpected mPrevNotiType: -1
12-27 17:26:02.433  1405  1833 D SGM:SystemHelper: callReleaseBlock needReleaseBlock:false
12-27 17:26:02.435  4988  4988 I Choreographer: Skipped 52 frames!  The application may be doing too much work on its main thread.
12-27 17:26:02.435  2502  2502 I {OngoingActivityDataHelper}: setBaseActivityComponentName:ComponentInfo{com.moneymind.app/crc64399a401da9d21b0a.MainActivity}
12-27 17:26:02.436  1405  2586 D GraphicsStatsService: requestRenderEngineFor(com.moneymind.app)
12-27 17:26:02.436  4988  4988 D ActivityThread: com.moneymind.app will use render engine as VK
12-27 17:26:02.437  4988  4988 D HWUI    : HWUI - treat SMPTE_170M as sRGB
12-27 17:26:02.439  4988  5010 D HWUI    : CacheManager constructor. deviceInfo=(1080, 1920)
12-27 17:26:02.445  1405  1513 D EnterpriseDeviceManagerService: isMdmAdminPresentInternal() : MDM Admin Found - com.samsung.knox.securefolder
12-27 17:26:02.445  1405  1513 D SGM:FgCheckThread: noteResumeComponent(), received pkgName: com.moneymind.app, userId: 0
12-27 17:26:02.445  1405  1833 D SGM:FgCheckThread: onLooperPrepared(), msg: MSG_APP_RESUME, pkgName: com.moneymind.app, userid: 0
12-27 17:26:02.445  1405  1833 D SGM:FgCheckThread: handleResume().
12-27 17:26:02.445  1405  1833 D SGM:FgCheckThread: sendFocusOutConditionally() - mPrevNotiPkg: (unknown), userId: 0
12-27 17:26:02.445  1405  1833 D SGM:FgCheckThread:   handleResume(). pkgName: com.moneymind.app, userId: 0, category: non-game
12-27 17:26:02.445  1405  1833 D SGM:FgCheckThread: notifyFocusInOut(). of pkg: com.moneymind.app, type: 4, isSecGameFamily: false, userId: 0
12-27 17:26:02.445  1405  1833 D SGM:FgCheckThread:   notifyFocusInOut(). unexpected mPrevNotiType: -1
12-27 17:26:02.445  1405  1833 D SGM:SystemHelper: callReleaseBlock needReleaseBlock:false
12-27 17:26:02.445  5490 21132 I SDHMS:l : handleResumeComponent : put = com.moneymind.app, userid = 0 instanceid =267616232
12-27 17:26:02.445  1405  2353 I CocktailBarManagerServiceContainer: handleMessage: entry what = 5
12-27 17:26:02.446  3037  3037 I HoneySpace.EdgePanel.CocktailHostRepositoryImpl: onNoteResume
12-27 17:26:02.446  3037  3037 I HoneySpace.EdgePanel.EdgeContainerViewModel: cocktailHostRepository.edgePanelOperation NoteResumeComponent(componentName=ComponentInfo{com.moneymind.app/crc64399a401da9d21b0a.MainActivity})
12-27 17:26:02.446  3037 26159 I HoneySpace.EdgePanel.ActivityUtils: HomePackage : com.sec.android.app.launcher, resumePackageName : com.moneymind.app
12-27 17:26:02.460  4988  4988 D AppCompatDelegate: Checking for metadata for AppLocalesMetadataHolderService : Service not found
12-27 17:26:02.571  4988  4988 I DecorView: setWindowBackground: isPopOver=false color=ff121212 d=android.graphics.drawable.ColorDrawable@90fb2c8
12-27 17:26:02.585  4988  4988 W m.moneymind.app: Accessing hidden method Landroid/view/View;->computeFitSystemWindows(Landroid/graphics/Rect;Landroid/graphics/Rect;)Z (unsupported, reflection, allowed)
12-27 17:26:02.585  4988  4988 W m.moneymind.app: Accessing hidden method Landroid/view/ViewGroup;->makeOptionalFitsSystemWindows()V (unsupported, reflection, allowed)
12-27 17:26:02.656  4988  4988 W TabLayout: MODE_SCROLLABLE + GRAVITY_FILL is not supported, GRAVITY_START will be used instead
12-27 17:26:02.707  4988  4992 I m.moneymind.app: Compiler allocated 4353KB to compile void android.widget.TextView.<init>(android.content.Context, android.util.AttributeSet, int, int)
12-27 17:26:02.722  4988  4988 I m.moneymind.app: Explicit concurrent copying GC freed 1064KB AllocSpace bytes, 5(88KB) LOS objects, 88% free, 3309KB/27MB, paused 24us,10us total 7.528ms
12-27 17:26:02.742   970  4983 I HYPER-HAL: [ResourceManager.cpp]removeResource(): [CPUMaxFreq] RemoveResource Request ID : 15149774
12-27 17:26:02.742   970  4983 I HYPER-HAL: [RequestManager.cpp]releaseLocked(): Released ID : 15149774
12-27 17:26:02.747  3037  3037 I HoneySpace.EdgePanel.EdgeVisibilityRepository: getComputedTrayVisible : keyguardState = 1
12-27 17:26:02.747  3037  3037 I HoneySpace.EdgePanel.EdgeVisibilityRepository: updateTrayVisible: State = 0x1 , visible = true , current containerState = 0 , specificMode = 0
12-27 17:26:02.747  3037  3037 I HoneySpace.EdgePanel.EdgeVisibilityRepository: Same container state 0
12-27 17:26:02.854  1405  2432 E SmartFaceManager: checkForSmartStay S
12-27 17:26:02.855  3478  4117 I SmartFaceService: setValue, key: empty key for ping value: empty value
12-27 17:26:02.855  3478  4117 I SmartFaceService: Client not found. for command: empty key for ping
12-27 17:26:02.855  1405  2432 D SmartFaceManager: Sending smart-stay-framecount-reset: to service
12-27 17:26:02.855  3478  4117 I SmartFaceService: setValue, key: smart-stay-framecount-reset value: 
12-27 17:26:02.855  3478  4117 I SmartFaceService: setValue, key: empty key for ping value: empty value
12-27 17:26:02.855  3478  4117 I SmartFaceService: Client not found. for command: empty key for ping
12-27 17:26:02.855  3478  4117 I SmartFaceService: register:1214161128
12-27 17:26:02.855  3478  4117 I SmartFaceService: register, serviceType(100) pid 1405
12-27 17:26:02.855  3478  4117 I SmartFaceService.Client: New SmartFaceService.Client, service type: 100 pid: 1405
12-27 17:26:02.855  3478  4117 I SmartFaceService: Service Type to Worker: 100
12-27 17:26:02.855  3478  4117 I SmartFaceService: Last Active clients:0 Current Active clients: 1
12-27 17:26:02.855  3478  4117 I SmartFaceService: We have active clients. open camera
12-27 17:26:02.856  3478  4117 I SmartFaceService: mWakeLock.acquire() in FD
12-27 17:26:02.857  3478  4117 I CameraController: openCamera S
12-27 17:26:02.857  3478  3510 I CameraV2Controller: handleMessage(1) { when=0 what=1 obj=java.util.concurrent.CountDownLatch@9f30e4[Count = 1] target=a.i }
12-27 17:26:02.859  1405  2586 D SecContentProvider: query(), uri = 30 selection = isCameraEnabled
12-27 17:26:02.859  1405  2586 D SecContentProvider: called from android.uid.system:1000
12-27 17:26:02.859  1405  2586 D RestrictionPolicy: isCameraEnabled ret(true) userId(0) cxtInfo.mCallerUid(1000) cxtInfo.mContainerId(0)
12-27 17:26:02.860  3478  3510 I CameraController: isCameraAllowed: true
12-27 17:26:02.863  3478  3510 I CameraV2Controller: Selected Camera ID: 1, FoV: 80.060524, Zoom: 1.0010731
12-27 17:26:02.864  1206 10456 D Camera3-Utils: Set real time priority for thread (tid 10456)
12-27 17:26:02.864  1206 10456 I CameraService: CameraService::connect call (PID 3478 UID 1000 "com.samsung.android.smartface", camera ID 1) and Camera API version 2
12-27 17:26:02.864  1206 10456 I CameraService: isUidActiveLocked E: uid 1000, callingPackage com.samsung.android.smartface, isRegistered true
12-27 17:26:02.864  1206 10456 I CameraService: isUidActiveLocked X: return true.
12-27 17:26:02.865  1289  1289 I vendor.samsung.hardware.biometrics.face@3.0-service: SehBiometricsFace::sehGetServicePid
12-27 17:26:02.865  1289  1289 I vendor.samsung.hardware.biometrics.face@3.0-service: FaceServicePID : 1289
12-27 17:26:02.865  1206 10456 E cameraserver: isBiometricsFaceService : face daemon Pid(1289) is not same with callingPid(3478)
12-27 17:26:02.866  1405  2586 I EDMNativeHelperService: isCameraEnabled
12-27 17:26:02.866  1405  2586 D EDMNativeHelper: isCameraEnabled
12-27 17:26:02.866  1405  2586 D EDMNativeHelper: checking for camera in EnterpriseDeviceManagerService
12-27 17:26:02.866  1405  2586 D EnterpriseDeviceManagerService: isCameraEnabledNative
12-27 17:26:02.866  1405  2586 D EnterpriseDeviceManagerService: checking for camera in restriction policy
12-27 17:26:02.866  1405  2586 D RestrictionPolicy: isCameraEnabled ret(true) userId(0) cxtInfo.mCallerUid(1000) cxtInfo.mContainerId(0)
12-27 17:26:02.866  1206 10456 I CameraService: CameraService::validateClientPermissionsLocked is ok : calling pid 3478, calling uid 1000, client com.samsung.android.smartface , cameraservice pid=1206, device user 0, currently allowed device users: 0, 150
12-27 17:26:02.866  1206 10456 I CameraService: CameraService::handleEvictionsLocked
12-27 17:26:02.866  1206 10456 I cameraserver: this package is a smart face service app.
12-27 17:26:02.866  1206 10456 I CameraService: wouldEvictLocked: [incoming client] owner = 3478, priority-score=990, cost=51, returnIncompatibleClients=false
12-27 17:26:02.866  1206 10456 I CameraService: wouldEvictLocked: [cost info] current cost=0, adding cost=51, total cost=51, max cost=100
12-27 17:26:02.866  1206 10456 I CameraService: wouldEvictLocked: [highestPriority] owner=3478, score=990
12-27 17:26:02.866  1206 10456 I CameraFlashlight: prepareDeviceOpen: prepare for device open(cameraId=1)
12-27 17:26:02.866  1206 10456 I Camera2ClientBase: Camera 1: Opened. Client: com.samsung.android.smartface (PID 3478, UID 1000)
12-27 17:26:02.866  1206 10456 I CameraDeviceClient: CameraDeviceClient 1: Opened
12-27 17:26:02.866  1206 10456 I CameraService: makeClient: Camera2 API, rotationOverride 0
12-27 17:26:02.867  1206 10456 I CameraService: service.camera.client set to com.samsung.android.smartface
12-27 17:26:02.867  1405  2586 I CameraManagerGlobal: Camera 1 facing CAMERA_FACING_FRONT state now CAMERA_STATE_OPENING for client com.samsung.android.smartface API Level 2 User Id 0Device Id 0
12-27 17:26:02.867  2502  3946 I CameraManagerGlobal: Camera 1 facing CAMERA_FACING_FRONT state now CAMERA_STATE_OPENING for client com.samsung.android.smartface API Level 2 User Id 0Device Id 0
12-27 17:26:02.867  2502  3946 I CameraManagerGlobal: onCameraDeviceStateChangedLocked: post device state update
12-27 17:26:02.867  2780 18572 I CameraManagerGlobal: Camera 1 facing CAMERA_FACING_FRONT state now CAMERA_STATE_OPENING for client com.samsung.android.smartface API Level 2 User Id 0Device Id 0
12-27 17:26:02.867  1405  2586 I CameraManagerGlobal: onCameraDeviceStateChangedLocked: post device state update
12-27 17:26:02.867  1405  1804 I RequestInjectorService: Samsung Camera is opened. ignore VT Camera Setting.
12-27 17:26:02.867  1405  2586 I CameraManagerGlobal: onCameraDeviceStateChangedLocked: post device state update
12-27 17:26:02.867  5490 21132 I CameraManagerGlobal: Camera 1 facing CAMERA_FACING_FRONT state now CAMERA_STATE_OPENING for client com.samsung.android.smartface API Level 2 User Id 0Device Id 0
12-27 17:26:02.867  5490 21132 I CameraManagerGlobal: onCameraDeviceStateChangedLocked: post device state update
12-27 17:26:02.867 15941 12150 I CameraManagerGlobal: Camera 1 facing CAMERA_FACING_FRONT state now CAMERA_STATE_OPENING for client com.samsung.android.smartface API Level 2 User Id 0Device Id 0
12-27 17:26:02.867  5490 21132 I CameraManagerGlobal: onCameraDeviceStateChangedLocked: post device state update
12-27 17:26:02.867 27556 27571 I CameraManagerGlobal: Camera 1 facing CAMERA_FACING_FRONT state now CAMERA_STATE_OPENING for client com.samsung.android.smartface API Level 2 User Id 0Device Id 0
12-27 17:26:02.867 28948 31866 I CameraManagerGlobal: Camera 1 facing CAMERA_FACING_FRONT state now CAMERA_STATE_OPENING for client com.samsung.android.smartface API Level 2 User Id 0Device Id 0
12-27 17:26:02.867 17136 17316 I CameraManagerGlobal: Camera 1 facing CAMERA_FACING_FRONT state now CAMERA_STATE_OPENING for client com.samsung.android.smartface API Level 2 User Id 0Device Id 0
12-27 17:26:02.867  1206 10456 I Camera2ClientBase: initializeImpl: Initializing client for camera 1
12-27 17:26:02.868  1206 10456 D ijt/Camera3-RequestInjector: RequestInjector[1] Mapper created
12-27 17:26:02.868  1206 10456 I Camera3-Device: Camera3Device: Created device for camera 1
12-27 17:26:02.868  1206 10456 I CameraService: startCameraOps: Start camera ops, package name = com.samsung.android.smartface, client UID = 1000
12-27 17:26:02.868 27234 28571 I CameraManagerGlobal: Camera 1 facing CAMERA_FACING_FRONT state now CAMERA_STATE_OPENING for client com.samsung.android.smartface API Level 2 User Id 0Device Id 0
12-27 17:26:02.868  3478  3846 I CameraManagerGlobal: Camera 1 facing CAMERA_FACING_FRONT state now CAMERA_STATE_OPENING for client com.samsung.android.smartface API Level 2 User Id 0Device Id 0
12-27 17:26:02.868  1289  1289 I vendor.samsung.hardware.biometrics.face@3.0-service: SehBiometricsFace::sehGetServicePid
12-27 17:26:02.868  1289  1289 I vendor.samsung.hardware.biometrics.face@3.0-service: FaceServicePID : 1289
12-27 17:26:02.868  1206 10456 E cameraserver: isBiometricsFaceService : face daemon Pid(1289) is not same with callingPid(3478)
