12-27 17:26:03.259   980  5089 I ExynosCameraMCPipeSec: [CAM(1)][PIPE_ISP_REPROCESSING]-(m_setInput[2213]): setInput(sensorIds : 16863504) [src nodeNum : 181][nodeNums : 277][otf : 1][leader : 0][reprocessing : 1][unique sensorId : 1]
12-27 17:26:03.259   980  5089 I ExynosCameraMCPipeSec: [CAM(1)][PIPE_ISP_REPROCESSING]-(m_setInput[2213]): setInput(sensorIds : 16858128) [src nodeNum : 160][nodeNums : 170][otf : 1][leader : 0][reprocessing : 1][unique sensorId : 1]
12-27 17:26:03.259   980  5089 I ExynosCameraMCPipeSec: [CAM(1)][PIPE_ISP_REPROCESSING]-(m_setInput[2213]): setInput(sensorIds : 16858128) [src nodeNum : 160][nodeNums : 171][otf : 1][leader : 0][reprocessing : 1][unique sensorId : 1]
12-27 17:26:03.259   980  5089 I ExynosCameraMCPipeSec: [CAM(1)][PIPE_ISP_REPROCESSING]-(m_setInput[2213]): setInput(sensorIds : 16858128) [src nodeNum : 160][nodeNums : 172][otf : 1][leader : 0][reprocessing : 1][unique sensorId : 1]
12-27 17:26:03.259   980  5089 I ExynosCameraMCPipeSec: [CAM(1)][PIPE_ISP_REPROCESSING]-(m_setInput[2213]): setInput(sensorIds : 16858128) [src nodeNum : 160][nodeNums : 173][otf : 1][leader : 0][reprocessing : 1][unique sensorId : 1]
12-27 17:26:03.259   980  5089 I ExynosCameraMCPipeSec: [CAM(1)][PIPE_ISP_REPROCESSING]-(m_setInput[2213]): setInput(sensorIds : 16858128) [src nodeNum : 160][nodeNums : 174][otf : 1][leader : 0][reprocessing : 1][unique sensorId : 1]
12-27 17:26:03.259   980  5089 I ExynosCameraMCPipeSec: [CAM(1)][PIPE_ISP_REPROCESSING]-(m_setInput[2213]): setInput(sensorIds : 16850448) [src nodeNum : 130][nodeNums : 133][otf : 1][leader : 0][reprocessing : 1][unique sensorId : 1]
12-27 17:26:03.259   980  5089 I ExynosCameraMCPipeSec: [CAM(1)][PIPE_ISP_REPROCESSING]-(m_setInput[2213]): setInput(sensorIds : 16850448) [src nodeNum : 130][nodeNums : 268][otf : 1][leader : 0][reprocessing : 1][unique sensorId : 1]
12-27 17:26:03.259   980  5089 I ExynosCameraMCPipeSec: [CAM(1)][PIPE_ISP_REPROCESSING]-(m_setInput[2213]): setInput(sensorIds : 16850448) [src nodeNum : 130][nodeNums : 272][otf : 1][leader : 0][reprocessing : 1][unique sensorId : 1]
12-27 17:26:03.259   980  5089 I ExynosCameraMCPipeSec: [CAM(1)][PIPE_ISP_REPROCESSING]-(m_setInput[2213]): setInput(sensorIds : 16863504) [src nodeNum : 181][nodeNums : 276][otf : 1][leader : 0][reprocessing : 1][unique sensorId : 1]
12-27 17:26:03.259   980  5089 I ExynosCameraMCPipeSec: [CAM(1)][PIPE_ISP_REPROCESSING]-(m_setInput[2213]): setInput(sensorIds : 16863504) [src nodeNum : 181][nodeNums : 279][otf : 1][leader : 0][reprocessing : 1][unique sensorId : 1]
12-27 17:26:03.259   980  5089 I ExynosCameraMCPipeSec: [CAM(1)][PIPE_ISP_REPROCESSING]-(m_setInput[2213]): setInput(sensorIds : 16850448) [src nodeNum : 130][nodeNums : 265][otf : 1][leader : 0][reprocessing : 1][unique sensorId : 1]
12-27 17:26:03.259   980  5089 I ExynosCameraMCPipeSec: [CAM(1)][PIPE_ISP_REPROCESSING]-(m_setInput[2213]): setInput(sensorIds : 16850496) [src nodeNum : 130][nodeNums : 181][otf : 4][leader : 0][reprocessing : 1][unique sensorId : 1]
12-27 17:26:03.259   980  5089 I ExynosCameraMCPipeSec: [CAM(1)][PIPE_ISP_REPROCESSING]-(m_setInput[2213]): setInput(sensorIds : 16863504) [src nodeNum : 181][nodeNums : 160][otf : 1][leader : 0][reprocessing : 1][unique sensorId : 1]
12-27 17:26:03.267  1065  1065 E SurfaceFlinger: Out of order buffers detected for RequestedLayerState{com.sec.android.app.launcher/com.sec.android.app.launcher.activities.LauncherActivity$_3037#82051 parentId=132} producedId=2685 frameNumber=40 -> producedId=2685 frameNumber=9
12-27 17:26:03.267   980  5089 I ExynosCameraMCPipeSec: [CAM(1)][PIPE_ISP_REPROCESSING]-(m_setNodeInfo[2436]):set pipeInfos on REPROCESSING_ISP_OUTPUT, setFormat(3648, 2736) and reqBuffers(64), yuvRange(0) pixelSize(5) pixelCompInfo(0)
12-27 17:26:03.267   980  5089 I ExynosCameraNode: [CAM(1)][REPROCESSING_ISP_OUTPUT]-(setSize[670]):w (3648) h (2736)
12-27 17:26:03.267   980  5089 I ExynosCameraNode: [CAM(1)][REPROCESSING_ISP_OUTPUT]-(setColorFormat[611]):fmt.pix_mp.flags (5) (5 , 0)
12-27 17:26:03.267   980  5089 I ExynosCameraNodeVendor: [CAM(1)][REPROCESSING_ISP_OUTPUT]-(m_setFmt[210]):[nodeNum:130] [fd:45] [type:10], [3648 x 2736], [format:1128481392:p B C C], [pixelSizeIdx:5], [yuvRange:7]
12-27 17:26:03.268   980  5089 I ExynosCameraMCPipeSec: [CAM(1)][PIPE_ISP_REPROCESSING]-(m_setNodeInfo[2436]):set pipeInfos on REPROCESSING_ISP_DRC_GRID, setFormat(1024, 256) and reqBuffers(64), yuvRange(0) pixelSize(0) pixelCompInfo(0)
12-27 17:26:03.268   980  5089 I ExynosCameraNode: [CAM(1)][REPROCESSING_ISP_DRC_GRID]-(setSize[670]):w (1024) h (256)
12-27 17:26:03.268   980  5089 I ExynosCameraNode: [CAM(1)][REPROCESSING_ISP_DRC_GRID]-(setColorFormat[611]):fmt.pix_mp.flags (0) (0 , 0)
12-27 17:26:03.268   980  5089 W ExynosCameraNode: [CAM(1)][REPROCESSING_ISP_DRC_GRID]-(setFormat[496]):name(REPROCESSING_ISP_DRC_GRID) fd -1, bytesperline(0) < width(1024), height(256)
12-27 17:26:03.268   980  5089 I ExynosCameraNodeVendor: [CAM(1)][REPROCESSING_ISP_DRC_GRID]-(m_setFmt[210]):[nodeNum:266] [fd:-1] [type:9], [1024 x 256], [format:1497715271:G R E Y], [pixelSizeIdx:0], [yuvRange:7]
12-27 17:26:03.268   980  5089 I ExynosCameraMCPipeSec: [CAM(1)][PIPE_ISP_REPROCESSING]-(m_setNodeInfo[2436]):set pipeInfos on ISP_LME_REPROCESSING, setFormat(128, 96) and reqBuffers(13), yuvRange(0) pixelSize(0) pixelCompInfo(0)
12-27 17:26:03.268   980  5089 I ExynosCameraNode: [CAM(1)][ISP_LME_REPROCESSING]-(setSize[670]):w (128) h (96)
12-27 17:26:03.268   980  5089 I ExynosCameraNode: [CAM(1)][ISP_LME_REPROCESSING]-(setColorFormat[611]):fmt.pix_mp.flags (0) (0 , 0)
12-27 17:26:03.268   980  5089 I ExynosCameraNodeVendor: [CAM(1)][ISP_LME_REPROCESSING]-(m_setFmt[210]):[nodeNum:263] [fd:-1] [type:9], [128 x 96], [format:1497715271:G R E Y], [pixelSizeIdx:0], [yuvRange:7]
12-27 17:26:03.268   980  5089 I ExynosCameraMCPipeSec: [CAM(1)][PIPE_ISP_REPROCESSING]-(m_setPipeInfo[2276]):skip REPROCESSING_ISP_SVHIST setNodeInfo, setFormat(0, 0)
12-27 17:26:03.268   980  5089 I ExynosCameraMCPipeSec: [CAM(1)][PIPE_ISP_REPROCESSING]-(m_setNodeInfo[2436]):set pipeInfos on MCFP_SRC_PREV_IMG_REPROCESSING, setFormat(3648, 2736) and reqBuffers(13), yuvRange(0) pixelSize(5) pixelCompInfo(0)
12-27 17:26:03.268   980  5089 I ExynosCameraNode: [CAM(1)][MCFP_SRC_PREV_IMG_REPROCESSING]-(setSize[670]):w (3648) h (2736)
12-27 17:26:03.268   980  5089 I ExynosCameraNode: [CAM(1)][MCFP_SRC_PREV_IMG_REPROCESSING]-(setColorFormat[611]):fmt.pix_mp.flags (5) (5 , 0)
12-27 17:26:03.268   980  5089 I ExynosCameraNodeVendor: [CAM(1)][MCFP_SRC_PREV_IMG_REPROCESSING]-(m_setFmt[210]):[nodeNum:135] [fd:-1] [type:9], [3648 x 2736], [format:1128481392:p B C C], [pixelSizeIdx:5], [yuvRange:7]
12-27 17:26:03.268   980  5089 I ExynosCameraMCPipeSec: [CAM(1)][PIPE_ISP_REPROCESSING]-(m_setPipeInfo[2276]):skip REPROCESSING_ISP_DRC_GAIN setNodeInfo, setFormat(0, 0)
12-27 17:26:03.268   980  5089 I ExynosCameraMCPipeSec: [CAM(1)][PIPE_ISP_REPROCESSING]-(m_setPipeInfo[2276]):skip REPROCESSING_YUVPP_SVHIST setNodeInfo, setFormat(0, 0)
12-27 17:26:03.268   980  5089 I ExynosCameraMCPipeSec: [CAM(1)][PIPE_ISP_REPROCESSING]-(m_setPipeInfo[2276]):skip REPROCESSING_YUVPP_DRC_GAIN setNodeInfo, setFormat(0, 0)
12-27 17:26:03.268   980  5089 I ExynosCameraMCPipeSec: [CAM(1)][PIPE_ISP_REPROCESSING]-(m_setNodeInfo[2436]):set pipeInfos on REPROCESSING_MCSC_CAPTURE_YUV_0, setFormat(320, 240) and reqBuffers(64), yuvRange(0) pixelSize(0) pixelCompInfo(0)
12-27 17:26:03.268   980  5089 I ExynosCameraNode: [CAM(1)][REPROCESSING_MCSC_CAPTURE_YUV_0]-(setSize[670]):w (320) h (240)
12-27 17:26:03.268   980  5089 I ExynosCameraNode: [CAM(1)][REPROCESSING_MCSC_CAPTURE_YUV_0]-(setColorFormat[611]):fmt.pix_mp.flags (0) (0 , 0)
12-27 17:26:03.268   980  5089 W ExynosCameraNode: [CAM(1)][REPROCESSING_MCSC_CAPTURE_YUV_0]-(setFormat[496]):name(REPROCESSING_MCSC_CAPTURE_YUV_0) fd -1, bytesperline(0) < width(320), height(240)
12-27 17:26:03.268   980  5089 I ExynosCameraNodeVendor: [CAM(1)][REPROCESSING_MCSC_CAPTURE_YUV_0]-(m_setFmt[210]):[nodeNum:170] [fd:-1] [type:9], [320 x 240], [format:825382478:N V 2 1], [pixelSizeIdx:0], [yuvRange:7]
12-27 17:26:03.268   980  5089 I ExynosCameraMCPipeSec: [CAM(1)][PIPE_ISP_REPROCESSING]-(m_setPipeInfo[2276]):skip REPROCESSING_MCSC_CAPTURE_YUV_1 setNodeInfo, setFormat(0, 0)
12-27 17:26:03.268   980  5089 I ExynosCameraMCPipeSec: [CAM(1)][PIPE_ISP_REPROCESSING]-(m_setNodeInfo[2436]):set pipeInfos on REPROCESSING_MCSC_CAPTURE_YUV_2, setFormat(3968, 2736) and reqBuffers(64), yuvRange(0) pixelSize(0) pixelCompInfo(0)
12-27 17:26:03.268   980  5089 I ExynosCameraNode: [CAM(1)][REPROCESSING_MCSC_CAPTURE_YUV_2]-(setSize[670]):w (3968) h (2736)
12-27 17:26:03.268   980  5089 I ExynosCameraNode: [CAM(1)][REPROCESSING_MCSC_CAPTURE_YUV_2]-(setColorFormat[611]):fmt.pix_mp.flags (0) (0 , 0)
12-27 17:26:03.268   980  5089 W ExynosCameraNode: [CAM(1)][REPROCESSING_MCSC_CAPTURE_YUV_2]-(setFormat[496]):name(REPROCESSING_MCSC_CAPTURE_YUV_2) fd -1, bytesperline(0) < width(3968), height(2736)
12-27 17:26:03.268   980  5089 I ExynosCameraNodeVendor: [CAM(1)][REPROCESSING_MCSC_CAPTURE_YUV_2]-(m_setFmt[210]):[nodeNum:172] [fd:-1] [type:9], [3968 x 2736], [format:825382478:N V 2 1], [pixelSizeIdx:0], [yuvRange:7]
12-27 17:26:03.268   980  5089 I ExynosCameraMCPipeSec: [CAM(1)][PIPE_ISP_REPROCESSING]-(m_setNodeInfo[2436]):set pipeInfos on REPROCESSING_MCSC_CAPTURE_MAIN, setFormat(3968, 2736) and reqBuffers(64), yuvRange(0) pixelSize(0) pixelCompInfo(0)
12-27 17:26:03.268   980  5089 I ExynosCameraNode: [CAM(1)][REPROCESSING_MCSC_CAPTURE_MAIN]-(setSize[670]):w (3968) h (2736)
12-27 17:26:03.268   980  5089 I ExynosCameraNode: [CAM(1)][REPROCESSING_MCSC_CAPTURE_MAIN]-(setColorFormat[611]):fmt.pix_mp.flags (0) (0 , 0)
12-27 17:26:03.268   980  5089 W ExynosCameraNode: [CAM(1)][REPROCESSING_MCSC_CAPTURE_MAIN]-(setFormat[496]):name(REPROCESSING_MCSC_CAPTURE_MAIN) fd -1, bytesperline(0) < width(3968), height(2736)
12-27 17:26:03.268   980  5089 I ExynosCameraNodeVendor: [CAM(1)][REPROCESSING_MCSC_CAPTURE_MAIN]-(m_setFmt[210]):[nodeNum:173] [fd:-1] [type:9], [3968 x 2736], [format:825382478:N V 2 1], [pixelSizeIdx:0], [yuvRange:7]
12-27 17:26:03.268   980  5089 I ExynosCameraMCPipeSec: [CAM(1)][PIPE_ISP_REPROCESSING]-(m_setPipeInfo[2339]):m_node[26]: pipeId(219), outputPortId(0), YUV_RANGE(0)
12-27 17:26:03.268   980  5089 I ExynosCameraMCPipeSec: [CAM(1)][PIPE_ISP_REPROCESSING]-(m_setNodeInfo[2436]):set pipeInfos on REPROCESSING_MCSC_CAPTURE_THUMBNAIL, setFormat(512, 384) and reqBuffers(64), yuvRange(0) pixelSize(0) pixelCompInfo(0)
12-27 17:26:03.268   980  5089 I ExynosCameraNode: [CAM(1)][REPROCESSING_MCSC_CAPTURE_THUMBNAIL]-(setSize[670]):w (512) h (384)
12-27 17:26:03.268   980  5089 I ExynosCameraNode: [CAM(1)][REPROCESSING_MCSC_CAPTURE_THUMBNAIL]-(setColorFormat[611]):fmt.pix_mp.flags (0) (0 , 0)
12-27 17:26:03.268   980  5089 W ExynosCameraNode: [CAM(1)][REPROCESSING_MCSC_CAPTURE_THUMBNAIL]-(setFormat[496]):name(REPROCESSING_MCSC_CAPTURE_THUMBNAIL) fd -1, bytesperline(0) < width(512), height(384)
12-27 17:26:03.268   980  5089 I ExynosCameraNodeVendor: [CAM(1)][REPROCESSING_MCSC_CAPTURE_THUMBNAIL]-(m_setFmt[210]):[nodeNum:174] [fd:-1] [type:9], [512 x 384], [format:825382478:N V 2 1], [pixelSizeIdx:0], [yuvRange:7]
12-27 17:26:03.268   980  5089 I ExynosCameraMCPipeSec: [CAM(1)][PIPE_ISP_REPROCESSING]-(m_setNodeInfo[2436]):set pipeInfos on MCFP_DST_IMG_REPROCESSING, setFormat(3648, 2736) and reqBuffers(13), yuvRange(0) pixelSize(5) pixelCompInfo(0)
12-27 17:26:03.268   980  5089 I ExynosCameraNode: [CAM(1)][MCFP_DST_IMG_REPROCESSING]-(setSize[670]):w (3648) h (2736)
12-27 17:26:03.268   980  5089 I ExynosCameraNode: [CAM(1)][MCFP_DST_IMG_REPROCESSING]-(setColorFormat[611]):fmt.pix_mp.flags (5) (5 , 0)
12-27 17:26:03.268   980  5089 I ExynosCameraNodeVendor: [CAM(1)][MCFP_DST_IMG_REPROCESSING]-(m_setFmt[210]):[nodeNum:133] [fd:-1] [type:9], [3648 x 2736], [format:1128481392:p B C C], [pixelSizeIdx:5], [yuvRange:7]
12-27 17:26:03.268   980  5089 I ExynosCameraMCPipeSec: [CAM(1)][PIPE_ISP_REPROCESSING]-(m_setPipeInfo[2276]):skip REPROCESSING_ISP_NRDS setNodeInfo, setFormat(0, 0)
12-27 17:26:03.268   980  5089 I ExynosCameraMCPipeSec: [CAM(1)][PIPE_ISP_REPROCESSING]-(m_setPipeInfo[2276]):skip REPROCESSING_ISP_NOISE setNodeInfo, setFormat(0, 0)
12-27 17:26:03.268   980  5089 I ExynosCameraMCPipeSec: [CAM(1)][PIPE_ISP_REPROCESSING]-(m_setPipeInfo[2276]):skip REPROCESSING_YUVPP_NRDS setNodeInfo, setFormat(0, 0)
12-27 17:26:03.268   980  5089 I ExynosCameraMCPipeSec: [CAM(1)][PIPE_ISP_REPROCESSING]-(m_setPipeInfo[2276]):skip REPROCESSING_YUVPP_NOISE setNodeInfo, setFormat(0, 0)
12-27 17:26:03.268   980  5089 I ExynosCameraMCPipeSec: [CAM(1)][PIPE_ISP_REPROCESSING]-(m_setNodeInfo[2436]):set pipeInfos on REPROCESSING_ISP_SSL_MAP, setFormat(3648, 2736) and reqBuffers(64), yuvRange(0) pixelSize(0) pixelCompInfo(0)
12-27 17:26:03.268   980  5089 I ExynosCameraNode: [CAM(1)][REPROCESSING_ISP_SSL_MAP]-(setSize[670]):w (3648) h (2736)
12-27 17:26:03.268   980  5089 I ExynosCameraNode: [CAM(1)][REPROCESSING_ISP_SSL_MAP]-(setColorFormat[611]):fmt.pix_mp.flags (0) (0 , 0)
12-27 17:26:03.268   980  5089 W ExynosCameraNode: [CAM(1)][REPROCESSING_ISP_SSL_MAP]-(setFormat[496]):name(REPROCESSING_ISP_SSL_MAP) fd -1, bytesperline(0) < width(3648), height(2736)
12-27 17:26:03.268   980  5089 I ExynosCameraNodeVendor: [CAM(1)][REPROCESSING_ISP_SSL_MAP]-(m_setFmt[210]):[nodeNum:265] [fd:-1] [type:9], [3648 x 2736], [format:1497715271:G R E Y], [pixelSizeIdx:0], [yuvRange:7]
12-27 17:26:03.268   980  5089 I ExynosCameraMCPipeSec: [CAM(1)][PIPE_ISP_REPROCESSING]-(m_setNodeInfo[2436]):set pipeInfos on REPROCESSING_YUVPP_OUTPUT, setFormat(3968, 2736) and reqBuffers(0), yuvRange(0) pixelSize(2) pixelCompInfo(1)
12-27 17:26:03.268   980  5089 I ExynosCameraNode: [CAM(1)][REPROCESSING_YUVPP_OUTPUT]-(setSize[670]):w (3968) h (2736)
12-27 17:26:03.268   980  5089 I ExynosCameraNode: [CAM(1)][REPROCESSING_YUVPP_OUTPUT]-(setColorFormat[611]):fmt.pix_mp.flags (42) (2 , 1)
12-27 17:26:03.268   980  5089 I ExynosCameraNodeVendor: [CAM(1)][REPROCESSING_YUVPP_OUTPUT]-(m_setFmt[210]):[nodeNum:181] [fd:46] [type:9], [3968 x 2736], [format:909200720:P M 1 6], [pixelSizeIdx:66], [yuvRange:7]
12-27 17:26:03.268   980  5089 W ExynosCameraMCPipeSec: [CAM(1)][PIPE_ISP_REPROCESSING]-(m_setNodeInfo[2495]):Invalid currentBufferCount(0), skip reqBuffers()
12-27 17:26:03.268   980  5089 I ExynosCameraMCPipeSec: [CAM(1)][PIPE_ISP_REPROCESSING]-(m_setPipeInfo[2276]):skip REPROCESSING_MCSC_OUTPUT setNodeInfo, setFormat(0, 0)
12-27 17:26:03.268   980  5089 I ExynosCameraMCPipeSec: [CAM(1)][PIPE_ISP_REPROCESSING]-(setupPipe[202]):setupPipe() is succeed, Pipe(209), prepare(0)
12-27 17:26:03.268   980  5089 I ExynosCameraVendorCapture: [CAM(1)][Front_0]-(m_startReprocessingFrameFactory[19480]):- IN -
12-27 17:26:03.268   980  5089 I ExynosCameraFrameReprocessingFactorySec: [CAM(1)][Front_0]-(startPipes[1461]):
12-27 17:26:03.268   980  5089 I ExynosCameraMCPipe: [CAM(1)][PIPE_ISP_REPROCESSING]-(m_startNode[1387]):
12-27 17:26:03.268   980  5089 I ExynosCameraNode: [CAM(1)][REPROCESSING_YUVPP_NOISE]-(start[525]):skip node start. request buffer is zero
12-27 17:26:03.268   980  5089 I ExynosCameraNode: [CAM(1)][REPROCESSING_YUVPP_NRDS]-(start[525]):skip node start. request buffer is zero
12-27 17:26:03.268   980  5089 I ExynosCameraNode: [CAM(1)][REPROCESSING_ISP_NOISE]-(start[525]):skip node start. request buffer is zero
12-27 17:26:03.268   980  5089 I ExynosCameraNode: [CAM(1)][REPROCESSING_ISP_NRDS]-(start[525]):skip node start. request buffer is zero
12-27 17:26:03.268   980  5089 I ExynosCameraNode: [CAM(1)][REPROCESSING_MCSC_CAPTURE_YUV_1]-(start[525]):skip node start. request buffer is zero
12-27 17:26:03.268   980  5089 I ExynosCameraNode: [CAM(1)][REPROCESSING_YUVPP_DRC_GAIN]-(start[525]):skip node start. request buffer is zero
12-27 17:26:03.268   980  5089 I ExynosCameraNode: [CAM(1)][REPROCESSING_YUVPP_SVHIST]-(start[525]):skip node start. request buffer is zero
12-27 17:26:03.268   980  5089 I ExynosCameraNode: [CAM(1)][REPROCESSING_ISP_DRC_GAIN]-(start[525]):skip node start. request buffer is zero
12-27 17:26:03.268   980  5089 I ExynosCameraNode: [CAM(1)][REPROCESSING_ISP_SVHIST]-(start[525]):skip node start. request buffer is zero
12-27 17:26:03.268   980  5089 I ExynosCameraMCPipeSec: [CAM(1)][PIPE_ISP_REPROCESSING]-(start[236]):start() is succeed, Pipe(209)
12-27 17:26:03.268   980  5089 I ExynosCameraMCPipe: [CAM(1)][PIPE_LME_SRC_IMAGE_REPROCESSING]-(m_startNode[1387]):
12-27 17:26:03.268   980  5089 I ExynosCameraMCPipeSec: [CAM(1)][PIPE_LME_SRC_IMAGE_REPROCESSING]-(start[236]):start() is succeed, Pipe(238)
12-27 17:26:03.268   980  5089 I ExynosCameraPipePPSec: [CAM(1)][PIPE_PP_UNI_REPROCESSING]-(start[375]):
12-27 17:26:03.268   980  5089 I ExynosCameraPipePPSec: [CAM(1)][PIPE_PP_UNI_REPROCESSING2]-(start[375]):
12-27 17:26:03.268   980  5089 I ExynosCameraPipePPSec: [CAM(1)][PIPE_PP_UNI_RAW_REPROCESSING]-(start[375]):
12-27 17:26:03.268   980  5089 I ExynosCameraFrameReprocessingFactorySec: [CAM(1)][Front_0]-(startPipes[1610]):Starting Reprocessing [SCC>ISP] Success!
12-27 17:26:03.268   980  5089 I ExynosCameraVendorCapture: DEBUG:duration time(    0 msec):(m_startReprocessingFrameFactory)
12-27 17:26:03.268  3037  5908 I VRI[LauncherActivity]@49b34de: mWNT: t=0xb400006ea3a5f9d0 mBlastBufferQueue=0xb400006df39a8410 fn= 10 HdrRenderState mRenderHdrSdrRatio=1.0 caller= com.android.systemui.shared.launcher.ViewRootImplCompat.mergeWithNextTransaction:4 com.honeyspace.transition.utils.SurfaceTransactionApplier.scheduleApply$lambda$1:26 com.honeyspace.transition.utils.SurfaceTransactionApplier.b:0 
12-27 17:26:03.274  1405  3194 D ActivityManager: unpendingScheduleServiceRestart: u=10020, drop=false
12-27 17:26:03.282   980  5090 I ExynosCameraFrameFactoryBaseVendor: [CAM(1)][Front_0]-(startThread[188]):pipeId=45
12-27 17:26:03.282   980  5094 I ExynosCameraSec: [CAM(1)][Front_0]-(m_connectPreviewUniPP[2139]):[PET] Skipped initial 5 frames(2)
12-27 17:26:03.282   980  5090 I ExynosCameraSWPipe: [CAM(1)][PIPE_NFD]-(startThread[88]):startThread is succeed (45)
12-27 17:26:03.282  1206  5031 W HidlCamera3-Device: processBatchCaptureRequests: sehProcessCaptureRequest_5_0 return time exceeds 100000us (106192)us
12-27 17:26:03.282   980  5096 I vpl     : INFO(execute[283]):[Input][F0][MetaF6]m_vplHandle(0xb400007e2b5f71a0), curFPS(30), frameSize(640x480), roi(320x240), channelSize(307200)
12-27 17:26:03.282   980  5082 I EDEN    : [Exynos][EDEN][v1.6.23][RT::EdenRuntime] ExecuteReq:358: (+) modelId=98004553, mode=0 req=0xb400007e4b5260c0
12-27 17:26:03.283  1065  1065 E SurfaceFlinger: Out of order buffers detected for RequestedLayerState{com.sec.android.app.launcher/com.sec.android.app.launcher.activities.LauncherActivity$_3037#82051 parentId=132} producedId=2685 frameNumber=40 -> producedId=2685 frameNumber=10
12-27 17:26:03.284  3037  5909 I VRI[LauncherActivity]@49b34de: mWNT: t=0xb400006ea3a45cd0 mBlastBufferQueue=0xb400006df39a8410 fn= 11 HdrRenderState mRenderHdrSdrRatio=1.0 caller= com.android.systemui.shared.launcher.ViewRootImplCompat.mergeWithNextTransaction:4 com.honeyspace.transition.utils.SurfaceTransactionApplier.scheduleApply$lambda$1:26 com.honeyspace.transition.utils.SurfaceTransactionApplier.b:0 
12-27 17:26:03.289   980  5096 I vpl     : INFO(execute[296]):[Result][F0][MetaF6]m_vplHandle(0xb400007e2b5f71a0), faceNumber(0)
12-27 17:26:03.300  1065  1065 E SurfaceFlinger: Out of order buffers detected for RequestedLayerState{com.sec.android.app.launcher/com.sec.android.app.launcher.activities.LauncherActivity$_3037#82051 parentId=132} producedId=2685 frameNumber=40 -> producedId=2685 frameNumber=11
12-27 17:26:03.301  3037  5908 I VRI[LauncherActivity]@49b34de: mWNT: t=0xb400006ea3a7aa10 mBlastBufferQueue=0xb400006df39a8410 fn= 12 HdrRenderState mRenderHdrSdrRatio=1.0 caller= com.android.systemui.shared.launcher.ViewRootImplCompat.mergeWithNextTransaction:4 com.honeyspace.transition.utils.SurfaceTransactionApplier.scheduleApply$lambda$1:26 com.honeyspace.transition.utils.SurfaceTransactionApplier.b:0 
12-27 17:26:03.316   980  5084 I ExynosCameraActivityAutofocus: [CAM(1)][]-(displayAFStatus[95]):(CMGEFL): 0 0 0 0 0 0 0 0 0 0
12-27 17:26:03.316   980  5084 I ExynosCameraActivityAutofocus: [CAM(1)][]-(displayAFStatus[102]):(CMGEFL): 0 0 0 0 0 0 0 0 0 0
12-27 17:26:03.316   980  5094 I ExynosCameraSec: [CAM(1)][Front_0]-(m_connectPreviewUniPP[2139]):[PET] Skipped initial 5 frames(3)
12-27 17:26:03.317  1065  1065 E SurfaceFlinger: Out of order buffers detected for RequestedLayerState{com.sec.android.app.launcher/com.sec.android.app.launcher.activities.LauncherActivity$_3037#82051 parentId=132} producedId=2685 frameNumber=40 -> producedId=2685 frameNumber=12
12-27 17:26:03.319  3037  5909 I VRI[LauncherActivity]@49b34de: mWNT: t=0xb400006ea3aaba10 mBlastBufferQueue=0xb400006df39a8410 fn= 13 HdrRenderState mRenderHdrSdrRatio=1.0 caller= com.android.systemui.shared.launcher.ViewRootImplCompat.mergeWithNextTransaction:4 com.honeyspace.transition.utils.SurfaceTransactionApplier.scheduleApply$lambda$1:26 com.honeyspace.transition.utils.SurfaceTransactionApplier.b:0 
12-27 17:26:03.333  1065  1065 E SurfaceFlinger: Out of order buffers detected for RequestedLayerState{com.sec.android.app.launcher/com.sec.android.app.launcher.activities.LauncherActivity$_3037#82051 parentId=132} producedId=2685 frameNumber=40 -> producedId=2685 frameNumber=13
12-27 17:26:03.334  3037  5908 I VRI[LauncherActivity]@49b34de: mWNT: t=0xb400006ea3b11210 mBlastBufferQueue=0xb400006df39a8410 fn= 14 HdrRenderState mRenderHdrSdrRatio=1.0 caller= com.android.systemui.shared.launcher.ViewRootImplCompat.mergeWithNextTransaction:4 com.honeyspace.transition.utils.SurfaceTransactionApplier.scheduleApply$lambda$1:26 com.honeyspace.transition.utils.SurfaceTransactionApplier.b:0 
12-27 17:26:03.338 30014 30020 I adbd    : USB event: FUNCTIONFS_SUSPEND
12-27 17:26:03.338 30014 30020 I adbd    : USB event: FUNCTIONFS_RESUME
12-27 17:26:03.338 30014 30020 I adbd    : USB event: FUNCTIONFS_SUSPEND
12-27 17:26:03.348   980  5094 I ExynosCameraSec: [CAM(1)][Front_0]-(m_connectPreviewUniPP[2139]):[PET] Skipped initial 5 frames(4)
12-27 17:26:03.350  1065  1065 E SurfaceFlinger: Out of order buffers detected for RequestedLayerState{com.sec.android.app.launcher/com.sec.android.app.launcher.activities.LauncherActivity$_3037#82051 parentId=132} producedId=2685 frameNumber=40 -> producedId=2685 frameNumber=14
12-27 17:26:03.351  3037  5909 I VRI[LauncherActivity]@49b34de: mWNT: t=0xb400006ea3b21f90 mBlastBufferQueue=0xb400006df39a8410 fn= 15 HdrRenderState mRenderHdrSdrRatio=1.0 caller= com.android.systemui.shared.launcher.ViewRootImplCompat.mergeWithNextTransaction:4 com.honeyspace.transition.utils.SurfaceTransactionApplier.scheduleApply$lambda$1:26 com.honeyspace.transition.utils.SurfaceTransactionApplier.b:0 
12-27 17:26:03.367  1065  1065 E SurfaceFlinger: Out of order buffers detected for RequestedLayerState{com.sec.android.app.launcher/com.sec.android.app.launcher.activities.LauncherActivity$_3037#82051 parentId=132} producedId=2685 frameNumber=40 -> producedId=2685 frameNumber=15
12-27 17:26:03.367 30014 30020 I adbd    : USB event: FUNCTIONFS_SUSPEND
12-27 17:26:03.367  3037  3037 E SurfaceComposerClient: SurfaceComposerClient::Transaction::setAlpha: invalid alpha -0.016384, clamping
12-27 17:26:03.367 30014 30020 I adbd    : USB event: FUNCTIONFS_RESUME
12-27 17:26:03.367  3037  5908 I VRI[LauncherActivity]@49b34de: mWNT: t=0xb400006ea3b6de10 mBlastBufferQueue=0xb400006df39a8410 fn= 16 HdrRenderState mRenderHdrSdrRatio=1.0 caller= com.android.systemui.shared.launcher.ViewRootImplCompat.mergeWithNextTransaction:4 com.honeyspace.transition.utils.SurfaceTransactionApplier.scheduleApply$lambda$1:26 com.honeyspace.transition.utils.SurfaceTransactionApplier.b:0 
12-27 17:26:03.368 30014 30020 I adbd    : USB event: FUNCTIONFS_SUSPEND
12-27 17:26:03.378 30014 30020 I adbd    : USB event: FUNCTIONFS_SUSPEND
12-27 17:26:03.378 30014 30020 I adbd    : USB event: FUNCTIONFS_RESUME
12-27 17:26:03.379 30014 30020 I adbd    : USB event: FUNCTIONFS_SUSPEND
12-27 17:26:03.382   980  5090 I ExynosCameraFramePipeHandlerPreview: [CAM(1)][ExynosCameraFramePipeHandlerPreview]-(m_previewHandler3AA[654]):[CAM1][F4 FT2 MetaFrameCount=9] 3AA first frame is DONE
12-27 17:26:03.382   980  5090 I ExynosCameraSec: [CAM(1)][Front_0]-(m_updateResultShot[13340]):burstshot_fps(20) / Bv(279) / Shutter speed(33)
12-27 17:26:03.382   980  5090 I ExynosCameraMetadataConverterVendor: [CAM(1)][]-(translateVendorPartialControlMetaData[6117]):Current extendedAfInfo(1)
12-27 17:26:03.382   980  5085 I ExynosCameraMCPipeSec: [CAM(1)][PIPE_LME_SRC_IMAGE]-(m_checkNodeGroupInfo[2746]):[R0 F4 DRV9 T2] (LME_SRC_IMAGE):vid(85), request(0 -> 1), oldCropSize(0, 0, 0, 0 / 0, 0, 0, 0) -> newCropSize(0, 0, 1664, 1248 / 0, 0, 1664, 1248) mode(0->1) pixelformat(0->1497715271) pixelsize(0->0) flags(0->0) size(0 0 -> 0 0) quantization(0->1) flip(0->0) plane(2)bytesperline [0]0->1664 [1]0->0 
12-27 17:26:03.382   980  5085 I ExynosCameraMCPipeSec: [CAM(1)][PIPE_LME_SRC_IMAGE]-(m_checkNodeGroupInfo[2746]):[R0 F4 DRV9 T2] (LME_SRC_PREV_IMAGE):vid(86), request(0 -> 0), oldCropSize(0, 0, 0, 0 / 0, 0, 0, 0) -> newCropSize(0, 0, 1664, 1248 / 0, 0, 1664, 1248) mode(0->0) pixelformat(0->1497715271) pixelsize(0->0) flags(0->0) size(0 0 -> 0 0) quantization(0->0) flip(0->0) plane(0)
12-27 17:26:03.382   980  5085 I ExynosCameraMCPipeSec: [CAM(1)][PIPE_LME_SRC_IMAGE]-(m_checkNodeGroupInfo[2746]):[R0 F4 DRV9 T2] (LME_DST):vid(87), request(0 -> 1), oldCropSize(0, 0, 0, 0 / 0, 0, 0, 0) -> newCropSize(0, 0, 624, 312 / 0, 0, 624, 312) mode(0->1) pixelformat(0->1497715271) pixelsize(0->0) flags(0->0) size(0 0 -> 0 0) quantization(0->1) flip(0->0) plane(2)bytesperline [0]0->0 [1]0->0 
12-27 17:26:03.382   980  5085 I ExynosCameraMCPipeSec: [CAM(1)][PIPE_LME_SRC_IMAGE]-(m_checkNodeGroupInfo[2746]):[R0 F4 DRV9 T2] (LME_SW_DST):vid(180), request(0 -> 1), oldCropSize(0, 0, 0, 0 / 0, 0, 0, 0) -> newCropSize(0, 0, 96, 64 / 0, 0, 96, 64) mode(0->1) pixelformat(0->1497715271) pixelsize(0->0) flags(0->0) size(0 0 -> 0 0) quantization(0->1) flip(0->0) plane(2)bytesperline [0]0->0 [1]0->0 
12-27 17:26:03.382   980  5058 I ExynosCameraRequestManagerSec: [CAM(1)][]-(m_resultMetaCallbackThreadFunc[2491]):[R0] m_allMetaDurationTime(1621204610) m_allMetaQdurationTime(116)
12-27 17:26:03.382   980  5082 I EDEN    : [Exynos][EDEN][v1.6.23][RT::EdenRuntime] ExecuteReq:358: (+) modelId=98004553, mode=0 req=0xb400007e4b5260c0
12-27 17:26:03.382   980  5059 I Unihal  : HalCaptureMediator.cpp: ProcessCaptureResult: 1318: [UNIKPI][1] VndHAL->process_capture_result: E
12-27 17:26:03.382   980  5059 I Unihal  : HalCaptureMediator.cpp: ProcessCaptureResult: 1318: [UNIKPI][1] VndHAL->process_capture_result: X
12-27 17:26:03.383  1065  1065 E SurfaceFlinger: alpha changed 0.022 -> 0.000 - Surface(name=Task=5313)/@0x9a8b4a3_transition-leash#82142
12-27 17:26:03.383  1065  1065 E SurfaceFlinger: Out of order buffers detected for RequestedLayerState{com.sec.android.app.launcher/com.sec.android.app.launcher.activities.LauncherActivity$_3037#82051 parentId=132} producedId=2685 frameNumber=40 -> producedId=2685 frameNumber=16
12-27 17:26:03.383  3037  3037 E SurfaceComposerClient: SurfaceComposerClient::Transaction::setAlpha: invalid alpha -0.037181, clamping
12-27 17:26:03.384  3037  5909 I VRI[LauncherActivity]@49b34de: mWNT: t=0xb400006ea3ad1cd0 mBlastBufferQueue=0xb400006df39a8410 fn= 17 HdrRenderState mRenderHdrSdrRatio=1.0 caller= com.android.systemui.shared.launcher.ViewRootImplCompat.mergeWithNextTransaction:4 com.honeyspace.transition.utils.SurfaceTransactionApplier.scheduleApply$lambda$1:26 com.honeyspace.transition.utils.SurfaceTransactionApplier.b:0 
12-27 17:26:03.385   980  5087 I ExynosCameraMCPipeSec: [CAM(1)][PIPE_ISP]-(m_checkNodeGroupInfo[2746]):[R0 F4 DRV9 T2] (ISP_OUTPUT):vid(30), request(0 -> 1), oldCropSize(0, 0, 0, 0 / 0, 0, 0, 0) -> newCropSize(0, 0, 2432, 1824 / 0, 0, 2432, 1824) mode(0->1) pixelformat(0->1128481392) pixelsize(0->5) flags(0->69) size(0 0 -> 0 0) quantization(0->1) flip(0->0) plane(2)bytesperline [0]0->3952 [1]0->0 
12-27 17:26:03.385   980  5087 I ExynosCameraMCPipeSec: [CAM(1)][PIPE_ISP]-(m_checkNodeGroupInfo[2746]):[R0 F4 DRV9 T2] (ISP_DRC_GRID):vid(166), request(0 -> 1), oldCropSize(0, 0, 0, 0 / 0, 0, 0, 0) -> newCropSize(0, 0, 1024, 256 / 0, 0, 1024, 256) mode(0->1) pixelformat(0->1497715271) pixelsize(0->0) flags(0->0) size(0 0 -> 0 0) quantization(0->1) flip(0->0) plane(2)bytesperline [0]0->0 [1]0->0 
12-27 17:26:03.385   980  5087 I ExynosCameraMCPipeSec: [CAM(1)][PIPE_ISP]-(m_checkNodeGroupInfo[2746]):[R0 F4 DRV9 T2] (ISP_LME):vid(163), request(0 -> 1), oldCropSize(0, 0, 0, 0 / 0, 0, 0, 0) -> newCropSize(0, 0, 96, 64 / 0, 0, 96, 64) mode(0->1) pixelformat(0->1497715271) pixelsize(0->0) flags(0->0) size(0 0 -> 0 0) quantization(0->1) flip(0->0) plane(2)bytesperline [0]0->0 [1]0->0 
12-27 17:26:03.385   980  5087 I ExynosCameraMCPipeSec: [CAM(1)][PIPE_ISP]-(m_checkNodeGroupInfo[2746]):[R0 F4 DRV9 T2] (MCSC_PREVIEW):vid(70), request(0 -> 1), oldCropSize(0, 0, 0, 0 / 0, 0, 0, 0) -> newCropSize(0, 0, 2432, 1824 / 0, 0, 320, 240) mode(0->1) pixelformat(0->825382478) pixelsize(0->0) flags(0->0) size(0 0 -> 0 0) quantization(0->1) flip(0->0) plane(2)bytesperline [0]0->0 [1]0->0 
12-27 17:26:03.385   980  5087 I ExynosCameraMCPipeSec: [CAM(1)][PIPE_ISP]-(m_checkNodeGroupInfo[2746]):[R0 F4 DRV9 T2] (MCSC_PREVIEW_CALLBACK):vid(71), request(0 -> 0), oldCropSize(0, 0, 0, 0 / 0, 0, 0, 0) -> newCropSize(0, 0, 0, 0 / 0, 0, 0, 0) mode(0->0) pixelformat(0->825382478) pixelsize(0->0) flags(0->0) size(0 0 -> 0 0) quantization(0->0) flip(0->0) plane(0)
12-27 17:26:03.385   980  5087 I ExynosCameraMCPipeSec: [CAM(1)][PIPE_ISP]-(m_checkNodeGroupInfo[2746]):[R0 F4 DRV9 T2] (MCSC_RECORDING):vid(72), request(0 -> 0), oldCropSize(0, 0, 0, 0 / 0, 0, 0, 0) -> newCropSize(0, 0, 0, 0 / 0, 0, 0, 0) mode(0->0) pixelformat(0->825382478) pixelsize(0->0) flags(0->0) size(0 0 -> 0 0) quantization(0->0) flip(0->0) plane(0)
12-27 17:26:03.385   980  5087 I ExynosCameraMCPipeSec: [CAM(1)][PIPE_ISP]-(m_checkNodeGroupInfo[2746]):[R0 F4 DRV9 T2] (MCSC_HF):vid(75), request(0 -> 0), oldCropSize(0, 0, 0, 0 / 0, 0, 0, 0) -> newCropSize(0, 0, 3648, 2736 / 0, 0, 3648, 2736) mode(0->0) pixelformat(0->1497715271) pixelsize(0->0) flags(0->0) size(0 0 -> 0 0) quantization(0->0) flip(0->0) plane(0)
12-27 17:26:03.388 30014 30020 I adbd    : USB event: FUNCTIONFS_SUSPEND
12-27 17:26:03.388 30014 30020 I adbd    : USB event: FUNCTIONFS_RESUME
12-27 17:26:03.390 30014 30020 I adbd    : USB event: FUNCTIONFS_SUSPEND
12-27 17:26:03.395   980  5092 I ExynosCameraFramePipeHandlerPreview: [CAM(1)][ExynosCameraFramePipeHandlerPreview]-(m_previewHandlerISP[853]):[CAM1][F4 FT2 MetaFrameCount 9] ISP first frame is DONE
12-27 17:26:03.395   980  5092 I ExynosCameraSec: [CAM(1)][Front_0]-(updatePreviewTimerStatus[11315]):[CAMSYSKPI] = pipeId =12 HAL3_camera_device_configure_streams ~ first frame  : 505 msec
12-27 17:26:03.395   980  5092 I ExynosCameraActivityAutofocus: [CAM(1)][]-(displayAFInfo[83]):(CMGEFL):0x3 0x663 0xa73 0xa2c4 0x10 0x5fc 0xa 0x0 0x1343aae 0x0
12-27 17:26:03.395   980  5092 I ExynosCameraMetadataConverterVendor: [CAM(1)][]-(translateVendorControlMetaData[4917]):[R0] SAMSUNG_ANDROID_CONTROL_LIGHT_CONDITION(0)
12-27 17:26:03.395   980  5092 I ExynosCameraMetadataConverterVendor: [CAM(1)][]-(translateVendorControlMetaData[4936]):[R0] ANDROID_REQUEST_ID(0)
12-27 17:26:03.395  1206  1339 D Camera3-OutputStream: returnBufferCheckedLocked: First frame for stream 0, width 320, height 240, format 35
12-27 17:26:03.396   980  5059 I Unihal  : HalCaptureMediator.cpp: ProcessCaptureResult: 1318: [UNIKPI][1] VndHAL->process_capture_result: E
12-27 17:26:03.396   980  5059 I SehCamDevSession@5.0-impl: [CAMKPI] camera3->process_capture_result : E
12-27 17:26:03.396   980  5059 I SehCamDevSession@5.0-impl: [CAMKPI] camera3->process_capture_result : X
12-27 17:26:03.396   980  5059 I Unihal  : HalCaptureMediator.cpp: ProcessCaptureResult: 1318: [UNIKPI][1] VndHAL->process_capture_result: X
12-27 17:26:03.396  3478  3515 I CameraV2Controller: onImageAvailable width :320 height 240
12-27 17:26:03.396  3478  3515 I SmartFaceService: Calling onPreviewFrame: Thread[Stay/Rotation Worker,5,main]/1214161669
12-27 17:26:03.397  3478  3516 E SmartScreen_JNI: processImage start : prev time [ 103723 ]
12-27 17:26:03.400  1065  1065 E SurfaceFlinger: Out of order buffers detected for RequestedLayerState{com.sec.android.app.launcher/com.sec.android.app.launcher.activities.LauncherActivity$_3037#82051 parentId=132} producedId=2685 frameNumber=40 -> producedId=2685 frameNumber=17
12-27 17:26:03.400  3037  3037 E SurfaceComposerClient: SurfaceComposerClient::Transaction::setAlpha: invalid alpha -0.047539, clamping
12-27 17:26:03.401  3037  5908 I VRI[LauncherActivity]@49b34de: mWNT: t=0xb400006ea3b04010 mBlastBufferQueue=0xb400006df39a8410 fn= 18 HdrRenderState mRenderHdrSdrRatio=1.0 caller= com.android.systemui.shared.launcher.ViewRootImplCompat.mergeWithNextTransaction:4 com.honeyspace.transition.utils.SurfaceTransactionApplier.scheduleApply$lambda$1:26 com.honeyspace.transition.utils.SurfaceTransactionApplier.b:0 
12-27 17:26:03.402 30014 30020 I adbd    : USB event: FUNCTIONFS_SUSPEND
12-27 17:26:03.402 30014 30020 I adbd    : USB event: FUNCTIONFS_RESUME
12-27 17:26:03.403 30014 30020 I adbd    : USB event: FUNCTIONFS_SUSPEND
12-27 17:26:03.406 30014 30020 I adbd    : USB event: FUNCTIONFS_SUSPEND
12-27 17:26:03.415   980  5085 I ExynosCameraMCPipeSec: [CAM(1)][PIPE_LME_SRC_IMAGE]-(m_checkNodeGroupInfo[2746]):[R1 F5 DRV10 T2] (LME_SRC_PREV_IMAGE):vid(86), request(0 -> 1), oldCropSize(0, 0, 1664, 1248 / 0, 0, 1664, 1248) -> newCropSize(0, 0, 1664, 1248 / 0, 0, 1664, 1248) mode(0->1) pixelformat(1497715271->1497715271) pixelsize(0->0) flags(0->0) size(0 0 -> 0 0) quantization(0->1) flip(0->0) plane(2)bytesperline [0]0->0 [1]0->0 
12-27 17:26:03.417  1065  1065 E SurfaceFlinger: Out of order buffers detected for RequestedLayerState{com.sec.android.app.launcher/com.sec.android.app.launcher.activities.LauncherActivity$_3037#82051 parentId=132} producedId=2685 frameNumber=40 -> producedId=2685 frameNumber=18
12-27 17:26:03.417  3037  3037 E SurfaceComposerClient: SurfaceComposerClient::Transaction::setAlpha: invalid alpha -0.050438, clamping
12-27 17:26:03.417 30014 30020 I adbd    : USB event: FUNCTIONFS_RESUME
12-27 17:26:03.417  3037  5909 I VRI[LauncherActivity]@49b34de: mWNT: t=0xb400006ea3a6e7d0 mBlastBufferQueue=0xb400006df39a8410 fn= 19 HdrRenderState mRenderHdrSdrRatio=1.0 caller= com.android.systemui.shared.launcher.ViewRootImplCompat.mergeWithNextTransaction:4 com.honeyspace.transition.utils.SurfaceTransactionApplier.scheduleApply$lambda$1:26 com.honeyspace.transition.utils.SurfaceTransactionApplier.b:0 
12-27 17:26:03.418 30014 30020 I adbd    : USB event: FUNCTIONFS_SUSPEND
12-27 17:26:03.418 30014 30020 I adbd    : USB event: FUNCTIONFS_RESUME
12-27 17:26:03.419 30014 30020 I adbd    : USB event: FUNCTIONFS_SUSPEND
12-27 17:26:03.430  3478  3515 I CameraV2Controller: onImageAvailable width :320 height 240
12-27 17:26:03.430  3478  3515 I SmartFaceService: Calling onPreviewFrame: Thread[Stay/Rotation Worker,5,main]/1214161703
12-27 17:26:03.433  1065  1065 E SurfaceFlinger: Out of order buffers detected for RequestedLayerState{com.sec.android.app.launcher/com.sec.android.app.launcher.activities.LauncherActivity$_3037#82051 parentId=132} producedId=2685 frameNumber=40 -> producedId=2685 frameNumber=19
12-27 17:26:03.433  3037  3037 E SurfaceComposerClient: SurfaceComposerClient::Transaction::setAlpha: invalid alpha -0.047134, clamping
12-27 17:26:03.434  3037  5908 I VRI[LauncherActivity]@49b34de: mWNT: t=0xb400006ea3a26a10 mBlastBufferQueue=0xb400006df39a8410 fn= 20 HdrRenderState mRenderHdrSdrRatio=1.0 caller= com.android.systemui.shared.launcher.ViewRootImplCompat.mergeWithNextTransaction:4 com.honeyspace.transition.utils.SurfaceTransactionApplier.scheduleApply$lambda$1:26 com.honeyspace.transition.utils.SurfaceTransactionApplier.b:0 
12-27 17:26:03.444  3478  3516 E SmartScreen_JNI: processImage end : function time [ 64679 ] [-100] 
12-27 17:26:03.444  3478  3516 I Stay/Rotation Worker: processSmartStay[47ms], ret: -100 needToStay: no mFrameCount: 0 mFixed: true
12-27 17:26:03.444  1405  5019 E SmartFaceManager: checkForSmartStay onInfo: 100: 0
12-27 17:26:03.445  3478  3516 E SmartScreen_JNI: processImage start : prev time [ 65372 ]
12-27 17:26:03.450  1065  1065 E SurfaceFlinger: Out of order buffers detected for RequestedLayerState{com.sec.android.app.launcher/com.sec.android.app.launcher.activities.LauncherActivity$_3037#82051 parentId=132} producedId=2685 frameNumber=40 -> producedId=2685 frameNumber=20
12-27 17:26:03.450  3037  3037 E SurfaceComposerClient: SurfaceComposerClient::Transaction::setAlpha: invalid alpha -0.040076, clamping
12-27 17:26:03.451  3037  5909 I VRI[LauncherActivity]@49b34de: mWNT: t=0xb400006ea3a07910 mBlastBufferQueue=0xb400006df39a8410 fn= 21 HdrRenderState mRenderHdrSdrRatio=1.0 caller= com.android.systemui.shared.launcher.ViewRootImplCompat.mergeWithNextTransaction:4 com.honeyspace.transition.utils.SurfaceTransactionApplier.scheduleApply$lambda$1:26 com.honeyspace.transition.utils.SurfaceTransactionApplier.b:0 
12-27 17:26:03.457 30014 30020 I adbd    : USB event: FUNCTIONFS_SUSPEND
12-27 17:26:03.457 30014 30020 I adbd    : USB event: FUNCTIONFS_SUSPEND
12-27 17:26:03.460   980  5095 I ExynosCameraSec: [CAM(1)][Front_0]-(m_monitorThreadFunc[6770]):@FIMC_IS_SYNC 2270
12-27 17:26:03.461   980  5095 I ExynosCameraMCPipe: [CAM(1)][PIPE_3AA]-(syncLog[1036]):
12-27 17:26:03.463  3478  3515 I CameraV2Controller: onImageAvailable width :320 height 240
12-27 17:26:03.463  3478  3515 I SmartFaceService: Calling onPreviewFrame: Thread[Stay/Rotation Worker,5,main]/1214161736
12-27 17:26:03.466  1065  1065 E SurfaceFlinger: Out of order buffers detected for RequestedLayerState{com.sec.android.app.launcher/com.sec.android.app.launcher.activities.LauncherActivity$_3037#82051 parentId=132} producedId=2685 frameNumber=40 -> producedId=2685 frameNumber=21
12-27 17:26:03.466  3037  3037 E SurfaceComposerClient: SurfaceComposerClient::Transaction::setAlpha: invalid alpha -0.029535, clamping
12-27 17:26:03.467  3037  5908 I VRI[LauncherActivity]@49b34de: mWNT: t=0xb400006ea3a05b50 mBlastBufferQueue=0xb400006df39a8410 fn= 22 HdrRenderState mRenderHdrSdrRatio=1.0 caller= com.android.systemui.shared.launcher.ViewRootImplCompat.mergeWithNextTransaction:4 com.honeyspace.transition.utils.SurfaceTransactionApplier.scheduleApply$lambda$1:26 com.honeyspace.transition.utils.SurfaceTransactionApplier.b:0 
12-27 17:26:03.482   980  5082 I EDEN    : [Exynos][EDEN][v1.6.23][RT::EdenRuntime] ExecuteReq:358: (+) modelId=98004553, mode=0 req=0xb400007e4b5260c0
12-27 17:26:03.483  1065  1065 E SurfaceFlinger: Out of order buffers detected for RequestedLayerState{com.sec.android.app.launcher/com.sec.android.app.launcher.activities.LauncherActivity$_3037#82051 parentId=132} producedId=2685 frameNumber=40 -> producedId=2685 frameNumber=22
12-27 17:26:03.483  3037  3037 E SurfaceComposerClient: SurfaceComposerClient::Transaction::setAlpha: invalid alpha -0.015622, clamping
12-27 17:26:03.483  3037  3037 I HoneySpace.FloatingAnimator: [Player:A(3.124)] value animator:[223018129] end
12-27 17:26:03.483  3037  3037 I HoneySpace.FloatingAnimator: [Player:A(3.124)] reset
12-27 17:26:03.483  3037  3037 I HoneySpace.FloatingAnimator: playerCount : 0
12-27 17:26:03.483  3037  3037 I HoneySpace.FloatingFinishHelper: finishInProgress: true
12-27 17:26:03.485  3037  3037 I HoneySpace.AppCloseAnimationDelegate: animatorSet end
12-27 17:26:03.485  3037  3037 I HoneySpace.DeJankUtils: postAfterTraversal is called com.honeyspace.common.performance.JankWrapper$addCujInstrumentation$1$4$1@fdcdcbb, immediate : true detail : app transition end
12-27 17:26:03.485  3037  3037 I HoneySpace.AnimationResult: finish, false
12-27 17:26:03.485  3037  3037 I HoneySpace.RunnableList: executeAllAndClear() called, size: 1
12-27 17:26:03.485  3037  3037 I HoneySpace.FloatingFinishHelper: isAppShow reset, immediate
12-27 17:26:03.485  3037  3037 I HoneySpace.WorkspaceViewModel: StartContentAnimation, type: AppClose, inProgress: false
12-27 17:26:03.485  3037  3037 I HoneySpace.HomescreenPot: playContentAnimator end, skip alpha: false, paramType = AppClose, state = com.honeyspace.sdk.HomeScreen$Normal@cb4cb04 -> com.honeyspace.sdk.HomeScreen$Normal@cb4cb04
12-27 17:26:03.485  3037  3037 I StickerOperator: restoreOverlapStickers, 0, 52732338
12-27 17:26:03.485  3037 24789 I HoneySpace.AnimationResult: asyncFinishRunnable run
12-27 17:26:03.485  2502  2556 V WindowManagerShell: Transition animation finished (aborted=false), notifying core (#6446) android.os.BinderProxy@fe8105c@0
12-27 17:26:03.486  3037  5953 I HoneySpace.SPayHandler: updateSpayHandler, show = true, defaultPage = true
12-27 17:26:03.486  3037  3037 I HoneySpace.HoneyScreenManagerImpl: transitionAnimator is ended, onCancel: false
12-27 17:26:03.486  3037  3037 I HoneySpace.ContentsAnimator: ContentsAnimator end [185067510]
12-27 17:26:03.486 15941 15941 I SAMSUNGWALLET: [Hint_PayHintService] onReceive() action=com.sec.android.app.launcher.intent.action.UPDATE_SPAY_HANDLER
12-27 17:26:03.486  2502  2556 I SurfaceControlRegistry: apply, t=FinishTransaction_SyncId<6446>, caller=android.view.SurfaceControl$Transaction.apply:3135 android.view.SurfaceControl$Transaction.apply:3122 android.view.SurfaceControl$Transaction.apply:3078 com.android.wm.shell.transition.Transitions.onFinish:308 com.android.wm.shell.transition.Transitions$$ExternalSyntheticLambda8.onTransitionFinished:10 com.android.wm.shell.transition.RemoteTransitionHandler$1$$ExternalSyntheticLambda0.run:78 
12-27 17:26:03.486 15941 15941 I SAMSUNGWALLET: [Hint_PayHintService] home change, s home : true , default : true , gesture : false , s result : true , prev : true
12-27 17:26:03.486  3037  3037 I HoneySpace.AnimationResult: completeCallback run
12-27 17:26:03.486  3037  5909 I VRI[LauncherActivity]@49b34de: mWNT: t=0xb400006ea39f54d0 mBlastBufferQueue=0xb400006df39a8410 fn= 23 HdrRenderState mRenderHdrSdrRatio=1.0 caller= com.android.systemui.shared.launcher.ViewRootImplCompat.mergeWithNextTransaction:4 com.honeyspace.transition.utils.SurfaceTransactionApplier.scheduleApply$lambda$1:26 com.honeyspace.transition.utils.SurfaceTransactionApplier.b:0 
12-27 17:26:03.487  1405  5534 V WindowManager: Finish Transition: TransitionRecord{2a537d8 id=6446 type=CLOSE flags=0x0}, caller=com.android.server.wm.WindowOrganizerController.finishTransitionInner:26 com.android.server.wm.WindowOrganizerController.finishAllTransitions:59 android.window.IWindowOrganizerController$Stub.onTransact:311 
12-27 17:26:03.487  1405  1510 V WindowManager: Finish Transition (#6446): created at 12-27 17:26:03.032 collect-started=0.222ms request-sent=0.415ms started=2.842ms ready=51.801ms sent=87.311ms finished=454.252ms
12-27 17:26:03.487  1405  5534 D PersonaActivityHelper: token.toString()  Token{1b7a5f8 ActivityRecord{403e55 u0 com.sec.android.app.launcher/.activities.LauncherActivity t4814}}
12-27 17:26:03.487  1405  5534 D PersonaActivityHelper: mLastResumedSFActivity getPackageName  com.android.settings
12-27 17:26:03.487  1405  5534 D PersonaActivityHelper: mLastResumedSFActivity getShortClassName  .Settings$UsbDetailsActivity
12-27 17:26:03.487  1405  5534 D PersonaActivityHelper: token.toString()  Token{ff37fe8 ActivityRecord{389d685 u0 com.moneymind.app/crc64399a401da9d21b0a.MainActivity t5313 f} isExiting}}
12-27 17:26:03.487  1405  5534 D PersonaActivityHelper: mLastResumedSFActivity getPackageName  com.android.settings
12-27 17:26:03.487  1405  5534 D PersonaActivityHelper: mLastResumedSFActivity getShortClassName  .Settings$UsbDetailsActivity
12-27 17:26:03.487  3037  3037 I HoneySpace.Launcher: onEnterAnimationComplete
12-27 17:26:03.487  1065  1864 I SurfaceFlinger: id=82136 Removed 1ffd8ef ActivityRecordInputSink com.moneymind.app/crc64399a401da9d21b0a.MainActivity#82136 (175)
12-27 17:26:03.488  1065  1864 I SurfaceFlinger: id=82144 createSurf, flag=24004, Task=5313#82144
12-27 17:26:03.489  1405  5534 D ChangeTransitionController: onTransitionFinished: TransitionRecord{2a537d8 id=6446 type=CLOSE flags=0x0}
12-27 17:26:03.489  2502  2556 V WindowManagerShell: Track 0 became idle
12-27 17:26:03.490  2502  2556 V WindowManagerShell: All active transition animations finished
12-27 17:26:03.490  1405  2586 W UserManagerService: Requested status bar icon for non-badged user 0
12-27 17:26:03.490  3037 26124 I HoneySpace.RecentTasks: onRecentTasksChanged
12-27 17:26:03.490  1405  2586 W UserManagerService: Requested status bar icon for non-badged user 0
12-27 17:26:03.490  3037  3037 I HoneySpace.TaskListViewModel: onTaskRemoved : 5313
12-27 17:26:03.490  3037  3037 I HoneySpace.TaskListPot: taskRemoveId, taskId = 5313
12-27 17:26:03.490  3037  3037 I HoneySpace.StackRecentsView: INVALID_TASK_POSITION 5313
12-27 17:26:03.491  3037  3037 I HoneySpace.TaskListViewModel: onTaskRemoved : 5313
12-27 17:26:03.491  3037  3123 I HoneySpace.TopTaskSource: onTaskRemoved: 5313
12-27 17:26:03.491  3037  3037 I HoneySpace.TaskListPot: taskRemoveId, taskId = 5313
12-27 17:26:03.491  3037  3037 I HoneySpace.StackRecentsView: INVALID_TASK_POSITION 5313
12-27 17:26:03.491  3037  3123 I HoneySpace.TopTaskSource: onTaskRemoved: 5313
12-27 17:26:03.493  3037 26124 I HoneySpace.HistoryViewModel@17345573@OneUI: Illegal access. Unknown type. skip load history items
12-27 17:26:03.494 30014 30020 I adbd    : USB event: FUNCTIONFS_SUSPEND
12-27 17:26:03.494 30014 30020 I adbd    : USB event: FUNCTIONFS_RESUME
12-27 17:26:03.495  3037  3037 I HoneySpace.FloatingFinishHelper: finishInProgress: false
12-27 17:26:03.495  3478  3516 E SmartScreen_JNI: processImage end : function time [ 67071 ] [-1] 
12-27 17:26:03.495 30014 30020 I adbd    : USB event: FUNCTIONFS_SUSPEND
12-27 17:26:03.495  3478  3516 I Stay/Rotation Worker: processSmartStay[51ms], ret: -1 needToStay: no mFrameCount: 1 mFixed: true
12-27 17:26:03.495  1405  5019 E SmartFaceManager: checkForSmartStay onInfo: 100: 0
12-27 17:26:03.495  3478  3516 E SmartScreen_JNI: processImage start : prev time [ 67483 ]
12-27 17:26:03.495  3478  4117 I SmartFaceService: setValue, key: empty key for ping value: empty value
12-27 17:26:03.495  3478  4117 I SmartFaceService.Client: Wrong Command key from client. Ignore.
12-27 17:26:03.496  3478  4117 I SmartFaceService: unregister:1214161768
12-27 17:26:03.496  3478  4117 I SmartFaceService: unregister
12-27 17:26:03.496  3478  4117 I SmartFaceService: unregister client found. pid 1405 service type: 100
12-27 17:26:03.496  3478  4117 I SmartFaceService: Service Type to Worker: 0
12-27 17:26:03.496  3478  4117 I SmartFaceService: Last Active clients:1 Current Active clients: 0
12-27 17:26:03.496  3478  4117 I SmartFaceService: No active clients. close camera
12-27 17:26:03.496  3478  4117 I CameraController: closeCamera S
12-27 17:26:03.497  3478  3515 I CameraV2Controller: onImageAvailable width :320 height 240
12-27 17:26:03.497  3478  3515 I SmartFaceService: Calling onPreviewFrame: Thread[Stay/Rotation Worker,5,main]/1214161770
12-27 17:26:03.500  3478  3510 I CameraV2Controller: handleMessage(0) { when=-4ms what=0 obj=java.util.concurrent.CountDownLatch@7907750[Count = 1] target=a.i }
12-27 17:26:03.500  3037  3037 I HoneySpace.DeJankUtils: traversals callback's received
12-27 17:26:03.500  3037  3037 I HoneySpace.DeJankUtils: doActionRunnable is called com.honeyspace.common.performance.JankWrapper$addCujInstrumentation$1$4$1@fdcdcbb, immediate = true, detail : app transition end
12-27 17:26:03.500  1065  1065 I SurfaceFlinger: Layer [Task=5313#82129] hidden!! flag(1)
12-27 17:26:03.500  1065  1065 E SurfaceFlinger: Out of order buffers detected for RequestedLayerState{com.sec.android.app.launcher/com.sec.android.app.launcher.activities.LauncherActivity$_3037#82051 parentId=132} producedId=2685 frameNumber=40 -> producedId=2685 frameNumber=23
12-27 17:26:03.500  1065  1065 I SurfaceFlinger: [LayerHierarchy{RequestedLayerState{Task=1#52 parentId=11} 2 children}] reparent to LayerHierarchy{RequestedLayerState{DefaultTaskDisplayArea_d0#11 parentId=10} 14 children}
12-27 17:26:03.500  1065  1065 I SurfaceFlinger: [LayerHierarchy{RequestedLayerState{WallpaperWindowToken{5627964 token=android.os.Binder@30456f7}#92 parentId=9 z=1} 1 children}] reparent to LayerHierarchy{RequestedLayerState{Leaf:1:1#9 parentId=8} 2 children}
12-27 17:26:03.500  1065  1065 I SurfaceFlinger: [LayerHierarchy{RequestedLayerState{Task=5313#82129 parentId=11 z=11} 1 children}] reparent to LayerHierarchy{RequestedLayerState{DefaultTaskDisplayArea_d0#11 parentId=10} 15 children}
12-27 17:26:03.500  2502  2502 D SystemUIService: SYSUI_RAM_OPTIMIZATION onTrimMemory=20
12-27 17:26:03.500  1065  1065 I SurfaceFlinger: [LayerHierarchy{RequestedLayerState{Transition Root: Task=1#82140} 2 children}] reparent to OffscreenRoot
12-27 17:26:03.500  1065  1065 I SurfaceFlinger: [LayerHierarchy{RequestedLayerState{Transition Root: Task=1#82140} 2 children}] RelativeParent to null
12-27 17:26:03.500  1065  1065 I SurfaceFlinger: [Task=5313#82144] attach to parent Root
12-27 17:26:03.500  1206 10456 D Camera3-Device: clearStreamingRequest
12-27 17:26:03.500  1206 10456 I Camera3-Device: clearStreamingRequest - Camera 1: Clearing repeating request
12-27 17:26:03.500  2502  2502 D CentralSurfaces: SYSUI_RAM_OPTIMIZATION onTrimMemory=20
