12-27 17:23:37.836  2731  2771 E NetlinkUtils: receiveNetlinkAck, errmsg=NetlinkErrorMessage{ nlmsghdr{StructNlMsgHdr{ nlmsg_len{100}, nlmsg_type{2()}, nlmsg_flags{0()}, nlmsg_seq{1}, nlmsg_pid{-1093859462} }}, nlmsgerr{StructNlMsgErr{ error{-2}, msg{StructNlMsgHdr{ nlmsg_len{80}, nlmsg_type{256()}, nlmsg_flags{261(NLM_F_REQUEST|NLM_F_ACK|NLM_F_ROOT)}, nlmsg_seq{1}, nlmsg_pid{0} }} }} }
12-27 17:23:37.836  2731  2771 W Tethering: [BpfCoordinator] WARN Failed to update conntrack entry (proto: 6, src4: /192.168.94.141, srcPort: 61773, dst4: /160.79.104.10, dstPort: 443), msg: 5000000000010501010000000000000002000000340001801400018008000100C0A85E8D08000200A04F680A1C000280050001000600000006000200F14D00000600030001BB00000800070000069780, e: android.system.ErrnoException: NetlinkErrorMessage{ nlmsghdr{StructNlMsgHdr{ nlmsg_len{100}, nlmsg_type{2()}, nlmsg_flags{0()}, nlmsg_seq{1}, nlmsg_pid{-1093859462} }}, nlmsgerr{StructNlMsgErr{ error{-2}, msg{StructNlMsgHdr{ nlmsg_len{80}, nlmsg_type{256()}, nlmsg_flags{261(NLM_F_REQUEST|NLM_F_ACK|NLM_F_ROOT)}, nlmsg_seq{1}, nlmsg_pid{0} }} }} } failed: ENOENT (No such file or directory)
12-27 17:23:37.836  2731  2771 E NetlinkUtils: receiveNetlinkAck, errmsg=NetlinkErrorMessage{ nlmsghdr{StructNlMsgHdr{ nlmsg_len{100}, nlmsg_type{2()}, nlmsg_flags{0()}, nlmsg_seq{1}, nlmsg_pid{-878211618} }}, nlmsgerr{StructNlMsgErr{ error{-2}, msg{StructNlMsgHdr{ nlmsg_len{80}, nlmsg_type{256()}, nlmsg_flags{261(NLM_F_REQUEST|NLM_F_ACK|NLM_F_ROOT)}, nlmsg_seq{1}, nlmsg_pid{0} }} }} }
12-27 17:23:37.836  2731  2771 W Tethering: [BpfCoordinator] WARN Failed to update conntrack entry (proto: 6, src4: /192.168.94.141, srcPort: 61739, dst4: /160.79.104.10, dstPort: 443), msg: 5000000000010501010000000000000002000000340001801400018008000100C0A85E8D08000200A04F680A1C000280050001000600000006000200F12B00000600030001BB00000800070000069780, e: android.system.ErrnoException: NetlinkErrorMessage{ nlmsghdr{StructNlMsgHdr{ nlmsg_len{100}, nlmsg_type{2()}, nlmsg_flags{0()}, nlmsg_seq{1}, nlmsg_pid{-878211618} }}, nlmsgerr{StructNlMsgErr{ error{-2}, msg{StructNlMsgHdr{ nlmsg_len{80}, nlmsg_type{256()}, nlmsg_flags{261(NLM_F_REQUEST|NLM_F_ACK|NLM_F_ROOT)}, nlmsg_seq{1}, nlmsg_pid{0} }} }} } failed: ENOENT (No such file or directory)
12-27 17:23:37.837  2731  2771 E NetlinkUtils: receiveNetlinkAck, errmsg=NetlinkErrorMessage{ nlmsghdr{StructNlMsgHdr{ nlmsg_len{100}, nlmsg_type{2()}, nlmsg_flags{0()}, nlmsg_seq{1}, nlmsg_pid{-1939619480} }}, nlmsgerr{StructNlMsgErr{ error{-2}, msg{StructNlMsgHdr{ nlmsg_len{80}, nlmsg_type{256()}, nlmsg_flags{261(NLM_F_REQUEST|NLM_F_ACK|NLM_F_ROOT)}, nlmsg_seq{1}, nlmsg_pid{0} }} }} }
12-27 17:23:37.837  2731  2771 W Tethering: [BpfCoordinator] WARN Failed to update conntrack entry (proto: 6, src4: /192.168.94.141, srcPort: 61795, dst4: /34.36.57.103, dstPort: 443), msg: 5000000000010501010000000000000002000000340001801400018008000100C0A85E8D08000200222439671C000280050001000600000006000200F16300000600030001BB00000800070000069780, e: android.system.ErrnoException: NetlinkErrorMessage{ nlmsghdr{StructNlMsgHdr{ nlmsg_len{100}, nlmsg_type{2()}, nlmsg_flags{0()}, nlmsg_seq{1}, nlmsg_pid{-1939619480} }}, nlmsgerr{StructNlMsgErr{ error{-2}, msg{StructNlMsgHdr{ nlmsg_len{80}, nlmsg_type{256()}, nlmsg_flags{261(NLM_F_REQUEST|NLM_F_ACK|NLM_F_ROOT)}, nlmsg_seq{1}, nlmsg_pid{0} }} }} } failed: ENOENT (No such file or directory)
12-27 17:23:37.842  1405  2370 D SemWifiTrafficPoller: getSoftApTotalTrafficInBytes:10117762
12-27 17:23:37.898  1065  1137 I VSyncReactor: Current= 60, Period= 60, Distance= 0
12-27 17:23:37.902  1065  1065 I SurfaceFlinger: SFWD update time=431034442289616
12-27 17:23:37.914  1065  1137 I VSyncReactor: Current= 60, Period= 60, Distance= 61
12-27 17:23:38.060 30014 30020 I adbd    : USB event: FUNCTIONFS_RESUME
12-27 17:23:38.060 30014 30020 I adbd    : USB event: FUNCTIONFS_SUSPEND
12-27 17:23:38.082 30014 30020 I adbd    : USB event: FUNCTIONFS_RESUME
12-27 17:23:38.082 30014 30020 I adbd    : USB event: FUNCTIONFS_SUSPEND
12-27 17:23:38.138 30014 30020 I adbd    : USB event: FUNCTIONFS_RESUME
12-27 17:23:38.139 30014 30020 I adbd    : USB event: FUNCTIONFS_SUSPEND
12-27 17:23:38.140   673   673 D io_stats: !@   8,0 r 84859825 1798276516 w 24546926 335285876 d 6812897 357176620 f 0 0 iot 40953960 0 th 0 0 0 pt 0 inp 0 0 431034.680
12-27 17:23:38.144 30014 30020 I adbd    : USB event: FUNCTIONFS_RESUME
12-27 17:23:38.144 30014 30020 I adbd    : USB event: FUNCTIONFS_SUSPEND
12-27 17:23:38.158 30014 30020 I adbd    : USB event: FUNCTIONFS_SUSPEND
12-27 17:23:38.160 30014 30020 I adbd    : USB event: FUNCTIONFS_SUSPEND
12-27 17:23:38.166 30014 30020 I adbd    : USB event: FUNCTIONFS_SUSPEND
12-27 17:23:38.172 30014 30020 I adbd    : USB event: FUNCTIONFS_SUSPEND
12-27 17:23:38.174 30014 30020 I adbd    : USB event: FUNCTIONFS_RESUME
12-27 17:23:38.174 30014 30020 I adbd    : USB event: FUNCTIONFS_SUSPEND
12-27 17:23:38.176 30014 30020 I adbd    : USB event: FUNCTIONFS_SUSPEND
12-27 17:23:38.208 30014 30020 I adbd    : USB event: FUNCTIONFS_RESUME
12-27 17:23:38.208 30014 30020 I adbd    : USB event: FUNCTIONFS_SUSPEND
12-27 17:23:38.252 30014 30020 I adbd    : USB event: FUNCTIONFS_SUSPEND
12-27 17:23:38.333 30014 30020 I adbd    : USB event: FUNCTIONFS_SUSPEND
12-27 17:23:38.745 30014 30020 I adbd    : USB event: FUNCTIONFS_SUSPEND
12-27 17:23:38.848  1405  2370 D SemWifiTrafficPoller: getSoftApTotalTrafficInBytes:10117762
12-27 17:23:38.872 30014 30020 I adbd    : USB event: FUNCTIONFS_SUSPEND
12-27 17:23:38.914  1065  1137 I VSyncReactor: Current= 60, Period= 60, Distance= 1
12-27 17:23:38.920 30014 30020 I adbd    : USB event: FUNCTIONFS_RESUME
12-27 17:23:38.920 30014 30020 I adbd    : USB event: FUNCTIONFS_SUSPEND
12-27 17:23:38.931  1065  1137 I VSyncReactor: Current= 60, Period= 60, Distance= 60
12-27 17:23:38.967 30014 30020 I adbd    : USB event: FUNCTIONFS_SUSPEND
12-27 17:23:38.982 30014 30020 I adbd    : USB event: FUNCTIONFS_RESUME
12-27 17:23:38.986 30014 30020 I adbd    : USB event: FUNCTIONFS_SUSPEND
12-27 17:23:38.989 30014 30020 I adbd    : USB event: FUNCTIONFS_RESUME
12-27 17:23:38.990 30014 30020 I adbd    : USB event: FUNCTIONFS_SUSPEND
12-27 17:23:38.999 30014 30020 I adbd    : USB event: FUNCTIONFS_RESUME
12-27 17:23:38.999 30014 30020 I adbd    : USB event: FUNCTIONFS_SUSPEND
12-27 17:23:39.037 30014 30020 I adbd    : USB event: FUNCTIONFS_SUSPEND
12-27 17:23:39.152 30014 30020 I adbd    : USB event: FUNCTIONFS_SUSPEND
12-27 17:23:39.348 30014 30020 I adbd    : USB event: FUNCTIONFS_RESUME
12-27 17:23:39.348 30014 30020 I adbd    : USB event: FUNCTIONFS_SUSPEND
12-27 17:23:39.392 30014 30020 I adbd    : USB event: FUNCTIONFS_SUSPEND
12-27 17:23:39.417 30014 30020 I adbd    : USB event: FUNCTIONFS_RESUME
12-27 17:23:39.417 30014 30020 I adbd    : USB event: FUNCTIONFS_SUSPEND
12-27 17:23:39.453 30014 30020 I adbd    : USB event: FUNCTIONFS_RESUME
12-27 17:23:39.453 30014 30020 I adbd    : USB event: FUNCTIONFS_SUSPEND
12-27 17:23:39.484 30014 30020 I adbd    : USB event: FUNCTIONFS_SUSPEND
12-27 17:23:39.493 30014 30020 I adbd    : USB event: FUNCTIONFS_SUSPEND
12-27 17:23:39.496 30014 30020 I adbd    : USB event: FUNCTIONFS_RESUME
12-27 17:23:39.496 30014 30020 I adbd    : USB event: FUNCTIONFS_SUSPEND
12-27 17:23:39.527 30014 30020 I adbd    : USB event: FUNCTIONFS_SUSPEND
12-27 17:23:39.533 30014 30020 I adbd    : USB event: FUNCTIONFS_RESUME
12-27 17:23:39.533 30014 30020 I adbd    : USB event: FUNCTIONFS_SUSPEND
12-27 17:23:39.611 30014 30020 I adbd    : USB event: FUNCTIONFS_SUSPEND
12-27 17:23:39.642 30014 30020 I adbd    : USB event: FUNCTIONFS_SUSPEND
12-27 17:23:39.678 30014 30020 I adbd    : USB event: FUNCTIONFS_RESUME
12-27 17:23:39.678 30014 30020 I adbd    : USB event: FUNCTIONFS_SUSPEND
12-27 17:23:39.850  1405  2370 D SemWifiTrafficPoller: getSoftApTotalTrafficInBytes:10117762
12-27 17:23:39.889 30014 30020 I adbd    : USB event: FUNCTIONFS_RESUME
12-27 17:23:39.889 30014 30020 I adbd    : USB event: FUNCTIONFS_SUSPEND
12-27 17:23:39.934 30014 30020 I adbd    : USB event: FUNCTIONFS_RESUME
12-27 17:23:39.934 30014 30020 I adbd    : USB event: FUNCTIONFS_SUSPEND
12-27 17:23:39.943 30014 30020 I adbd    : USB event: FUNCTIONFS_SUSPEND
12-27 17:23:39.953 30014 30020 I adbd    : USB event: FUNCTIONFS_SUSPEND
12-27 17:23:39.971 30014 30020 I adbd    : USB event: FUNCTIONFS_SUSPEND
12-27 17:23:39.981 30014 30020 I adbd    : USB event: FUNCTIONFS_SUSPEND
12-27 17:23:39.996 30014 30020 I adbd    : USB event: FUNCTIONFS_SUSPEND
12-27 17:23:40.003 30014 30020 I adbd    : USB event: FUNCTIONFS_SUSPEND
12-27 17:23:40.068 30014 30020 I adbd    : USB event: FUNCTIONFS_RESUME
12-27 17:23:40.068 30014 30020 I adbd    : USB event: FUNCTIONFS_SUSPEND
12-27 17:23:40.087 30014 30020 I adbd    : USB event: FUNCTIONFS_RESUME
12-27 17:23:40.087 30014 30020 I adbd    : USB event: FUNCTIONFS_SUSPEND
12-27 17:23:40.098 30014 30020 I adbd    : USB event: FUNCTIONFS_SUSPEND
12-27 17:23:40.115 30014 30020 I adbd    : USB event: FUNCTIONFS_SUSPEND
12-27 17:23:40.116 30014 30020 I adbd    : USB event: FUNCTIONFS_SUSPEND
12-27 17:23:40.125 30014 30020 I adbd    : USB event: FUNCTIONFS_RESUME
12-27 17:23:40.125 30014 30020 I adbd    : USB event: FUNCTIONFS_SUSPEND
12-27 17:23:40.132 30014 30020 I adbd    : USB event: FUNCTIONFS_SUSPEND
12-27 17:23:40.141   673   673 D io_stats: !@   8,0 r 84859825 1798276516 w 24546937 335285964 d 6812897 357176620 f 0 0 iot 40953976 0 th 0 0 0 pt 0 inp 0 0 431036.681
12-27 17:23:40.141   673   673 D io_stats: !@ Write_top(KB): kworker/u16:19(14529) 56 sait.sohservice(29079) 32 android.hardwar(949) 4
12-27 17:23:40.146 30014 30020 I adbd    : USB event: FUNCTIONFS_SUSPEND
12-27 17:23:40.148 30014 30020 I adbd    : USB event: FUNCTIONFS_SUSPEND
12-27 17:23:40.154 30014 30020 I adbd    : USB event: FUNCTIONFS_SUSPEND
12-27 17:23:40.157 30014 30020 I adbd    : USB event: FUNCTIONFS_SUSPEND
12-27 17:23:40.196 30014 30020 I adbd    : USB event: FUNCTIONFS_SUSPEND
12-27 17:23:40.201 30014 30020 I adbd    : USB event: FUNCTIONFS_RESUME
12-27 17:23:40.201 30014 30020 I adbd    : USB event: FUNCTIONFS_SUSPEND
12-27 17:23:40.546 30014 30020 I adbd    : USB event: FUNCTIONFS_RESUME
12-27 17:23:40.546 30014 30020 I adbd    : USB event: FUNCTIONFS_SUSPEND
12-27 17:23:40.547 30014 30020 I adbd    : USB event: FUNCTIONFS_RESUME
12-27 17:23:40.548 30014 30020 I adbd    : USB event: FUNCTIONFS_SUSPEND
12-27 17:23:40.565 30014 30020 I adbd    : USB event: FUNCTIONFS_RESUME
12-27 17:23:40.566 30014 30020 I adbd    : USB event: FUNCTIONFS_SUSPEND
12-27 17:23:40.567 30014 30020 I adbd    : USB event: FUNCTIONFS_RESUME
12-27 17:23:40.568 30014 30020 I adbd    : USB event: FUNCTIONFS_SUSPEND
12-27 17:23:40.600 30014 30020 I adbd    : USB event: FUNCTIONFS_SUSPEND
12-27 17:23:40.606 30014 30020 I adbd    : USB event: FUNCTIONFS_RESUME
12-27 17:23:40.608 30014 30020 I adbd    : USB event: FUNCTIONFS_SUSPEND
12-27 17:23:40.640 30014 30020 I adbd    : USB event: FUNCTIONFS_RESUME
12-27 17:23:40.641 30014 30020 I adbd    : USB event: FUNCTIONFS_SUSPEND
12-27 17:23:40.646 30014 30020 I adbd    : USB event: FUNCTIONFS_SUSPEND
12-27 17:23:40.659 30014 30020 I adbd    : USB event: FUNCTIONFS_RESUME
12-27 17:23:40.659 30014 30020 I adbd    : USB event: FUNCTIONFS_SUSPEND
12-27 17:23:40.691 30014 30020 I adbd    : USB event: FUNCTIONFS_SUSPEND
12-27 17:23:40.692 30014 30020 I adbd    : USB event: FUNCTIONFS_RESUME
12-27 17:23:40.692 30014 30020 I adbd    : USB event: FUNCTIONFS_SUSPEND
12-27 17:23:40.694 30014 30020 I adbd    : USB event: FUNCTIONFS_SUSPEND
12-27 17:23:40.706 30014 30020 I adbd    : USB event: FUNCTIONFS_SUSPEND
12-27 17:23:40.708 30014 30020 I adbd    : USB event: FUNCTIONFS_RESUME
12-27 17:23:40.709 30014 30020 I adbd    : USB event: FUNCTIONFS_SUSPEND
12-27 17:23:40.711 30014 30020 I adbd    : USB event: FUNCTIONFS_RESUME
12-27 17:23:40.712 30014 30020 I adbd    : USB event: FUNCTIONFS_SUSPEND
12-27 17:23:40.748 30014 30020 I adbd    : USB event: FUNCTIONFS_SUSPEND
12-27 17:23:40.752 30014 30020 I adbd    : USB event: FUNCTIONFS_SUSPEND
12-27 17:23:40.765 30014 30020 I adbd    : USB event: FUNCTIONFS_SUSPEND
12-27 17:23:40.787 30014 30020 I adbd    : USB event: FUNCTIONFS_SUSPEND
12-27 17:23:40.790 30014 30020 I adbd    : USB event: FUNCTIONFS_SUSPEND
12-27 17:23:40.810 30014 30020 I adbd    : USB event: FUNCTIONFS_SUSPEND
12-27 17:23:40.835 30014 30020 I adbd    : USB event: FUNCTIONFS_RESUME
12-27 17:23:40.835 30014 30020 I adbd    : USB event: FUNCTIONFS_SUSPEND
12-27 17:23:40.850 30014 30020 I adbd    : USB event: FUNCTIONFS_RESUME
12-27 17:23:40.850 30014 30020 I adbd    : USB event: FUNCTIONFS_SUSPEND
12-27 17:23:40.853  1405  2370 D SemWifiTrafficPoller: getSoftApTotalTrafficInBytes:10117762
12-27 17:23:40.961 30014 30020 I adbd    : USB event: FUNCTIONFS_RESUME
12-27 17:23:40.961 30014 30020 I adbd    : USB event: FUNCTIONFS_SUSPEND
12-27 17:23:41.121 30014 30020 I adbd    : USB event: FUNCTIONFS_SUSPEND
12-27 17:23:41.165 30014 30020 I adbd    : USB event: FUNCTIONFS_RESUME
12-27 17:23:41.165 30014 30020 I adbd    : USB event: FUNCTIONFS_SUSPEND
12-27 17:23:41.182 30014 30020 I adbd    : USB event: FUNCTIONFS_RESUME
12-27 17:23:41.182 30014 30020 I adbd    : USB event: FUNCTIONFS_SUSPEND
12-27 17:23:41.212  5490  6213 I SDHMS:x : SIOP:: AP:411 BAT:312 USB:272 CHG:386 PA:399 CP:394 WIFI:371 CF:314 BLK:0 SUBBAT:0 SKIN:341 SKINF:329 SKINB:329 LRP:329 LRP2:341 LRF:329 LRB:329 LRF2:341 LRB2:340 AP2:341 CHG2:332 MEM2:326 WIFI2:338 RCV2:327 SPK2:283 FCAM:270 UPSPK:311 DNSPK:269 AVGCUR:473 AVGSYS:861 POWER:1846
12-27 17:23:41.217  1405  1405 D SemWifiP2pGoPowerSave: GopsReceiver : received : com.samsung.intent.action.CHECK_SIOP_LEVEL
12-27 17:23:41.217  1405  1405 I SemWifiP2pGoPowerSave: siop_level = -1
12-27 17:23:41.217   962   962 I Sensors : batch(6) - uncal_light_sensor try to batching with 200000000
12-27 17:23:41.218 17874 17925 I SystemBroadcastReceiver: [#CMH#] onReceive completed :  0
12-27 17:23:41.219 17874 17874 I PolicyManager: [#CMH#] onReceive action = EVENT_SIOP
12-27 17:23:41.220 30014 30020 I adbd    : USB event: FUNCTIONFS_SUSPEND
12-27 17:23:41.221   962   962 I Sensors : UncalLightSensor old sensor_state 279040, new sensor_state : 1445874970673664 en : 1
12-27 17:23:41.225 30014 30020 I adbd    : USB event: FUNCTIONFS_SUSPEND
12-27 17:23:41.225   962   962 I Sensors : enable:: uncal_light_sensor(6)
12-27 17:23:41.226 30014 30020 I adbd    : USB event: FUNCTIONFS_SUSPEND
12-27 17:23:41.228   962   962 D SensorsFlicker: Als_common::setDelay, handle : 1 time : 10000000ns
12-27 17:23:41.230   962   962 D SensorsFlicker: Als_common::enable, handle : 1, mode : 1, en : 1
12-27 17:23:41.230   962   962 D SensorsFlicker: Als_common::sendCommand, send enable command
12-27 17:23:41.250  1405  3050 D SemContextService: lock : registerCallback
12-27 17:23:41.251  1405  3050 W CAE     : registerCallback(ContextAwareService.java:188) - [regi 01] Mutex is locked for TEST_FLAT_MOTION
12-27 17:23:41.251  1405  3050 W CAE     : registerCallback(ContextAwareService.java:195) - [regi 04]  com.samsung.android.contextaware.ContextAwareManager$CaListenerDelegate@20eba7c
12-27 17:23:41.251  1405  3050 W CAE     : getListener(ListenerListManager.java:127) - [getListener1]  com.samsung.android.contextaware.ContextAwareManager$CaListenerDelegate@20eba7c
12-27 17:23:41.252  1405  3050 W CAE     : getListener(ListenerListManager.java:128) - [getListener2]  com.samsung.android.contextaware.manager.ContextAwareService$Listener@d130d6f
12-27 17:23:41.252  1405  3050 V CAE     : start(ContextProvider.java:128)
12-27 17:23:41.252  1405  3050 V CAE     : clear(TestFlatMotionRunner.java:126)
12-27 17:23:41.252  1405  3050 V CAE     : enable(TestFlatMotionRunner.java:102)
12-27 17:23:41.253  1405  2281 D SensorService: setSContextDataLocked ints length 2 , byte length 4
12-27 17:23:41.253  1405  2281 D SensorService: setSContextDataLocked 17b1
12-27 17:23:41.254   962   962 D Sensors : b1 17 00 00  
12-27 17:23:41.254   962   962 E Sensors : inject_scontext_data: New ssp_data_injection_fd(44)
12-27 17:23:41.257   962  1761 I Sensors : Uncalibrated lux = 109, CCT = 0, r = 2048, g = 0, b = 2134, c = 238, atime = 350, again = 0, time = 1214019525014135
12-27 17:23:41.257   962  1761 I Sensors : luminance 85
12-27 17:23:41.257   962   962 D Sensors : SContext Data Injection return 4
12-27 17:23:41.259  1405  3050 D CAE     : getFaultDetectionResult(TestFlatMotionRunner.java:139) - true
12-27 17:23:41.259  1405  3050 I CAE     : notifyCmdProcessResultObserver(ContextProvider.java:627) - CheckResult = 0, Cause = Success
12-27 17:23:41.262  1405  3050 D CAE     : doCommendProcess(ContextAwareService.java:396) - complete notify the operation result.
12-27 17:23:41.262  1405  3050 I CAE     : displayUsedCountForService(ContextAwareService.java:460) - totalCnt = 1, serviceCount = 1, subCollectionCount = 0
12-27 17:23:41.262  1405  3050 D CAE     : showListenerList(ContextAwareService.java:325) - ===== Context Aware Service List =====
12-27 17:23:41.263  1405  3050 I CAE     : showListenerList(ContextAwareService.java:334) - Listener : com.samsung.android.contextaware.manager.ContextAwareService$Listener@d130d6f, Service : ACTIVITY_TRACKER_INTERRUPT(1)
12-27 17:23:41.263  1405  3050 I CAE     : showListenerList(ContextAwareService.java:334) - Listener : com.samsung.android.contextaware.manager.ContextAwareService$Listener@d130d6f, Service : ACTIVITY_TRACKER_CURRENT_INFO(1)
12-27 17:23:41.263  1405  3050 I CAE     : showListenerList(ContextAwareService.java:334) - Listener : com.samsung.android.contextaware.manager.ContextAwareService$Listener@d130d6f, Service : ACTIVITY_TRACKER_BATCH(1)
12-27 17:23:41.263  1405  3050 I CAE     : showListenerList(ContextAwareService.java:334) - Listener : com.samsung.android.contextaware.manager.ContextAwareService$Listener@d130d6f, Service : PEDOMETER(1)
12-27 17:23:41.263  1405  3050 I CAE     : showListenerList(ContextAwareService.java:334) - Listener : com.samsung.android.contextaware.manager.ContextAwareService$Listener@d130d6f, Service : SLOCATION_RUNNER(1)
12-27 17:23:41.263  1405  3050 I CAE     : showListenerList(ContextAwareService.java:334) - Listener : com.samsung.android.contextaware.manager.ContextAwareService$Listener@d130d6f, Service : FREE_FALL_DETECTION(1)
12-27 17:23:41.263  1405  3050 I CAE     : showListenerList(ContextAwareService.java:334) - Listener : com.samsung.android.contextaware.manager.ContextAwareService$Listener@d130d6f, Service : TEST_FLAT_MOTION(1)
12-27 17:23:41.264  1405  3050 I CAE     : showListenerList(ContextAwareService.java:334) - Listener : com.samsung.android.contextaware.manager.ContextAwareService$Listener@d130d6f, Service : SENSOR_STATUS_CHECK_RUNNER(1)
12-27 17:23:41.264  1405  3050 I CAE     : showListenerList(ContextAwareService.java:334) - Listener : com.samsung.android.contextaware.manager.ContextAwareService$Listener@d130d6f, Service : PEDOMETER_CURRENT_INFO(1)
12-27 17:23:41.264  1405  3050 W CAE     : registerCallback(ContextAwareService.java:209) - [regi 02] Mutex is unlocked for TEST_FLAT_MOTION
12-27 17:23:41.264  1405  3050 E SemContext.CaeProvider: setAttribute() : attribute is null!
12-27 17:23:41.264  1405  3050 D SemContextService: 	.registerCallback : 9, client= com.sec.android.sdhms
12-27 17:23:41.264  1405  3050 D SemContextService: unlock : registerCallback
12-27 17:23:41.266  1405  3050 E SensorService: BigData:Pakage) 5 already enabled. 
12-27 17:23:41.274 30014 30020 I adbd    : USB event: FUNCTIONFS_SUSPEND
12-27 17:23:41.322 30014 30020 I adbd    : USB event: FUNCTIONFS_RESUME
12-27 17:23:41.323 30014 30020 I adbd    : USB event: FUNCTIONFS_SUSPEND
12-27 17:23:41.341  1039  1195 I EDEN    : [Exynos][EDEN][v1.6.23][SERVICE] processAliveMointorMain:253: Try to check pid=(980)...
12-27 17:23:41.372 30014 30020 I adbd    : USB event: FUNCTIONFS_RESUME
12-27 17:23:41.373 30014 30020 I adbd    : USB event: FUNCTIONFS_SUSPEND
12-27 17:23:41.379   962  1761 I Sensors : Uncalibrated lux = 113, CCT = 0, r = 2048, g = 0, b = 2134, c = 238, atime = 350, again = 0, time = 1214019647014135
12-27 17:23:41.379   962  1761 I Sensors : luminance 85
12-27 17:23:41.383   962   962 I Sensors : batch(6) - uncal_light_sensor try to batching with 200000000
12-27 17:23:41.386  1405  3050 E SensorService: BigData:Pakage) 5 already disabled. 
12-27 17:23:41.388   962   962 I Sensors : UncalLightSensor old sensor_state 279040, new sensor_state : 1444775459045888 en : 0
12-27 17:23:41.393   962   962 I Sensors : disable:: uncal_light_sensor(6)
12-27 17:23:41.448   962   962 D SensorsFlicker: Als_common::setDelay, handle : 1 time : 10000000ns
12-27 17:23:41.451   962   962 D SensorsFlicker: Als_common::enable, handle : 1, mode : 1, en : 0
12-27 17:23:41.452   962   962 D SensorsFlicker: Als_common::sendCommand, send disable command
12-27 17:23:41.496 30014 30020 I adbd    : USB event: FUNCTIONFS_RESUME
12-27 17:23:41.499 30014 30020 I adbd    : USB event: FUNCTIONFS_SUSPEND
12-27 17:23:41.502 30014 30020 I adbd    : USB event: FUNCTIONFS_RESUME
12-27 17:23:41.502 30014 30020 I adbd    : USB event: FUNCTIONFS_SUSPEND
12-27 17:23:41.524 30014 30020 I adbd    : USB event: FUNCTIONFS_SUSPEND
12-27 17:23:41.524  1405  2279 D CAE     : onGetSensorHubData(SensorHubParserProvider.java:92) - onGetSensorHubData Event [event buffer len :4], AP_WAKEUP
12-27 17:23:41.525  1405  2279 I CAE     : parse(SensorHubParserProvider.java:188) - buffer size = 4
12-27 17:23:41.525  1405  2279 I CAE     : parse(SensorHubParserProvider.java:199) - 1, 1, 23, 1,
12-27 17:23:41.526  1405  2279 D CAE     : display(ContextProvider.java:375) - ================= TEST_FLAT_MOTION =================
12-27 17:23:41.526  1405  2279 I CAE     : display(ContextProvider.java:391) - Action=[1]
12-27 17:23:41.528  1405  2276 D SemContextService: Service.updateContext() : service = Device Position
12-27 17:23:41.530  1405  3050 D SemContextService: lock : unregisterCallback
12-27 17:23:41.530  1405  3050 D SemContextService: Service.removeListenerLocked() : listener = com.samsung.android.hardware.context.SemContextService$Listener@fb3f228, service = Device Position, used = 0
12-27 17:23:41.531  1405  3050 W CAE     : unregisterCallback(ContextAwareService.java:230) - [unregi 01] Mutex is locked for TEST_FLAT_MOTION
12-27 17:23:41.531  1405  3050 W CAE     : getListener(ListenerListManager.java:127) - [getListener1]  com.samsung.android.contextaware.ContextAwareManager$CaListenerDelegate@20eba7c
12-27 17:23:41.531  1405  3050 W CAE     : getListener(ListenerListManager.java:128) - [getListener2]  com.samsung.android.contextaware.manager.ContextAwareService$Listener@d130d6f
12-27 17:23:41.531  1405  3050 V CAE     : stop(ContextProvider.java:155)
12-27 17:23:41.531 30014 30020 I adbd    : USB event: FUNCTIONFS_SUSPEND
12-27 17:23:41.532  1405  3050 V CAE     : clear(TestFlatMotionRunner.java:126)
12-27 17:23:41.532  1405  3050 V CAE     : disable(TestFlatMotionRunner.java:115)
12-27 17:23:41.532  1405  2281 D SensorService: setSContextDataLocked ints length 2 , byte length 4
12-27 17:23:41.532  1405  2281 D SensorService: setSContextDataLocked 17b2
12-27 17:23:41.533   962   962 D Sensors : b2 17 00 00  
12-27 17:23:41.533   962   962 E Sensors : inject_scontext_data: New ssp_data_injection_fd(44)
12-27 17:23:41.537   962   962 D Sensors : SContext Data Injection return 4
12-27 17:23:41.537  1405  3050 D CAE     : getFaultDetectionResult(TestFlatMotionRunner.java:139) - true
12-27 17:23:41.538  1405  3050 I CAE     : notifyCmdProcessResultObserver(ContextProvider.java:627) - CheckResult = 0, Cause = Success
12-27 17:23:41.538  1405  3050 D CAE     : doCommendProcess(ContextAwareService.java:396) - complete notify the operation result.
12-27 17:23:41.539  1405  3050 I CAE     : displayUsedCountForService(ContextAwareService.java:460) - totalCnt = 0, serviceCount = 0, subCollectionCount = 0
12-27 17:23:41.539  1405  3050 D CAE     : showListenerList(ContextAwareService.java:325) - ===== Context Aware Service List =====
12-27 17:23:41.539  1405  3050 I CAE     : showListenerList(ContextAwareService.java:334) - Listener : com.samsung.android.contextaware.manager.ContextAwareService$Listener@d130d6f, Service : ACTIVITY_TRACKER_INTERRUPT(1)
12-27 17:23:41.539  1405  3050 I CAE     : showListenerList(ContextAwareService.java:334) - Listener : com.samsung.android.contextaware.manager.ContextAwareService$Listener@d130d6f, Service : ACTIVITY_TRACKER_CURRENT_INFO(1)
12-27 17:23:41.540  1405  3050 I CAE     : showListenerList(ContextAwareService.java:334) - Listener : com.samsung.android.contextaware.manager.ContextAwareService$Listener@d130d6f, Service : ACTIVITY_TRACKER_BATCH(1)
12-27 17:23:41.540  1405  3050 I CAE     : showListenerList(ContextAwareService.java:334) - Listener : com.samsung.android.contextaware.manager.ContextAwareService$Listener@d130d6f, Service : PEDOMETER(1)
12-27 17:23:41.540  1405  3050 I CAE     : showListenerList(ContextAwareService.java:334) - Listener : com.samsung.android.contextaware.manager.ContextAwareService$Listener@d130d6f, Service : SLOCATION_RUNNER(1)
12-27 17:23:41.540  1405  3050 I CAE     : showListenerList(ContextAwareService.java:334) - Listener : com.samsung.android.contextaware.manager.ContextAwareService$Listener@d130d6f, Service : FREE_FALL_DETECTION(1)
12-27 17:23:41.540  1405  3050 I CAE     : showListenerList(ContextAwareService.java:334) - Listener : com.samsung.android.contextaware.manager.ContextAwareService$Listener@d130d6f, Service : SENSOR_STATUS_CHECK_RUNNER(1)
12-27 17:23:41.541  1405  3050 I CAE     : showListenerList(ContextAwareService.java:334) - Listener : com.samsung.android.contextaware.manager.ContextAwareService$Listener@d130d6f, Service : PEDOMETER_CURRENT_INFO(1)
12-27 17:23:41.541  1405  3050 W CAE     : unregisterCallback(ContextAwareService.java:251) - [unregi 02] Mutex is unlocked for TEST_FLAT_MOTION
12-27 17:23:41.541  1405  3050 D SemContextService: 	.unregisterCallback : 9, client= com.sec.android.sdhms
12-27 17:23:41.541  1405  3050 D SemContextService: unlock : unregisterCallback
12-27 17:23:41.576 30014 30020 I adbd    : USB event: FUNCTIONFS_RESUME
12-27 17:23:41.576 30014 30020 I adbd    : USB event: FUNCTIONFS_SUSPEND
12-27 17:23:41.612 30014 30020 I adbd    : USB event: FUNCTIONFS_SUSPEND
12-27 17:23:41.700 30014 30020 I adbd    : USB event: FUNCTIONFS_SUSPEND
12-27 17:23:41.855  1405  2370 D SemWifiTrafficPoller: getSoftApTotalTrafficInBytes:10117762
12-27 17:23:41.939 30014 30020 I adbd    : USB event: FUNCTIONFS_RESUME
12-27 17:23:41.940 30014 30020 I adbd    : USB event: FUNCTIONFS_SUSPEND
12-27 17:23:41.947  1065  1137 I VSyncReactor: Current= 60, Period= 60, Distance= 0
12-27 17:23:41.963  1065  1137 I VSyncReactor: Current= 60, Period= 60, Distance= 60
12-27 17:23:41.984 30014 30020 I adbd    : USB event: FUNCTIONFS_SUSPEND
12-27 17:23:42.075 30014 30020 I adbd    : USB event: FUNCTIONFS_RESUME
12-27 17:23:42.076 30014 30020 I adbd    : USB event: FUNCTIONFS_SUSPEND
12-27 17:23:42.080 30014 30020 I adbd    : USB event: FUNCTIONFS_SUSPEND
12-27 17:23:42.081 30014 30020 I adbd    : USB event: FUNCTIONFS_SUSPEND
12-27 17:23:42.093 30014 30020 I adbd    : USB event: FUNCTIONFS_SUSPEND
12-27 17:23:42.094 30014 30020 I adbd    : USB event: FUNCTIONFS_SUSPEND
12-27 17:23:42.119 30014 30020 I adbd    : USB event: FUNCTIONFS_SUSPEND
12-27 17:23:42.128 30014 30020 I adbd    : USB event: FUNCTIONFS_RESUME
12-27 17:23:42.129 30014 30020 I adbd    : USB event: FUNCTIONFS_SUSPEND
12-27 17:23:42.143   673   673 D io_stats: !@   8,0 r 84859825 1798276516 w 24546941 335285984 d 6812897 357176620 f 0 0 iot 40953992 0 th 0 0 0 pt 0 inp 0 0 431038.683
12-27 17:23:42.164 30014 30020 I adbd    : USB event: FUNCTIONFS_SUSPEND
12-27 17:23:42.167 30014 30020 I adbd    : USB event: FUNCTIONFS_SUSPEND
12-27 17:23:42.173 30014 30020 I adbd    : USB event: FUNCTIONFS_SUSPEND
12-27 17:23:42.213 30014 30020 I adbd    : USB event: FUNCTIONFS_SUSPEND
12-27 17:23:42.254 30014 30020 I adbd    : USB event: FUNCTIONFS_RESUME
12-27 17:23:42.254 30014 30020 I adbd    : USB event: FUNCTIONFS_SUSPEND
12-27 17:23:42.619 30014 30020 I adbd    : USB event: FUNCTIONFS_RESUME
12-27 17:23:42.619 30014 30020 I adbd    : USB event: FUNCTIONFS_SUSPEND
12-27 17:23:42.658 30014 30020 I adbd    : USB event: FUNCTIONFS_SUSPEND
12-27 17:23:42.856  1405  2370 D SemWifiTrafficPoller: getSoftApTotalTrafficInBytes:10117762
12-27 17:23:43.125 30014 30020 I adbd    : USB event: FUNCTIONFS_RESUME
12-27 17:23:43.125 30014 30020 I adbd    : USB event: FUNCTIONFS_SUSPEND
12-27 17:23:43.138 30014 30020 I adbd    : USB event: FUNCTIONFS_SUSPEND
12-27 17:23:43.156 30014 30020 I adbd    : USB event: FUNCTIONFS_SUSPEND
12-27 17:23:43.157 30014 30020 I adbd    : USB event: FUNCTIONFS_SUSPEND
12-27 17:23:43.158 30014 30020 I adbd    : USB event: FUNCTIONFS_RESUME
12-27 17:23:43.159 30014 30020 I adbd    : USB event: FUNCTIONFS_SUSPEND
12-27 17:23:43.161 30014 30020 I adbd    : USB event: FUNCTIONFS_SUSPEND
12-27 17:23:43.173 30014 30020 I adbd    : USB event: FUNCTIONFS_SUSPEND
12-27 17:23:43.174 30014 30020 I adbd    : USB event: FUNCTIONFS_RESUME
12-27 17:23:43.175 30014 30020 I adbd    : USB event: FUNCTIONFS_SUSPEND
12-27 17:23:43.194 30014 30020 I adbd    : USB event: FUNCTIONFS_SUSPEND
12-27 17:23:43.196 30014 30020 I adbd    : USB event: FUNCTIONFS_RESUME
12-27 17:23:43.197 30014 30020 I adbd    : USB event: FUNCTIONFS_SUSPEND
12-27 17:23:43.200 30014 30020 I adbd    : USB event: FUNCTIONFS_RESUME
12-27 17:23:43.201 30014 30020 I adbd    : USB event: FUNCTIONFS_SUSPEND
12-27 17:23:43.227  1405  3238 D SGM:GameManager: identifyForegroundApp. com.sec.android.app.launcher, mCurrentUserId: 0, callerUserId: 150
12-27 17:23:43.228 17874 17932 I PolicyManager: [#CMH#] Is foreground game app: false
12-27 17:23:43.265 30014 30020 I adbd    : USB event: FUNCTIONFS_SUSPEND
12-27 17:23:43.289 30014 30020 I adbd    : USB event: FUNCTIONFS_SUSPEND
12-27 17:23:43.296 30014 30020 I adbd    : USB event: FUNCTIONFS_SUSPEND
12-27 17:23:43.331 30014 30020 I adbd    : USB event: FUNCTIONFS_RESUME
12-27 17:23:43.331 30014 30020 I adbd    : USB event: FUNCTIONFS_SUSPEND
12-27 17:23:43.346 30014 30020 I adbd    : USB event: FUNCTIONFS_RESUME
12-27 17:23:43.346 30014 30020 I adbd    : USB event: FUNCTIONFS_SUSPEND
12-27 17:23:43.363 30014 30020 I adbd    : USB event: FUNCTIONFS_SUSPEND
12-27 17:23:43.381 30014 30020 I adbd    : USB event: FUNCTIONFS_RESUME
12-27 17:23:43.381 30014 30020 I adbd    : USB event: FUNCTIONFS_SUSPEND
12-27 17:23:43.537 30014 30020 I adbd    : USB event: FUNCTIONFS_RESUME
12-27 17:23:43.537 30014 30020 I adbd    : USB event: FUNCTIONFS_SUSPEND
12-27 17:23:43.598 30014 30020 I adbd    : USB event: FUNCTIONFS_SUSPEND
12-27 17:23:43.663 30014 30020 I adbd    : USB event: FUNCTIONFS_RESUME
12-27 17:23:43.664 30014 30020 I adbd    : USB event: FUNCTIONFS_SUSPEND
12-27 17:23:43.671 30014 30020 I adbd    : USB event: FUNCTIONFS_SUSPEND
12-27 17:23:43.698 30014 30020 I adbd    : USB event: FUNCTIONFS_SUSPEND
12-27 17:23:43.727 30014 30020 I adbd    : USB event: FUNCTIONFS_RESUME
12-27 17:23:43.727 30014 30020 I adbd    : USB event: FUNCTIONFS_SUSPEND
12-27 17:23:43.860  1405  2370 D SemWifiTrafficPoller: getSoftApTotalTrafficInBytes:10117762
12-27 17:23:44.011 30014 30020 I adbd    : USB event: FUNCTIONFS_RESUME
12-27 17:23:44.015 30014 30020 I adbd    : USB event: FUNCTIONFS_SUSPEND
12-27 17:23:44.018 30014 30020 I adbd    : USB event: FUNCTIONFS_RESUME
12-27 17:23:44.018 30014 30020 I adbd    : USB event: FUNCTIONFS_SUSPEND
12-27 17:23:44.117 30014 30020 I adbd    : USB event: FUNCTIONFS_RESUME
12-27 17:23:44.117 30014 30020 I adbd    : USB event: FUNCTIONFS_SUSPEND
12-27 17:23:44.144   673   673 D io_stats: !@ Write_top(KB): kworker/u16:4(14160) 12 martsuggestions(5365) 4
12-27 17:23:44.149 30014 30020 I adbd    : USB event: FUNCTIONFS_RESUME
12-27 17:23:44.150 30014 30020 I adbd    : USB event: FUNCTIONFS_SUSPEND
12-27 17:23:44.171 30014 30020 I adbd    : USB event: FUNCTIONFS_SUSPEND
12-27 17:23:44.172 30014 30020 I adbd    : USB event: FUNCTIONFS_SUSPEND
12-27 17:23:44.194 30014 30020 I adbd    : USB event: FUNCTIONFS_SUSPEND
12-27 17:23:44.196 30014 30020 I adbd    : USB event: FUNCTIONFS_SUSPEND
12-27 17:23:44.200 30014 30020 I adbd    : USB event: FUNCTIONFS_SUSPEND
12-27 17:23:44.201 30014 30020 I adbd    : USB event: FUNCTIONFS_SUSPEND
12-27 17:23:44.218 30014 30020 I adbd    : USB event: FUNCTIONFS_RESUME
12-27 17:23:44.218 30014 30020 I adbd    : USB event: FUNCTIONFS_SUSPEND
12-27 17:23:44.240 30014 30020 I adbd    : USB event: FUNCTIONFS_SUSPEND
12-27 17:23:44.241 30014 30020 I adbd    : USB event: FUNCTIONFS_RESUME
12-27 17:23:44.242 30014 30020 I adbd    : USB event: FUNCTIONFS_SUSPEND
12-27 17:23:44.246 30014 30020 I adbd    : USB event: FUNCTIONFS_RESUME
12-27 17:23:44.246 30014 30020 I adbd    : USB event: FUNCTIONFS_SUSPEND
12-27 17:23:44.248 30014 30020 I adbd    : USB event: FUNCTIONFS_RESUME
12-27 17:23:44.248 30014 30020 I adbd    : USB event: FUNCTIONFS_SUSPEND
12-27 17:23:44.263 30014 30020 I adbd    : USB event: FUNCTIONFS_SUSPEND
12-27 17:23:44.278 30014 30020 I adbd    : USB event: FUNCTIONFS_SUSPEND
12-27 17:23:44.279 30014 30020 I adbd    : USB event: FUNCTIONFS_SUSPEND
12-27 17:23:44.279 30014 30020 I adbd    : USB event: FUNCTIONFS_RESUME
12-27 17:23:44.280 30014 30020 I adbd    : USB event: FUNCTIONFS_SUSPEND
12-27 17:23:44.285 30014 30020 I adbd    : USB event: FUNCTIONFS_SUSPEND
12-27 17:23:44.306 30014 30020 I adbd    : USB event: FUNCTIONFS_SUSPEND
12-27 17:23:44.309 30014 30020 I adbd    : USB event: FUNCTIONFS_SUSPEND
12-27 17:23:44.325 30014 30020 I adbd    : USB event: FUNCTIONFS_SUSPEND
12-27 17:23:44.327 30014 30020 I adbd    : USB event: FUNCTIONFS_SUSPEND
12-27 17:23:44.350 30014 30020 I adbd    : USB event: FUNCTIONFS_RESUME
12-27 17:23:44.351 30014 30020 I adbd    : USB event: FUNCTIONFS_SUSPEND
12-27 17:23:44.353 30014 30020 I adbd    : USB event: FUNCTIONFS_RESUME
12-27 17:23:44.354 30014 30020 I adbd    : USB event: FUNCTIONFS_SUSPEND
12-27 17:23:44.358 30014 30020 I adbd    : USB event: FUNCTIONFS_RESUME
12-27 17:23:44.359 30014 30020 I adbd    : USB event: FUNCTIONFS_SUSPEND
12-27 17:23:44.374 30014 30020 I adbd    : USB event: FUNCTIONFS_RESUME
12-27 17:23:44.374 30014 30020 I adbd    : USB event: FUNCTIONFS_SUSPEND
12-27 17:23:44.392 30014 30020 I adbd    : USB event: FUNCTIONFS_SUSPEND
12-27 17:23:44.407 30014 30020 I adbd    : USB event: FUNCTIONFS_SUSPEND
12-27 17:23:44.409 30014 30020 I adbd    : USB event: FUNCTIONFS_SUSPEND
12-27 17:23:44.415 30014 30020 I adbd    : USB event: FUNCTIONFS_SUSPEND
12-27 17:23:44.436 30014 30020 I adbd    : USB event: FUNCTIONFS_SUSPEND
12-27 17:23:44.450 30014 30020 I adbd    : USB event: FUNCTIONFS_SUSPEND
12-27 17:23:44.457 30014 30020 I adbd    : USB event: FUNCTIONFS_SUSPEND
12-27 17:23:44.459 30014 30020 I adbd    : USB event: FUNCTIONFS_RESUME
12-27 17:23:44.460 30014 30020 I adbd    : USB event: FUNCTIONFS_SUSPEND
12-27 17:23:44.486 30014 30020 I adbd    : USB event: FUNCTIONFS_RESUME
12-27 17:23:44.486 30014 30020 I adbd    : USB event: FUNCTIONFS_SUSPEND
12-27 17:23:44.502 30014 30020 I adbd    : USB event: FUNCTIONFS_RESUME
12-27 17:23:44.502 30014 30020 I adbd    : USB event: FUNCTIONFS_SUSPEND
12-27 17:23:44.518 30014 30020 I adbd    : USB event: FUNCTIONFS_SUSPEND
12-27 17:23:44.545 30014 30020 I adbd    : USB event: FUNCTIONFS_SUSPEND
12-27 17:23:44.551 30014 30020 I adbd    : USB event: FUNCTIONFS_SUSPEND
12-27 17:23:44.560 30014 30020 I adbd    : USB event: FUNCTIONFS_SUSPEND
12-27 17:23:44.596 30014 30020 I adbd    : USB event: FUNCTIONFS_RESUME
12-27 17:23:44.597 30014 30020 I adbd    : USB event: FUNCTIONFS_SUSPEND
12-27 17:23:44.654  1405  1517 E Watchdog: !@Sync: 14353 heap(MB): 209 / 217 FD: 1522 [2025-12-27 17:23:44.654]
12-27 17:23:44.709 30014 30020 I adbd    : USB event: FUNCTIONFS_RESUME
12-27 17:23:44.710 30014 30020 I adbd    : USB event: FUNCTIONFS_SUSPEND
12-27 17:23:44.753 30014 30020 I adbd    : USB event: FUNCTIONFS_SUSPEND
12-27 17:23:44.859  1405  2370 D SemWifiTrafficPoller: getSoftApTotalTrafficInBytes:10117762
12-27 17:23:44.996  1065  1137 I VSyncReactor: Current= 60, Period= 60, Distance= 0
12-27 17:23:45.013  1065  1137 I VSyncReactor: Current= 60, Period= 60, Distance= 60
12-27 17:23:45.444 30014 30020 I adbd    : USB event: FUNCTIONFS_SUSPEND
12-27 17:23:45.489 30014 30020 I adbd    : USB event: FUNCTIONFS_RESUME
12-27 17:23:45.490 30014 30020 I adbd    : USB event: FUNCTIONFS_SUSPEND
12-27 17:23:45.569 30014 30020 I adbd    : USB event: FUNCTIONFS_RESUME
12-27 17:23:45.569 30014 30020 I adbd    : USB event: FUNCTIONFS_SUSPEND
12-27 17:23:45.604 30014 30020 I adbd    : USB event: FUNCTIONFS_SUSPEND
12-27 17:23:45.609 30014 30020 I adbd    : USB event: FUNCTIONFS_RESUME
12-27 17:23:45.609 30014 30020 I adbd    : USB event: FUNCTIONFS_SUSPEND
12-27 17:23:45.660 30014 30020 I adbd    : USB event: FUNCTIONFS_RESUME
12-27 17:23:45.660 30014 30020 I adbd    : USB event: FUNCTIONFS_SUSPEND
12-27 17:23:45.698 30014 30020 I adbd    : USB event: FUNCTIONFS_SUSPEND
12-27 17:23:45.699 30014 30020 I adbd    : USB event: FUNCTIONFS_SUSPEND
12-27 17:23:45.701 30014 30020 I adbd    : USB event: FUNCTIONFS_RESUME
12-27 17:23:45.701 30014 30020 I adbd    : USB event: FUNCTIONFS_SUSPEND
12-27 17:23:45.760 30014 30020 I adbd    : USB event: FUNCTIONFS_SUSPEND
12-27 17:23:45.801 30014 30020 I adbd    : USB event: FUNCTIONFS_SUSPEND
12-27 17:23:45.802 30014 30020 I adbd    : USB event: FUNCTIONFS_SUSPEND
12-27 17:23:45.843 30014 30020 I adbd    : USB event: FUNCTIONFS_SUSPEND
12-27 17:23:45.862  1405  2370 D SemWifiTrafficPoller: getSoftApTotalTrafficInBytes:10117762
12-27 17:23:45.879 29468  1914 I NearbyMediums: No BLE Fast/GATT advertisements found in the latest cycle.
12-27 17:23:45.880 29468  1914 I NearbyMediums: Current Tracked Scanning Clients are : {NearbyConnections.EnvironmentMonitor, NearbyConnections.TxAdvertisement}
12-27 17:23:46.033 30014 30020 I adbd    : USB event: FUNCTIONFS_SUSPEND
12-27 17:23:46.146   673   673 D io_stats: !@   8,0 r 84859825 1798276516 w 24546951 335286220 d 6812897 357176620 f 0 0 iot 40954000 0 th 0 0 0 pt 0 inp 0 0 431042.686
12-27 17:23:46.344  1039  1195 I EDEN    : [Exynos][EDEN][v1.6.23][SERVICE] processAliveMointorMain:253: Try to check pid=(980)...
12-27 17:23:46.524 30014 30020 I adbd    : USB event: FUNCTIONFS_RESUME
12-27 17:23:46.526 30014 30020 I adbd    : USB event: FUNCTIONFS_SUSPEND
12-27 17:23:46.530 30014 30020 I adbd    : USB event: FUNCTIONFS_RESUME
12-27 17:23:46.530 30014 30020 I adbd    : USB event: FUNCTIONFS_SUSPEND
12-27 17:23:46.770 30014 30020 I adbd    : USB event: FUNCTIONFS_SUSPEND
12-27 17:23:46.784 30014 30020 I adbd    : USB event: FUNCTIONFS_SUSPEND
12-27 17:23:46.790 30014 30020 I adbd    : USB event: FUNCTIONFS_SUSPEND
12-27 17:23:46.802   949   949 I android.hardware.health@2.1-service-samsung: updateLrpSysfs: write: 341
12-27 17:23:46.861  1405  2370 D SemWifiTrafficPoller: getSoftApTotalTrafficInBytes:10117762
12-27 17:23:47.012  1065  1137 I VSyncReactor: Current= 60, Period= 60, Distance= 0
12-27 17:23:47.028  1065  1137 I VSyncReactor: Current= 60, Period= 60, Distance= 60
12-27 17:23:47.048 30014 30020 I adbd    : USB event: FUNCTIONFS_RESUME
12-27 17:23:47.048 30014 30020 I adbd    : USB event: FUNCTIONFS_SUSPEND
12-27 17:23:47.092 30014 30020 I adbd    : USB event: FUNCTIONFS_SUSPEND
12-27 17:23:47.157  1799  1861 V CpEventLog(u0): cp_state: [                 contacts = {contacts=1516, raw_contacts=4212, data=19663, account={secphone(1)=4, sim(2)=14, google(3)=1505, sim2(4)=0, agg(5)=0, samsung(6)=1, mobileservice(7)=0, duo(8)=104, whatsapp(9)=1221, com.facebook.messenger(11)=0, com.microsoft.appmanager(12)=0, duo(36)=389, com.adobe.creativesdk.foundation.auth.adobeID.DC(37)=0, com.syncme.contacts(39)=61, com.google.android.gm.pop3(42)=0, com.microsoft.msa.ltw(84)=0, com.microsoft.msa.ltw(85)=0, com.duolingo(94)=0, www.instagram.com(124)=0, com.facebook.auth.login(125)=0, com.facebook.auth.login(126)=0, app.revanced(127)=0, telegram(134)=0, com.vorwerk.cookidoo(135)=0, com.revolut.sso(136)=0, org.thoughtcrime.securesms(140)=100, telegram(141)=813}, trash=0, trash_acc={}, trash_sync=0, database=contacts2.db} ]
12-27 17:23:47.157  1799  1861 V CpEventLog(u0): cp_state: [               aggregated = {[1,9,141]=3, [1,9,36,141]=1, [141]=10, [2,9,39]=1, [2]=13, [3,140,141,36]=1, [3,140,141]=1, [3,140,9,141]=1, [3,141]=6, [3,3,9,140,36]=1, [3,3,9,141]=1, [3,3,9,8,141]=1, [3,36,141]=2, [3,36]=4, [3,39]=12, [3,3]=4, [3,6,9,141]=1, [3,9,140,141,36]=3, [3,9,140,141]=47, [3,9,140,36,141]=11, [3,9,140,36]=7, [3,9,140]=10, [3,9,141,140,36]=1, [3,9,141,140]=3, [3,9,141,36]=10, [3,9,141]=401, [3,9,36,140,141]=9, [3,9,36,140]=2, [3,9,36,141,141]=1, [3,9,36,141]=190, [3,9,36]=132, [3,9,39,141,36]=1, [3,9,39,141]=24, [3,9,39,36,141]=6, [3,9,39,36]=2, [3,9,39]=14, [3,9,8,140,141]=2, [3,9,8,141,141]=1, [3,9,8,141]=63, [3,9,8,39,141]=1, [3,9,8]=36, [3,9,9,140,141]=1, [3,9,9,141,141]=2, [3,9,9,141]=2, [3,9,9,36,141]=1, [3,9]=215, [36]=2, [3]=263, [9,36,141]=1, [9,36]=1, [9,3]=2, [9]=3} ]
12-27 17:23:47.157  1799  1861 V CpEventLog(u0): cp_state: [                  request = {} ]
12-27 17:23:47.157  1799  1861 V CpEventLog(u0): cp_state: [                    calls = {types={[100]=124, [300]=1, [1000]=1876}, database=calllog.db} ]
12-27 17:23:47.157  1799  1861 V CpEventLog(u0): cp_state: [                  profile = {contacts=0, raw_contacts=0, data=0, account={secphone(1)=0, google(2)=0, sim(3)=0, sim2(4)=0, agg(5)=0, samsung(6)=0, mobileservice(7)=0, duo(8)=0, whatsapp(9)=0, com.facebook.messenger(11)=0, com.microsoft.appmanager(12)=0, duo(36)=0, com.adobe.creativesdk.foundation.auth.adobeID.DC(37)=0, com.syncme.contacts(39)=0, com.google.android.gm.pop3(42)=0, com.microsoft.msa.ltw(70)=0, com.microsoft.msa.ltw(71)=0, com.duolingo(80)=0, www.instagram.com(110)=0, com.facebook.auth.login(111)=0, com.facebook.auth.login(112)=0, app.revanced(113)=0, telegram(120)=0, com.vorwerk.cookidoo(121)=0, com.revolut.sso(122)=0, org.thoughtcrime.securesms(126)=0, telegram(127)=0}, trash=0, trash_acc={}, trash_sync=0, database=profile.db} ]
12-27 17:23:47.157  1799  1861 V CpEventLog(u0): cp_state: [               sa_profile = {contacts=1, raw_contacts=1, data=0, account={secphone(1)=1, google(2)=0, sim(3)=0, sim2(4)=0, agg(5)=0, samsung(6)=0, mobileservice(7)=0, duo(8)=0, whatsapp(9)=0, com.facebook.messenger(11)=0, com.microsoft.appmanager(12)=0, duo(36)=0, com.adobe.creativesdk.foundation.auth.adobeID.DC(37)=0, com.syncme.contacts(39)=0, com.google.android.gm.pop3(42)=0, com.microsoft.msa.ltw(70)=0, com.microsoft.msa.ltw(71)=0, com.duolingo(80)=0, www.instagram.com(110)=0, com.facebook.auth.login(111)=0, com.facebook.auth.login(112)=0, app.revanced(113)=0, telegram(120)=0, com.vorwerk.cookidoo(121)=0, com.revolut.sso(122)=0, org.thoughtcrime.securesms(126)=0, telegram(127)=0}, trash=0, trash_acc={}, trash_sync=0, database=profile_sa.db} ]
12-27 17:23:47.157  1799  1861 V CpEventLog(u0): cp_state: [                      etc = {binders=0, country_iso=IT, version=15.4.39, db_version=1901, csc=/TIM, sec_enabled=false, is_roaming=false} ]
12-27 17:23:47.157  1799  1861 V CpEventLog(u0): cp_state: ------------------------------------------------------------------------------
12-27 17:23:47.253 30014 30020 I adbd    : USB event: FUNCTIONFS_SUSPEND
12-27 17:23:47.255 30014 30020 I adbd    : USB event: FUNCTIONFS_SUSPEND
12-27 17:23:47.260 30014 30020 I adbd    : USB event: FUNCTIONFS_SUSPEND
12-27 17:23:47.265 30014 30020 I adbd    : USB event: FUNCTIONFS_SUSPEND
12-27 17:23:47.277 30014 30020 I adbd    : USB event: FUNCTIONFS_SUSPEND
12-27 17:23:47.278 30014 30020 I adbd    : USB event: FUNCTIONFS_SUSPEND
12-27 17:23:47.287 30014 30020 I adbd    : USB event: FUNCTIONFS_SUSPEND
12-27 17:23:47.320 30014 30020 I adbd    : USB event: FUNCTIONFS_SUSPEND
12-27 17:23:47.399 30014 30020 I adbd    : USB event: FUNCTIONFS_SUSPEND
12-27 17:23:47.447 30014 30020 I adbd    : USB event: FUNCTIONFS_RESUME
12-27 17:23:47.448 30014 30020 I adbd    : USB event: FUNCTIONFS_SUSPEND
12-27 17:23:47.584 30014 30020 I adbd    : USB event: FUNCTIONFS_SUSPEND
12-27 17:23:47.591 30014 30020 I adbd    : USB event: FUNCTIONFS_SUSPEND
12-27 17:23:47.601 30014 30020 I adbd    : USB event: FUNCTIONFS_SUSPEND
12-27 17:23:47.653 30014 30020 I adbd    : USB event: FUNCTIONFS_RESUME
12-27 17:23:47.653 30014 30020 I adbd    : USB event: FUNCTIONFS_SUSPEND
12-27 17:23:47.789 30014 30020 I adbd    : USB event: FUNCTIONFS_SUSPEND
12-27 17:23:47.843 30014 30020 I adbd    : USB event: FUNCTIONFS_RESUME
12-27 17:23:47.843 30014 30020 I adbd    : USB event: FUNCTIONFS_SUSPEND
12-27 17:23:47.866  1405  2370 D SemWifiTrafficPoller: getSoftApTotalTrafficInBytes:10117762
12-27 17:23:47.960 30014 30020 I adbd    : USB event: FUNCTIONFS_SUSPEND
12-27 17:23:48.001 30014 30020 I adbd    : USB event: FUNCTIONFS_RESUME
12-27 17:23:48.001 30014 30020 I adbd    : USB event: FUNCTIONFS_SUSPEND
12-27 17:23:48.097 30014 30020 I adbd    : USB event: FUNCTIONFS_RESUME
12-27 17:23:48.097 30014 30020 I adbd    : USB event: FUNCTIONFS_SUSPEND
12-27 17:23:48.132 30014 30020 I adbd    : USB event: FUNCTIONFS_SUSPEND
12-27 17:23:48.147   673   673 D io_stats: !@   8,0 r 84859825 1798276516 w 24546954 335286248 d 6812898 357176624 f 0 0 iot 40954008 0 th 0 0 0 pt 0 inp 0 0 431044.687
12-27 17:23:48.147   673   673 D io_stats: !@ Write_top(KB): kworker/u16:4(14160) 236 android.hardwar(949) 4 jbd2/sda2-8(669) 4
12-27 17:23:48.249 30014 30020 I adbd    : USB event: FUNCTIONFS_RESUME
12-27 17:23:48.251 30014 30020 I adbd    : USB event: FUNCTIONFS_SUSPEND
12-27 17:23:48.272 30014 30020 I adbd    : USB event: FUNCTIONFS_RESUME
12-27 17:23:48.272 30014 30020 I adbd    : USB event: FUNCTIONFS_SUSPEND
12-27 17:23:48.291 30014 30020 I adbd    : USB event: FUNCTIONFS_SUSPEND
12-27 17:23:48.351 30014 30020 I adbd    : USB event: FUNCTIONFS_RESUME
12-27 17:23:48.351 30014 30020 I adbd    : USB event: FUNCTIONFS_SUSPEND
12-27 17:23:48.382 30014 30020 I adbd    : USB event: FUNCTIONFS_RESUME
12-27 17:23:48.382 30014 30020 I adbd    : USB event: FUNCTIONFS_SUSPEND
12-27 17:23:48.388 30014 30020 I adbd    : USB event: FUNCTIONFS_SUSPEND
12-27 17:23:48.420 30014 30020 I adbd    : USB event: FUNCTIONFS_SUSPEND
12-27 17:23:48.444 30014 30020 I adbd    : USB event: FUNCTIONFS_RESUME
12-27 17:23:48.445 30014 30020 I adbd    : USB event: FUNCTIONFS_SUSPEND
12-27 17:23:48.460 30014 30020 I adbd    : USB event: FUNCTIONFS_RESUME
12-27 17:23:48.461 30014 30020 I adbd    : USB event: FUNCTIONFS_SUSPEND
12-27 17:23:48.475 30014 30020 I adbd    : USB event: FUNCTIONFS_SUSPEND
12-27 17:23:48.478 30014 30020 I adbd    : USB event: FUNCTIONFS_SUSPEND
12-27 17:23:48.478 30014 30020 I adbd    : USB event: FUNCTIONFS_SUSPEND
12-27 17:23:48.498 30014 30020 I adbd    : USB event: FUNCTIONFS_SUSPEND
12-27 17:23:48.555 30014 30020 I adbd    : USB event: FUNCTIONFS_RESUME
12-27 17:23:48.556 30014 30020 I adbd    : USB event: FUNCTIONFS_SUSPEND
12-27 17:23:48.589 30014 30020 I adbd    : USB event: FUNCTIONFS_SUSPEND
12-27 17:23:48.865  1405  2370 D SemWifiTrafficPoller: getSoftApTotalTrafficInBytes:10117762
12-27 17:23:49.036 30014 30020 I adbd    : USB event: FUNCTIONFS_RESUME
12-27 17:23:49.038 30014 30020 I adbd    : USB event: FUNCTIONFS_SUSPEND
12-27 17:23:49.041 30014 30020 I adbd    : USB event: FUNCTIONFS_RESUME
12-27 17:23:49.042 30014 30020 I adbd    : USB event: FUNCTIONFS_SUSPEND
12-27 17:23:49.045  1065  1137 I VSyncReactor: Current= 60, Period= 60, Distance= 0
12-27 17:23:49.062  1065  1137 I VSyncReactor: Current= 60, Period= 60, Distance= 60
12-27 17:23:49.062  1065  1065 I SurfaceFlinger: SFWD update time=431045602305877
12-27 17:23:49.133 30014 30020 I adbd    : USB event: FUNCTIONFS_RESUME
12-27 17:23:49.133 30014 30020 I adbd    : USB event: FUNCTIONFS_SUSPEND
12-27 17:23:49.188 30014 30020 I adbd    : USB event: FUNCTIONFS_SUSPEND
12-27 17:23:49.549 30014 30020 I adbd    : USB event: FUNCTIONFS_SUSPEND
12-27 17:23:49.567 30014 30020 I adbd    : USB event: FUNCTIONFS_SUSPEND
12-27 17:23:49.590 30014 30020 I adbd    : USB event: FUNCTIONFS_RESUME
12-27 17:23:49.590 30014 30020 I adbd    : USB event: FUNCTIONFS_SUSPEND
12-27 17:23:49.594 30014 30020 I adbd    : USB event: FUNCTIONFS_SUSPEND
12-27 17:23:49.597 30014 30020 I adbd    : USB event: FUNCTIONFS_SUSPEND
12-27 17:23:49.602 30014 30020 I adbd    : USB event: FUNCTIONFS_SUSPEND
12-27 17:23:49.646 30014 30020 I adbd    : USB event: FUNCTIONFS_RESUME
12-27 17:23:49.646 30014 30020 I adbd    : USB event: FUNCTIONFS_SUSPEND
12-27 17:23:49.774  1405  2432 E SmartFaceManager: checkForSmartStay S
12-27 17:23:49.778  1405  2432 W ActivityManager: pid 1405 system sent binder code 5 with flags 0 to frozen apps and got error -32
12-27 17:23:49.783  1405  2432 I ActivityManager: PendingStartActivityUids startActivity to updateOomAdj delay:19473ms, uid:10152
12-27 17:23:49.785  3478  3478 E SmartFaceServiceStarter: onStartCommand
12-27 17:23:49.786  3478  3478 E SmartFaceServiceStarter: SmartFaceService already exist.
12-27 17:23:49.786  3478  3478 E SmartFaceServiceStarter: onStartCommand done
12-27 17:23:49.788  1405  2432 V SmartFaceManager: Service connected!
12-27 17:23:49.788  1405  2432 D SmartFaceManager: Sending smart-stay-framecount-reset: to service
12-27 17:23:49.790  3478  3500 I SmartFaceService: setValue, key: smart-stay-framecount-reset value: 
12-27 17:23:49.790  3478  3500 I SmartFaceService: setValue, key: empty key for ping value: empty value
12-27 17:23:49.790  3478  3500 I SmartFaceService: Client not found. for command: empty key for ping
