12-27 17:26:03.002   980 28397 I ExynosCameraMCPipeSec: [CAM(1)][PIPE_LME_SRC_IMAGE]-(start[236]):start() is succeed, Pipe(47)
12-27 17:26:03.002   980 28397 I ExynosCameraMCPipe: [CAM(1)][PIPE_3AA]-(instantOn[510]):
12-27 17:26:03.002   980 28397 I ExynosCameraMCPipe: [CAM(1)][PIPE_3AA]-(instantOn[564]):Put instantOn Buffer (index 0)
12-27 17:26:03.002   980 28397 I ExynosCameraMCPipe: [CAM(1)][PIPE_3AA]-(instantOn[564]):Put instantOn Buffer (index 1)
12-27 17:26:03.002   980 28397 I ExynosCameraMCPipe: [CAM(1)][PIPE_3AA]-(instantOn[564]):Put instantOn Buffer (index 2)
12-27 17:26:03.002   980 28397 I ExynosCameraMCPipe: [CAM(1)][PIPE_3AA]-(instantOn[564]):Put instantOn Buffer (index 3)
12-27 17:26:03.003   980 28397 I ExynosCameraMCPipe: [CAM(1)][PIPE_3AA]-(instantOn[564]):Put instantOn Buffer (index 4)
12-27 17:26:03.003   980 28397 I ExynosCameraMCPipe: [CAM(1)][PIPE_3AA]-(instantOn[564]):Put instantOn Buffer (index 5)
12-27 17:26:03.003   980 28397 I ExynosCameraMCPipe: [CAM(1)][PIPE_3AA]-(instantOn[579]):instantOn() is succeed, Pipe(6), Frames(6)
12-27 17:26:03.003   980 28397 I ExynosCameraFrameFactoryPreviewSec: [CAM(1)][Front_0]-(fastenAeStable[379]): Start S_STREAM
12-27 17:26:03.023  4988  4988 D app_process64: [INFO] App started
12-27 17:26:03.026  1405  3238 D BiometricService: canAuthenticate: User=0, Caller=0, Authenticators=255
12-27 17:26:03.026  1405  3238 D BiometricService: false true true true
12-27 17:26:03.026  1405  3238 D BiometricService/PreAuthInfo: create: false, true, false, ff, 0
12-27 17:26:03.026  1405  3238 I FaceService: isHardwareDetected called from pid=1405[1] 
12-27 17:26:03.026  1405  3238 I FaceService: hasEnrolledFaces called from pid=1405[0][1] , size = 0
12-27 17:26:03.026  1405  3238 D BiometricService/PreAuthInfo: Package: com.moneymind.app Sensor ID: 1 Modality: 8 Status: 7
12-27 17:26:03.026  1405  3238 D BiometricService/PreAuthInfo: Package: com.moneymind.app Sensor ID: 0 Modality: 2 Status: 1
12-27 17:26:03.026  1405  3238 D BiometricService/PreAuthInfo: getCanAuthenticateInternal Modality: 2 AuthenticatorStatus: 1
12-27 17:26:03.026  1405  3238 D AuthService: canAuthenticate, userId: 0, callingUserId: 0, authenticators: 255, result: 0
12-27 17:26:03.027  4988  4988 D app_process64: [INFO] Biometric authentication required
12-27 17:26:03.028  1405  3238 D BiometricService: canAuthenticate: User=0, Caller=0, Authenticators=255
12-27 17:26:03.028  1405  3238 D BiometricService: false true true true
12-27 17:26:03.028  1405  3238 D BiometricService/PreAuthInfo: create: false, true, false, ff, 0
12-27 17:26:03.028  1405  3238 I FaceService: isHardwareDetected called from pid=1405[1] 
12-27 17:26:03.028  1405  3238 I FaceService: hasEnrolledFaces called from pid=1405[0][1] , size = 0
12-27 17:26:03.028  1405  3238 D BiometricService/PreAuthInfo: Package: com.moneymind.app Sensor ID: 1 Modality: 8 Status: 7
12-27 17:26:03.028  1405  3238 D BiometricService/PreAuthInfo: Package: com.moneymind.app Sensor ID: 0 Modality: 2 Status: 1
12-27 17:26:03.028  1405  3238 D BiometricService/PreAuthInfo: getCanAuthenticateInternal Modality: 2 AuthenticatorStatus: 1
12-27 17:26:03.028  1405  3238 D AuthService: canAuthenticate, userId: 0, callingUserId: 0, authenticators: 255, result: 0
12-27 17:26:03.029  1405  3238 D BiometricService: canAuthenticate: User=0, Caller=0, Authenticators=255
12-27 17:26:03.029  1405  3238 D BiometricService: false true true true
12-27 17:26:03.029  1405  3238 D BiometricService/PreAuthInfo: create: false, true, false, ff, 0
12-27 17:26:03.029  1405  3238 I FaceService: isHardwareDetected called from pid=1405[1] 
12-27 17:26:03.029  1405  3238 I FaceService: hasEnrolledFaces called from pid=1405[0][1] , size = 0
12-27 17:26:03.029  1405  3238 D BiometricService/PreAuthInfo: Package: com.moneymind.app Sensor ID: 1 Modality: 8 Status: 7
12-27 17:26:03.029  1405  3238 D BiometricService/PreAuthInfo: Package: com.moneymind.app Sensor ID: 0 Modality: 2 Status: 1
12-27 17:26:03.029  1405  3238 D BiometricService/PreAuthInfo: getCanAuthenticateInternal Modality: 2 AuthenticatorStatus: 1
12-27 17:26:03.029  1405  3238 D AuthService: canAuthenticate, userId: 0, callingUserId: 0, authenticators: 255, result: 0
12-27 17:26:03.032  4988  4988 D app_process64: BiometricAuthService.AuthenticateAsync error: Resolver for the current activity is not set. Call Fingerprint.SetCurrentActivityResolver somewhere in your startup code.
12-27 17:26:03.032  4988  4988 D app_process64: [WARNING] Biometric authentication failed
12-27 17:26:03.032  1405  3238 D WindowManager: Transition is created, t=TransitionRecord{2a537d8 id=-1 type=CLOSE flags=0x0}, caller=com.android.server.wm.Transition.<init>:170 com.android.server.wm.TransitionController.createTransition:17 com.android.server.wm.TransitionController.requestCloseTransitionIfNeeded:72 com.android.server.wm.ActivityTaskSupervisor.removeTask:3 com.android.server.wm.ActivityClientController.finishActivity:269 
12-27 17:26:03.033  1405  3238 D BLASTSyncEngine: SyncGroup is created, id=6446, name=Transition-CLOSE, caller=com.android.server.wm.BLASTSyncEngine$SyncGroup.<init>:51 com.android.server.wm.TransitionController.moveToCollecting:78 com.android.server.wm.TransitionController.createTransition:47 com.android.server.wm.TransitionController.requestCloseTransitionIfNeeded:72 com.android.server.wm.ActivityTaskSupervisor.removeTask:3 com.android.server.wm.ActivityClientController.finishActivity:269 android.app.IActivityClientController$Stub.onTransact:822 
12-27 17:26:03.033  1405  3238 W BLASTSyncEngine: setSyncMethod, id=6446, method=0, caller=com.android.server.wm.TransitionController.moveToCollecting:90 com.android.server.wm.TransitionController.createTransition:47 com.android.server.wm.TransitionController.requestCloseTransitionIfNeeded:72 
12-27 17:26:03.033  1405  3238 V WindowManager: Start collecting in Transition: TransitionRecord{2a537d8 id=6446 type=CLOSE flags=0x0}, caller=com.android.server.wm.TransitionController.createTransition:47 com.android.server.wm.TransitionController.requestCloseTransitionIfNeeded:72 com.android.server.wm.ActivityTaskSupervisor.removeTask:3 com.android.server.wm.ActivityClientController.finishActivity:269 android.app.IActivityClientController$Stub.onTransact:822 
12-27 17:26:03.033  1405  3238 V WindowManager: Requesting StartTransition: TransitionRecord{2a537d8 id=6446 type=CLOSE flags=0x0}, caller=com.android.server.wm.TransitionController.requestCloseTransitionIfNeeded:80 com.android.server.wm.ActivityTaskSupervisor.removeTask:3 com.android.server.wm.ActivityClientController.finishActivity:269 android.app.IActivityClientController$Stub.onTransact:822 com.android.server.wm.ActivityClientController.onTransact:1 
12-27 17:26:03.033  1405  3238 V WindowManager: Collecting in transition 6446: Task{c9b150b #5313 type=standard A=10413:com.moneymind.app}, caller=com.android.server.wm.Transition.collectExistenceChange:42 com.android.server.wm.Transition.collectClose:7 com.android.server.wm.ActivityTaskSupervisor.removeTask:4 com.android.server.wm.ActivityClientController.finishActivity:269 android.app.IActivityClientController$Stub.onTransact:822 
12-27 17:26:03.033  1405  3238 D WindowManager: prepareSync <SYNC_STATE_WAITING_FOR_DRAW>, mPrepareSyncSeqId=0, win=Window{9ce5d32 u0 Splash Screen com.moneymind.app}
12-27 17:26:03.033  2502  2556 V WindowManagerShell: Transition requested (#6446): android.os.BinderProxy@fe8105c TransitionRequestInfo { type = CLOSE, triggerTask = TaskInfo{userId=0 taskId=5313 displayId=0 isRunning=true baseIntent=Intent { flg=0x10000000 cmp=com.moneymind.app/crc64399a401da9d21b0a.MainActivity } baseActivity=ComponentInfo{com.moneymind.app/crc64399a401da9d21b0a.MainActivity} topActivity=ComponentInfo{com.moneymind.app/crc64399a401da9d21b0a.MainActivity} origActivity=null realActivity=ComponentInfo{com.moneymind.app/crc64399a401da9d21b0a.MainActivity} numActivities=1 lastActiveTime=1214160704 supportsMultiWindow=true resizeMode=1 isResizeable=true minWidth=-1 minHeight=-1 maxWidth=-1 maxHeight=-1 defaultMinSize=220 token=WCT{android.window.IWindowContainerToken$Stub$Proxy@df32f65} topActivityType=1 pictureInPictureParams=null shouldDockBigOverlays=false launchIntoPipHostTaskId=-1 lastParentTaskIdBeforePip=-1 displayCutoutSafeInsets=Rect(0, 75 - 0, 0) topActivityInfo=ActivityInfo{61a243a crc64399a401da9d21b0a.MainActivity} launchCookies=[] positionInParent=Point(0, 0) parentTaskId=-1 isFocused=true isVisible=true isVisibleRequested=true isSleeping=false topActivityInSizeCompat=false locusId=null displayAreaFeatureId=1 isTopActivityTransparent=false isTopActivityStyleFloating=false appCompatTaskInfo=AppCompatTaskInfo { topActivityInSizeCompat=false eligibleForLetterboxEducation= false isLetterboxEducationEnabled= false isLetterboxDoubleTapEnabled= false eligibleForUserAspectRatioButton= false topActivityBoundsLetterboxed= false isFromLetterboxDoubleTap= false topActivityLetterboxVerticalPosition= -1 topActivityLetterboxHorizontalPosition= -1 topActivityLetterboxWidth=1080 topActivityLetterboxHeight=2400 topActivityLetterboxAppWidth=1080 topActivityLetterboxAppHeight=2190 isUserFullscreenOverrideEnabled=false isSystemFullscreenOverrideEnabled=false hasMinAspectRatioOverride=false cameraCompatTaskInfo=CameraCompatTaskInfo { freeformCameraCompatMode=inactive} topActivityBounds=null topActivityInDisplayCompat=false} originallySupportedMultiWindow=true hasWallpaper=false rootAffinity=10413:com.moneymind.app isTopTaskInStage=false topActivityUiMode=33 CoverLauncherWidgetTask=false isAllowedSeamlessRotation=false isTopTransparentActivity=false snappingGuideBounds=Rect(81, 571 - 999, 1771) isAliasManaged=false hasConfigChanged=false isAiKeyRemoveAppTask=false}, pipTask = null, remoteTransition = null, displayChange = null, flags = 0, debugId = 6446 }
12-27 17:26:03.034  1405  3238 D ActivityTaskManager: scheduleTopResumedActivityChanged, onTop=false, r=ActivityRecord{389d685 u0 com.moneymind.app/crc64399a401da9d21b0a.MainActivity t5313 f}}, caller=com.android.server.wm.ActivityTaskSupervisor.scheduleTopResumedActivityStateLossIfNeeded:11 com.android.server.wm.ActivityTaskSupervisor.updateTopResumedActivityIfNeeded:19 com.android.server.wm.TaskDisplayArea.positionChildAt:270 com.android.server.wm.WindowContainer.positionChildAt:86 com.android.server.wm.Task.positionChildAt:19 com.android.server.wm.Task.moveToFront:443 
12-27 17:26:03.034  1405  3238 V WindowManager: Collecting in transition 6446: Task{c9b150b #5313 type=standard A=10413:com.moneymind.app}, caller=com.android.server.wm.Transition.collectExistenceChange:42 com.android.server.wm.Transition.collectClose:7 com.android.server.wm.ActivityRecord.finishIfPossible:46 com.android.server.wm.ActivityRecord.finishIfPossible:1 com.android.server.wm.Task.removeActivities:86 
12-27 17:26:03.034  1405  3238 V WindowManager: Collecting in transition 6446: ActivityRecord{389d685 u0 com.moneymind.app/crc64399a401da9d21b0a.MainActivity t5313 f}}, caller=com.android.server.wm.TransitionController.collect:7 com.android.server.wm.ActivityRecord.setVisibility:189 com.android.server.wm.ActivityRecord.finishIfPossible:85 com.android.server.wm.ActivityRecord.finishIfPossible:1 com.android.server.wm.Task.removeActivities:86 
12-27 17:26:03.035  1405  3234 V WindowManager: Starting Transition 6446, caller=com.android.server.wm.WindowOrganizerController.startTransition:37 com.android.server.wm.WindowOrganizerController.startTransition:1 android.window.IWindowOrganizerController$Stub.onTransact:271 
12-27 17:26:03.036  3037  3123 I HoneySpace.TopTaskSource: onTaskMovedToFront : taskId = 4814, displayId = 0
12-27 17:26:03.036  3037 26159 I HoneySpace.RecentTasks: onRecentTasksChanged
12-27 17:26:03.037  3037  3125 I HoneySpace.TopTaskUseCase: topTaskId 4814, DisplayId : 0
12-27 17:26:03.038  3037 26126 I HoneySpace.RecentTasks: onRecentTasksChanged
12-27 17:26:03.038  1405 10438 E TaskPersister: File error accessing recents directory (directory doesn't exist?).
12-27 17:26:03.039  1405 10438 E TaskPersister: File error accessing recents directory (directory doesn't exist?).
12-27 17:26:03.039  1405 10438 E TaskPersister: File error accessing recents directory (directory doesn't exist?).
12-27 17:26:03.039  3037 26126 I HoneySpace.HistoryViewModel@17345573@OneUI: Illegal access. Unknown type. skip load history items
12-27 17:26:03.041  3037 26159 I HoneySpace.HistoryViewModel@17345573@OneUI: Illegal access. Unknown type. skip load history items
12-27 17:26:03.052  1405  2370 D SemWifiTrafficPoller: getSoftApTotalTrafficInBytes:10117762
12-27 17:26:03.056 30014 30014 I adbd    : Remote process closed the socket (on MSG_PEEK)
12-27 17:26:03.058 30014 30020 I adbd    : USB event: FUNCTIONFS_SUSPEND
12-27 17:26:03.067  1065  1065 I BpBinder: onLastStrongRef automatically unlinking death recipients: 
12-27 17:26:03.077  1405  2586 I ActivityManager: Process com.moneymind.app (pid 4988) has died: fg  TOP (304,3168)
12-27 17:26:03.077   922   922 I Zygote  : Process 4988 exited cleanly (0)
12-27 17:26:03.077  1405  2586 V WindowManager: Collecting in transition 6446: Task{c9b150b #5313 type=standard A=10413:com.moneymind.app}, caller=com.android.server.wm.Transition.collectClose:12 com.android.server.wm.WindowProcessController.handleAppDied$1:473 com.android.server.am.ActivityManagerService.handleAppDiedLocked:247 com.android.server.am.ActivityManagerService.appDiedLocked:479 com.android.server.am.ActivityManagerService$AppDeathRecipient.binderDied:17 
12-27 17:26:03.078 15941 12150 I SAMSUNGWALLET: [Hint_ProcessStatusChange] invoke foreground activities changed - onProcessDied pid:4988 uid : 10413
12-27 17:26:03.078  1405  1513 D SGM:FgCheckThread: getForegroundApp(), foregroundPkgName=com.moneymind.app
12-27 17:26:03.078  1405  2586 V WindowManager: Collecting in transition 6446: ActivityRecord{389d685 u0 com.moneymind.app/crc64399a401da9d21b0a.MainActivity t5313 f}}, caller=com.android.server.wm.TransitionController.collect:7 com.android.server.wm.ActivityRecord.onRemovedFromDisplay:324 com.android.server.wm.ActivityRecord.removeFromHistory:176 com.android.server.wm.WindowProcessController.handleAppDied$1:514 com.android.server.am.ActivityManagerService.handleAppDiedLocked:247 
12-27 17:26:03.078  1405  2586 D SGM:FgCheckThread: TaskStackListener.onTaskFocusChanged(), taskId=5313, focused=false
12-27 17:26:03.078  1405  2586 I SemDvfsHyPerManager: acquire hyper - AMS_APP_HOME/1405@30, type = -999
12-27 17:26:03.078  1405  1513 D SGM:FgCheckThread: pkgName: com.moneymind.app is not in foreground
12-27 17:26:03.078   970  1021 I HYPER-HAL: [RequestManager.cpp]acquire(): Acquired ID : 1030360  [1405 / 30]    HINT : AMS_APP_HOME    list : 
12-27 17:26:03.078   970  1021 I HYPER-HAL: [ResourceManager.cpp]updateResource(): [CPUMinFreq] UpdateResource Request ID : 1030360    Value : 2912000
12-27 17:26:03.080  1405  1528 I libprocessgroup: Removed cgroup /sys/fs/cgroup/uid_10413/pid_4988
12-27 17:26:03.080  5490  5490 I SemDvfsHyPerManager: acquire hyper - APP_START_HOME/5490@15, type = -999
12-27 17:26:03.080   970  1021 I HYPER-HAL: [RequestManager.cpp]acquire(): Acquired ID : 15155280  [5490 / 15]    HINT : APP_START    list : [KERNEL_APP_START_NOTIFY / 0] [TIMEOUT / 1500] 
12-27 17:26:03.081   970  1021 I HYPER-HAL: [ResourceManager.cpp]updateResource(): [CPUMaxFreq] UpdateResource Request ID : 15155280    Value : 2912000
12-27 17:26:03.083  1405  2586 D ActivityManagerPerformance: AMP_acquire() HOME
12-27 17:26:03.083  1405  2586 V WindowManager: Collecting in transition 6446: ActivityRecord{403e55 u0 com.sec.android.app.launcher/.activities.LauncherActivity t4814}, caller=com.android.server.wm.TransitionController.collect:7 com.android.server.wm.ActivityRecord.setVisibility:189 com.android.server.wm.TaskFragment.resumeTopActivity:1735 com.android.server.wm.Task.resumeTopActivityInnerLocked:98 com.android.server.wm.Task.resumeTopActivityUncheckedLocked:23 
12-27 17:26:03.083  1405  2586 D WindowManager: prepareSync <SYNC_STATE_WAITING_FOR_DRAW>, mPrepareSyncSeqId=0, win=Window{da1422e u0 com.sec.android.app.launcher/com.sec.android.app.launcher.activities.LauncherActivity}
12-27 17:26:03.083  1405  2586 V WindowManager: Setting visibility of Window{da1422e u0 com.sec.android.app.launcher/com.sec.android.app.launcher.activities.LauncherActivity}: true, caller=com.android.server.wm.WindowContainer.sendAppVisibilityToClients:19 com.android.server.wm.WindowToken.setClientVisible:49 com.android.server.wm.ActivityRecord.setVisibility:392 com.android.server.wm.TaskFragment.resumeTopActivity:1735 com.android.server.wm.Task.resumeTopActivityInnerLocked:98 
12-27 17:26:03.083  1405  2586 D SGM:FgCheckThread: TaskStackListener.onTaskFocusChanged(), taskId=4814, focused=true
12-27 17:26:03.083  1405  2586 D SGM:FgCheckThread:   sendRunningComponentFocus(), pkgName: com.sec.android.app.launcher, userId: 0
12-27 17:26:03.083  1405  1833 D SGM:FgCheckThread: onLooperPrepared(), msg: MSG_TASK_FOCUSED, pkgName: com.sec.android.app.launcher, userId: 0
12-27 17:26:03.083  1405  2328 D AS.MultiSoundManager: mForegroundUid = 10152
12-27 17:26:03.083  1405  2586 D InputDispatcher: Focused application(0): ActivityRecord{403e55 u0 com.sec.android.app.launcher/.activities.LauncherActivity t4814}
12-27 17:26:03.083  1405  1833 D SGM:FgCheckThread: handleTaskFocused().
12-27 17:26:03.083  1405  1833 D SGM:FgCheckThread: sendFocusOutConditionally() - mPrevNotiPkg: (unknown), userId: 0
12-27 17:26:03.083  1405  1833 D SGM:FgCheckThread:   handleTaskFocused(), pkgName: com.sec.android.app.launcher, userID:0 mResumedPkgMap does not containsKey.
12-27 17:26:03.084  1405  2586 V WindowManager: rotationForOrientation(orient=SCREEN_ORIENTATION_NOSENSOR (5), last=ROTATION_0 (0)); user=ROTATION_0 (0) 
12-27 17:26:03.084  1405  2586 D WindowManager: rotationForOrientation, orientationSource=ActivityRecord{403e55 u0 com.sec.android.app.launcher/.activities.LauncherActivity t4814}
12-27 17:26:03.084  1405  2586 V WindowManager: Computed rotation=ROTATION_0 (0) for display id=0 based on lastOrientation=SCREEN_ORIENTATION_NOSENSOR (5) and oldRotation=ROTATION_0 (0), caller=com.android.server.wm.DisplayRotation.updateOrientation:25 com.android.server.wm.DisplayContent.updateOrientation:65 com.android.server.wm.DisplayContent.updateOrientation:11 com.android.server.wm.RootWindowContainer.ensureVisibilityAndConfig:7 com.android.server.wm.TaskFragment.resumeTopActivity:1836 com.android.server.wm.Task.resumeTopActivityInnerLocked:98 
12-27 17:26:03.084  1405  2586 E WindowManager: win=Window{da1422e u0 com.sec.android.app.launcher/com.sec.android.app.launcher.activities.LauncherActivity} destroySurfaces: appStopped=false cleanupOnResume=true win.mWindowRemovalAllowed=false win.mRemoveOnExit=false win.mViewVisibility=8 caller=com.android.server.wm.ActivityRecord.destroySurfaces:25 com.android.server.wm.ActivityRecord.notifyAppResumed:77 com.android.server.wm.TaskFragment.resumeTopActivity:1929 com.android.server.wm.Task.resumeTopActivityInnerLocked:98 com.android.server.wm.Task.resumeTopActivityUncheckedLocked:23 com.android.server.wm.Task.resumeTopActivityUncheckedLocked:90 com.android.server.wm.ActivityRecord.makeActiveIfNeeded:13 
12-27 17:26:03.084  1405  2586 D WindowManagerServiceExt: updateTaskbarTargetIfNeeded: reset
12-27 17:26:03.084  1405  2586 V WindowManager: Collecting in transition 6446: WallpaperWindowToken{5627964 token=android.os.Binder@30456f7}_<system>, caller=com.android.server.wm.TransitionController.collect:7 com.android.server.wm.WallpaperWindowToken.setVisibility:54 com.android.server.wm.WallpaperController.adjustWallpaperWindows:736 com.android.server.wm.RootWindowContainer.applySurfaceChangesTransaction$1:141 com.android.server.wm.RootWindowContainer.performSurfacePlacementNoTrace:61 
12-27 17:26:03.084  1405  2586 V WindowManager: Setting visibility of Window{96f49e7 u0 com.android.systemui.wallpapers.ImageWallpaper}: true, caller=com.android.server.wm.WindowContainer.sendAppVisibilityToClients:19 com.android.server.wm.WindowToken.setClientVisible:49 com.android.server.wm.WallpaperWindowToken.setVisible$1:3 com.android.server.wm.WallpaperWindowToken.commitVisibility:49 com.android.server.wm.WallpaperWindowToken.setVisibility:111 
12-27 17:26:03.084  2502  3946 I WallpaperService: dispatchAppVisibility: system, visible=true , mLidState = -1
12-27 17:26:03.085  2502  2694 I WallpaperService: updateSurface system forceRelayout=false forceReport=false redrawNeeded=false myWidth=-1 myHeight=-1 fixedSize=false x = 0 y = 0 mWidth=-1 mHeight=-1
12-27 17:26:03.085  2502  2694 I WallpaperService: reportVisibility: visibility changed. visible=true
12-27 17:26:03.085  2502  2694 I ImageWallpaper_5[Image]:  onVisibilityChanged: visible=true , displayId=0
12-27 17:26:03.085  1405  2586 D BLASTSyncEngine: SyncGroup 6446:  Unfinished container: ActivityRecord{403e55 u0 com.sec.android.app.launcher/.activities.LauncherActivity t4814} mSyncState=2
12-27 17:26:03.085  1405  3234 D DARUtil : Device owner status not updated yet...
12-27 17:26:03.085  1405  3234 D DARUtil : Not an enterprise user : 0
12-27 17:26:03.085  1405  3234 D DARUtil : Device owner status not updated yet...
12-27 17:26:03.085  1405  3234 D DARUtil : Not an enterprise user : 0
12-27 17:26:03.085  1405  3234 D SyntheticPasswordManager.SDP: Inside fromBytes() - result.pinLength : -1
12-27 17:26:03.085  1405  3234 D SyntheticPasswordManager.SDP: 1. result.secureMode : 0
12-27 17:26:03.085  1405  2586 D BLASTSyncEngine: SyncGroup 6446:  Unfinished container: ActivityRecord{403e55 u0 com.sec.android.app.launcher/.activities.LauncherActivity t4814} mSyncState=2
12-27 17:26:03.086  1405  1405 I WALLPAPER_SVC:SemWallpaperManagerService: isHomeActivityVisible : false 
12-27 17:26:03.086  1405  1405 D WALLPAPER_SVC:WallpaperData: getWallpaperFile: file = /data/system/users/0/wallpaper_orig 
12-27 17:26:03.086  1405  1405 D WALLPAPER_SVC:WallpaperData: getWallpaperFile: file = /data/system/users/0/wallpaper_orig 
12-27 17:26:03.086  3037  3037 I VRI[LauncherActivity]@49b34de: handleAppVisibility mAppVisible = false visible = true
12-27 17:26:03.086  1405  1405 D WALLPAPER_SVC:WallpaperManagerService: dispatchHomeVisibilityChanged: visible = false, connection = com.android.server.wallpaper.WallpaperManagerService$WallpaperConnection@a87bdcc, systemWallpaper = WallpaperData@e42fb54, id: 4, which: 5, file mod: 1631519521333, info: null, engine(s): Proxy@dad9d27, type = 0, userId = 0, uri= null, allowBackup= true, wallpaperComponent = ComponentInfo{com.android.systemui/com.android.systemui.wallpapers.ImageWallpaper}, nextWallpaperComponent = ComponentInfo{com.android.systemui/com.android.systemui.wallpapers.ImageWallpaper} 
12-27 17:26:03.086  3037  3123 I HoneySpace.TopTaskSource: onTaskFocusChanged(): taskId = 4814
12-27 17:26:03.086  1405  1513 D EnterpriseDeviceManagerService: isMdmAdminPresentInternal() : MDM Admin Found - com.samsung.knox.securefolder
12-27 17:26:03.086  3037  3037 I HoneySpace.Launcher: !@Boot_EBS_D: Launcher.onResume()
12-27 17:26:03.086  1405  1513 D SGM:FgCheckThread: noteResumeComponent(), received pkgName: com.sec.android.app.launcher, userId: 0
12-27 17:26:03.086  3037  3123 I HoneySpace.TopTaskSource: onTaskMovedToFront : taskId = 4814, displayId = 0
12-27 17:26:03.087  5490  7775 I SDHMS:l : handleResumeComponent : put = com.sec.android.app.launcher, userid = 0 instanceid =28812792
12-27 17:26:03.087  1405  2353 I CocktailBarManagerServiceContainer: handleMessage: entry what = 5
12-27 17:26:03.087  3037  3037 I HoneySpace.Launcher: updateLauncherShowing false -> true
12-27 17:26:03.087  3037 26159 I HoneySpace.Memory-Monitor: cancelTrimIfNeeded
12-27 17:26:03.087  1405  1833 D SGM:FgCheckThread: onLooperPrepared(), msg: MSG_APP_RESUME, pkgName: com.sec.android.app.launcher, userid: 0
12-27 17:26:03.087  1405  1833 D SGM:FgCheckThread: handleResume().
12-27 17:26:03.087  1405  1833 D SGM:FgCheckThread: sendFocusOutConditionally() - mPrevNotiPkg: (unknown), userId: 0
12-27 17:26:03.087  1405  1833 D SGM:FgCheckThread:   handleResume(). pkgName: com.sec.android.app.launcher, userId: 0, category: non-game
12-27 17:26:03.087  1405  1833 D SGM:FgCheckThread: notifyFocusInOut(). of pkg: com.sec.android.app.launcher, type: 4, isSecGameFamily: false, userId: 0
12-27 17:26:03.087  1405  1833 D SGM:FgCheckThread:   notifyFocusInOut(). unexpected mPrevNotiType: -1
12-27 17:26:03.087  1405  1833 D SGM:SystemHelper: callReleaseBlock needReleaseBlock:false
12-27 17:26:03.087  3037  3037 I HoneySpace.ShellTransitionManager: myHomeResumed
12-27 17:26:03.087  3037 19170 I HoneySpace.PredictionDataSourceImpl: requestPredictionUpdate 0 true
12-27 17:26:03.087  1405  1511 D DisplayManagerService: Drop pending events for gone uid 10413
12-27 17:26:03.087  3037 19170 I HoneySpace.PredictionDataSourceImpl: requestPredictionUpdate 1 true
12-27 17:26:03.089  2502  2502 I {OngoingActivityDataHelper}: setBaseActivityComponentName:ComponentInfo{com.sec.android.app.launcher/com.sec.android.app.launcher.Launcher}
12-27 17:26:03.090  1405  2303 D InetDiagMessage: Destroyed 0 sockets, proto=IPPROTO_TCP, family=AF_INET, states=14
12-27 17:26:03.090  1405  2303 D InetDiagMessage: Destroyed 0 sockets, proto=IPPROTO_TCP, family=AF_INET6, states=14
12-27 17:26:03.090  1405  2303 D InetDiagMessage: Destroyed live tcp sockets for uids={10413} in 2ms
12-27 17:26:03.090 15941 16801 I SAMSUNGWALLET: [Hint_SimpleHintProcessMonitor] isHomePackageRunning topPkgName = com.sec.android.app.launcher, topClsName = com.sec.android.app.launcher.Launcher, return true , se : true
12-27 17:26:03.091  3037  3037 I HoneySpace.ResumeTimer: last resume updated : 431179627
12-27 17:26:03.091  1405  2303 D InetDiagMessage: Destroyed 0 sockets, proto=IPPROTO_TCP, family=AF_INET, states=14
12-27 17:26:03.091 15941 15941 I SAMSUNGWALLET: [Hint_PayHintService] Hint Status - SHOW, y : 0.0
12-27 17:26:03.091  3037  3037 I SearchHoneyPot: onViewCreated: onResume
12-27 17:26:03.091 15941 15941 I SAMSUNGWALLET: [Hint_PayHintService] getWindowLayoutParams
12-27 17:26:03.091 15941 15941 I SAMSUNGWALLET: [Hint_PayHintService] S fit
12-27 17:26:03.091  1405  2303 D InetDiagMessage: Destroyed 0 sockets, proto=IPPROTO_TCP, family=AF_INET6, states=14
12-27 17:26:03.091  1405  2303 D InetDiagMessage: Destroyed live tcp sockets for uids={20413} in 1ms
12-27 17:26:03.091  5490  5490 I SDHMS:LOAD: type: LoadsFreqs, value: 0:0:0:0:0:0:0:0:0:0:0:0
12-27 17:26:03.091  1405  1562 D AnalyticsContainerHandler: handleMessage : { when=0 what=1 target=com.android.server.knox.KnoxAnalyticsContainer$AnalyticsHandler }
12-27 17:26:03.092  1405  1562 D AnalyticsContainerHandler: handleMessage : { when=0 what=2 target=com.android.server.knox.KnoxAnalyticsContainer$AnalyticsHandler }
12-27 17:26:03.092 17136 17136 I bpbk    : onResume
12-27 17:26:03.092 15941 16801 I SAMSUNGWALLET[IT]: [SimpleCardManagerImpl] Focus card exists in list. type=1 id=pju***********************
12-27 17:26:03.092  3037  5953 I HoneySpace.SPayHandler: updateSpayHandler, show = true, defaultPage = true
12-27 17:26:03.096  2731  2771 I Tethering: [BpfCoordinator] onAlertReached
12-27 17:26:03.100  1405  3225 V WindowManager: Relayout Window{da3a00b u0 com.samsung.android.spay.pay.HintService}: viewVisibility=0 req=522x67 ty=2024 d0
12-27 17:26:03.101  1065  1089 I SurfaceFlinger: id=82137 createSurf, flag=44004, com.samsung.android.spay.pay.HintService$_15941#82137
12-27 17:26:03.101 30014 30020 I adbd    : USB event: FUNCTIONFS_RESUME
12-27 17:26:03.101 30014 30020 I adbd    : USB event: FUNCTIONFS_SUSPEND
12-27 17:26:03.102  1405  3225 D WindowManager: makeSurface duration=1 name=com.samsung.android.spay.pay.HintService$_15941
12-27 17:26:03.103  1405  3225 D BLASTSyncEngine: SyncGroup 6446:  Unfinished container: ActivityRecord{403e55 u0 com.sec.android.app.launcher/.activities.LauncherActivity t4814} mSyncState=2
12-27 17:26:03.103  1405  3234 V WindowManager: Relayout Window{da1422e u0 com.sec.android.app.launcher/com.sec.android.app.launcher.activities.LauncherActivity}: viewVisibility=0 req=1080x2400 ty=1 d0
12-27 17:26:03.103  1405  3225 V WindowManager: Relayout hash=da3a00b, pid=15941, syncId=-1: mAttrs={(0,0)(522x67) gr=BOTTOM CENTER sim={adjust=pan} layoutInDisplayCutoutMode=shortEdges ty=NAVIGATION_BAR_PANEL fmt=TRANSLUCENT
12-27 17:26:03.103  1405  3225 V WindowManager:   fl=1800308
12-27 17:26:03.103  1405  3225 V WindowManager:   pfl=10000040
12-27 17:26:03.103  1405  3225 V WindowManager:   bhv=1
12-27 17:26:03.103  1405  3225 V WindowManager:   fitTypes=2
12-27 17:26:03.103  1405  3225 V WindowManager:   fitSides=5
12-27 17:26:03.103  1405  3225 V WindowManager:   frameRateBoostOnTouch=true
12-27 17:26:03.103  1405  3225 V WindowManager:   dvrrWindowFrameRateHint=true naviIconColor=0}
12-27 17:26:03.103  1405  3234 D BLASTSyncEngine: SyncGroup 6446:  Unfinished container: ActivityRecord{403e55 u0 com.sec.android.app.launcher/.activities.LauncherActivity t4814} mSyncState=2
12-27 17:26:03.104  1405  3234 D WindowManager: Changing focus from null to Window{da1422e u0 com.sec.android.app.launcher/com.sec.android.app.launcher.activities.LauncherActivity} displayId=0 Callers=com.android.server.wm.WindowManagerService.relayoutWindowInner:142 com.android.server.wm.WindowManagerService.relayoutWindow:6 com.android.server.wm.Session.relayout:27 android.view.IWindowSession$Stub.onTransact:861 
12-27 17:26:03.104  1405  3234 I WindowManager: Cancelling animation restarting=true, leash=Surface(name=Surface(name=672ee06 StatusBar)/@0xaff1dbf - animation-leash of insets_animation)/@0x372c48c
12-27 17:26:03.104  1405  3234 I WindowManager: Reparenting to original parent: Surface(name=WindowToken{ea510e1 type=2000 android.os.BinderProxy@3dbdceb})/@0xa6a0c8c, destroy=false, syncState=0, syncCommitDepth=0, surface=Surface(name=672ee06 StatusBar)/@0xaff1dbf
12-27 17:26:03.104  1405  3234 I WindowManager: Reparenting to leash, surface=Surface(name=672ee06 StatusBar)/@0xaff1dbf, syncState=0, syncCommitDepth=0, leashParent=Surface(name=WindowToken{ea510e1 type=2000 android.os.BinderProxy@3dbdceb})/@0xa6a0c8c
12-27 17:26:03.104  1065  1862 I SurfaceFlinger: id=82138 createSurf, flag=24000, Surface(name=672ee06 StatusBar)/@0xaff1dbf - animation-leash of insets_animation#82138
12-27 17:26:03.104 15941 15941 I BLASTBufferQueue_Java: new BLASTBufferQueue, mName= VRI[HintService]@c5ffca3 mNativeObject= 0xb400006df39dccb0 sc.mNativeObject= 0xb400006e93986b50 caller= android.view.ViewRootImpl.updateBlastSurfaceIfNeeded:3397 android.view.ViewRootImpl.relayoutWindow:11361 android.view.ViewRootImpl.performTraversals:4544 android.view.ViewRootImpl.doTraversal:3708 android.view.ViewRootImpl$TraversalRunnable.run:12542 android.view.Choreographer$CallbackRecord.run:1751 android.view.Choreographer$CallbackRecord.run:1760 android.view.Choreographer.doCallbacks:1216 android.view.Choreographer.doFrame:1142 android.view.Choreographer$FrameDisplayEventReceiver.run:1707 
12-27 17:26:03.104 15941 15941 I BLASTBufferQueue_Java: update, w= 522 h= 67 mName = VRI[HintService]@c5ffca3 mNativeObject= 0xb400006df39dccb0 sc.mNativeObject= 0xb400006e93986b50 format= -3 caller= android.graphics.BLASTBufferQueue.<init>:88 android.view.ViewRootImpl.updateBlastSurfaceIfNeeded:3397 android.view.ViewRootImpl.relayoutWindow:11361 android.view.ViewRootImpl.performTraversals:4544 android.view.ViewRootImpl.doTraversal:3708 android.view.ViewRootImpl$TraversalRunnable.run:12542 
12-27 17:26:03.105 15941 15941 I VRI[HintService]@c5ffca3: Relayout returned: old=(279,2333,801,2400) new=(279,2333,801,2400) relayoutAsync=false req=(522,67)0 dur=4 res=0x3 s={true 0xb400006db3ab6ec0} ch=true seqId=5
12-27 17:26:03.105 15941 15941 I VRI[HintService]@c5ffca3: Creating new active sync group VRI[HintService]@c5ffca3#37
12-27 17:26:03.105  1405  3234 D WindowManager: makeSurface duration=1 leash=Surface(name=Surface(name=672ee06 StatusBar)/@0xaff1dbf - animation-leash of insets_animation)/@0x41776fa
12-27 17:26:03.106 15941 23897 I VRI[HintService]@c5ffca3: mWNT: t=0xb400006ea3a18690 mBlastBufferQueue=0xb400006df39dccb0 fn= 1 HdrRenderState mRenderHdrSdrRatio=1.0 caller= android.view.ViewRootImpl$11.onFrameDraw:15016 android.view.ThreadedRenderer$1.onFrameDraw:761 <bottom of call stack> 
12-27 17:26:03.106 15941 23897 I VRI[HintService]@c5ffca3: Setting up sync and frameCommitCallback
12-27 17:26:03.106  1405  3234 D InsetsSourceProvider: updateControlForTarget: control=InsetsSourceControl: {1bb60000 mType=statusBars initiallyVisible mSurfacePosition=Point(0, 0) mInsetsHint=Insets{left=0, top=77, right=0, bottom=0}}, target=Window{da1422e u0 com.sec.android.app.launcher/com.sec.android.app.launcher.activities.LauncherActivity}, from=com.android.server.wm.InsetsStateController.onControlTargetChanged:81 com.android.server.wm.InsetsPolicy.updateBarControlTarget:175 com.android.server.wm.DisplayPolicy.updateSystemBarAttributes:281 com.android.server.wm.WindowManagerService.updateFocusedWindowLocked:375 com.android.server.wm.WindowManagerService.relayoutWindowInner:142 
12-27 17:26:03.106  1405  3234 I WindowManager: Cancelling animation restarting=true, leash=Surface(name=Surface(name=d81298c NavigationBar0)/@0x8c1424c - animation-leash of insets_animation)/@0xc2ebea
12-27 17:26:03.106  1405  3234 I WindowManager: Reparenting to original parent: Surface(name=WindowToken{2dd5f63 type=2019 android.os.BinderProxy@6a1e306})/@0xf449295, destroy=false, syncState=0, syncCommitDepth=0, surface=Surface(name=d81298c NavigationBar0)/@0x8c1424c
12-27 17:26:03.106  1405  3234 I WindowManager: Reparenting to leash, surface=Surface(name=d81298c NavigationBar0)/@0x8c1424c, syncState=0, syncCommitDepth=0, leashParent=Surface(name=WindowToken{2dd5f63 type=2019 android.os.BinderProxy@6a1e306})/@0xf449295
12-27 17:26:03.106  1065  1862 I SurfaceFlinger: id=82139 createSurf, flag=24000, Surface(name=d81298c NavigationBar0)/@0x8c1424c - animation-leash of insets_animation#82139
12-27 17:26:03.107  1405  3234 D WindowManager: makeSurface duration=1 leash=Surface(name=Surface(name=d81298c NavigationBar0)/@0x8c1424c - animation-leash of insets_animation)/@0xd424708
12-27 17:26:03.108  1405  3234 D InsetsSourceProvider: updateControlForTarget: control=InsetsSourceControl: {fcd20001 mType=navigationBars initiallyVisible mSurfacePosition=Point(0, 2265) mInsetsHint=Insets{left=0, top=0, right=0, bottom=135}}, target=Window{da1422e u0 com.sec.android.app.launcher/com.sec.android.app.launcher.activities.LauncherActivity}, from=com.android.server.wm.InsetsStateController.onControlTargetChanged:81 com.android.server.wm.InsetsPolicy.updateBarControlTarget:188 com.android.server.wm.DisplayPolicy.updateSystemBarAttributes:281 com.android.server.wm.WindowManagerService.updateFocusedWindowLocked:375 com.android.server.wm.WindowManagerService.relayoutWindowInner:142 
12-27 17:26:03.108 15941 16847 I BLASTBufferQueue: [VRI[HintService]@c5ffca3#1965](f:0,a:0,s:0) onFrameAvailable the first frame is available
12-27 17:26:03.108  1405  3234 D WindowManager: updateSystemBarAttributes: displayId=0, focusedCanBeNavColorWin=false, win=Window{da1422e u0 com.sec.android.app.launcher/com.sec.android.app.launcher.activities.LauncherActivity}, navColorWin=Window{9ce5d32 u0 Splash Screen com.moneymind.app}, caller=com.android.server.wm.WindowManagerService.updateFocusedWindowLocked:375 com.android.server.wm.WindowManagerService.relayoutWindowInner:142 com.android.server.wm.WindowManagerService.relayoutWindow:6 
12-27 17:26:03.108  2502  2502 D SysUiState: SysUiState changed: old=0x10020000 new=0x10000000
12-27 17:26:03.108 15941 16847 I VRI[HintService]@c5ffca3: Received frameCommittedCallback lastAttemptedDrawFrameNum=1 didProduceBuffer=true
12-27 17:26:03.108  1405  3234 D WindowManager: updateSystemBarAttributes, bhv=2, apr=0, statusBarAprRegions=[AppearanceRegion{ bounds=[0,0][1080,2400]}], requestedVisibilities=-9
12-27 17:26:03.108  1405  3234 V SystemKeyManager: updateFocusedWindow() is called, com.sec.android.app.launcher/com.sec.android.app.launcher.activities.LauncherActivity
12-27 17:26:03.108  1405  3234 I SystemKeyManager: requested systemKeyInfo size=1 focusedWindow=com.sec.android.app.launcher/com.sec.android.app.launcher.activities.LauncherActivity
12-27 17:26:03.108  1405  3234 I SystemKeyManager: requested systemKeyInfo size=1 focusedWindow=com.sec.android.app.launcher/com.sec.android.app.launcher.activities.LauncherActivity
12-27 17:26:03.108  1065  1862 I SurfaceFlinger: [com.samsung.android.spay.pay.HintService$_15941#82137] setTransactionState with the first frame. bufferData(ID: 68466073673488, frameNumber: 1)
12-27 17:26:03.108  1405  3234 V WindowManager: Relayout hash=da1422e, pid=3037, syncId=-1: mAttrs={(0,0)(fillxfill) sim={adjust=nothing forwardNavigation} layoutInDisplayCutoutMode=always ty=BASE_APPLICATION fmt=TRANSPARENT wanim=0x1030301
12-27 17:26:03.108  1405  3234 V WindowManager:   fl=81910100
12-27 17:26:03.108  1405  3234 V WindowManager:   pfl=10008840
12-27 17:26:03.108  1405  3234 V WindowManager:   bhv=2
12-27 17:26:03.108  1405  3234 V WindowManager:   fitSides=0
12-27 17:26:03.108  1405  3234 V WindowManager:   frameRateBoostOnTouch=true
12-27 17:26:03.108  1405  3234 V WindowManager:   dvrrWindowFrameRateHint=true naviIconColor=0}
12-27 17:26:03.108 15941 15941 I SAMSUNGWALLET: [Hint_PayHintService] onReceive() action=com.sec.android.app.launcher.intent.action.UPDATE_SPAY_HANDLER
12-27 17:26:03.108  3037 26124 I HoneySpace.SystemUiRepository: systemUiFlags: awake
12-27 17:26:03.109 15941 15941 I SAMSUNGWALLET: [Hint_PayHintService] home change, s home : true , default : true , gesture : false , s result : true , prev : true
12-27 17:26:03.110  3037  3037 I BLASTBufferQueue_Java: new BLASTBufferQueue, mName= VRI[LauncherActivity]@49b34de mNativeObject= 0xb400006df39a8410 sc.mNativeObject= 0xb400006e939d5510 caller= android.view.ViewRootImpl.updateBlastSurfaceIfNeeded:3397 android.view.ViewRootImpl.relayoutWindow:11361 android.view.ViewRootImpl.performTraversals:4544 android.view.ViewRootImpl.doTraversal:3708 android.view.ViewRootImpl$TraversalRunnable.run:12542 android.view.Choreographer$CallbackRecord.run:1751 android.view.Choreographer$CallbackRecord.run:1760 android.view.Choreographer.doCallbacks:1216 android.view.Choreographer.doFrame:1142 android.view.Choreographer$FrameDisplayEventReceiver.run:1707 
12-27 17:26:03.110  3037  3037 I BLASTBufferQueue_Java: update, w= 1080 h= 2400 mName = VRI[LauncherActivity]@49b34de mNativeObject= 0xb400006df39a8410 sc.mNativeObject= 0xb400006e939d5510 format= -2 caller= android.graphics.BLASTBufferQueue.<init>:88 android.view.ViewRootImpl.updateBlastSurfaceIfNeeded:3397 android.view.ViewRootImpl.relayoutWindow:11361 android.view.ViewRootImpl.performTraversals:4544 android.view.ViewRootImpl.doTraversal:3708 android.view.ViewRootImpl$TraversalRunnable.run:12542 
12-27 17:26:03.110  3037  3037 I VRI[LauncherActivity]@49b34de: Relayout returned: old=(0,0,1080,2400) new=(0,0,1080,2400) relayoutAsync=false req=(1080,2400)0 dur=9 res=0x1 s={true 0xb400006db3d0d250} ch=true seqId=0
12-27 17:26:03.110  3037  3037 I VRI[LauncherActivity]@49b34de: Creating new active sync group VRI[LauncherActivity]@49b34de#70
12-27 17:26:03.110  1405  3238 D WindowManager: finishDrawingWindow: Window{da3a00b u0 com.samsung.android.spay.pay.HintService} mDrawState=DRAW_PENDING seqId=5
12-27 17:26:03.111  1405  1514 V WindowManager: performShowLocked: mDrawState=HAS_DRAWN in Window{da3a00b u0 com.samsung.android.spay.pay.HintService}
12-27 17:26:03.111  1405  1514 D BLASTSyncEngine: SyncGroup 6446:  Unfinished container: ActivityRecord{403e55 u0 com.sec.android.app.launcher/.activities.LauncherActivity t4814} mSyncState=2
12-27 17:26:03.112  3037  5909 I VRI[LauncherActivity]@49b34de: mWNT: t=0xb400006ea3a22790 mBlastBufferQueue=0xb400006df39a8410 fn= 1 HdrRenderState mRenderHdrSdrRatio=1.0 caller= android.view.ViewRootImpl$11.onFrameDraw:15016 android.view.ThreadedRenderer$1.onFrameDraw:761 <bottom of call stack> 
12-27 17:26:03.112  3037  5909 I VRI[LauncherActivity]@49b34de: Setting up sync and frameCommitCallback
12-27 17:26:03.114  3037  5803 I BLASTBufferQueue: [VRI[LauncherActivity]@49b34de#2685](f:0,a:0,s:0) onFrameAvailable the first frame is available
12-27 17:26:03.115  3037  5803 I VRI[LauncherActivity]@49b34de: Received frameCommittedCallback lastAttemptedDrawFrameNum=1 didProduceBuffer=true
12-27 17:26:03.115  3037  3037 I HoneySpace.EdgePanel.CocktailHostRepositoryImpl: onNoteResume
12-27 17:26:03.115  1065  1862 I SurfaceFlinger: [com.sec.android.app.launcher/com.sec.android.app.launcher.activities.LauncherActivity$_3037#82051] setTransactionState with the first frame. bufferData(ID: 13043815691934, frameNumber: 1)
12-27 17:26:03.115  3037  3037 I HoneySpace.EdgePanel.EdgeContainerViewModel: cocktailHostRepository.edgePanelOperation NoteResumeComponent(componentName=ComponentInfo{com.sec.android.app.launcher/com.sec.android.app.launcher.Launcher})
12-27 17:26:03.115  1405  2586 D WindowManager: finishDrawingWindow: Window{da1422e u0 com.sec.android.app.launcher/com.sec.android.app.launcher.activities.LauncherActivity} mDrawState=DRAW_PENDING seqId=0
12-27 17:26:03.115  3037 26124 I HoneySpace.EdgePanel.ActivityUtils: HomePackage : com.sec.android.app.launcher, resumePackageName : com.sec.android.app.launcher
12-27 17:26:03.115  3037  3037 I VRI[LauncherActivity]@49b34de: handleResized, frames=ClientWindowFrames{frame=[0,0][1080,2400] display=[0,0][1080,2400] parentFrame=[0,0][0,0]} displayId=0 dragResizing=false compatScale=1.0 frameChanged=false attachedFrameChanged=false configChanged=false displayChanged=false compatScaleChanged=false dragResizingChanged=false
12-27 17:26:03.115  3037  3037 I VRI[LauncherActivity]@49b34de: handleResized mSyncSeqId = 0
12-27 17:26:03.115  3037  3122 I HoneySpace.TaskbarEventTracker: invokeEvent() called with: event = SystemUiStateChanged(stateFlags=268435456)
12-27 17:26:03.116  1405  1514 V WindowManager: SyncGroup 6446: Finished!
12-27 17:26:03.117  3037  3037 I VRI[LauncherActivity]@49b34de: Creating new active sync group VRI[LauncherActivity]@49b34de#72
12-27 17:26:03.117  1065  1065 I SurfaceFlinger: [com.samsung.android.spay.pay.HintService$_15941#82137] attach to parent LayerHierarchy{RequestedLayerState{da3a00b com.samsung.android.spay.pay.HintService#165 parentId=164} 1 children}
12-27 17:26:03.117  1065  1065 I SurfaceFlinger: [Surface(name=672ee06 StatusBar)/@0xaff1dbf - animation-leash of insets_animation#82138] attach to parent LayerHierarchy{RequestedLayerState{WindowToken{ea510e1 type=2000 android.os.BinderProxy@3dbdceb}#84 parentId=19} 2 children}
12-27 17:26:03.117  1065  1065 I SurfaceFlinger: [Surface(name=d81298c NavigationBar0)/@0x8c1424c - animation-leash of insets_animation#82139] attach to parent LayerHierarchy{RequestedLayerState{WindowToken{2dd5f63 type=2019 android.os.BinderProxy@6a1e306}#79 parentId=31} 2 children}
12-27 17:26:03.117  1405  1514 V WindowManager: performShowLocked: mDrawState=HAS_DRAWN in Window{da1422e u0 com.sec.android.app.launcher/com.sec.android.app.launcher.activities.LauncherActivity}
12-27 17:26:03.117  1405  1514 D ChangeTransitionController: onTransactionReady: TransitionRecord{2a537d8 id=6446 type=CLOSE flags=0x0}
12-27 17:26:03.117  1065  1065 I Layer   : [com.sec.android.app.launcher/com.sec.android.app.launcher.activities.LauncherActivity$_3037#82051] frameNumber is overwritten with lower number. (mDrawingState.frameNumber: 27, bufferData.frameNumber: 1)
12-27 17:26:03.117  1405  1514 V WindowManager: Start calculating TransitionInfo based on participants: {ActivityRecord{403e55 u0 com.sec.android.app.launcher/.activities.LauncherActivity t4814}, ActivityRecord{389d685 u0 com.moneymind.app/crc64399a401da9d21b0a.MainActivity t5313 f} isExiting}, WallpaperWindowToken{5627964 token=android.os.Binder@30456f7}_<system>, Task{b9431fd #1 type=home}, Task{c9b150b #5313 type=standard A=10413:com.moneymind.app}, Task{f7ec95b #4814 type=home I=com.sec.android.app.launcher/.activities.LauncherActivity}}
12-27 17:26:03.117  3037  5908 I VRI[LauncherActivity]@49b34de: Setting up sync and frameCommitCallback
12-27 17:26:03.117  3037  5803 I VRI[LauncherActivity]@49b34de: Received frameCommittedCallback lastAttemptedDrawFrameNum=2 didProduceBuffer=false
12-27 17:26:03.117  1405  1514 V WindowManager:   Final targets: [Task{b9431fd #1 type=home}, Task{c9b150b #5313 type=standard A=10413:com.moneymind.app}, WallpaperWindowToken{5627964 token=android.os.Binder@30456f7}_<system>]
12-27 17:26:03.117  3037  5803 I BLASTBufferQueue_Java: gatherPendingTransactions, mName= VRI[LauncherActivity]@49b34de mNativeObject= 0xb400006df39a8410 frameNumber= 2 caller= android.view.ViewRootImpl$11.lambda$onFrameDraw$3:15100 android.view.ViewRootImpl$11.$r8$lambda$lOIKKNnrcWn9ZndeJebfX4H5mOg:0 android.view.ViewRootImpl$11$$ExternalSyntheticLambda3.onFrameCommit:0 android.view.ThreadedRenderer$1.lambda$onFrameDraw$0:773 android.view.ThreadedRenderer$1$$ExternalSyntheticLambda0.onFrameCommit:0 <bottom of call stack> 
12-27 17:26:03.117  1065  1862 I SurfaceFlinger: id=82140 createSurf, flag=84004, Transition Root: Task=1#82140
12-27 17:26:03.118  3037 12332 E FrameEvents: addRelease: Did not find frame.
12-27 17:26:03.119  1405  1514 I SurfaceControlRegistry: show, t=StartTransaction_SyncId<6446> sc=ActivityRecord{403e55 u0 com.sec.android.app.launcher/.activities.LauncherActivity t4814}, caller=android.view.SurfaceControl$Transaction.show:3232 com.android.server.wm.Transition.onTransactionReady:2273 com.android.server.wm.BLASTSyncEngine$SyncGroup.finishNow:195 com.android.server.wm.BLASTSyncEngine.onSurfacePlacement:269 com.android.server.wm.RootWindowContainer.performSurfacePlacementNoTrace:471 com.android.server.wm.RootWindowContainer.performSurfacePlacement:9 
12-27 17:26:03.119  1405  1514 I SurfaceControlRegistry: show, t=StartTransaction_SyncId<6446> sc=Task=4814, caller=android.view.SurfaceControl$Transaction.show:3232 com.android.server.wm.Transition.onTransactionReady:2300 com.android.server.wm.BLASTSyncEngine$SyncGroup.finishNow:195 com.android.server.wm.BLASTSyncEngine.onSurfacePlacement:269 com.android.server.wm.RootWindowContainer.performSurfacePlacementNoTrace:471 com.android.server.wm.RootWindowContainer.performSurfacePlacement:9 
12-27 17:26:03.120  1405  1514 V WindowManager: Calling onTransitionReady: {id=6446 t=CLOSE f=0x0 trk=0 r=[0@Point(0, 0)] c=[
12-27 17:26:03.120  1405  1514 V WindowManager:         {WCT{RemoteToken{74775a5 Task{b9431fd #1 type=home}}} m=TO_FRONT f=SHOW_WALLPAPER|MOVE_TO_TOP|EDGE_EXTENSION_RESTRICTION leash=Surface(name=Task=1)/@0xcd95b0f sb=Rect(0, 0 - 1080, 2400) eb=Rect(0, 0 - 1080, 2400) d=0 taskParent=-1 inset=Rect(0, 77 - 0, 135)},
12-27 17:26:03.120  1405  1514 V WindowManager:         {WCT{RemoteToken{96c5c92 Task{c9b150b #5313 type=standard A=10413:com.moneymind.app}}} m=CLOSE f=NONE leash=Surface(name=Task=5313)/@0x456f4c7 sb=Rect(0, 0 - 1080, 2400) eb=Rect(0, 0 - 1080, 2400) d=0 taskParent=-1 inset=Rect(0, 0 - 0, 0) dim=true},
12-27 17:26:03.120  1405  1514 V WindowManager:         {null m=TO_FRONT f=IS_WALLPAPER p=WCT{RemoteToken{b700c3b RemoteWallpaperAnim:1:1@66015554}} leash=Surface(name=WallpaperWindowToken{5627964 token=android.os.Binder@30456f7})/@0x7f6499c sb=Rect(0, 0 - 1080, 2400) eb=Rect(0, 0 - 1080, 2400) d=0 inset=Rect(0, 0 - 0, 0)}
12-27 17:26:03.120  1405  1514 V WindowManager:     ]}
12-27 17:26:03.120  1405  1514 D RestrictionPolicy: isScreenCaptureEnabled : ret=true userId=0
12-27 17:26:03.120  1405  1514 D ScreenCapture: [Capture_TEST] : setIsScreenShotBySystem false
12-27 17:26:03.121  2502  2531 V WindowManagerShell: onTransitionReady(transaction=6034429639514)
12-27 17:26:03.121  2502  2556 V WindowManagerShell: onTransitionReady (#6446) android.os.BinderProxy@fe8105c: {id=6446 t=CLOSE f=0x0 trk=0 r=[0@Point(0, 0)] c=[{WCT{android.window.IWindowContainerToken$Stub$Proxy@4f0e61d} m=TO_FRONT f=SHOW_WALLPAPER|MOVE_TO_TOP|EDGE_EXTENSION_RESTRICTION leash=Surface(name=Task=1)/@0xa6c5ce1 sb=Rect(0, 0 - 1080, 2400) eb=Rect(0, 0 - 1080, 2400) d=0 taskParent=-1 inset=Rect(0, 77 - 0, 135)},{WCT{android.window.IWindowContainerToken$Stub$Proxy@81d0092} m=CLOSE f=NONE leash=Surface(name=Task=5313)/@0xb764a06 sb=Rect(0, 0 - 1080, 2400) eb=Rect(0, 0 - 1080, 2400) d=0 taskParent=-1 inset=Rect(0, 0 - 0, 0) dim=true},{null m=TO_FRONT f=IS_WALLPAPER p=WCT{android.window.IWindowContainerToken$Stub$Proxy@d71ea63} leash=Surface(name=WallpaperWindowToken{5627964 token=android.os.Binder@30456f7})/@0x28f88c7 sb=Rect(0, 0 - 1080, 2400) eb=Rect(0, 0 - 1080, 2400) d=0 inset=Rect(0, 0 - 0, 0)}]}
12-27 17:26:03.121  2502  2556 I SurfaceControlRegistry: show, t=StartTransaction_SyncId<6446> sc=WallpaperWindowToken{5627964 token=android.os.Binder@30456f7}, caller=android.view.SurfaceControl$Transaction.show:3232 com.android.wm.shell.transition.Transitions.dispatchReady:798 com.android.wm.shell.transition.Transitions.onTransitionReady:243 com.android.wm.shell.transition.Transitions$TransitionPlayerImpl$$ExternalSyntheticLambda0.run:13 android.os.Handler.handleCallback:959 android.os.Handler.dispatchMessage:100 
12-27 17:26:03.121  2502  2556 I SurfaceControlRegistry: hide, t=FinishTransaction_SyncId<6446> sc=Task=5313, caller=android.view.SurfaceControl$Transaction.hide:3258 com.android.wm.shell.transition.Transitions.dispatchReady:929 com.android.wm.shell.transition.Transitions.onTransitionReady:243 com.android.wm.shell.transition.Transitions$TransitionPlayerImpl$$ExternalSyntheticLambda0.run:13 android.os.Handler.handleCallback:959 android.os.Handler.dispatchMessage:100 
