--------- beginning of main
12-27 17:25:52.673 30014 30020 I adbd    : USB event: FUNCTIONFS_SUSPEND
12-27 17:25:52.764 30014 30020 I adbd    : USB event: FUNCTIONFS_SUSPEND
12-27 17:25:52.772 30014 30020 I adbd    : USB event: FUNCTIONFS_RESUME
12-27 17:25:52.772 30014 30020 I adbd    : USB event: FUNCTIONFS_SUSPEND
12-27 17:25:52.951 30014 30020 I adbd    : USB event: FUNCTIONFS_RESUME
12-27 17:25:52.951 30014 30020 I adbd    : USB event: FUNCTIONFS_SUSPEND
12-27 17:25:52.963 30014 30020 I adbd    : USB event: FUNCTIONFS_SUSPEND
12-27 17:25:52.963 30014 30020 I adbd    : USB event: FUNCTIONFS_RESUME
12-27 17:25:52.964 30014 30020 I adbd    : USB event: FUNCTIONFS_SUSPEND
12-27 17:25:52.988  1405  1526 I SemDvfsHyPerManager: acquire hyper - APP_LAUNCH/1405@892, type = -999
12-27 17:25:52.988   970  1021 I HYPER-HAL: [RequestManager.cpp]acquire(): Acquired ID : 2640145  [1405 / 892]    HINT : APP_LAUNCH    list : 
--------- beginning of system
12-27 17:25:52.989  1405  1750 D ActivityTaskManager: startActivityAsUser: callingPid=4908, callingUid=2000, caller=com.android.server.am.ActivityManagerService.startActivityAsUserWithFeature:28 com.android.server.am.ActivityManagerShellCommand.runStartActivity:569 com.android.server.am.ActivityManagerShellCommand.onCommand:1866 com.android.modules.utils.BasicShellCommandHandler.exec:97 android.os.ShellCommand.exec:38 com.android.server.am.ActivityManagerService.onShellCommand:169 android.os.Binder.shellCommand:1266 
12-27 17:25:52.989   970  1021 I HYPER-HAL: [ResourceManager.cpp]updateResource(): [CPUMinFreq] UpdateResource Request ID : 2640145    Value : 2912000
12-27 17:25:52.990  5490  5490 I SemDvfsHyPerManager: acquire hyper - APP_START_SHORT/5490@14, type = -999
12-27 17:25:52.990   970  1021 I HYPER-HAL: [RequestManager.cpp]acquire(): Acquired ID : 15149774  [5490 / 14]    HINT : APP_START    list : [TIMEOUT / 1500] 
12-27 17:25:52.990  1405  1750 I Pageboost: onAppLaunch : com.moneymind.app
12-27 17:25:52.991  1405  2503 I Pageboost: Record App IO : com.moneymind.app pid 0
12-27 17:25:52.991   970  1021 I HYPER-HAL: [ResourceManager.cpp]updateResource(): [CPUMaxFreq] UpdateResource Request ID : 15149774    Value : 2912000
12-27 17:25:52.991 30014 30020 I adbd    : USB event: FUNCTIONFS_SUSPEND
12-27 17:25:52.992  1405  1750 I Pageboost: stop alp
12-27 17:25:52.992  1405  1750 I ActivityTaskManager: START u0 {act=android.intent.action.MAIN cat=[android.intent.category.LAUNCHER] flg=0x10000000 pkg=Activity cmp=com.moneymind.app/crc64399a401da9d21b0a.Main} with LAUNCH_MULTIPLE from uid 2000 result code=-92
12-27 17:25:52.992  1405  1750 D ActivityTaskManager: startActivity: reason=startActivityAsUser, result=-92
12-27 17:25:53.008 30014 30020 I adbd    : USB event: FUNCTIONFS_SUSPEND
12-27 17:25:53.008 30014 30020 I adbd    : USB event: FUNCTIONFS_RESUME
12-27 17:25:53.008 30014 30020 I adbd    : USB event: FUNCTIONFS_SUSPEND
12-27 17:25:53.040  1405  2370 D SemWifiTrafficPoller: getSoftApTotalTrafficInBytes:10117762
12-27 17:25:53.443 30014 30020 I adbd    : USB event: FUNCTIONFS_RESUME
12-27 17:25:53.444 30014 30020 I adbd    : USB event: FUNCTIONFS_SUSPEND
12-27 17:25:53.476  4187  4913 W System.err: FlagsHookHelper: skip hook flags method getInstanceHook
12-27 17:25:53.482  4187  4481 W NaviWarn: StackPtr is not 8-byte aligned.
12-27 17:25:53.490 30014 30020 I adbd    : USB event: FUNCTIONFS_RESUME
12-27 17:25:53.491 30014 30020 I adbd    : USB event: FUNCTIONFS_SUSPEND
12-27 17:25:53.493 30014 30020 I adbd    : USB event: FUNCTIONFS_RESUME
12-27 17:25:53.493  3299  3299 E pageboostd: Received HALT command code 2
12-27 17:25:53.494 30014 30020 I adbd    : USB event: FUNCTIONFS_SUSPEND
12-27 17:25:53.514  4187  4756 W System.err: FlagsHookHelper: skip hook flags method getInstanceHook
12-27 17:25:53.516 30014 30020 I adbd    : USB event: FUNCTIONFS_SUSPEND
12-27 17:25:53.525 30014 30020 I adbd    : USB event: FUNCTIONFS_SUSPEND
12-27 17:25:53.526 30014 30020 I adbd    : USB event: FUNCTIONFS_SUSPEND
12-27 17:25:53.533 30014 30020 I adbd    : USB event: FUNCTIONFS_RESUME
12-27 17:25:53.534 30014 30020 I adbd    : USB event: FUNCTIONFS_SUSPEND
12-27 17:25:53.547 30014 30020 I adbd    : USB event: FUNCTIONFS_SUSPEND
12-27 17:25:53.567 30014 30020 I adbd    : USB event: FUNCTIONFS_SUSPEND
12-27 17:25:53.570 30014 30020 I adbd    : USB event: FUNCTIONFS_SUSPEND
12-27 17:25:53.586 30014 30020 I adbd    : USB event: FUNCTIONFS_SUSPEND
12-27 17:25:53.591  4187  4214 W System  : A resource failed to call close. 
12-27 17:25:53.591  4187  4214 W System  : A resource failed to call close. 
12-27 17:25:53.596 30014 30020 I adbd    : USB event: FUNCTIONFS_RESUME
12-27 17:25:53.597 30014 30020 I adbd    : USB event: FUNCTIONFS_SUSPEND
12-27 17:25:53.614 30014 30020 I adbd    : USB event: FUNCTIONFS_SUSPEND
12-27 17:25:53.617 30014 30020 I adbd    : USB event: FUNCTIONFS_RESUME
12-27 17:25:53.618 30014 30020 I adbd    : USB event: FUNCTIONFS_SUSPEND
12-27 17:25:53.618 30014 30020 I adbd    : USB event: FUNCTIONFS_RESUME
12-27 17:25:53.619 30014 30020 I adbd    : USB event: FUNCTIONFS_SUSPEND
12-27 17:25:53.633 30014 30020 I adbd    : USB event: FUNCTIONFS_RESUME
12-27 17:25:53.634 30014 30020 I adbd    : USB event: FUNCTIONFS_SUSPEND
12-27 17:25:53.644 30014 30020 I adbd    : USB event: FUNCTIONFS_SUSPEND
12-27 17:25:53.660 30014 30020 I adbd    : USB event: FUNCTIONFS_SUSPEND
12-27 17:25:53.665 30014 30020 I adbd    : USB event: FUNCTIONFS_RESUME
12-27 17:25:53.665 30014 30020 I adbd    : USB event: FUNCTIONFS_SUSPEND
12-27 17:25:53.673 30014 30020 I adbd    : USB event: FUNCTIONFS_RESUME
12-27 17:25:53.674 30014 30020 I adbd    : USB event: FUNCTIONFS_SUSPEND
12-27 17:25:53.674 30014 30020 I adbd    : USB event: FUNCTIONFS_RESUME
12-27 17:25:53.675 30014 30020 I adbd    : USB event: FUNCTIONFS_SUSPEND
12-27 17:25:53.689 30014 30020 I adbd    : USB event: FUNCTIONFS_SUSPEND
12-27 17:25:53.690   970  4911 I HYPER-HAL: [ResourceManager.cpp]removeResource(): [CPUMinFreq] RemoveResource Request ID : 2640145
12-27 17:25:53.691 30014 30020 I adbd    : USB event: FUNCTIONFS_RESUME
12-27 17:25:53.692 30014 30020 I adbd    : USB event: FUNCTIONFS_SUSPEND
12-27 17:25:53.695   970  4911 I HYPER-HAL: [RequestManager.cpp]releaseLocked(): Released ID : 2640145
12-27 17:25:53.720 30014 30020 I adbd    : USB event: FUNCTIONFS_SUSPEND
12-27 17:25:53.730 30014 30020 I adbd    : USB event: FUNCTIONFS_SUSPEND
12-27 17:25:53.738 30014 30020 I adbd    : USB event: FUNCTIONFS_SUSPEND
12-27 17:25:53.755 30014 30020 I adbd    : USB event: FUNCTIONFS_SUSPEND
12-27 17:25:53.755 30014 30020 I adbd    : USB event: FUNCTIONFS_SUSPEND
12-27 17:25:53.775 30014 30020 I adbd    : USB event: FUNCTIONFS_SUSPEND
12-27 17:25:53.777 30014 30020 I adbd    : USB event: FUNCTIONFS_RESUME
12-27 17:25:53.778 30014 30020 I adbd    : USB event: FUNCTIONFS_SUSPEND
12-27 17:25:53.781 30014 30020 I adbd    : USB event: FUNCTIONFS_SUSPEND
12-27 17:25:53.784 30014 30020 I adbd    : USB event: FUNCTIONFS_RESUME
12-27 17:25:53.785 30014 30020 I adbd    : USB event: FUNCTIONFS_SUSPEND
12-27 17:25:53.799 30014 30020 I adbd    : USB event: FUNCTIONFS_SUSPEND
12-27 17:25:53.800 30014 30020 I adbd    : USB event: FUNCTIONFS_RESUME
12-27 17:25:53.800 30014 30020 I adbd    : USB event: FUNCTIONFS_SUSPEND
12-27 17:25:53.808 30014 30020 I adbd    : USB event: FUNCTIONFS_RESUME
12-27 17:25:53.808 30014 30020 I adbd    : USB event: FUNCTIONFS_SUSPEND
12-27 17:25:53.817 30014 30020 I adbd    : USB event: FUNCTIONFS_SUSPEND
12-27 17:25:53.824 30014 30020 I adbd    : USB event: FUNCTIONFS_RESUME
12-27 17:25:53.824 30014 30020 I adbd    : USB event: FUNCTIONFS_SUSPEND
12-27 17:25:53.835 30014 30020 I adbd    : USB event: FUNCTIONFS_SUSPEND
12-27 17:25:53.872 30014 30020 I adbd    : USB event: FUNCTIONFS_SUSPEND
12-27 17:25:53.876 30014 30020 I adbd    : USB event: FUNCTIONFS_SUSPEND
12-27 17:25:53.878 30014 30020 I adbd    : USB event: FUNCTIONFS_SUSPEND
12-27 17:25:53.894 30014 30020 I adbd    : USB event: FUNCTIONFS_SUSPEND
12-27 17:25:53.919 30014 30020 I adbd    : USB event: FUNCTIONFS_RESUME
12-27 17:25:53.922 30014 30020 I adbd    : USB event: FUNCTIONFS_SUSPEND
12-27 17:25:53.923 30014 30020 I adbd    : USB event: FUNCTIONFS_SUSPEND
12-27 17:25:53.935 30014 30020 I adbd    : USB event: FUNCTIONFS_RESUME
12-27 17:25:53.935 30014 30020 I adbd    : USB event: FUNCTIONFS_SUSPEND
12-27 17:25:53.976 30014 30020 I adbd    : USB event: FUNCTIONFS_SUSPEND
12-27 17:25:53.977 30014 30020 I adbd    : USB event: FUNCTIONFS_SUSPEND
12-27 17:25:53.991 30014 30020 I adbd    : USB event: FUNCTIONFS_SUSPEND
12-27 17:25:54.020 30014 30020 I adbd    : USB event: FUNCTIONFS_SUSPEND
12-27 17:25:54.032 30014 30020 I adbd    : USB event: FUNCTIONFS_SUSPEND
12-27 17:25:54.035  4187  4914 D nativeloader: Load /data/app/~~DS70EGz3y9DF8Y5z3X_u0Q==/com.zhiliaoapp.musically-3KJD_EiHcFKYvLA9DgussA==/lib/arm64/libpsp_engine.so using ns clns-9 from class loader (caller=/data/app/~~DS70EGz3y9DF8Y5z3X_u0Q==/com.zhiliaoapp.musically-3KJD_EiHcFKYvLA9DgussA==/base.apk!classes16.dex): ok
12-27 17:25:54.035 30014 30020 I adbd    : USB event: FUNCTIONFS_SUSPEND
12-27 17:25:54.037  4187  4914 D nativeloader: Load /data/app/~~DS70EGz3y9DF8Y5z3X_u0Q==/com.zhiliaoapp.musically-3KJD_EiHcFKYvLA9DgussA==/lib/arm64/libwcdb.so using ns clns-9 from class loader (caller=/data/app/~~DS70EGz3y9DF8Y5z3X_u0Q==/com.zhiliaoapp.musically-3KJD_EiHcFKYvLA9DgussA==/base.apk!classes16.dex): ok
12-27 17:25:54.037  4187  4914 I WCDB    : Initialize JNI module (1/10) SQLiteDebug...
12-27 17:25:54.037  4187  4914 V WCDB.JNIHelp: Registering com/tencent/wcdb/database/SQLiteDebug natives
12-27 17:25:54.037  4187  4914 I WCDB    : Initialize JNI module (2/10) Log...
12-27 17:25:54.037  4187  4914 V WCDB.JNIHelp: Registering com/tencent/wcdb/support/Log natives
12-27 17:25:54.037  4187  4914 I WCDB    : Initialize JNI module (3/10) FileUtils...
12-27 17:25:54.037  4187  4914 V WCDB.JNIHelp: Registering com/tencent/wcdb/FileUtils natives
12-27 17:25:54.037  4187  4914 I WCDB    : Initialize JNI module (4/10) SQLiteGlobal...
12-27 17:25:54.038  4187  4914 V WCDB.JNIHelp: Registering com/tencent/wcdb/database/SQLiteGlobal natives
12-27 17:25:54.038  4187  4914 I WCDB    : Initialize JNI module (5/10) ChunkedCursorWindow...
12-27 17:25:54.038  4187  4914 V WCDB.JNIHelp: Registering com/tencent/wcdb/database/ChunkedCursorWindow natives
12-27 17:25:54.038  4187  4914 V WCDB.JNIHelp: Registering com/tencent/wcdb/database/SQLiteAsyncQuery natives
12-27 17:25:54.038  4187  4914 I WCDB    : Initialize JNI module (6/10) DBDumpUtil...
12-27 17:25:54.038  4187  4914 V WCDB.JNIHelp: Registering com/tencent/wcdb/repair/DBDumpUtil natives
12-27 17:25:54.038  4187  4914 I WCDB    : Initialize JNI module (7/10) DBRepair...
12-27 17:25:54.038  4187  4914 V WCDB.JNIHelp: Registering com/tencent/wcdb/repair/RepairKit$RepairCursor natives
12-27 17:25:54.038  4187  4914 I WCDB    : Initialize JNI module (8/10) CursorWindow...
12-27 17:25:54.038  4187  4914 V WCDB.JNIHelp: Registering com/tencent/wcdb/CursorWindow natives
12-27 17:25:54.038  4187  4914 I WCDB    : Initialize JNI module (9/10) SQLiteDirectCursor...
12-27 17:25:54.038  4187  4914 V WCDB.JNIHelp: Registering com/tencent/wcdb/database/SQLiteDirectQuery natives
12-27 17:25:54.038  4187  4914 I WCDB    : Initialize JNI module (10/10) SQLiteConnection...
12-27 17:25:54.048  1405  2370 D SemWifiTrafficPoller: getSoftApTotalTrafficInBytes:10117762
12-27 17:25:54.082  4187  4896 D nativeloader: Load /data/app/~~DS70EGz3y9DF8Y5z3X_u0Q==/com.zhiliaoapp.musically-3KJD_EiHcFKYvLA9DgussA==/lib/arm64/libbytenn.so using ns clns-9 from class loader (caller=/data/app/~~DS70EGz3y9DF8Y5z3X_u0Q==/com.zhiliaoapp.musically-3KJD_EiHcFKYvLA9DgussA==/base.apk!classes16.dex): ok
12-27 17:25:54.085  4187  4896 D nativeloader: Load /data/app/~~DS70EGz3y9DF8Y5z3X_u0Q==/com.zhiliaoapp.musically-3KJD_EiHcFKYvLA9DgussA==/lib/arm64/libbytennwrapper.so using ns clns-9 from class loader (caller=/data/app/~~DS70EGz3y9DF8Y5z3X_u0Q==/com.zhiliaoapp.musically-3KJD_EiHcFKYvLA9DgussA==/base.apk!classes16.dex): ok
12-27 17:25:54.087  4187  4896 D ByteNN: : ABConfigInfo size (18).
12-27 17:25:54.087  4187  4896 D ByteNN: : version:[3.11.20], AB:[18:8e6].
12-27 17:25:54.089  4187  4896 D BYTENNJNI: config.numThread=1
12-27 17:25:54.089  4187  4896 I ByteNN: : ByteNN version: 3.11.20.
12-27 17:25:54.093  4187  4896 W libc    : Access denied finding property "ro.mediatek.platform"
12-27 17:25:54.093  4187  4896 D ByteNN: : Run ByteNN with CPU forward type.
12-27 17:25:54.100  4187  4896 W libc    : Access denied finding property "ro.mediatek.platform"
12-27 17:25:54.103  4187  4896 I ByteNN: : ByteNN finish init with backend 0
12-27 17:25:54.222   673   673 D io_stats: !@   8,0 r 84890386 1798860440 w 24549957 335331452 d 6813691 357203788 f 0 0 iot 40960884 0 th 0 0 0 pt 0 inp 0 0 431170.762
12-27 17:25:54.284 30014 30020 I adbd    : USB event: FUNCTIONFS_RESUME
12-27 17:25:54.284 30014 30020 I adbd    : USB event: FUNCTIONFS_SUSPEND
12-27 17:25:54.345 30014 30020 I adbd    : USB event: FUNCTIONFS_SUSPEND
12-27 17:25:54.395 30014 30020 I adbd    : USB event: FUNCTIONFS_RESUME
12-27 17:25:54.398 30014 30020 I adbd    : USB event: FUNCTIONFS_SUSPEND
12-27 17:25:54.401 30014 30020 I adbd    : USB event: FUNCTIONFS_RESUME
12-27 17:25:54.401 30014 30020 I adbd    : USB event: FUNCTIONFS_SUSPEND
12-27 17:25:54.460 30014 30020 I adbd    : USB event: FUNCTIONFS_SUSPEND
12-27 17:25:54.493   970  4912 I HYPER-HAL: [ResourceManager.cpp]removeResource(): [CPUMaxFreq] RemoveResource Request ID : 15149774
12-27 17:25:54.493   970  4912 I HYPER-HAL: [RequestManager.cpp]releaseLocked(): Released ID : 15149774
12-27 17:25:54.538 30014 30020 I adbd    : USB event: FUNCTIONFS_RESUME
12-27 17:25:54.538 30014 30020 I adbd    : USB event: FUNCTIONFS_SUSPEND
12-27 17:25:54.562  1405  2313 W DeviceStorageMonitorService: updateBroadcasts(/data) oldLevel:0, newLevel:0, seq:1
12-27 17:25:54.564  1405  2313 D DeviceStorageMonitorService: Available File Node Number is [12226643]
12-27 17:25:54.564  1405  2313 W DeviceStorageMonitorService: updateBroadcasts_filenode(/data) fn_oldLevel:0, fn_newLevel:0, seq:1
12-27 17:25:54.572 30014 30020 I adbd    : USB event: FUNCTIONFS_SUSPEND
12-27 17:25:55.053  1405  2370 D SemWifiTrafficPoller: getSoftApTotalTrafficInBytes:10117762
12-27 17:25:55.540  1065  1137 I VSyncReactor: Current= 60, Period= 60, Distance= 0
12-27 17:25:55.544  1065  1065 I SurfaceFlinger: SFWD update time=431172084930133
12-27 17:25:55.557  1065  1137 I VSyncReactor: Current= 60, Period= 60, Distance= 60
12-27 17:25:55.574 30014 30020 I adbd    : USB event: FUNCTIONFS_RESUME
12-27 17:25:55.574 30014 30020 I adbd    : USB event: FUNCTIONFS_SUSPEND
12-27 17:25:55.624 30014 30020 I adbd    : USB event: FUNCTIONFS_SUSPEND
12-27 17:25:56.053  1405  2370 D SemWifiTrafficPoller: getSoftApTotalTrafficInBytes:10117762
12-27 17:25:56.223   673   673 D io_stats: !@   8,0 r 84890396 1798860636 w 24549960 335331468 d 6813691 357203788 f 0 0 iot 40960928 0 th 0 0 0 pt 0 inp 0 0 431172.763
12-27 17:25:56.224   673   673 D io_stats: !@ Read_top(KB): aoapp.musically(4187) 5568 system_server(1405) 348
12-27 17:25:56.224   673   673 D io_stats: !@ Write_top(KB): system_server(1405) 448 kworker/u16:1(671) 204
12-27 17:25:56.398  1039  1195 I EDEN    : [Exynos][EDEN][v1.6.23][SERVICE] processAliveMointorMain:253: Try to check pid=(980)...
12-27 17:25:56.408 30014 30020 I adbd    : USB event: FUNCTIONFS_RESUME
12-27 17:25:56.408 30014 30020 I adbd    : USB event: FUNCTIONFS_SUSPEND
12-27 17:25:56.629 30014 30020 I adbd    : USB event: FUNCTIONFS_RESUME
12-27 17:25:56.629 30014 30020 I adbd    : USB event: FUNCTIONFS_SUSPEND
12-27 17:25:56.709 30014 30020 I adbd    : USB event: FUNCTIONFS_RESUME
12-27 17:25:56.709 30014 30020 I adbd    : USB event: FUNCTIONFS_SUSPEND
12-27 17:25:56.783 30014 30020 I adbd    : USB event: FUNCTIONFS_SUSPEND
12-27 17:25:56.796 30014 30020 I adbd    : USB event: FUNCTIONFS_SUSPEND
12-27 17:25:56.825 30014 30020 I adbd    : USB event: FUNCTIONFS_SUSPEND
12-27 17:25:56.826 30014 30020 I adbd    : USB event: FUNCTIONFS_SUSPEND
12-27 17:25:56.828 30014 30020 I adbd    : USB event: FUNCTIONFS_SUSPEND
12-27 17:25:56.835 30014 30020 I adbd    : USB event: FUNCTIONFS_RESUME
12-27 17:25:56.835 30014 30020 I adbd    : USB event: FUNCTIONFS_SUSPEND
12-27 17:25:56.839 30014 30020 I adbd    : USB event: FUNCTIONFS_SUSPEND
12-27 17:25:56.847 30014 30020 I adbd    : USB event: FUNCTIONFS_SUSPEND
12-27 17:25:56.894 30014 30020 I adbd    : USB event: FUNCTIONFS_SUSPEND
12-27 17:25:56.899 30014 30020 I adbd    : USB event: FUNCTIONFS_RESUME
12-27 17:25:56.902 30014 30020 I adbd    : USB event: FUNCTIONFS_SUSPEND
12-27 17:25:56.905 30014 30020 I adbd    : USB event: FUNCTIONFS_RESUME
12-27 17:25:56.905 30014 30020 I adbd    : USB event: FUNCTIONFS_SUSPEND
12-27 17:25:56.923 30014 30020 I adbd    : USB event: FUNCTIONFS_SUSPEND
12-27 17:25:56.947 30014 30020 I adbd    : USB event: FUNCTIONFS_RESUME
12-27 17:25:56.947 30014 30020 I adbd    : USB event: FUNCTIONFS_SUSPEND
12-27 17:25:57.013 30014 30020 I adbd    : USB event: FUNCTIONFS_RESUME
12-27 17:25:57.013 30014 30020 I adbd    : USB event: FUNCTIONFS_SUSPEND
12-27 17:25:57.020 30014 30020 I adbd    : USB event: FUNCTIONFS_RESUME
12-27 17:25:57.020 30014 30020 I adbd    : USB event: FUNCTIONFS_SUSPEND
12-27 17:25:57.043 30014 30020 I adbd    : USB event: FUNCTIONFS_SUSPEND
12-27 17:25:57.050  1405  2370 D SemWifiTrafficPoller: getSoftApTotalTrafficInBytes:10117762
12-27 17:25:57.170  4187  4896 W System.err: FlagsHookHelper: skip hook flags method getInstanceHook
12-27 17:25:57.184  4187  4481 W NaviWarn: StackPtr is not 8-byte aligned.
12-27 17:25:57.294 30014 30020 I adbd    : USB event: FUNCTIONFS_SUSPEND
12-27 17:25:57.303 30014 30020 I adbd    : USB event: FUNCTIONFS_SUSPEND
12-27 17:25:57.394 30014 30020 I adbd    : USB event: FUNCTIONFS_SUSPEND
12-27 17:25:57.406 30014 30020 I adbd    : USB event: FUNCTIONFS_SUSPEND
12-27 17:25:57.486 30014 30020 I adbd    : USB event: FUNCTIONFS_RESUME
12-27 17:25:57.486 30014 30020 I adbd    : USB event: FUNCTIONFS_SUSPEND
12-27 17:25:57.515 30014 30020 I adbd    : USB event: FUNCTIONFS_RESUME
12-27 17:25:57.515 30014 30020 I adbd    : USB event: FUNCTIONFS_SUSPEND
12-27 17:25:57.533 30014 30020 I adbd    : USB event: FUNCTIONFS_SUSPEND
12-27 17:25:57.557  1065  1137 I VSyncReactor: Current= 60, Period= 60, Distance= 0
12-27 17:25:57.557 30014 30020 I adbd    : USB event: FUNCTIONFS_RESUME
12-27 17:25:57.558 30014 30020 I adbd    : USB event: FUNCTIONFS_SUSPEND
12-27 17:25:57.572  1065  1137 I VSyncReactor: Current= 60, Period= 60, Distance= 61
12-27 17:25:57.597 30014 30020 I adbd    : USB event: FUNCTIONFS_SUSPEND
12-27 17:25:57.597 30014 30020 I adbd    : USB event: FUNCTIONFS_SUSPEND
12-27 17:25:57.598 30014 30020 I adbd    : USB event: FUNCTIONFS_RESUME
12-27 17:25:57.599 30014 30020 I adbd    : USB event: FUNCTIONFS_SUSPEND
12-27 17:25:57.643 30014 30020 I adbd    : USB event: FUNCTIONFS_SUSPEND
12-27 17:25:57.678 30014 30020 I adbd    : USB event: FUNCTIONFS_SUSPEND
12-27 17:25:57.698 30014 30020 I adbd    : USB event: FUNCTIONFS_RESUME
12-27 17:25:57.699 30014 30020 I adbd    : USB event: FUNCTIONFS_SUSPEND
12-27 17:25:57.731 30014 30020 I adbd    : USB event: FUNCTIONFS_SUSPEND
12-27 17:25:57.762 30014 30020 I adbd    : USB event: FUNCTIONFS_RESUME
12-27 17:25:57.763 30014 30020 I adbd    : USB event: FUNCTIONFS_SUSPEND
12-27 17:25:57.778 30014 30020 I adbd    : USB event: FUNCTIONFS_RESUME
12-27 17:25:57.779 30014 30020 I adbd    : USB event: FUNCTIONFS_SUSPEND
12-27 17:25:57.804 30014 30020 I adbd    : USB event: FUNCTIONFS_SUSPEND
12-27 17:25:57.806  4187  4942 D nativeloader: Load /data/app/~~DS70EGz3y9DF8Y5z3X_u0Q==/com.zhiliaoapp.musically-3KJD_EiHcFKYvLA9DgussA==/lib/arm64/libbdhm_native.so using ns clns-9 from class loader (caller=/data/app/~~DS70EGz3y9DF8Y5z3X_u0Q==/com.zhiliaoapp.musically-3KJD_EiHcFKYvLA9DgussA==/base.apk!classes16.dex): ok
12-27 17:25:57.813 30014 30020 I adbd    : USB event: FUNCTIONFS_RESUME
12-27 17:25:57.813 30014 30020 I adbd    : USB event: FUNCTIONFS_SUSPEND
12-27 17:25:57.826 30014 30020 I adbd    : USB event: FUNCTIONFS_RESUME
12-27 17:25:57.826 30014 30020 I adbd    : USB event: FUNCTIONFS_SUSPEND
12-27 17:25:57.857 30014 30020 I adbd    : USB event: FUNCTIONFS_SUSPEND
12-27 17:25:57.890 30014 30020 I adbd    : USB event: FUNCTIONFS_RESUME
12-27 17:25:57.891 30014 30020 I adbd    : USB event: FUNCTIONFS_SUSPEND
12-27 17:25:57.897 30014 30020 I adbd    : USB event: FUNCTIONFS_RESUME
12-27 17:25:57.897 30014 30020 I adbd    : USB event: FUNCTIONFS_SUSPEND
12-27 17:25:57.930 30014 30020 I adbd    : USB event: FUNCTIONFS_RESUME
12-27 17:25:57.931 30014 30020 I adbd    : USB event: FUNCTIONFS_SUSPEND
12-27 17:25:57.941 30014 30020 I adbd    : USB event: FUNCTIONFS_SUSPEND
12-27 17:25:57.993 30014 30020 I adbd    : USB event: FUNCTIONFS_SUSPEND
12-27 17:25:57.996 30014 30020 I adbd    : USB event: FUNCTIONFS_SUSPEND
12-27 17:25:58.052  1405  2370 D SemWifiTrafficPoller: getSoftApTotalTrafficInBytes:10117762
12-27 17:25:58.105 30014 30020 I adbd    : USB event: FUNCTIONFS_RESUME
12-27 17:25:58.106 30014 30020 I adbd    : USB event: FUNCTIONFS_SUSPEND
12-27 17:25:58.221  4187  4777 I aoapp.musically: Waiting for a blocking GC ClassLinker
12-27 17:25:58.225   673   673 D io_stats: !@   8,0 r 84890659 1798876908 w 24549960 335331468 d 6813691 357203788 f 0 0 iot 40961276 0 th 0 0 0 pt 0 inp 0 0 431174.765
12-27 17:25:58.275 30014 30020 I adbd    : USB event: FUNCTIONFS_SUSPEND
12-27 17:25:58.277 30014 30020 I adbd    : USB event: FUNCTIONFS_SUSPEND
12-27 17:25:58.279 30014 30020 I adbd    : USB event: FUNCTIONFS_SUSPEND
12-27 17:25:58.280  4187  4777 I aoapp.musically: WaitForGcToComplete blocked ClassLinker on Background for 59.379ms
12-27 17:25:58.285 30014 30020 I adbd    : USB event: FUNCTIONFS_SUSPEND
12-27 17:25:58.303 30014 30020 I adbd    : USB event: FUNCTIONFS_SUSPEND
12-27 17:25:58.309 30014 30020 I adbd    : USB event: FUNCTIONFS_SUSPEND
12-27 17:25:58.313 30014 30020 I adbd    : USB event: FUNCTIONFS_SUSPEND
12-27 17:25:58.334 30014 30020 I adbd    : USB event: FUNCTIONFS_SUSPEND
12-27 17:25:58.337 30014 30020 I adbd    : USB event: FUNCTIONFS_SUSPEND
12-27 17:25:58.341 30014 30020 I adbd    : USB event: FUNCTIONFS_SUSPEND
12-27 17:25:58.385 30014 30020 I adbd    : USB event: FUNCTIONFS_RESUME
12-27 17:25:58.386 30014 30020 I adbd    : USB event: FUNCTIONFS_SUSPEND
12-27 17:25:58.397  4187  4777 W libc    : Access denied finding property "qemu.hw.mainkeys"
12-27 17:25:58.410 30014 30020 I adbd    : USB event: FUNCTIONFS_RESUME
12-27 17:25:58.411 30014 30020 I adbd    : USB event: FUNCTIONFS_SUSPEND
12-27 17:25:58.453 30014 30020 I adbd    : USB event: FUNCTIONFS_SUSPEND
12-27 17:25:58.457 30014 30020 I adbd    : USB event: FUNCTIONFS_RESUME
12-27 17:25:58.457 30014 30020 I adbd    : USB event: FUNCTIONFS_SUSPEND
12-27 17:25:58.461 30014 30020 I adbd    : USB event: FUNCTIONFS_SUSPEND
12-27 17:25:58.461  4187  4960 D nativeloader: Load /data/app/~~DS70EGz3y9DF8Y5z3X_u0Q==/com.zhiliaoapp.musically-3KJD_EiHcFKYvLA9DgussA==/lib/arm64/liblynx.so using ns clns-9 from class loader (caller=/data/app/~~DS70EGz3y9DF8Y5z3X_u0Q==/com.zhiliaoapp.musically-3KJD_EiHcFKYvLA9DgussA==/base.apk!classes16.dex): ok
12-27 17:25:58.469 30014 30020 I adbd    : USB event: FUNCTIONFS_RESUME
12-27 17:25:58.470 30014 30020 I adbd    : USB event: FUNCTIONFS_SUSPEND
12-27 17:25:58.473  4187  4954 W System.err: FlagsHookHelper: skip hook flags method getInstanceHook
12-27 17:25:58.481  4187  4777 D nativeloader: Load /data/app/~~DS70EGz3y9DF8Y5z3X_u0Q==/com.zhiliaoapp.musically-3KJD_EiHcFKYvLA9DgussA==/lib/arm64/liblynxtrace.so using ns clns-9 from class loader (caller=/data/app/~~DS70EGz3y9DF8Y5z3X_u0Q==/com.zhiliaoapp.musically-3KJD_EiHcFKYvLA9DgussA==/base.apk!classes16.dex): ok
12-27 17:25:58.486  1405  2435 D NetdEventListenerService: DNS Requested by 156, 10634(com.zhiliaoapp.musically), 4(FAIL), isBlocked=true, 0ms
12-27 17:25:58.490  4187  4966 I primjs  : GC: HEAP_TAG_OUTER: 0x0, HEAP_TAG_INNER: 0x0
12-27 17:25:58.491  4187  4481 W orbu.utils: assign3PDataflowId success
12-27 17:25:58.492  4187  4966 I primjs  : EFFECT RC: HEAP_TAG_OUTER: 0x0, HEAP_TAG_INNER: 0x0
12-27 17:25:58.492 30014 30020 I adbd    : USB event: FUNCTIONFS_SUSPEND
12-27 17:25:58.495  4187  4777 D nativeloader: Load /data/app/~~DS70EGz3y9DF8Y5z3X_u0Q==/com.zhiliaoapp.musically-3KJD_EiHcFKYvLA9DgussA==/lib/arm64/libicu.so using ns clns-9 from class loader (caller=/data/app/~~DS70EGz3y9DF8Y5z3X_u0Q==/com.zhiliaoapp.musically-3KJD_EiHcFKYvLA9DgussA==/base.apk!classes16.dex): ok
12-27 17:25:58.496  4187  4777 D PRIMJS  : vmsdk_icu_so_load JNI_OnLoad……
12-27 17:25:58.497  4187  4966 I primjs  : GC: HEAP_TAG_OUTER: 0x0, HEAP_TAG_INNER: 0x0
12-27 17:25:58.498  4187  4966 I primjs  : EFFECT RC: HEAP_TAG_OUTER: 0x0, HEAP_TAG_INNER: 0x0
12-27 17:25:58.499  4187  4966 I primjs  : GC: HEAP_TAG_OUTER: 0x0, HEAP_TAG_INNER: 0x0
12-27 17:25:58.499  4187  4966 I primjs  : EFFECT RC: HEAP_TAG_OUTER: 0x0, HEAP_TAG_INNER: 0x0
12-27 17:25:58.501  4187  4966 I primjs  : GC: HEAP_TAG_OUTER: 0x0, HEAP_TAG_INNER: 0x0
12-27 17:25:58.501  4187  4777 D nativeloader: Load /data/app/~~DS70EGz3y9DF8Y5z3X_u0Q==/com.zhiliaoapp.musically-3KJD_EiHcFKYvLA9DgussA==/lib/arm64/libwasm.so using ns clns-9 from class loader (caller=/data/app/~~DS70EGz3y9DF8Y5z3X_u0Q==/com.zhiliaoapp.musically-3KJD_EiHcFKYvLA9DgussA==/base.apk!classes16.dex): ok
12-27 17:25:58.501  4187  4966 I primjs  : EFFECT RC: HEAP_TAG_OUTER: 0x0, HEAP_TAG_INNER: 0x0
12-27 17:25:58.502  4187  4966 I primjs  : GC: HEAP_TAG_OUTER: 0x0, HEAP_TAG_INNER: 0x0
12-27 17:25:58.502  4187  4966 I primjs  : EFFECT RC: HEAP_TAG_OUTER: 0x0, HEAP_TAG_INNER: 0x0
12-27 17:25:58.506 30014 30020 I adbd    : USB event: FUNCTIONFS_SUSPEND
12-27 17:25:58.508 30014 30020 I adbd    : USB event: FUNCTIONFS_SUSPEND
12-27 17:25:58.524 30014 30020 I adbd    : USB event: FUNCTIONFS_SUSPEND
12-27 17:25:58.556  4187  4777 D nativeloader: Load /data/app/~~DS70EGz3y9DF8Y5z3X_u0Q==/com.zhiliaoapp.musically-3KJD_EiHcFKYvLA9DgussA==/lib/arm64/libv8_libfull.cr.so using ns clns-9 from class loader (caller=/data/app/~~DS70EGz3y9DF8Y5z3X_u0Q==/com.zhiliaoapp.musically-3KJD_EiHcFKYvLA9DgussA==/base.apk!classes16.dex): ok
12-27 17:25:58.559 30014 30020 I adbd    : USB event: FUNCTIONFS_RESUME
12-27 17:25:58.559  4187  4777 D nativeloader: Load /data/app/~~DS70EGz3y9DF8Y5z3X_u0Q==/com.zhiliaoapp.musically-3KJD_EiHcFKYvLA9DgussA==/lib/arm64/libnapi_v8.so using ns clns-9 from class loader (caller=/data/app/~~DS70EGz3y9DF8Y5z3X_u0Q==/com.zhiliaoapp.musically-3KJD_EiHcFKYvLA9DgussA==/base.apk!classes16.dex): ok
12-27 17:25:58.560 30014 30020 I adbd    : USB event: FUNCTIONFS_SUSPEND
12-27 17:25:58.560  4187  4777 D PRIMJS  : vmsdk_basic_so_load JNI_OnLoad……
12-27 17:25:58.562  4187  4777 D nativeloader: Load /data/app/~~DS70EGz3y9DF8Y5z3X_u0Q==/com.zhiliaoapp.musically-3KJD_EiHcFKYvLA9DgussA==/lib/arm64/liblynx_v8_bridge.so using ns clns-9 from class loader (caller=/data/app/~~DS70EGz3y9DF8Y5z3X_u0Q==/com.zhiliaoapp.musically-3KJD_EiHcFKYvLA9DgussA==/base.apk!classes16.dex): ok
12-27 17:25:58.568  4187  4248 E Forest_null: could not get any valid access key from remote settings
12-27 17:25:58.572  4187  4248 I Forest_GeckoFetcher: [KeyInfo:fetchAsync] msg = offline resource exist:true extraRuntimeInfo = {support_directory=false, gecko_config_from=client_config, gecko_channel=gecko_hybrid_prefetch_config, wait_low_storage_update=false, check_gecko_file_available=true, gecko_access_key=365b20e8f6c343df1eff65214a0e3e74, disable_gecko_update=false, gecko_sync_update=false, gecko_bundle=prefetch.json}
12-27 17:25:58.575 30014 30020 I adbd    : USB event: FUNCTIONFS_RESUME
12-27 17:25:58.576 30014 30020 I adbd    : USB event: FUNCTIONFS_SUSPEND
12-27 17:25:58.582 30014 30020 I adbd    : USB event: FUNCTIONFS_SUSPEND
12-27 17:25:58.946 30014 30020 I adbd    : USB event: FUNCTIONFS_RESUME
12-27 17:25:58.948 30014 30020 I adbd    : USB event: FUNCTIONFS_RESUME
12-27 17:25:58.948 30014 30020 I adbd    : USB event: FUNCTIONFS_SUSPEND
12-27 17:25:58.998 30014 30020 I adbd    : USB event: FUNCTIONFS_SUSPEND
12-27 17:25:59.009 30014 30020 I adbd    : USB event: FUNCTIONFS_SUSPEND
12-27 17:25:59.018 30014 30020 I adbd    : USB event: FUNCTIONFS_SUSPEND
12-27 17:25:59.039 30014 30020 I adbd    : USB event: FUNCTIONFS_SUSPEND
12-27 17:25:59.040 30014 30020 I adbd    : USB event: FUNCTIONFS_SUSPEND
12-27 17:25:59.052 30014 30020 I adbd    : USB event: FUNCTIONFS_SUSPEND
12-27 17:25:59.054  1405  2370 D SemWifiTrafficPoller: getSoftApTotalTrafficInBytes:10117762
12-27 17:25:59.054 30014 30020 I adbd    : USB event: FUNCTIONFS_SUSPEND
12-27 17:25:59.070 30014 30020 I adbd    : USB event: FUNCTIONFS_SUSPEND
12-27 17:25:59.071 30014 30020 I adbd    : USB event: FUNCTIONFS_RESUME
12-27 17:25:59.071 30014 30020 I adbd    : USB event: FUNCTIONFS_SUSPEND
12-27 17:25:59.072 30014 30020 I adbd    : USB event: FUNCTIONFS_RESUME
12-27 17:25:59.073 30014 30020 I adbd    : USB event: FUNCTIONFS_SUSPEND
12-27 17:25:59.086 30014 30020 I adbd    : USB event: FUNCTIONFS_RESUME
12-27 17:25:59.086 30014 30020 I adbd    : USB event: FUNCTIONFS_SUSPEND
12-27 17:25:59.106 30014 30020 I adbd    : USB event: FUNCTIONFS_SUSPEND
12-27 17:25:59.118 30014 30020 I adbd    : USB event: FUNCTIONFS_SUSPEND
12-27 17:25:59.151 30014 30020 I adbd    : USB event: FUNCTIONFS_SUSPEND
12-27 17:25:59.161 30014 30020 I adbd    : USB event: FUNCTIONFS_SUSPEND
12-27 17:25:59.197 30014 30020 I adbd    : USB event: FUNCTIONFS_RESUME
12-27 17:25:59.197 30014 30020 I adbd    : USB event: FUNCTIONFS_SUSPEND
12-27 17:25:59.212 30014 30020 I adbd    : USB event: FUNCTIONFS_RESUME
12-27 17:25:59.213 30014 30020 I adbd    : USB event: FUNCTIONFS_SUSPEND
12-27 17:25:59.404 30014 30020 I adbd    : USB event: FUNCTIONFS_RESUME
12-27 17:25:59.406 30014 30020 I adbd    : USB event: FUNCTIONFS_SUSPEND
12-27 17:25:59.409 30014 30020 I adbd    : USB event: FUNCTIONFS_RESUME
12-27 17:25:59.409 30014 30020 I adbd    : USB event: FUNCTIONFS_SUSPEND
12-27 17:25:59.952 30014 30020 I adbd    : USB event: FUNCTIONFS_RESUME
12-27 17:25:59.952 30014 30020 I adbd    : USB event: FUNCTIONFS_SUSPEND
12-27 17:26:00.003 30014 30020 I adbd    : USB event: FUNCTIONFS_SUSPEND
12-27 17:26:00.006  2502  3087 I DateTimeView: updateAll - getTimeFormat
12-27 17:26:00.007  2502  3087 D QSClockBellTower: onReceive(android.intent.action.TIME_TICK) mTimeZoneString:Europe/Rome
12-27 17:26:00.012  2502  2502 D QSClockBellTower: He is ready to ring the bell. (((QSClockBellSound - TimeText:17:26, TimeContentDescription:17:26, DateText:Sab 27 Dicembre, ShortDateText:Sab 27 Dic, Demo:false)))
12-27 17:26:00.013  1405  1405 I EyeComfortSolutionService: action  :  android.intent.action.TIME_TICK
12-27 17:26:00.014  1405  2318 I EyeComfortSolutionService: Week : Sat , Hour : 17 , Minute : 26 , TimeValue : 1046 , wakeup state, defaultBedTime : 0 , start sleep : -360
12-27 17:26:00.014  1405  2318 I EyeComfortSolutionService: currentWakeupStep : 0
12-27 17:26:00.015  2502  2502 D QSClock : StatusBar clock=17:26 notifyTimeChanged(QSClockBellSound - TimeText:17:26, TimeContentDescription:17:26, DateText:Sab 27 Dicembre, ShortDateText:Sab 27 Dic, Demo:false) clockVisibleByPolicy=true, clockVisibleByUser=true, visible=true, parent=android.widget.LinearLayout{b752a19 V.E...... ......ID 0,0-99,61 #7f0a061e app:id/left_clock_container} caller=com.android.systemui.statusbar.phone.fragment.CollapsedStatusBarFragment.animateShow:47 com.android.systemui.statusbar.phone.fragment.CollapsedStatusBarFragment.updateStatusBarVisibilitiesInner:207 com.android.systemui.statusbar.phone.fragment.CollapsedStatusBarFragment$$ExternalSyntheticLambda2.run:35 android.os.Handler.handleCallback:959 android.os.Handler.dispatchMessage:100  
12-27 17:26:00.015  2502  2502 D QSClockBellTower: Everyone heard the bell. run(currentTime:1766852760011, getTime():Sat Dec 27 17:26:00 GMT+01:00 2025, getTimeZone():libcore.util.ZoneInfo[mDstSavings=3600000,mUseDst=true,mDelegate=[id="Europe/Rome",mRawOffset=3600000,mEarliestRawOffset=2996000,transitions=294]])
12-27 17:26:00.016  2502  2502 D FaceWidgetPagesController: onTimeChanged()
12-27 17:26:00.020  1065  1137 I VSyncReactor: Current= 60, Period= 60, Distance= 0
12-27 17:26:00.037  1065  1137 I VSyncReactor: Current= 60, Period= 60, Distance= 60
12-27 17:26:00.056  1405  2370 D SemWifiTrafficPoller: getSoftApTotalTrafficInBytes:10117762
12-27 17:26:00.226   673   673 D io_stats: !@   8,0 r 84890861 1798886984 w 24549995 335331692 d 6813691 357203788 f 0 0 iot 40961516 0 th 0 0 0 pt 0 inp 0 0 431176.766
12-27 17:26:00.226   673   673 D io_stats: !@ Read_top(KB): aoapp.musically(4187) 26348
12-27 17:26:00.226   673   673 D io_stats: !@ Write_top(KB): kworker/u16:1(671) 196 aoapp.musically(4187) 24 sait.sohservice(29079) 4
12-27 17:26:00.332   949   949 I android.hardware.health@2.1-service-samsung: updateLrpSysfs: write: 341
12-27 17:26:00.333  1405  1929 D [SS]BattFunctions: [sendRemainingChargingTimeChangedIntent]remainingChargingTime:5623 ,mLastRemainingChargingTime:5633
12-27 17:26:00.336  2502  2502 I AODBatteryManager: updateBatteryData: ACTION_BATTERY_CHANGED
12-27 17:26:00.336  2502  2502 I ChargingInfoManager: updateChargingInfo: newState = AOD ChargingInfo [mState=BATTERY_AND_REMAIN_TIME, mIsCharging=true, mIsPlugged=true, mIsFullyCharged=false, mIsBatteryProtectMode=false, mBetteryLevel=54, mBetteryProtectModeType3, mIsSlowChargingfalse], oldState = AOD ChargingInfo [mState=BATTERY_AND_REMAIN_TIME, mIsCharging=true, mIsPlugged=true, mIsFullyCharged=false, mIsBatteryProtectMode=false, mBetteryLevel=54, mBetteryProtectModeType3, mIsSlowChargingfalse]
12-27 17:26:00.336  2502  2502 D PowerUI : Charging time is changed, check charging notification
12-27 17:26:00.337  2502  2502 D PowerUI.Notification: showChargingNotice - oldBatteryLevel : 54 , BatteryLevel : 54 / oldChargingType : 11 , ChargingType : 11 / oldChargingTime : 5633, ChargingTime : 5623 / oldMaximumEnabled : false , MaximumEnabled : false / oldMaximumThreshold : 80 , MaximumThreshold : 80
12-27 17:26:00.340  2502  2502 I NotificationManager: com.android.systemui: notify(2131363874, charging_state, Notification(channel=CHR shortcut=null contentView=null vibrate=null sound=null defaults=0 flags=ONGOING_EVENT|ONLY_ALERT_ONCE color=0x00000000 category=sys groupKey=CHARGING vis=PUBLIC semFlags=0x0 semPriority=0 semMissedCount=0)) as user
12-27 17:26:00.347  1405  3234 W PermissionService: getPermissionFlags: Unknown user -1
12-27 17:26:00.347  1405  3234 W PermissionService: getPermissionFlags: Unknown user -1
12-27 17:26:00.554  1405  1405 I Telecom : SamsungTelecomServiceImpl : isInManagedCall - callingPackage : android / callingUser : UserHandle{0} / hasCrossUserAccess : true
12-27 17:26:00.565  1405  3194 D ActivityManager: unpendingScheduleServiceRestart: u=10095, drop=false
12-27 17:26:00.566  1405  3192 W FreecessController: getAllRunningPackagePids: Failed to read pid from /sys/fs/cgroup/uid_10095/pid_4217/cgroup.procs
12-27 17:26:00.568  1405  3192 D FreecessController: UFZ : com.samsung.android.game.gamehome(10095) [6436] reason: Binder(1)-android.service.notification.INotificatio
12-27 17:26:00.568  1405  3200 W LocationManagerService: onFreezeStateChanged, uid[10095]=false
12-27 17:26:00.568  1405  3200 I PowerManagerService: [PWL] SetWakeLockEnableDisable uid = 10095 , disable= false
12-27 17:26:00.568  1405  3200 I PowerManagerService: [PWL] can not change uid =  10095
12-27 17:26:00.570  3037  7213 I HoneySpace.NotificationListener: onNotificationPosted com.android.systemui: -1|com.android.systemui|2131363874|charging_state|10062: 0
12-27 17:26:00.570  3037  7213 I HoneySpace.NotificationListener: invalid notification: com.android.systemui UserHandle{-1}: canShowBadge is false
12-27 17:26:00.570  3037 26148 I HoneySpace.BadgeDataSourceImpl: Get notification count. PK(p='com.whatsapp', u=UserHandle{0}) - forceBadgeCount: false, notification listener: 8, badge provider: 15
12-27 17:26:00.570  3037 26148 I HoneySpace.BadgeDataSourceImpl: Get notification count. PK(p='org.telegram.messenger', u=UserHandle{0}) - forceBadgeCount: false, notification listener: 15, badge provider: 582
12-27 17:26:00.570  3037 26148 I HoneySpace.BadgeDataSourceImpl: Get notification count. PK(p='com.facebook.katana', u=UserHandle{0}) - forceBadgeCount: false, notification listener: 1, badge provider: 17
12-27 17:26:00.570  3037 26148 I HoneySpace.BadgeDataSourceImpl: Get notification count. PK(p='it.relaxbanking', u=UserHandle{0}) - forceBadgeCount: false, notification listener: 1, badge provider: 0
12-27 17:26:00.571  3169  3169 I Notification4G_GO: NotificationListener.onNotificationPosted-com.android.systemui[-1/2131363874]
12-27 17:26:00.572  3169  3169 I WearableDeviceFactory: getDeviceManager() deviceID = ##:##:##:##:B3:2D mDeviceManagerList = {##:##:##:##:B3:2D=com.samsung.android.hostmanager.manager.GearDeviceManager@d8341e1}
12-27 17:26:00.572  3169  3169 I Notification4G_HM: NotificationManager.getAppListManager-Enter
12-27 17:26:00.573  3169  3169 I Notification4G_HM: NotificationAppListManager.isListCreated-: true
12-27 17:26:00.573  3169  3169 I Notification4G_GO: PackageUtil.checkIgnoreCase method is called
12-27 17:26:00.574  3169  3169 I Notification4G_GO: CommonUtil.sbn.isOngoing(): true isForeground(sbn) false
12-27 17:26:00.574  3169  3169 W Notification4G_GO: PackageUtil.checkIgnoreCase-On-Going,[com.android.systemui]
12-27 17:26:00.575  3169  3169 I Notification4G_GO: CommonUtil.sbn.isOngoing(): true isForeground(sbn) false
12-27 17:26:00.594  2502  2502 I LockscreenNotificationIconsOnlyController: onNotificationInfoUpdated 0
12-27 17:26:00.594  2502  2502 I AODNotificationManager: updateNotification() 
12-27 17:26:00.783  2502  2502 D Bubbles : onEntryUpdated : shouldBubbleUp=false ,key=-1|com.android.systemui|2131363874|charging_state|10062
12-27 17:26:00.785  2502  2502 D InterruptionStateProvider:  no Heads up : edgelighting enabled app. -1|com.android.systemui|2131363874|charging_state|10062
12-27 17:26:00.826  2502  2502 I LockscreenNotificationIconsOnlyController: onNotificationInfoUpdated 0
12-27 17:26:00.827  2502  2502 I AODNotificationManager: updateNotification() 
12-27 17:26:00.834  2502  3095 D LocalImageResolver: Couldn't use ImageDecoder for drawable, falling back to non-resized load.
12-27 17:26:00.835  2502  3095 D LocalImageResolver: Couldn't use ImageDecoder for drawable, falling back to non-resized load.
12-27 17:26:00.840  2502  2502 D LocalImageResolver: Couldn't use ImageDecoder for drawable, falling back to non-resized load.
12-27 17:26:00.861  2502  2502 D LocalImageResolver: Couldn't use ImageDecoder for drawable, falling back to non-resized load.
12-27 17:26:00.868  2502  2502 I LockscreenNotificationIconsOnlyController: onNotificationInfoUpdated 0
12-27 17:26:00.869  2502  2502 I AODNotificationManager: updateNotification() 
12-27 17:26:00.900 29468  1914 I NearbyMediums: No BLE Fast/GATT advertisements found in the latest cycle.
12-27 17:26:00.901 29468  1914 I NearbyMediums: Current Tracked Scanning Clients are : {NearbyConnections.EnvironmentMonitor, NearbyConnections.TxAdvertisement}
12-27 17:26:00.962 30014 30020 I adbd    : USB event: FUNCTIONFS_RESUME
12-27 17:26:00.962 30014 30020 I adbd    : USB event: FUNCTIONFS_SUSPEND
12-27 17:26:01.002  3037 26159 I HoneySpace.LiveIconSupplier: time tick - 288, CLOCK, 17:26 - 17:25, view: #7877006, parent: ApplistCellLayout#370b6c7
12-27 17:26:01.003  3037 26126 I HoneySpace.LiveIconSupplier: time tick - 20, CLOCK, 17:26 - 17:25, view: #34ad659, parent: WorkspaceCellLayout#602921e
12-27 17:26:01.005  3037 26159 I LauncherActivityInfo: Trying to load live icon for com.sec.android.app.clockpackage
12-27 17:26:01.009  3037 26159 I ApplicationPackageManager: package : com.sec.android.app.clockpackage, useAppIconResources : false
12-27 17:26:01.009  3037 26159 I LiveIconUtil: getLiveIcon was called in ClockPackage
12-27 17:26:01.009  3037 26159 I LiveIconUtil: getLiveIcon res = com.sec.android.app.clockpackage
12-27 17:26:01.010  3037 26159 I LiveIconUtil: stdIconSize : 135 , targetIconSize : 163
12-27 17:26:01.010  3037 26159 I LiveIconUtil: iconDpi : 640 , mTargetIconDpi : 450
12-27 17:26:01.015 30014 30020 I adbd    : USB event: FUNCTIONFS_RESUME
12-27 17:26:01.015 30014 30020 I adbd    : USB event: FUNCTIONFS_SUSPEND
12-27 17:26:01.031 30014 30020 I adbd    : USB event: FUNCTIONFS_SUSPEND
12-27 17:26:01.040  3037 26159 E AppIconSolution: Couldn't get theme package resources, package is null
12-27 17:26:01.040  3037 26159 I AppIconSolution: load= live icon for com.sec.android.app.clockpackage, from overlay = false
12-27 17:26:01.040  3037 26159 I LauncherActivityInfo: packageName: com.sec.android.app.clockpackage, useThemeIcon: false, height: 288, width: 288, density: 640
12-27 17:26:01.042  3037 26159 I HoneySpace.LiveIconSupplier: updateIcon - 288, CLOCK, true - 17:26, view: #7877006, parent: ApplistCellLayout#370b6c7
12-27 17:26:01.042  3037 26126 I HoneySpace.LiveIconSupplier: updateIcon - 20, CLOCK, true - 17:26, view: #34ad659, parent: WorkspaceCellLayout#602921e
12-27 17:26:01.051  1405  2370 D SemWifiTrafficPoller: getSoftApTotalTrafficInBytes:10117762
12-27 17:26:01.058 30014 30020 I adbd    : USB event: FUNCTIONFS_SUSPEND
12-27 17:26:01.061 30014 30020 I adbd    : USB event: FUNCTIONFS_SUSPEND
12-27 17:26:01.070  1065  1065 E SurfaceFlinger: Out of order buffers detected for RequestedLayerState{com.sec.android.app.launcher/com.sec.android.app.launcher.activities.LauncherActivity$_3037#82051 parentId=132} producedId=2684 frameNumber=40 -> producedId=2684 frameNumber=27
12-27 17:26:01.073 30014 30020 I adbd    : USB event: FUNCTIONFS_SUSPEND
12-27 17:26:01.110 30014 30020 I adbd    : USB event: FUNCTIONFS_RESUME
12-27 17:26:01.110 30014 30020 I adbd    : USB event: FUNCTIONFS_SUSPEND
12-27 17:26:01.126 30014 30020 I adbd    : USB event: FUNCTIONFS_RESUME
12-27 17:26:01.127 30014 30020 I adbd    : USB event: FUNCTIONFS_SUSPEND
12-27 17:26:01.194 30014 30020 I adbd    : USB event: FUNCTIONFS_RESUME
12-27 17:26:01.195 30014 30020 I adbd    : USB event: FUNCTIONFS_SUSPEND
12-27 17:26:01.216 30014 30020 I adbd    : USB event: FUNCTIONFS_SUSPEND
12-27 17:26:01.216 30014 30020 I adbd    : USB event: FUNCTIONFS_RESUME
12-27 17:26:01.217 30014 30020 I adbd    : USB event: FUNCTIONFS_SUSPEND
12-27 17:26:01.219 30014 30020 I adbd    : USB event: FUNCTIONFS_RESUME
12-27 17:26:01.220 30014 30020 I adbd    : USB event: FUNCTIONFS_SUSPEND
12-27 17:26:01.231  1405  1526 I SemDvfsHyPerManager: acquire hyper - APP_LAUNCH/1405@892, type = -999
12-27 17:26:01.232   970  1021 I HYPER-HAL: [RequestManager.cpp]acquire(): Acquired ID : 2640145  [1405 / 892]    HINT : APP_LAUNCH    list : 
12-27 17:26:01.232  1405  2586 D ActivityTaskManager: startActivityAsUser: callingPid=4976, callingUid=2000, caller=com.android.server.am.ActivityManagerService.startActivityAsUserWithFeature:28 com.android.server.am.ActivityManagerShellCommand.runStartActivity:569 com.android.server.am.ActivityManagerShellCommand.onCommand:1866 com.android.modules.utils.BasicShellCommandHandler.exec:97 android.os.ShellCommand.exec:38 com.android.server.am.ActivityManagerService.onShellCommand:169 android.os.Binder.shellCommand:1266 
12-27 17:26:01.232   970  1021 I HYPER-HAL: [ResourceManager.cpp]updateResource(): [CPUMinFreq] UpdateResource Request ID : 2640145    Value : 2912000
12-27 17:26:01.234 30014 30020 I adbd    : USB event: FUNCTIONFS_SUSPEND
12-27 17:26:01.234 30014 30020 I adbd    : USB event: FUNCTIONFS_RESUME
12-27 17:26:01.235  1405  2586 W ActivityTaskManager: callingPackage for (uid=2000, pid=4976) has no WPC
12-27 17:26:01.236  1405  2586 D ActivityTaskManager: TaskLaunchParamsModifier:task=null activity=null display-area-from-current-params=null display-area-from-default-fallback=DefaultTaskDisplayArea_d0@94105526 display-id=0 task-display-area-windowing-mode=1 suggested-display-area=DefaultTaskDisplayArea_d0@94105526
12-27 17:26:01.236 30014 30020 I adbd    : USB event: FUNCTIONFS_SUSPEND
12-27 17:26:01.236  5490  5490 I SemDvfsHyPerManager: acquire hyper - APP_START_SHORT/5490@14, type = -999
12-27 17:26:01.236   970  1021 I HYPER-HAL: [RequestManager.cpp]acquire(): Acquired ID : 15149774  [5490 / 14]    HINT : APP_START    list : [TIMEOUT / 1500] 
12-27 17:26:01.236   970  1021 I HYPER-HAL: [ResourceManager.cpp]updateResource(): [CPUMaxFreq] UpdateResource Request ID : 15149774    Value : 2912000
12-27 17:26:01.237  1405  2586 W OptProp : Cannot read opt property android.window.PROPERTY_COMPAT_ALLOW_ORIENTATION_OVERRIDE
12-27 17:26:01.237  1405  2586 V GrammaticalInflectionUtils: AttributionSource: AttributionSource { uid = 10413, packageName = null, attributionTag = null, token = android.os.Binder@14dfb22, deviceId = 0, next = null } does not have READ_SYSTEM_GRAMMATICAL_GENDER permission.
12-27 17:26:01.238  1405  2586 W OptProp : Cannot read opt property android.window.PROPERTY_COMPAT_ALLOW_RESIZEABLE_ACTIVITY_OVERRIDES
12-27 17:26:01.238  1405  2586 W OptProp : Cannot read opt property android.window.PROPERTY_COMPAT_ALLOW_MIN_ASPECT_RATIO_OVERRIDE
12-27 17:26:01.239  1405  2586 D WindowManager: Transition is created, t=TransitionRecord{5e25ffc id=-1 type=OPEN flags=0x0}, caller=com.android.server.wm.Transition.<init>:170 com.android.server.wm.ActivityStarter.startActivityUnchecked:330 com.android.server.wm.ActivityStarter.executeRequest:3365 com.android.server.wm.ActivityStarter.execute:1122 com.android.server.wm.ActivityTaskManagerService.startActivityAsUser:88 
12-27 17:26:01.239  1405  2586 D BLASTSyncEngine: SyncGroup is created, id=6445, name=Transition-OPEN, caller=com.android.server.wm.BLASTSyncEngine$SyncGroup.<init>:51 com.android.server.wm.TransitionController.moveToCollecting:78 com.android.server.wm.ActivityStarter.startActivityUnchecked:333 com.android.server.wm.ActivityStarter.executeRequest:3365 com.android.server.wm.ActivityStarter.execute:1122 com.android.server.wm.ActivityTaskManagerService.startActivityAsUser:88 com.android.server.am.ActivityManagerService.startActivityAsUserWithFeature:28 
12-27 17:26:01.240  1405  2586 W BLASTSyncEngine: setSyncMethod, id=6445, method=0, caller=com.android.server.wm.TransitionController.moveToCollecting:90 com.android.server.wm.ActivityStarter.startActivityUnchecked:333 com.android.server.wm.ActivityStarter.executeRequest:3365 
12-27 17:26:01.240  1405  2586 V WindowManager: Start collecting in Transition: TransitionRecord{5e25ffc id=6445 type=OPEN flags=0x0}, caller=com.android.server.wm.ActivityStarter.startActivityUnchecked:333 com.android.server.wm.ActivityStarter.executeRequest:3365 com.android.server.wm.ActivityStarter.execute:1122 com.android.server.wm.ActivityTaskManagerService.startActivityAsUser:88 com.android.server.am.ActivityManagerService.startActivityAsUserWithFeature:28 
12-27 17:26:01.240  1405  2586 V WindowManager: Collecting in transition 6445: ActivityRecord{389d685 u0 com.moneymind.app/crc64399a401da9d21b0a.MainActivity, caller=com.android.server.wm.TransitionController.collect:7 com.android.server.wm.ActivityStarter.startActivityUnchecked:626 com.android.server.wm.ActivityStarter.executeRequest:3365 com.android.server.wm.ActivityStarter.execute:1122 com.android.server.wm.ActivityTaskManagerService.startActivityAsUser:88 
12-27 17:26:01.240  1405  2586 D ActivityTaskManager: TaskLaunchParamsModifier:task=null activity=ActivityRecord{389d685 u0 com.moneymind.app/crc64399a401da9d21b0a.MainActivity t-1} display-area-from-current-params=null display-area-from-default-fallback=DefaultTaskDisplayArea_d0@94105526 display-id=0 task-display-area-windowing-mode=1 suggested-display-area=DefaultTaskDisplayArea_d0@94105526
12-27 17:26:01.240  1405  2586 D ActivityTaskManager: TaskLaunchParamsModifier:task=null activity=ActivityRecord{389d685 u0 com.moneymind.app/crc64399a401da9d21b0a.MainActivity t-1} display-area-from-current-params=null display-area-from-default-fallback=DefaultTaskDisplayArea_d0@94105526 display-id=0 task-display-area-windowing-mode=1 suggested-display-area=DefaultTaskDisplayArea_d0@94105526 non-freeform-task-display-area display-area=DefaultTaskDisplayArea_d0@94105526 default-portrait freeform-size-mismatch=Rect(81, 571 - 999, 1771)
12-27 17:26:01.241  1405  3146 I SemDvfsHyPerManager: acquire hyper - AMS_APP_SWITCH/1405@31, type = -999
12-27 17:26:01.241   970  1021 I HYPER-HAL: [RequestManager.cpp]acquire(): Acquired ID : 1031797  [1405 / 31]    HINT : AMS_APP_SWITCH    list : 
12-27 17:26:01.241  1405  3146 D ActivityManagerPerformance: AMP_acquire() APP_SWITCH
12-27 17:26:01.241  5490  5490 I SemDvfsHyPerManager: acquire hyper - APP_START_SHORT/5490@14, type = -999
12-27 17:26:01.241  1405  3200 D FreecessController: restrictJobsByOlaf: restrict=true, uid=10413
12-27 17:26:01.241   970  1021 I HYPER-HAL: [ResourceManager.cpp]updateResource(): [CPUMinFreq] UpdateResource Request ID : 1031797    Value : 2912000
12-27 17:26:01.241   970  1021 I HYPER-HAL: [RequestManager.cpp]acquire(): Acquired ID : 15149774  [5490 / 14]    HINT : APP_START    list : [TIMEOUT / 1500] 
12-27 17:26:01.241   970  1021 I HYPER-HAL: [ResourceManager.cpp]updateResource(): [CPUMaxFreq] UpdateResource Request ID : 15149774    Value : 2912000
12-27 17:26:01.242  1405  1405 D OlafRestriction:  olaf state update: state=true
12-27 17:26:01.242  1405  1405 D OlafRestriction:  trigger onRestrictionStateChanged.
12-27 17:26:01.242  1065  1862 I SurfaceFlinger: id=82129 createSurf, flag=24004, Task=5313#82129
