12-27 17:23:29.873  1405  5629 V WindowManager:   fitTypes=2
12-27 17:23:29.873  1405  5629 V WindowManager:   fitSides=5
12-27 17:23:29.873  1405  5629 V WindowManager:   frameRateBoostOnTouch=true
12-27 17:23:29.873  1405  5629 V WindowManager:   dvrrWindowFrameRateHint=true naviIconColor=0}
12-27 17:23:29.873  1405  6192 D BLASTSyncEngine: SyncGroup 6442:  Unfinished container: ActivityRecord{403e55 u0 com.sec.android.app.launcher/.activities.LauncherActivity t4814} mSyncState=2
12-27 17:23:29.873  1405  6192 D WindowManager: Changing focus from null to Window{da1422e u0 com.sec.android.app.launcher/com.sec.android.app.launcher.activities.LauncherActivity} displayId=0 Callers=com.android.server.wm.WindowManagerService.relayoutWindowInner:142 com.android.server.wm.WindowManagerService.relayoutWindow:6 com.android.server.wm.Session.relayout:27 android.view.IWindowSession$Stub.onTransact:861 
12-27 17:23:29.873  1405  6192 I WindowManager: Cancelling animation restarting=true, leash=Surface(name=Surface(name=672ee06 StatusBar)/@0xaff1dbf - animation-leash of insets_animation)/@0x189a6a7
12-27 17:23:29.873  1405  6192 I WindowManager: Reparenting to original parent: Surface(name=WindowToken{ea510e1 type=2000 android.os.BinderProxy@3dbdceb})/@0xa6a0c8c, destroy=false, syncState=0, syncCommitDepth=0, surface=Surface(name=672ee06 StatusBar)/@0xaff1dbf
12-27 17:23:29.873  1405  6192 I WindowManager: Reparenting to leash, surface=Surface(name=672ee06 StatusBar)/@0xaff1dbf, syncState=0, syncCommitDepth=0, leashParent=Surface(name=WindowToken{ea510e1 type=2000 android.os.BinderProxy@3dbdceb})/@0xa6a0c8c
12-27 17:23:29.874 15941 15941 I BLASTBufferQueue_Java: new BLASTBufferQueue, mName= VRI[HintService]@c5ffca3 mNativeObject= 0xb400006df39dccb0 sc.mNativeObject= 0xb400006e93986b50 caller= android.view.ViewRootImpl.updateBlastSurfaceIfNeeded:3397 android.view.ViewRootImpl.relayoutWindow:11361 android.view.ViewRootImpl.performTraversals:4544 android.view.ViewRootImpl.doTraversal:3708 android.view.ViewRootImpl$TraversalRunnable.run:12542 android.view.Choreographer$CallbackRecord.run:1751 android.view.Choreographer$CallbackRecord.run:1760 android.view.Choreographer.doCallbacks:1216 android.view.Choreographer.doFrame:1142 android.view.Choreographer$FrameDisplayEventReceiver.run:1707 
12-27 17:23:29.874 15941 15941 I BLASTBufferQueue_Java: update, w= 522 h= 67 mName = VRI[HintService]@c5ffca3 mNativeObject= 0xb400006df39dccb0 sc.mNativeObject= 0xb400006e93986b50 format= -3 caller= android.graphics.BLASTBufferQueue.<init>:88 android.view.ViewRootImpl.updateBlastSurfaceIfNeeded:3397 android.view.ViewRootImpl.relayoutWindow:11361 android.view.ViewRootImpl.performTraversals:4544 android.view.ViewRootImpl.doTraversal:3708 android.view.ViewRootImpl$TraversalRunnable.run:12542 
12-27 17:23:29.874  1065  1862 I SurfaceFlinger: id=82101 createSurf, flag=24000, Surface(name=672ee06 StatusBar)/@0xaff1dbf - animation-leash of insets_animation#82101
12-27 17:23:29.874 15941 15941 I VRI[HintService]@c5ffca3: Relayout returned: old=(279,2333,801,2400) new=(279,2333,801,2400) relayoutAsync=false req=(522,67)0 dur=3 res=0x3 s={true 0xb400006db3a24070} ch=true seqId=5
12-27 17:23:29.874 15941 15941 I VRI[HintService]@c5ffca3: Creating new active sync group VRI[HintService]@c5ffca3#33
12-27 17:23:29.874  1405  6192 D WindowManager: makeSurface duration=0 leash=Surface(name=Surface(name=672ee06 StatusBar)/@0xaff1dbf - animation-leash of insets_animation)/@0xef28e5a
12-27 17:23:29.874  1405  6192 D InsetsSourceProvider: updateControlForTarget: control=InsetsSourceControl: {1bb60000 mType=statusBars initiallyVisible mSurfacePosition=Point(0, 0) mInsetsHint=Insets{left=0, top=77, right=0, bottom=0}}, target=Window{da1422e u0 com.sec.android.app.launcher/com.sec.android.app.launcher.activities.LauncherActivity}, from=com.android.server.wm.InsetsStateController.onControlTargetChanged:81 com.android.server.wm.InsetsPolicy.updateBarControlTarget:175 com.android.server.wm.DisplayPolicy.updateSystemBarAttributes:281 com.android.server.wm.WindowManagerService.updateFocusedWindowLocked:375 com.android.server.wm.WindowManagerService.relayoutWindowInner:142 
12-27 17:23:29.875  1405  6192 I WindowManager: Cancelling animation restarting=true, leash=Surface(name=Surface(name=d81298c NavigationBar0)/@0x8c1424c - animation-leash of insets_animation)/@0x73fe6fd
12-27 17:23:29.875 15941 23897 I VRI[HintService]@c5ffca3: mWNT: t=0xb400006ea3a1ef90 mBlastBufferQueue=0xb400006df39dccb0 fn= 1 HdrRenderState mRenderHdrSdrRatio=1.0 caller= android.view.ViewRootImpl$11.onFrameDraw:15016 android.view.ThreadedRenderer$1.onFrameDraw:761 <bottom of call stack> 
12-27 17:23:29.875 15941 23897 I VRI[HintService]@c5ffca3: Setting up sync and frameCommitCallback
12-27 17:23:29.875  1405  6192 I WindowManager: Reparenting to original parent: Surface(name=WindowToken{2dd5f63 type=2019 android.os.BinderProxy@6a1e306})/@0xf449295, destroy=false, syncState=0, syncCommitDepth=0, surface=Surface(name=d81298c NavigationBar0)/@0x8c1424c
12-27 17:23:29.875  1405  6192 I WindowManager: Reparenting to leash, surface=Surface(name=d81298c NavigationBar0)/@0x8c1424c, syncState=0, syncCommitDepth=0, leashParent=Surface(name=WindowToken{2dd5f63 type=2019 android.os.BinderProxy@6a1e306})/@0xf449295
12-27 17:23:29.875  1065  1862 I SurfaceFlinger: id=82102 createSurf, flag=24000, Surface(name=d81298c NavigationBar0)/@0x8c1424c - animation-leash of insets_animation#82102
12-27 17:23:29.876  1405  6192 D WindowManager: makeSurface duration=1 leash=Surface(name=Surface(name=d81298c NavigationBar0)/@0x8c1424c - animation-leash of insets_animation)/@0x7ee9d68
12-27 17:23:29.876  1405  6192 D InsetsSourceProvider: updateControlForTarget: control=InsetsSourceControl: {fcd20001 mType=navigationBars initiallyVisible mSurfacePosition=Point(0, 2265) mInsetsHint=Insets{left=0, top=0, right=0, bottom=135}}, target=Window{da1422e u0 com.sec.android.app.launcher/com.sec.android.app.launcher.activities.LauncherActivity}, from=com.android.server.wm.InsetsStateController.onControlTargetChanged:81 com.android.server.wm.InsetsPolicy.updateBarControlTarget:188 com.android.server.wm.DisplayPolicy.updateSystemBarAttributes:281 com.android.server.wm.WindowManagerService.updateFocusedWindowLocked:375 com.android.server.wm.WindowManagerService.relayoutWindowInner:142 
12-27 17:23:29.876 15941 16847 I BLASTBufferQueue: [VRI[HintService]@c5ffca3#1963](f:0,a:0,s:0) onFrameAvailable the first frame is available
12-27 17:23:29.876  1405  6192 D WindowManager: updateSystemBarAttributes: displayId=0, focusedCanBeNavColorWin=false, win=Window{da1422e u0 com.sec.android.app.launcher/com.sec.android.app.launcher.activities.LauncherActivity}, navColorWin=Window{7855f65 u0 Splash Screen com.moneymind.app}, caller=com.android.server.wm.WindowManagerService.updateFocusedWindowLocked:375 com.android.server.wm.WindowManagerService.relayoutWindowInner:142 com.android.server.wm.WindowManagerService.relayoutWindow:6 
12-27 17:23:29.876  2502  2502 D SysUiState: SysUiState changed: old=0x10020000 new=0x10000000
12-27 17:23:29.876  1405  6192 D WindowManager: updateSystemBarAttributes, bhv=2, apr=0, statusBarAprRegions=[AppearanceRegion{ bounds=[0,0][1080,2400]}], requestedVisibilities=-9
12-27 17:23:29.876  1405  6192 V SystemKeyManager: updateFocusedWindow() is called, com.sec.android.app.launcher/com.sec.android.app.launcher.activities.LauncherActivity
12-27 17:23:29.876  1065  1862 I SurfaceFlinger: [com.samsung.android.spay.pay.HintService$_15941#82100] setTransactionState with the first frame. bufferData(ID: 68466073673480, frameNumber: 1)
12-27 17:23:29.876  1405  6192 I SystemKeyManager: requested systemKeyInfo size=1 focusedWindow=com.sec.android.app.launcher/com.sec.android.app.launcher.activities.LauncherActivity
12-27 17:23:29.876  1405  6192 I SystemKeyManager: requested systemKeyInfo size=1 focusedWindow=com.sec.android.app.launcher/com.sec.android.app.launcher.activities.LauncherActivity
12-27 17:23:29.876  1405  6192 V WindowManager: Relayout hash=da1422e, pid=3037, syncId=-1: mAttrs={(0,0)(fillxfill) sim={adjust=nothing forwardNavigation} layoutInDisplayCutoutMode=always ty=BASE_APPLICATION fmt=TRANSPARENT wanim=0x1030301
12-27 17:23:29.876  1405  6192 V WindowManager:   fl=81910100
12-27 17:23:29.876  1405  6192 V WindowManager:   pfl=10008840
12-27 17:23:29.876  1405  6192 V WindowManager:   bhv=2
12-27 17:23:29.876  1405  6192 V WindowManager:   fitSides=0
12-27 17:23:29.876  1405  6192 V WindowManager:   frameRateBoostOnTouch=true
12-27 17:23:29.876  1405  6192 V WindowManager:   dvrrWindowFrameRateHint=true naviIconColor=0}
12-27 17:23:29.877  3037  3037 I BLASTBufferQueue_Java: new BLASTBufferQueue, mName= VRI[LauncherActivity]@49b34de mNativeObject= 0xb400006df39e81f0 sc.mNativeObject= 0xb400006e939d5510 caller= android.view.ViewRootImpl.updateBlastSurfaceIfNeeded:3397 android.view.ViewRootImpl.relayoutWindow:11361 android.view.ViewRootImpl.performTraversals:4544 android.view.ViewRootImpl.doTraversal:3708 android.view.ViewRootImpl$TraversalRunnable.run:12542 android.view.Choreographer$CallbackRecord.run:1751 android.view.Choreographer$CallbackRecord.run:1760 android.view.Choreographer.doCallbacks:1216 android.view.Choreographer.doFrame:1142 android.view.Choreographer$FrameDisplayEventReceiver.run:1707 
12-27 17:23:29.877  3037  3037 I BLASTBufferQueue_Java: update, w= 1080 h= 2400 mName = VRI[LauncherActivity]@49b34de mNativeObject= 0xb400006df39e81f0 sc.mNativeObject= 0xb400006e939d5510 format= -2 caller= android.graphics.BLASTBufferQueue.<init>:88 android.view.ViewRootImpl.updateBlastSurfaceIfNeeded:3397 android.view.ViewRootImpl.relayoutWindow:11361 android.view.ViewRootImpl.performTraversals:4544 android.view.ViewRootImpl.doTraversal:3708 android.view.ViewRootImpl$TraversalRunnable.run:12542 
12-27 17:23:29.877 15941 16847 I VRI[HintService]@c5ffca3: Received frameCommittedCallback lastAttemptedDrawFrameNum=1 didProduceBuffer=true
12-27 17:23:29.877  3037  3037 I VRI[LauncherActivity]@49b34de: Relayout returned: old=(0,0,1080,2400) new=(0,0,1080,2400) relayoutAsync=false req=(1080,2400)0 dur=7 res=0x1 s={true 0xb400006db3c1c940} ch=true seqId=0
12-27 17:23:29.877  3037 19172 I HoneySpace.SystemUiRepository: systemUiFlags: awake
12-27 17:23:29.877  3037  3037 I VRI[LauncherActivity]@49b34de: Creating new active sync group VRI[LauncherActivity]@49b34de#62
12-27 17:23:29.878  1405  3238 D WindowManager: finishDrawingWindow: Window{da3a00b u0 com.samsung.android.spay.pay.HintService} mDrawState=DRAW_PENDING seqId=5
12-27 17:23:29.878  1405  1514 V WindowManager: performShowLocked: mDrawState=HAS_DRAWN in Window{da3a00b u0 com.samsung.android.spay.pay.HintService}
12-27 17:23:29.878  1405  1514 D BLASTSyncEngine: SyncGroup 6442:  Unfinished container: ActivityRecord{403e55 u0 com.sec.android.app.launcher/.activities.LauncherActivity t4814} mSyncState=2
12-27 17:23:29.879  3037  5909 I VRI[LauncherActivity]@49b34de: mWNT: t=0xb400006ea3a27490 mBlastBufferQueue=0xb400006df39e81f0 fn= 1 HdrRenderState mRenderHdrSdrRatio=1.0 caller= android.view.ViewRootImpl$11.onFrameDraw:15016 android.view.ThreadedRenderer$1.onFrameDraw:761 <bottom of call stack> 
12-27 17:23:29.879  3037  5909 I VRI[LauncherActivity]@49b34de: Setting up sync and frameCommitCallback
12-27 17:23:29.883  3037  5803 I BLASTBufferQueue: [VRI[LauncherActivity]@49b34de#2683](f:0,a:0,s:0) onFrameAvailable the first frame is available
12-27 17:23:29.883  3037  5803 I VRI[LauncherActivity]@49b34de: Received frameCommittedCallback lastAttemptedDrawFrameNum=1 didProduceBuffer=true
12-27 17:23:29.883  1065  1090 I SurfaceFlinger: [com.sec.android.app.launcher/com.sec.android.app.launcher.activities.LauncherActivity$_3037#82051] setTransactionState with the first frame. bufferData(ID: 13043815691924, frameNumber: 1)
12-27 17:23:29.883  3037  3123 I HoneySpace.TopTaskSource: onTaskFocusChanged(): taskId = 4814
12-27 17:23:29.883  1405  3238 D WindowManager: finishDrawingWindow: Window{da1422e u0 com.sec.android.app.launcher/com.sec.android.app.launcher.activities.LauncherActivity} mDrawState=DRAW_PENDING seqId=0
12-27 17:23:29.883  3037  3037 I HoneySpace.Launcher: !@Boot_EBS_D: Launcher.onResume()
12-27 17:23:29.883  3037  3123 I HoneySpace.TopTaskSource: onTaskMovedToFront : taskId = 4814, displayId = 0
12-27 17:23:29.883  3037  3037 I HoneySpace.Launcher: updateLauncherShowing false -> true
12-27 17:23:29.883  3037 26162 I HoneySpace.Memory-Monitor: cancelTrimIfNeeded
12-27 17:23:29.883  3037 26162 I HoneySpace.PredictionDataSourceImpl: requestPredictionUpdate 0 true
12-27 17:23:29.884  3037  3037 I HoneySpace.ShellTransitionManager: myHomeResumed
12-27 17:23:29.884  3037  3037 I HoneySpace.ResumeTimer: last resume updated : 431026424
12-27 17:23:29.884  3037  3037 I SearchHoneyPot: onViewCreated: onResume
12-27 17:23:29.884  3037 26162 I HoneySpace.PredictionDataSourceImpl: requestPredictionUpdate 1 true
12-27 17:23:29.884 17136 17136 I bpbk    : onResume
12-27 17:23:29.884  3037  3037 I HoneySpace.EdgePanel.CocktailHostRepositoryImpl: onNoteResume
12-27 17:23:29.884  3037  3037 I HoneySpace.EdgePanel.EdgeContainerViewModel: cocktailHostRepository.edgePanelOperation NoteResumeComponent(componentName=ComponentInfo{com.sec.android.app.launcher/com.sec.android.app.launcher.Launcher})
12-27 17:23:29.884  3037 26126 I HoneySpace.EdgePanel.ActivityUtils: HomePackage : com.sec.android.app.launcher, resumePackageName : com.sec.android.app.launcher
12-27 17:23:29.884  3037  5953 I HoneySpace.SPayHandler: updateSpayHandler, show = true, defaultPage = true
12-27 17:23:29.884  3037  3037 I VRI[LauncherActivity]@49b34de: handleResized, frames=ClientWindowFrames{frame=[0,0][1080,2400] display=[0,0][1080,2400] parentFrame=[0,0][0,0]} displayId=0 dragResizing=false compatScale=1.0 frameChanged=false attachedFrameChanged=false configChanged=false displayChanged=false compatScaleChanged=false dragResizingChanged=false
12-27 17:23:29.884  3037  3037 I VRI[LauncherActivity]@49b34de: handleResized mSyncSeqId = 0
12-27 17:23:29.885  3037  3122 I HoneySpace.TaskbarEventTracker: invokeEvent() called with: event = SystemUiStateChanged(stateFlags=268435456)
12-27 17:23:29.885 15941 15941 I SAMSUNGWALLET: [Hint_PayHintService] onReceive() action=com.sec.android.app.launcher.intent.action.UPDATE_SPAY_HANDLER
12-27 17:23:29.885 15941 15941 I SAMSUNGWALLET: [Hint_PayHintService] home change, s home : true , default : true , gesture : false , s result : true , prev : true
12-27 17:23:29.885  1405  1514 V WindowManager: SyncGroup 6442: Finished!
12-27 17:23:29.885  1405  1514 V WindowManager: performShowLocked: mDrawState=HAS_DRAWN in Window{da1422e u0 com.sec.android.app.launcher/com.sec.android.app.launcher.activities.LauncherActivity}
12-27 17:23:29.885  1405  1514 D ChangeTransitionController: onTransactionReady: TransitionRecord{62d5611 id=6442 type=CLOSE flags=0x0}
12-27 17:23:29.885  1405  1514 V WindowManager: Start calculating TransitionInfo based on participants: {ActivityRecord{403e55 u0 com.sec.android.app.launcher/.activities.LauncherActivity t4814}, WallpaperWindowToken{5627964 token=android.os.Binder@30456f7}_<system>, Task{b9431fd #1 type=home}, Task{d7c2e73 #5311 type=standard A=10413:com.moneymind.app}, ActivityRecord{e01e7ad u0 com.moneymind.app/crc64399a401da9d21b0a.MainActivity t5311 f} isExiting}, Task{f7ec95b #4814 type=home I=com.sec.android.app.launcher/.activities.LauncherActivity}}
12-27 17:23:29.886  1405  1514 V WindowManager:   Final targets: [Task{b9431fd #1 type=home}, Task{d7c2e73 #5311 type=standard A=10413:com.moneymind.app}, WallpaperWindowToken{5627964 token=android.os.Binder@30456f7}_<system>]
12-27 17:23:29.886  1065  1090 I SurfaceFlinger: id=82103 createSurf, flag=84004, Transition Root: Task=1#82103
12-27 17:23:29.886  1065  1065 I SurfaceFlinger: [com.samsung.android.spay.pay.HintService$_15941#82100] attach to parent LayerHierarchy{RequestedLayerState{da3a00b com.samsung.android.spay.pay.HintService#165 parentId=164} 1 children}
12-27 17:23:29.886  1065  1065 I SurfaceFlinger: [Surface(name=672ee06 StatusBar)/@0xaff1dbf - animation-leash of insets_animation#82101] attach to parent LayerHierarchy{RequestedLayerState{WindowToken{ea510e1 type=2000 android.os.BinderProxy@3dbdceb}#84 parentId=19} 2 children}
12-27 17:23:29.886  1065  1065 I SurfaceFlinger: [Surface(name=d81298c NavigationBar0)/@0x8c1424c - animation-leash of insets_animation#82102] attach to parent LayerHierarchy{RequestedLayerState{WindowToken{2dd5f63 type=2019 android.os.BinderProxy@6a1e306}#79 parentId=31} 2 children}
12-27 17:23:29.886  1065  1065 I SurfaceFlinger: [Transition Root: Task=1#82103] attach to parent LayerHierarchy{RequestedLayerState{DefaultTaskDisplayArea_d0#11 parentId=10} 15 children}
12-27 17:23:29.887  1065  1065 I Layer   : [com.sec.android.app.launcher/com.sec.android.app.launcher.activities.LauncherActivity$_3037#82051] frameNumber is overwritten with lower number. (mDrawingState.frameNumber: 24, bufferData.frameNumber: 1)
12-27 17:23:29.887  3037  3037 I VRI[LauncherActivity]@49b34de: Creating new active sync group VRI[LauncherActivity]@49b34de#64
12-27 17:23:29.888  3037  5908 I VRI[LauncherActivity]@49b34de: Setting up sync and frameCommitCallback
12-27 17:23:29.888  3037  5803 I VRI[LauncherActivity]@49b34de: Received frameCommittedCallback lastAttemptedDrawFrameNum=2 didProduceBuffer=false
12-27 17:23:29.888  1405  1514 I SurfaceControlRegistry: show, t=StartTransaction_SyncId<6442> sc=ActivityRecord{403e55 u0 com.sec.android.app.launcher/.activities.LauncherActivity t4814}, caller=android.view.SurfaceControl$Transaction.show:3232 com.android.server.wm.Transition.onTransactionReady:2273 com.android.server.wm.BLASTSyncEngine$SyncGroup.finishNow:195 com.android.server.wm.BLASTSyncEngine.onSurfacePlacement:269 com.android.server.wm.RootWindowContainer.performSurfacePlacementNoTrace:471 com.android.server.wm.RootWindowContainer.performSurfacePlacement:9 
12-27 17:23:29.888  1405  1514 I SurfaceControlRegistry: show, t=StartTransaction_SyncId<6442> sc=Task=4814, caller=android.view.SurfaceControl$Transaction.show:3232 com.android.server.wm.Transition.onTransactionReady:2300 com.android.server.wm.BLASTSyncEngine$SyncGroup.finishNow:195 com.android.server.wm.BLASTSyncEngine.onSurfacePlacement:269 com.android.server.wm.RootWindowContainer.performSurfacePlacementNoTrace:471 com.android.server.wm.RootWindowContainer.performSurfacePlacement:9 
12-27 17:23:29.888  3037  3055 E FrameEvents: addRelease: Did not find frame.
12-27 17:23:29.888  3037  5803 I BLASTBufferQueue_Java: gatherPendingTransactions, mName= VRI[LauncherActivity]@49b34de mNativeObject= 0xb400006df39e81f0 frameNumber= 2 caller= android.view.ViewRootImpl$11.lambda$onFrameDraw$3:15100 android.view.ViewRootImpl$11.$r8$lambda$lOIKKNnrcWn9ZndeJebfX4H5mOg:0 android.view.ViewRootImpl$11$$ExternalSyntheticLambda3.onFrameCommit:0 android.view.ThreadedRenderer$1.lambda$onFrameDraw$0:773 android.view.ThreadedRenderer$1$$ExternalSyntheticLambda0.onFrameCommit:0 <bottom of call stack> 
12-27 17:23:29.889  1405  1514 V WindowManager: Calling onTransitionReady: {id=6442 t=CLOSE f=0x0 trk=0 r=[0@Point(0, 0)] c=[
12-27 17:23:29.889  1405  1514 V WindowManager:         {WCT{RemoteToken{74775a5 Task{b9431fd #1 type=home}}} m=TO_FRONT f=SHOW_WALLPAPER|MOVE_TO_TOP|EDGE_EXTENSION_RESTRICTION leash=Surface(name=Task=1)/@0xcd95b0f sb=Rect(0, 0 - 1080, 2400) eb=Rect(0, 0 - 1080, 2400) d=0 taskParent=-1 inset=Rect(0, 77 - 0, 135)},
12-27 17:23:29.889  1405  1514 V WindowManager:         {WCT{RemoteToken{3bd208e Task{d7c2e73 #5311 type=standard A=10413:com.moneymind.app}}} m=CLOSE f=NONE leash=Surface(name=Task=5311)/@0xd09e253 sb=Rect(0, 0 - 1080, 2400) eb=Rect(0, 0 - 1080, 2400) d=0 taskParent=-1 inset=Rect(0, 0 - 0, 0) dim=true},
12-27 17:23:29.889  1405  1514 V WindowManager:         {null m=TO_FRONT f=IS_WALLPAPER p=WCT{RemoteToken{b700c3b RemoteWallpaperAnim:1:1@66015554}} leash=Surface(name=WallpaperWindowToken{5627964 token=android.os.Binder@30456f7})/@0x7f6499c sb=Rect(0, 0 - 1080, 2400) eb=Rect(0, 0 - 1080, 2400) d=0 inset=Rect(0, 0 - 0, 0)}
12-27 17:23:29.889  1405  1514 V WindowManager:     ]}
12-27 17:23:29.889  1405  1514 D RestrictionPolicy: isScreenCaptureEnabled : ret=true userId=0
12-27 17:23:29.889  1405  1514 D ScreenCapture: [Capture_TEST] : setIsScreenShotBySystem false
12-27 17:23:29.890  2502  3928 V WindowManagerShell: onTransitionReady(transaction=6034429639408)
12-27 17:23:29.890  2502  2556 V WindowManagerShell: onTransitionReady (#6442) android.os.BinderProxy@441f2f: {id=6442 t=CLOSE f=0x0 trk=0 r=[0@Point(0, 0)] c=[{WCT{android.window.IWindowContainerToken$Stub$Proxy@58a03d4} m=TO_FRONT f=SHOW_WALLPAPER|MOVE_TO_TOP|EDGE_EXTENSION_RESTRICTION leash=Surface(name=Task=1)/@0x83a3d28 sb=Rect(0, 0 - 1080, 2400) eb=Rect(0, 0 - 1080, 2400) d=0 taskParent=-1 inset=Rect(0, 77 - 0, 135)},{WCT{android.window.IWindowContainerToken$Stub$Proxy@2e6697d} m=CLOSE f=NONE leash=Surface(name=Task=5311)/@0x45e6a41 sb=Rect(0, 0 - 1080, 2400) eb=Rect(0, 0 - 1080, 2400) d=0 taskParent=-1 inset=Rect(0, 0 - 0, 0) dim=true},{null m=TO_FRONT f=IS_WALLPAPER p=WCT{android.window.IWindowContainerToken$Stub$Proxy@3ed3072} leash=Surface(name=WallpaperWindowToken{5627964 token=android.os.Binder@30456f7})/@0xfd93be6 sb=Rect(0, 0 - 1080, 2400) eb=Rect(0, 0 - 1080, 2400) d=0 inset=Rect(0, 0 - 0, 0)}]}
12-27 17:23:29.890  2502  2556 I SurfaceControlRegistry: show, t=StartTransaction_SyncId<6442> sc=WallpaperWindowToken{5627964 token=android.os.Binder@30456f7}, caller=android.view.SurfaceControl$Transaction.show:3232 com.android.wm.shell.transition.Transitions.dispatchReady:798 com.android.wm.shell.transition.Transitions.onTransitionReady:243 com.android.wm.shell.transition.Transitions$TransitionPlayerImpl$$ExternalSyntheticLambda0.run:13 android.os.Handler.handleCallback:959 android.os.Handler.dispatchMessage:100 
12-27 17:23:29.890  2502  2556 I SurfaceControlRegistry: hide, t=FinishTransaction_SyncId<6442> sc=Task=5311, caller=android.view.SurfaceControl$Transaction.hide:3258 com.android.wm.shell.transition.Transitions.dispatchReady:929 com.android.wm.shell.transition.Transitions.onTransitionReady:243 com.android.wm.shell.transition.Transitions$TransitionPlayerImpl$$ExternalSyntheticLambda0.run:13 android.os.Handler.handleCallback:959 android.os.Handler.dispatchMessage:100 
12-27 17:23:29.890  2502  2556 I SurfaceControlRegistry: show, t=StartTransaction_SyncId<6442> sc=Task=1, caller=android.view.SurfaceControl$Transaction.show:3232 com.android.wm.shell.transition.Transitions.dispatchReady:934 com.android.wm.shell.transition.Transitions.onTransitionReady:243 com.android.wm.shell.transition.Transitions$TransitionPlayerImpl$$ExternalSyntheticLambda0.run:13 android.os.Handler.handleCallback:959 android.os.Handler.dispatchMessage:100 
12-27 17:23:29.890  2502  2556 I SurfaceControlRegistry: show, t=FinishTransaction_SyncId<6442> sc=Task=1, caller=android.view.SurfaceControl$Transaction.show:3232 com.android.wm.shell.transition.Transitions.dispatchReady:988 com.android.wm.shell.transition.Transitions.onTransitionReady:243 com.android.wm.shell.transition.Transitions$TransitionPlayerImpl$$ExternalSyntheticLambda0.run:13 android.os.Handler.handleCallback:959 android.os.Handler.dispatchMessage:100 
12-27 17:23:29.890  2502  2556 V WindowManagerShell: Playing animation for (#6442) android.os.BinderProxy@441f2f@0
12-27 17:23:29.890  2502  2556 I SurfaceControlRegistry: show, t=StartTransaction_SyncId<6442> sc=Transition Root: Task=1, caller=android.view.SurfaceControl$Transaction.show:3232 com.android.wm.shell.transition.Transitions.playTransition:81 com.android.wm.shell.transition.Transitions.processReadyQueue:250 com.android.wm.shell.transition.Transitions.dispatchReady:1007 com.android.wm.shell.transition.Transitions.onTransitionReady:243 com.android.wm.shell.transition.Transitions$TransitionPlayerImpl$$ExternalSyntheticLambda0.run:13 
12-27 17:23:29.890  2502  2556 V WindowManagerShell:  try handler com.android.wm.shell.transition.DefaultMixedHandler@9b10131
12-27 17:23:29.890  2502  2556 V WindowManagerShell:  try handler com.android.wm.shell.keyguard.KeyguardTransitionHandler@ba0a016
12-27 17:23:29.890  2502  2556 V WindowManagerShell:  try handler com.android.wm.shell.pip.PipTransition@b2f0d97
12-27 17:23:29.890  2502  2556 V WindowManagerShell:  try handler com.android.wm.shell.activityembedding.ActivityEmbeddingController@2f6fb84
12-27 17:23:29.890  2502  2556 V WindowManagerShell:  try handler com.android.wm.shell.splitscreen.StageCoordinator@fe37f6d
12-27 17:23:29.890  2502  2556 V WindowManagerShell:  try handler com.android.wm.shell.recents.RecentsTransitionHandler@fccec33
12-27 17:23:29.890  2502  2556 V ShellRecents: RecentsTransitionHandler.startAnimation: no controller found
12-27 17:23:29.890  2502  2556 V WindowManagerShell:  try handler com.android.wm.shell.transition.RemoteTransitionHandler@caa4bf0
12-27 17:23:29.890  2502  2556 V WindowManagerShell: Transition doesn't have explicit remote, search filters for match for {id=6442 t=CLOSE f=0x0 trk=0 r=[0@Point(0, 0)] c=[{WCT{android.window.IWindowContainerToken$Stub$Proxy@58a03d4} m=TO_FRONT f=SHOW_WALLPAPER|MOVE_TO_TOP|EDGE_EXTENSION_RESTRICTION leash=Surface(name=Task=1)/@0x83a3d28 sb=Rect(0, 0 - 1080, 2400) eb=Rect(0, 0 - 1080, 2400) d=0 taskParent=-1 inset=Rect(0, 77 - 0, 135)},{WCT{android.window.IWindowContainerToken$Stub$Proxy@2e6697d} m=CLOSE f=NONE leash=Surface(name=Task=5311)/@0x45e6a41 sb=Rect(0, 0 - 1080, 2400) eb=Rect(0, 0 - 1080, 2400) d=0 taskParent=-1 inset=Rect(0, 0 - 0, 0) dim=true},{null m=TO_FRONT f=IS_WALLPAPER p=WCT{android.window.IWindowContainerToken$Stub$Proxy@3ed3072} leash=Surface(name=WallpaperWindowToken{5627964 token=android.os.Binder@30456f7})/@0xfd93be6 sb=Rect(0, 0 - 1080, 2400) eb=Rect(0, 0 - 1080, 2400) d=0 inset=Rect(0, 0 - 0, 0)}]}
12-27 17:23:29.890  2502  2556 V WindowManagerShell:  Checking filter Pair{{types=[] flags=0x0] notFlags=0x100 checks=[{atype=home independent=true modes=[OPEN,TO_FRONT] flags=NONE mustBeTask=false order=TOP topActivity=ComponentInfo{com.sec.android.app.launcher/com.sec.android.app.launcher.Launcher} launchCookie=null},{atype=recents independent=true modes=[CLOSE,TO_BACK] flags=NONE mustBeTask=false order=ANY topActivity=null launchCookie=null}]} RemoteTransition { remoteTransition = android.window.IRemoteTransition$Stub$Proxy@548048f, appThread = android.app.IApplicationThread$Stub$Proxy@6a7b31c, debugName = QuickstepLaunchHomeFromRecentsflags =NONE }}
12-27 17:23:29.890  2502  2556 V WindowManagerShell:  Checking filter Pair{{types=[] flags=0x0] notFlags=0x100 checks=[{atype=home independent=true modes=[OPEN,TO_FRONT] flags=NONE mustBeTask=false order=TOP topActivity=ComponentInfo{com.sec.android.app.launcher/com.sec.android.app.launcher.Launcher} launchCookie=null},{atype=standard independent=true modes=[CLOSE,TO_BACK] flags=NONE mustBeTask=false order=ANY topActivity=null launchCookie=null}]} RemoteTransition { remoteTransition = android.window.IRemoteTransition$Stub$Proxy@1a1fb25, appThread = android.app.IApplicationThread$Stub$Proxy@1b64fa, debugName = QuickstepLaunchHomeflags =NONE }}
12-27 17:23:29.890  2502  2556 D RemoteTransitionHandler: Found filterPair{{types=[] flags=0x0] notFlags=0x100 checks=[{atype=home independent=true modes=[OPEN,TO_FRONT] flags=NONE mustBeTask=false order=TOP topActivity=ComponentInfo{com.sec.android.app.launcher/com.sec.android.app.launcher.Launcher} launchCookie=null},{atype=standard independent=true modes=[CLOSE,TO_BACK] flags=NONE mustBeTask=false order=ANY topActivity=null launchCookie=null}]} RemoteTransition { remoteTransition = android.window.IRemoteTransition$Stub$Proxy@1a1fb25, appThread = android.app.IApplicationThread$Stub$Proxy@1b64fa, debugName = QuickstepLaunchHomeflags =NONE }}
12-27 17:23:29.890  2502  2556 V WindowManagerShell:  Delegate animation for (#6442) to RemoteTransition { remoteTransition = android.window.IRemoteTransition$Stub$Proxy@1a1fb25, appThread = android.app.IApplicationThread$Stub$Proxy@1b64fa, debugName = QuickstepLaunchHomeflags =NONE }
12-27 17:23:29.890  2502  2556 V WindowManagerShell:  Excluded change from remote targets at (#6442), change={null m=TO_FRONT f=IS_WALLPAPER p=WCT{android.window.IWindowContainerToken$Stub$Proxy@3ed3072} leash=Surface(name=WallpaperWindowToken{5627964 token=android.os.Binder@30456f7})/@0xfd93be6 sb=Rect(0, 0 - 1080, 2400) eb=Rect(0, 0 - 1080, 2400) d=0 inset=Rect(0, 0 - 0, 0)}
12-27 17:23:29.891  1065  1862 I SurfaceFlinger: id=82104 createSurf, flag=84000, Surface(name=Task=1)/@0x7290283_transition-leash#82104
12-27 17:23:29.891  3037  3055 I SurfaceControlRegistry: show, t=StartTransaction_SyncId<6442> sc=Task=1, caller=android.view.SurfaceControl$Transaction.show:3232 P.g.a:125 P.g.o:0 P.g.n:0 com.android.systemui.animation.RemoteAnimationTargetCompat.wrap:48 com.android.systemui.animation.RemoteAnimationTargetCompat.wrapApps:10 
12-27 17:23:29.891  1065  1862 I SurfaceFlinger: id=82105 createSurf, flag=84000, Surface(name=Task=5311)/@0xc16ec39_transition-leash#82105
12-27 17:23:29.892  3037  3055 I SurfaceControlRegistry: show, t=StartTransaction_SyncId<6442> sc=Task=5311, caller=android.view.SurfaceControl$Transaction.show:3232 P.g.a:125 P.g.o:0 P.g.n:0 com.android.systemui.animation.RemoteAnimationTargetCompat.wrap:48 com.android.systemui.animation.RemoteAnimationTargetCompat.wrapApps:10 
12-27 17:23:29.892  3037  3055 I SurfaceControlRegistry: apply, t=StartTransaction_SyncId<6442>, caller=android.view.SurfaceControl$Transaction.apply:3135 android.view.SurfaceControl$Transaction.apply:3122 android.view.SurfaceControl$Transaction.apply:3078 com.android.systemui.animation.RemoteAnimationRunnerCompat$1.startAnimation:634 android.window.IRemoteTransition$Stub.onTransact:158 android.os.Binder.execTransactInternal:1541 
12-27 17:23:29.892  3037  3055 I HoneySpace.ShellAnimationRunner: [onAnimationStart] appTarget(0) : taskId-1, mode-0
12-27 17:23:29.892  3037  3055 I HoneySpace.ShellAnimationRunner: cookie: -2147483648
12-27 17:23:29.892  3037  3055 I HoneySpace.ShellAnimationRunner: [onAnimationStart] appTarget(1) : taskId-5311, mode-1
12-27 17:23:29.892  3037  3037 I HoneySpace.ShellAnimationRunner: this , com.honeyspace.transition.ShellAnimationRunner@26195a
12-27 17:23:29.892  3037  3037 I HoneySpace.ShellAnimationRunner: finishExistingAnimation, null
12-27 17:23:29.892  3037  3037 I HoneySpace.AppCloseAnimationDelegate: onAnimationStart
12-27 17:23:29.892  3037  3037 I HoneySpace.AppCloseAnimationDelegate: findTargetView() called with: targets = com.honeyspace.transition.remote.RemoteAnimationTargets@88082c, centerMostInfo = null
12-27 17:23:29.892  3037  3037 I HoneySpace.AppCloseAnimationDelegate: findTargetValue [cookie--2147483648, pkgName-com.moneymind.app]
12-27 17:23:29.892  3037  3037 I HoneySpace.AppCloseAnimationDelegate: findTargetView found:null, null
12-27 17:23:29.892  3037  3037 I HoneySpace.AppCloseAnimationDelegate: getCloseAnimator : isGestureClosing-false, target-null
12-27 17:23:29.892  3037  3037 I HoneySpace.FloatingAnimator: playerCount : 1
12-27 17:23:29.892  3037  3037 I HoneySpace.FloatingAnimator: [Player:A(29.892)] create
12-27 17:23:29.892  3037  3037 I HoneySpace.AppCloseAnimationDelegate: playFloatingIconAnim, appPlayer: A(29.892)
12-27 17:23:29.892  3037  3037 I HoneySpace.TransitionUtils: [getRotationChange] home-0, app-0
12-27 17:23:29.892  3037  3037 I HoneySpace.TransitionUtils: getWindowTargetBounds: Rect(0, 0 - 1080, 2400)
12-27 17:23:29.893  3037  3037 I HoneySpace.FloatingAnimator: setup no target anim
12-27 17:23:29.893  3037  3037 I HoneySpace.FloatingAnimator: [Player:A(29.892)] value animator:[18337751] started
12-27 17:23:29.893  3037  3037 I HoneySpace.ContentsAnimator: from : 0.0
12-27 17:23:29.893  3037  3037 I HoneySpace.ContentsAnimator: ContentsAnimator start [264319172]
12-27 17:23:29.893  3037  3037 I HoneySpace.WorkspaceViewModel: StartContentAnimation, type: AppClose, inProgress: true
12-27 17:23:29.893  3037  3037 I HoneySpace.AnimationResult: setAnimation, animation: false
12-27 17:23:29.893  3037 24789 I HoneySpace.WallpaperAnimator: createWallpaperSurface
12-27 17:23:29.893  1065  1094 D RenderEngine: [SEC_SF_EFFECTS] drawLayersInternal,1313, Rendering layer  at index 0
12-27 17:23:29.893  3037  3037 I HoneySpace.AppTransitionAnimationAwait: proceed 0
12-27 17:23:29.893  1065  1094 D RenderEngine: [SEC_SF_EFFECTS] drawLayersInternal,1313, Rendering layer Splash Screen com.moneymind.app$_2502#82095 at index 1
12-27 17:23:29.893  3037  3037 I HoneySpace.AppTransitionAnimationAwait: prepare refCnt:1 timeout:800
12-27 17:23:29.895  1405  1510 V WindowManager: Sent Transition (#6442) createdAt=12-27 17:23:29.810 via request=TransitionRequestInfo { type = CLOSE, triggerTask = TaskInfo{userId=0 taskId=5311 displayId=0 isRunning=true baseIntent=Intent { flg=0x10000000 cmp=com.moneymind.app/crc64399a401da9d21b0a.MainActivity } baseActivity=ComponentInfo{com.moneymind.app/crc64399a401da9d21b0a.MainActivity} topActivity=ComponentInfo{com.moneymind.app/crc64399a401da9d21b0a.MainActivity} origActivity=null realActivity=ComponentInfo{com.moneymind.app/crc64399a401da9d21b0a.MainActivity} numActivities=1 lastActiveTime=1214007517 supportsMultiWindow=true resizeMode=1 isResizeable=true minWidth=-1 minHeight=-1 maxWidth=-1 maxHeight=-1 defaultMinSize=220 token=WCT{RemoteToken{3bd208e Task{d7c2e73 #5311 type=standard A=10413:com.moneymind.app}}} topActivityType=1 pictureInPictureParams=null shouldDockBigOverlays=false launchIntoPipHostTaskId=-1 lastParentTaskIdBeforePip=-1 displayCutoutSafeInsets=Rect(0, 75 - 0, 0) topActivityInfo=ActivityInfo{63148cb crc64399a401da9d21b0a.MainActivity} launchCookies=[] positionInParent=Point(0, 0) parentTaskId=-1 isFocused=true isVisible=true isVisibleRequested=true isSleeping=false topActivityInSizeCompat=false locusId=null displayAreaFeatureId=1 isTopActivityTransparent=false isTopActivityStyleFloating=false appCompatTaskInfo=AppCompatTaskInfo { topActivityInSizeCompat=false eligibleForLetterboxEducation= false isLetterboxEducationEnabled= false isLetterboxDoubleTapEnabled= false eligibleForUserAspectRatioButton= false topActivityBoundsLetterboxed= false isFromLetterboxDoubleTap= false topActivityLetterboxVerticalPosition= -1 topActivityLetterboxHorizontalPosition= -1 topActivityLetterboxWidth=1080 topActivityLetterboxHeight=2400 topActivityLetterboxAppWidth=1080 topActivityLetterboxAppHeight=2190 isUserFullscreenOverrideEnabled=false isSystemFullscreenOverrideEnabled=false hasMinAspectRatioOverride=false cameraCompatTaskInfo=CameraCompatTaskInfo { freeformCameraCompatMode=inactive} topActivityBounds=null topActivityInDisplayCompat=false} originallySupportedMultiWindow=true hasWallpaper=false rootAffinity=10413:com.moneymind.app isTopTaskInStage=false topActivityUiMode=33 CoverLauncherWidgetTask=false isAllowedSeamlessRotation=false isTopTransparentActivity=false snappingGuideBounds=Rect(81, 571 - 999, 1771) isAliasManaged=false hasConfigChanged=false isAiKeyRemoveAppTask=false}, pipTask = null, remoteTransition = null, displayChange = null, flags = 0, debugId = 6442 }
12-27 17:23:29.895  1405  1510 V WindowManager:     startWCT=WindowContainerTransaction { changes = {} hops = [] errorCallbackToken=null taskFragmentOrganizer=null }
12-27 17:23:29.896  1405  1510 V WindowManager:     info={id=6442 t=CLOSE f=0x0 trk=0 r=[0@Point(0, 0)] c=[
12-27 17:23:29.896  1405  1510 V WindowManager:         {WCT{RemoteToken{74775a5 Task{b9431fd #1 type=home}}} m=TO_FRONT f=SHOW_WALLPAPER|MOVE_TO_TOP|EDGE_EXTENSION_RESTRICTION leash=Surface(name=Task=1)/@0xcd95b0f sb=Rect(0, 0 - 1080, 2400) eb=Rect(0, 0 - 1080, 2400) d=0 taskParent=-1 inset=Rect(0, 77 - 0, 135)},
12-27 17:23:29.896  1405  1510 V WindowManager:         {WCT{RemoteToken{3bd208e Task{d7c2e73 #5311 type=standard A=10413:com.moneymind.app}}} m=CLOSE f=NONE leash=Surface(name=Task=5311)/@0xd09e253 sb=Rect(0, 0 - 1080, 2400) eb=Rect(0, 0 - 1080, 2400) d=0 taskParent=-1 inset=Rect(0, 0 - 0, 0) dim=true},
12-27 17:23:29.896  1405  1510 V WindowManager:         {null m=TO_FRONT f=IS_WALLPAPER p=WCT{RemoteToken{b700c3b RemoteWallpaperAnim:1:1@66015554}} leash=Surface(name=WallpaperWindowToken{5627964 token=android.os.Binder@30456f7})/@0x7f6499c sb=Rect(0, 0 - 1080, 2400) eb=Rect(0, 0 - 1080, 2400) d=0 inset=Rect(0, 0 - 0, 0)}
12-27 17:23:29.896  1405  1510 V WindowManager:     ]}
12-27 17:23:29.896  1405  6192 D WindowManager: finishDrawingWindow: Window{da1422e u0 com.sec.android.app.launcher/com.sec.android.app.launcher.activities.LauncherActivity} mDrawState=HAS_DRAWN seqId=0
12-27 17:23:29.896  1405  1562 D AnalyticsContainerHandler: handleMessage : { when=0 what=1 target=com.android.server.knox.KnoxAnalyticsContainer$AnalyticsHandler }
12-27 17:23:29.896  2502  2556 V WindowManagerShell:  animated by com.android.wm.shell.transition.RemoteTransitionHandler@caa4bf0
12-27 17:23:29.896  1405  3050 I WindowManager: Reparenting to leash, surface=Surface(name=RemoteWallpaperAnim:1:1)/@0xac74e88, syncState=0, syncCommitDepth=0, leashParent=Surface(name=OneHanded:0:14)/@0x5fa1021
12-27 17:23:29.896  1405  1562 D AnalyticsContainerHandler: handleMessage : { when=-1ms what=2 target=com.android.server.knox.KnoxAnalyticsContainer$AnalyticsHandler }
12-27 17:23:29.896  1065  1090 I SurfaceFlinger: id=82106 createSurf, flag=24000, Surface(name=RemoteWallpaperAnim:1:1)/@0xac74e88 - animation-leash of remote_wallpaper#82106
12-27 17:23:29.897  3037 26126 I HoneySpace.RecentTasks: onRecentTasksChanged
12-27 17:23:29.897  1405  3050 D WindowManager: makeSurface duration=1 leash=Surface(name=Surface(name=RemoteWallpaperAnim:1:1)/@0xac74e88 - animation-leash of remote_wallpaper)/@0xdc42814
12-27 17:23:29.897  1405  3050 D WindowManager: startAnimation for remote wallpaper, leash=Surface(name=Surface(name=RemoteWallpaperAnim:1:1)/@0xac74e88 - animation-leash of remote_wallpaper)/@0xdc42814
12-27 17:23:29.897  1405  3050 D WindowManager: startRemoteWallpaperAnimation, d=0, leash=Surface(name=Surface(name=RemoteWallpaperAnim:1:1)/@0xac74e88 - animation-leash of remote_wallpaper)/@0xdc42814
12-27 17:23:29.898  1405  1514 I SurfaceControl: apply, lowDebugName=startRemoteWallpaperAnimation_70473917, caller=android.view.SurfaceControl$Transaction.apply:3122 android.view.SurfaceControl$Transaction.apply:3078 com.android.server.wm.WindowAnimator.animate:380 com.android.server.wm.WindowAnimator$$ExternalSyntheticLambda1.doFrame:14 android.view.Choreographer$CallbackRecord.run:1749 android.view.Choreographer$CallbackRecord.run:1760 
12-27 17:23:29.899  2502  2502 I WallpaperService: resized: system, reportDraw=false, forceLayout=false, displayId=0
12-27 17:23:29.899 15941 15941 I VRI[HintService]@c5ffca3: handleResized, frames=ClientWindowFrames{frame=[279,2333][801,2400] display=[-100000,-100000][100000,100000] parentFrame=[0,0][0,0]} displayId=0 dragResizing=false compatScale=1.0 frameChanged=false attachedFrameChanged=false configChanged=false displayChanged=false compatScaleChanged=false dragResizingChanged=false
12-27 17:23:29.899  2502  2502 I VRI[StatusBar]@5e170b7: handleResized, frames=ClientWindowFrames{frame=[0,0][1080,77] display=[0,0][1080,2400] parentFrame=[0,0][0,0]} displayId=0 dragResizing=false compatScale=1.0 frameChanged=false attachedFrameChanged=false configChanged=false displayChanged=false compatScaleChanged=false dragResizingChanged=false
12-27 17:23:29.899  2502  2694 I WallpaperService: handleResized: which=5, reportDraw=false
12-27 17:23:29.899  2502  2502 I VRI[NavigationBar0]@1836915: handleResized, frames=ClientWindowFrames{frame=[0,2265][1080,2400] display=[0,0][1080,2400] parentFrame=[0,0][0,0]} displayId=0 dragResizing=false compatScale=1.0 frameChanged=false attachedFrameChanged=false configChanged=false displayChanged=false compatScaleChanged=false dragResizingChanged=false
12-27 17:23:29.899  2502  2694 I WallpaperService: updateSurface system forceRelayout=true forceReport=false redrawNeeded=false myWidth=-1 myHeight=-1 fixedSize=false x = 0 y = 0 mWidth=-1 mHeight=-1
12-27 17:23:29.900  2502  2694 I WallpaperService: maxBounds : Rect(0, 0 - 1080, 2400) , mDeviceHeight : 2400, mDeviceWidth : 1080,mDeviceRotation  : 0
12-27 17:23:29.900  3037  3037 I InsetsSourceConsumer: applyRequestedVisibilityToControl: visible=true, type=statusBars, host=com.sec.android.app.launcher/com.sec.android.app.launcher.activities.LauncherActivity
12-27 17:23:29.900  2502  2694 I WallpaperService: updateSurface: invoke Session.relayout
12-27 17:23:29.900  3037  3037 I InsetsSourceConsumer: applyRequestedVisibilityToControl: visible=true, type=navigationBars, host=com.sec.android.app.launcher/com.sec.android.app.launcher.activities.LauncherActivity
12-27 17:23:29.900  3037  3037 I VRI[LauncherActivity]@49b34de: handleResized, frames=ClientWindowFrames{frame=[0,0][1080,2400] display=[0,0][1080,2400] parentFrame=[0,0][0,0]} displayId=0 dragResizing=false compatScale=1.0 frameChanged=false attachedFrameChanged=false configChanged=false displayChanged=false compatScaleChanged=false dragResizingChanged=false
12-27 17:23:29.900  3037  3037 I VRI[CocktailBarService]@3862f4b: handleResized, frames=ClientWindowFrames{frame=[1013,491][1080,833] display=[0,0][1080,2400] parentFrame=[0,0][0,0]} displayId=0 dragResizing=false compatScale=1.0 frameChanged=false attachedFrameChanged=false configChanged=false displayChanged=false compatScaleChanged=false dragResizingChanged=false
12-27 17:23:29.900  1405  3050 V WindowManager: Relayout Window{96f49e7 u0 com.android.systemui.wallpapers.ImageWallpaper}: viewVisibility=0 req=-1x-1 ty=2013 d0
12-27 17:23:29.901  1405  3050 V WindowManager: Relayout hash=96f49e7, pid=2502, syncId=-1: mAttrs={(0,0)(fillxfill) gr=TOP START CENTER layoutInDisplayCutoutMode=always ty=WALLPAPER fmt=RGBX_8888 wanim=0x1030323
12-27 17:23:29.901  1405  3050 V WindowManager:   fl=10318
12-27 17:23:29.901  1405  3050 V WindowManager:   pfl=14
12-27 17:23:29.901  1405  3050 V WindowManager:   bhv=1
12-27 17:23:29.901  1405  3050 V WindowManager:   frameRateBoostOnTouch=true
12-27 17:23:29.901  1405  3050 V WindowManager:   dvrrWindowFrameRateHint=true naviIconColor=0}
12-27 17:23:29.901  2502  2694 I BLASTBufferQueue_Java: update, w= 1080 h= 2400 mName = Wallpaper mNativeObject= 0xb400006df39d6bd0 sc.mNativeObject= 0xb400006e9398c850 format= 2 caller= android.service.wallpaper.WallpaperService$Engine.getOrCreateBLASTSurface:2887 android.service.wallpaper.WallpaperService$Engine.updateSurface:1643 android.service.wallpaper.WallpaperService$IWallpaperEngineWrapper.handleResized:3483 android.service.wallpaper.WallpaperService$IWallpaperEngineWrapper.executeMessage:3402 com.android.internal.os.HandlerCaller$MyHandler.handleMessage:44 android.os.Handler.dispatchMessage:107 
12-27 17:23:29.901  2502  2694 I BLASTBufferQueue: [Wallpaper#4](f:0,a:1,s:0) update width=1080 height=2400 format=2 mTransformHint=0
12-27 17:23:29.902  3037 26126 I HoneySpace.HistoryViewModel@17345573@OneUI: Illegal access. Unknown type. skip load history items
12-27 17:23:29.904  1065  1065 E SurfaceFlinger: alpha changed 1.000 -> 0.000 - Surface(name=Task=1)/@0x7290283_transition-leash#82104
12-27 17:23:29.904  1065  1065 I SurfaceFlinger: Layer [WallpaperWindowToken{5627964 token=android.os.Binder@30456f7}#92] hidden!! flag(0)
12-27 17:23:29.904  1065  1065 I SurfaceFlinger: Layer [Task=4814#130] hidden!! flag(0)
12-27 17:23:29.904  1065  1065 I SurfaceFlinger: Layer [Task=1#52] hidden!! flag(0)
12-27 17:23:29.904  1065  1065 I SurfaceFlinger: Layer [ActivityRecord{403e55 u0 com.sec.and[...]tivities.LauncherActivity t4814}#131] hidden!! flag(0)
12-27 17:23:29.904  1065  1065 I SurfaceFlinger: Layer [com.android.systemui.wallpapers.ImageWallpaper$_2502#98] hidden!! flag(0)
12-27 17:23:29.904  1065  1065 I SurfaceFlinger: Layer [Transition Root: Task=1#82103] hidden!! flag(0)
12-27 17:23:29.904  1065  1065 I SurfaceFlinger: Layer [com.sec.android.app.launcher/com.sec[...]ivities.LauncherActivity$_3037#82051] hidden!! flag(0)
12-27 17:23:29.904  1065  1065 I SurfaceFlinger: Layer [com.samsung.android.spay.pay.HintService$_15941#82100] hidden!! flag(0)
12-27 17:23:29.904  1065  1065 I SurfaceFlinger: [LayerHierarchy{RequestedLayerState{RemoteWallpaperAnim:1:1#7 parentId=82106 z=1} 1 children}] reparent to LayerHierarchy{RequestedLayerState{Surface(name=RemoteWallpaperAnim:1:1)/@0xac74e88 - animation-leash of remote_wallpaper#82106 parentId=4} 1 children}
12-27 17:23:29.904  1065  1065 I SurfaceFlinger: [LayerHierarchy{RequestedLayerState{ImeContainer#16 parentId=131 relativeParentId=132 z=1} 1 children}] RelativeParent to LayerHierarchy{RequestedLayerState{da1422e com.sec.android.app.launcher/com.sec.android.app.launcher.activities.LauncherActivity#132 parentId=131} 2 children}
12-27 17:23:29.904  1065  1065 I SurfaceFlinger: [LayerHierarchy{RequestedLayerState{Task=1#52 parentId=82104} 2 children}] reparent to LayerHierarchy{RequestedLayerState{Surface(name=Task=1)/@0x7290283_transition-leash#82104 parentId=82103 z=2} 1 children}
12-27 17:23:29.904  1065  1065 I SurfaceFlinger: [LayerHierarchy{RequestedLayerState{d81298c NavigationBar0#80 parentId=82102} 1 children}] reparent to LayerHierarchy{RequestedLayerState{Surface(name=d81298c NavigationBar0)/@0x8c1424c - animation-leash of insets_animation#82102 parentId=79} 1 children}
12-27 17:23:29.904  1065  1065 I SurfaceFlinger: [LayerHierarchy{RequestedLayerState{672ee06 StatusBar#85 parentId=82101} 1 children}] reparent to LayerHierarchy{RequestedLayerState{Surface(name=672ee06 StatusBar)/@0xaff1dbf - animation-leash of insets_animation#82101 parentId=84} 1 children}
12-27 17:23:29.904  1065  1065 I SurfaceFlinger: [LayerHierarchy{RequestedLayerState{Surface(name=d81298c NavigationBar0)/@0x8c1424c - animation-leash of insets_animation#82098} no children}] reparent to OffscreenRoot
12-27 17:23:29.904  1065  1065 I SurfaceFlinger: [LayerHierarchy{RequestedLayerState{Surface(name=d81298c NavigationBar0)/@0x8c1424c - animation-leash of insets_animation#82098} no children}] RelativeParent to null
12-27 17:23:29.904  1065  1065 I SurfaceFlinger: [LayerHierarchy{RequestedLayerState{Surface(name=672ee06 StatusBar)/@0xaff1dbf - animation-leash of insets_animation#82097} no children}] reparent to OffscreenRoot
12-27 17:23:29.904  1065  1065 I SurfaceFlinger: [LayerHierarchy{RequestedLayerState{Surface(name=672ee06 StatusBar)/@0xaff1dbf - animation-leash of insets_animation#82097} no children}] RelativeParent to null
12-27 17:23:29.904  1065  1065 I SurfaceFlinger: [LayerHierarchy{RequestedLayerState{Task=5311#82092 parentId=82105} 1 children}] reparent to LayerHierarchy{RequestedLayerState{Surface(name=Task=5311)/@0xc16ec39_transition-leash#82105 parentId=82103 z=5} 1 children}
12-27 17:23:29.904  1065  1065 I SurfaceFlinger: [Surface(name=Task=1)/@0x7290283_transition-leash#82104] attach to parent LayerHierarchy{RequestedLayerState{Transition Root: Task=1#82103 parentId=11} 1 children}
12-27 17:23:29.904  1065  1065 I SurfaceFlinger: [Surface(name=Task=5311)/@0xc16ec39_transition-leash#82105] attach to parent LayerHierarchy{RequestedLayerState{Transition Root: Task=1#82103 parentId=11} 2 children}
12-27 17:23:29.904  1065  1065 I SurfaceFlinger: [Surface(name=RemoteWallpaperAnim:1:1)/@0xac74e88 - animation-leash of remote_wallpaper#82106] attach to parent LayerHierarchy{RequestedLayerState{OneHanded:0:14#4 parentId=3} 4 children}
12-27 17:23:29.905  1405  5912 V WindowManager: Schedule remove starting ActivityRecord{e01e7ad u0 com.moneymind.app/crc64399a401da9d21b0a.MainActivity t5311 f} isExiting} startingWindow=Window{7855f65 u0 Splash Screen com.moneymind.app} animate=true Callers=com.android.server.wm.ActivityRecord.onSyncTransactionCommitted:19 com.android.server.wm.BLASTSyncEngine$SyncGroup$1CommitCallback.onCommitted:54 com.android.server.wm.BLASTSyncEngine$SyncGroup$$ExternalSyntheticLambda0.onTransactionCommitted:8 android.view.SurfaceControl$Transaction$$ExternalSyntheticLambda4.run:0 com.android.server.SystemServerInitThreadPool$$ExternalSyntheticLambda0.execute:1 
12-27 17:23:29.905  1405  1513 D WindowManager: mRunner#onAnimationStart for remote wallpaper=[android.view.RemoteAnimationTarget@e148eb2], transaction=startRemoteWallpaperAnimation_70473917
12-27 17:23:29.905  1065  1862 I SurfaceFlinger: id=82097 Removed Surface(name=672ee06 StatusBar)/@0xaff1dbf - animation-leash of insets_animation#82097 (180)
12-27 17:23:29.905  1065  1862 I SurfaceFlinger: id=82098 Removed Surface(name=d81298c NavigationBar0)/@0x8c1424c - animation-leash of insets_animation#82098 (180)
12-27 17:23:29.905  3037  3055 I HoneySpace.WallpaperAnimator: onAnimationStart, wallpapers: Surface(name=Surface(name=RemoteWallpaperAnim:1:1)/@0xac74e88 - animation-leash of remote_wallpaper)/@0x608dceb
12-27 17:23:29.906  3037  3037 I HoneySpace.WallpaperAnimator: startWallpaperAnimation, isOpen-false, from:1.3, to:1.0, duration:350
12-27 17:23:29.906  3037  3037 I HoneySpace.WallpaperAnimator: wallpaper animation start [232249928]
12-27 17:23:29.906  2502  2556 D ShellTaskOrganizer: removeStartingWindow, removalInfo=StartingWindowRemovalInfo{taskId=5311 frame=null playRevealAnimation=false roundedCornerRadius=0.0 deferRemoveMode=0 windowlessSurface=false removeImmediately=false}
12-27 17:23:29.906  1065  1065 D SurfaceFlinger: Display 4633128672291735937 HWC layers:
12-27 17:23:29.906  1065  1065 D SurfaceFlinger:        DEVICE |   0xb400007850e7fe50 | 0000 | RGBA_8888    |    0.0    0.0 1080.0 2400.0 |    0    0 1080 2400 | Wallpaper BBQ wrapper 5_system#99 (5)
