12-27 17:23:30.532  1405  1551 D PowerManagerService: displayReady: true groupId=0
12-27 17:23:30.533  1405  1525 D AdaptiveBrightnessWeightStats: updateTransientStats: b: 103.39151 ambientLux:96.0 currentBucketLux:92.0 mBrightnessMapper: 118.67743
12-27 17:23:30.533  1405  1405 D BrightnessSynchronizer: onDisplayChanged() : displayId=0
12-27 17:23:30.533  1405  1405 D BrightnessSynchronizer: updateScreenBrightness: displayId=0 type=2 mPreferredSettingValue=0.36862743(94) currentBrightnessInt=94 currentBrightnessIntFromFloat=94(0.36862743)
12-27 17:23:30.533  2502  2502 D SecBrightnessController: updateSlider() - BrightnessDialog resetTimer()
12-27 17:23:30.533  2502  2502 D SecBrightnessController: updateSlider() - BrightnessDialog resetTimer()
12-27 17:23:30.537   971   971 I SehLight: lcd : 84+
12-27 17:23:30.541   971   971 I SehLight: lcd : 84-
12-27 17:23:30.553   971   971 I SehLight: lcd : 81+
12-27 17:23:30.554   971   971 I SehLight: lcd : 81-
12-27 17:23:30.558 30014 30020 I adbd    : USB event: FUNCTIONFS_RESUME
12-27 17:23:30.559 30014 30020 I adbd    : USB event: FUNCTIONFS_SUSPEND
12-27 17:23:30.570   971   971 I SehLight: lcd : 78+
12-27 17:23:30.570   971   971 I SehLight: lcd : 78-
12-27 17:23:30.587   971   971 I SehLight: lcd : 75+
12-27 17:23:30.587   971   971 I SehLight: lcd : 75-
12-27 17:23:30.603   971   971 I SehLight: lcd : 72+
12-27 17:23:30.608   971   971 I SehLight: lcd : 72-
12-27 17:23:30.612 30014 30020 I adbd    : USB event: FUNCTIONFS_RESUME
12-27 17:23:30.613 30014 30020 I adbd    : USB event: FUNCTIONFS_SUSPEND
12-27 17:23:30.620   971   971 I SehLight: lcd : 69+
12-27 17:23:30.621   971   971 I SehLight: lcd : 69-
12-27 17:23:30.636   971   971 I SehLight: lcd : 66+
12-27 17:23:30.637   971   971 I SehLight: lcd : 66-
12-27 17:23:30.647 30014 30020 I adbd    : USB event: FUNCTIONFS_SUSPEND
12-27 17:23:30.647 30014 30020 I adbd    : USB event: FUNCTIONFS_RESUME
12-27 17:23:30.648 30014 30020 I adbd    : USB event: FUNCTIONFS_SUSPEND
12-27 17:23:30.653   971   971 I SehLight: lcd : 63+
12-27 17:23:30.654   971   971 I SehLight: lcd : 63-
12-27 17:23:30.655   970  3540 I HYPER-HAL: [ResourceManager.cpp]removeResource(): [CPUMinFreq] RemoveResource Request ID : 1030360
12-27 17:23:30.655   970  3540 I HYPER-HAL: [RequestManager.cpp]releaseLocked(): Released ID : 1030360
12-27 17:23:30.670   971   971 I SehLight: lcd : 60+
12-27 17:23:30.673   971   971 I SehLight: lcd : 60-
12-27 17:23:30.685 30014 30020 I adbd    : USB event: FUNCTIONFS_SUSPEND
12-27 17:23:30.686 30014 30020 I adbd    : USB event: FUNCTIONFS_SUSPEND
12-27 17:23:30.686   971   971 I SehLight: lcd : 57+
12-27 17:23:30.687 30014 30020 I adbd    : USB event: FUNCTIONFS_RESUME
12-27 17:23:30.687   971   971 I SehLight: lcd : 57-
12-27 17:23:30.688 30014 30020 I adbd    : USB event: FUNCTIONFS_SUSPEND
12-27 17:23:30.703   971   971 I SehLight: lcd : 54+
12-27 17:23:30.704   971   971 I SehLight: lcd : 54-
12-27 17:23:30.720   971   971 I SehLight: lcd : 51+
12-27 17:23:30.720   971   971 I SehLight: lcd : 51-
12-27 17:23:30.721 30014 30020 I adbd    : USB event: FUNCTIONFS_SUSPEND
12-27 17:23:30.733 30014 30020 I adbd    : USB event: FUNCTIONFS_SUSPEND
12-27 17:23:30.736   971   971 I SehLight: lcd : 48+
12-27 17:23:30.740   971   971 I SehLight: lcd : 48-
12-27 17:23:30.753   971   971 I SehLight: lcd : 45+
12-27 17:23:30.754   971   971 I SehLight: lcd : 45-
12-27 17:23:30.755 30014 30020 I adbd    : USB event: FUNCTIONFS_SUSPEND
12-27 17:23:30.770   971   971 I SehLight: lcd : 42+
12-27 17:23:30.770   971   971 I SehLight: lcd : 42-
12-27 17:23:30.781 30014 30020 I adbd    : USB event: FUNCTIONFS_SUSPEND
12-27 17:23:30.786  1405  1513 D RefreshRateModeManager: onBrightnessChangedLocked, brightness=39, lux=-1.0
12-27 17:23:30.786  1405  1513 D RefreshRateModeManager: set scalability=1, brightness=39, lux=-1.0, mIsWirelessCharging=false
12-27 17:23:30.786   971   971 I SehLight: lcd : 39+
12-27 17:23:30.787   971   971 I SehLight: lcd : 39-
12-27 17:23:30.803   971   971 I SehLight: lcd : 36+
12-27 17:23:30.807   971   971 I SehLight: lcd : 36-
12-27 17:23:30.820   971   971 I SehLight: lcd : 33+
12-27 17:23:30.821   971   971 I SehLight: lcd : 33-
12-27 17:23:30.826  1405  2370 D SemWifiTrafficPoller: getSoftApTotalTrafficInBytes:10117762
12-27 17:23:30.836   971   971 I SehLight: lcd : 30+
12-27 17:23:30.837   971   971 I SehLight: lcd : 30-
12-27 17:23:30.853   971   971 I SehLight: lcd : 27+
12-27 17:23:30.854   971   971 I SehLight: lcd : 27-
12-27 17:23:30.870   971   971 I SehLight: lcd : 24+
12-27 17:23:30.875   971   971 I SehLight: lcd : 24-
12-27 17:23:30.877 29468  1914 I NearbyMediums: No BLE Fast/GATT advertisements found in the latest cycle.
12-27 17:23:30.877 29468  1914 I NearbyMediums: Current Tracked Scanning Clients are : {NearbyConnections.EnvironmentMonitor, NearbyConnections.TxAdvertisement}
12-27 17:23:30.886   971   971 I SehLight: lcd : 21+
12-27 17:23:30.887   971   971 I SehLight: lcd : 21-
12-27 17:23:30.903   971   971 I SehLight: lcd : 18+
12-27 17:23:30.904   971   971 I SehLight: lcd : 18-
12-27 17:23:30.920   971   971 I SehLight: lcd : 15+
12-27 17:23:30.920   971   971 I SehLight: lcd : 15-
12-27 17:23:30.936   971   971 I SehLight: lcd : 12+
12-27 17:23:30.941   971   971 I SehLight: lcd : 12-
12-27 17:23:30.953  1405  1551 D DisplayPowerController2[0]: animateScreenStateChange: target=ON, mIsEnabled=true
12-27 17:23:30.953  1405  1551 D DisplayPowerController2[0]: saveBrightnessInfo: brt:0.36862743 adjBrt:0.04235294 min:0.0 max:1.0 hbm:0 tp:1.0 throttler:0 isAnimating:false
12-27 17:23:30.953   971   971 I SehLight: lcd : 11+
12-27 17:23:30.953  1405  1405 D BrightnessSynchronizer: onDisplayChanged() : displayId=0
12-27 17:23:30.953  1405  1405 D BrightnessSynchronizer: updateScreenBrightness: displayId=0 type=2 mPreferredSettingValue=0.36862743(94) currentBrightnessInt=94 currentBrightnessIntFromFloat=94(0.36862743)
12-27 17:23:30.953  2502  2502 D SecBrightnessController: updateSlider() - BrightnessDialog resetTimer()
12-27 17:23:30.954  2502  2502 D SecBrightnessController: updateSlider() - BrightnessDialog resetTimer()
12-27 17:23:30.954   971   971 I SehLight: lcd : 11-
12-27 17:23:31.036 30014 30020 I adbd    : USB event: FUNCTIONFS_SUSPEND
12-27 17:23:31.041 30014 30020 I adbd    : USB event: FUNCTIONFS_SUSPEND
12-27 17:23:31.096  1405  3146 I SemDvfsHyPerManager: acquire hyper - AMS_RESUME_TAIL/1405@23, type = -999
12-27 17:23:31.096  1405  3146 I SemDvfsHyPerManager: acquire hyper - AMS_ACT_LAZY/1405@24, type = -999
12-27 17:23:31.096  1405  3146 D ActivityManagerPerformance: AMP_acquire() TAIL
12-27 17:23:31.096  1405  3146 D ActivityManagerPerformance: AMP_release() APP_SWITCH
12-27 17:23:31.096   970  1021 I HYPER-HAL: [RequestManager.cpp]acquire(): Acquired ID : 1020329  [1405 / 23]    HINT : AMS_RESUME_TAIL    list : 
12-27 17:23:31.096   970  1021 I HYPER-HAL: [ResourceManager.cpp]updateResource(): [CPUMinFreq] UpdateResource Request ID : 1020329    Value : 1768000
12-27 17:23:31.097   970  1021 I HYPER-HAL: [ResourceManager.cpp]removeResource(): [CPUMinFreq] RemoveResource Request ID : 1031797
12-27 17:23:31.097  1405  3200 D FreecessController: UFZ : com.x8bit.bitwarden(10020) [22670] reason: Binder(1)-android.accessibilityservice.IAccessibili
12-27 17:23:31.099  1405  3200 W FreecessController: getAllRunningPackagePids: Failed to read pid from /sys/fs/cgroup/uid_10095/pid_4217/cgroup.procs
12-27 17:23:31.102  1405  3200 W FreecessController: getAllRunningPackagePids: Failed to read pid from /sys/fs/cgroup/uid_10131/pid_16377/cgroup.procs
12-27 17:23:31.103  1405  3200 D FreecessController: BG freezed, skip OLAF unfreeze for (com.netflix.mediaclient, 10162)
12-27 17:23:31.105   970  1021 I HYPER-HAL: [RequestManager.cpp]releaseLocked(): Released ID : 1031797
12-27 17:23:31.108  1405  3200 D FreecessController: BG freezed, skip OLAF unfreeze for (org.telegram.messenger, 10377)
12-27 17:23:31.125  1405  3200 D FreecessController: com.whatsapp(state: Frozen -> Initial, Reason: uidIdle)
12-27 17:23:31.127  1405  3200 D FreecessController: com.syncme.syncmeapp(state: Frozen -> Initial, Reason: uidIdle)
12-27 17:23:31.127  1405  3200 D FreecessController: restrictJobsByOlaf: restrict=false, uid=-1
12-27 17:23:31.128  1405  3200 W LocationManagerService: onFreezeStateChanged, uid[10020]=false
12-27 17:23:31.128  1405  3200 I PowerManagerService: [PWL] SetWakeLockEnableDisable uid = 10020 , disable= false
12-27 17:23:31.128  1405  3200 I PowerManagerService: [PWL] can not change uid =  10020
12-27 17:23:31.128  1405  3200 D FreecessController: com.x8bit.bitwarden(state: Initial -> Frozen, Reason: uidIdle)
12-27 17:23:31.128  1405  3200 D FreecessController: com.samsung.android.game.gamehome(state: Initial -> Frozen, Reason: uidIdle)
12-27 17:23:31.128  1405  1405 D OlafRestriction:  olaf state update: state=false
12-27 17:23:31.128  1405  1405 D OlafRestriction:  trigger onRestrictionStateChanged.
12-27 17:23:31.133  1405  3200 D FreecessController: FZ : com.x8bit.bitwarden(10020) [22670] reason: Bg
12-27 17:23:31.133  3037  6368 I HoneySpace.PredictionDataSourceImpl: TYPE_SUGGESTED_APPS updated: 9
12-27 17:23:31.134  3037  6372 I HoneySpace.PredictionDataSourceImpl: TYPE_RECOMMENDED_WIDGETS updated: 48
12-27 17:23:31.139  1405  3200 D FreecessController: FZ : com.samsung.android.game.gamehome(10095) [6436] reason: Bg
12-27 17:23:31.139  1405  3200 W LocationManagerService: onFreezeStateChanged, uid[10020]=true
12-27 17:23:31.139  1405  3200 I PowerManagerService: [PWL] SetWakeLockEnableDisable uid = 10020 , disable= true
12-27 17:23:31.139  1405  3200 I PowerManagerService: [PWL] can not change uid =  10020
12-27 17:23:31.139  1405  3200 W LocationManagerService: onFreezeStateChanged, uid[10095]=true
12-27 17:23:31.139  1405  3200 I PowerManagerService: [PWL] SetWakeLockEnableDisable uid = 10095 , disable= true
12-27 17:23:31.139  1405  3200 I PowerManagerService: [PWL] can not change uid =  10095
12-27 17:23:31.141 30014 30020 I adbd    : USB event: FUNCTIONFS_SUSPEND
12-27 17:23:31.152 30014 30020 I adbd    : USB event: FUNCTIONFS_SUSPEND
12-27 17:23:31.154  1405  1551 D DisplayManagerService: handleBrightnessAnimation: started=false
12-27 17:23:31.154  1405  1551 I RefreshRateTokenController: Removing refreshRateToken={ RefreshRateToken[->PassiveModeToken:BrightnessAnim, acquire at 431027071 (623 ms ago)}, caller=com.android.server.display.mode.RefreshRateToken.release:5 com.android.server.display.DisplayManagerService$$ExternalSyntheticLambda8.accept:163 com.android.server.display.DisplayPowerController$3.run:24 android.os.Handler.handleCallback:959 android.os.Handler.dispatchMessage:100 
12-27 17:23:31.282 30014 30020 I adbd    : USB event: FUNCTIONFS_SUSPEND
12-27 17:23:31.284 30014 30020 I adbd    : USB event: FUNCTIONFS_SUSPEND
12-27 17:23:31.328 30014 30020 I adbd    : USB event: FUNCTIONFS_SUSPEND
12-27 17:23:31.336  1039  1195 I EDEN    : [Exynos][EDEN][v1.6.23][SERVICE] processAliveMointorMain:253: Try to check pid=(980)...
12-27 17:23:31.357   970  3541 I HYPER-HAL: [ResourceManager.cpp]removeResource(): [CPUMaxFreq] RemoveResource Request ID : 15155280
12-27 17:23:31.357   970  3541 I HYPER-HAL: [RequestManager.cpp]releaseLocked(): Released ID : 15155280
12-27 17:23:31.358 30014 30020 I adbd    : USB event: FUNCTIONFS_RESUME
12-27 17:23:31.358 30014 30020 I adbd    : USB event: FUNCTIONFS_SUSPEND
12-27 17:23:31.367 30014 30020 I adbd    : USB event: FUNCTIONFS_RESUME
12-27 17:23:31.368 30014 30020 I adbd    : USB event: FUNCTIONFS_SUSPEND
12-27 17:23:31.397   970  3550 I HYPER-HAL: [ResourceManager.cpp]removeResource(): [CPUMinFreq] RemoveResource Request ID : 1020329
12-27 17:23:31.401   970  3550 I HYPER-HAL: [RequestManager.cpp]releaseLocked(): Released ID : 1020329
12-27 17:23:31.435 30014 30020 I adbd    : USB event: FUNCTIONFS_SUSPEND
12-27 17:23:31.463 30014 30020 I adbd    : USB event: FUNCTIONFS_RESUME
12-27 17:23:31.468 30014 30020 I adbd    : USB event: FUNCTIONFS_SUSPEND
12-27 17:23:31.471 30014 30020 I adbd    : USB event: FUNCTIONFS_RESUME
12-27 17:23:31.471 30014 30020 I adbd    : USB event: FUNCTIONFS_SUSPEND
12-27 17:23:31.479 30014 30020 I adbd    : USB event: FUNCTIONFS_RESUME
12-27 17:23:31.479 30014 30020 I adbd    : USB event: FUNCTIONFS_SUSPEND
12-27 17:23:31.508 30014 30020 I adbd    : USB event: FUNCTIONFS_SUSPEND
12-27 17:23:31.523 30014 30020 I adbd    : USB event: FUNCTIONFS_SUSPEND
12-27 17:23:31.574 30014 30020 I adbd    : USB event: FUNCTIONFS_RESUME
12-27 17:23:31.574 30014 30020 I adbd    : USB event: FUNCTIONFS_SUSPEND
12-27 17:23:31.818 30014 30020 I adbd    : USB event: FUNCTIONFS_SUSPEND
12-27 17:23:31.835  1065  1137 I VSyncReactor: Current= 60, Period= 60, Distance= 0
12-27 17:23:31.836  1405  2370 D SemWifiTrafficPoller: getSoftApTotalTrafficInBytes:10117762
12-27 17:23:31.837 30014 30020 I adbd    : USB event: FUNCTIONFS_SUSPEND
12-27 17:23:31.842 30014 30020 I adbd    : USB event: FUNCTIONFS_SUSPEND
12-27 17:23:31.852  1065  1137 I VSyncReactor: Current= 60, Period= 60, Distance= 60
12-27 17:23:31.872 30014 30020 I adbd    : USB event: FUNCTIONFS_SUSPEND
12-27 17:23:31.876 30014 30020 I adbd    : USB event: FUNCTIONFS_SUSPEND
12-27 17:23:31.921 30014 30020 I adbd    : USB event: FUNCTIONFS_RESUME
12-27 17:23:31.922 30014 30020 I adbd    : USB event: FUNCTIONFS_SUSPEND
12-27 17:23:32.107   970  3427 I HYPER-HAL: [ResourceManager.cpp]removeResource(): [CPUMaxFreq] RemoveResource Request ID : 15160787
12-27 17:23:32.108   970  3427 I HYPER-HAL: [RequestManager.cpp]releaseLocked(): Released ID : 15160787
12-27 17:23:32.135   673   673 D io_stats: !@   8,0 r 84859824 1798276512 w 24546912 335285668 d 6812896 357176616 f 0 0 iot 40953936 0 th 0 0 0 pt 0 inp 0 0 431028.675
12-27 17:23:32.136   673   673 D io_stats: !@ Read_top(KB): droid.smartface(3478) 176 martsuggestions(5365) 24 system_server(1405) 4
12-27 17:23:32.136   673   673 D io_stats: !@ Write_top(KB): kworker/u16:19(14529) 196 sait.sohservice(29079) 40 .gms.persistent(29468) 12
12-27 17:23:32.160 30014 30020 I adbd    : USB event: FUNCTIONFS_RESUME
12-27 17:23:32.160 30014 30020 I adbd    : USB event: FUNCTIONFS_SUSPEND
12-27 17:23:32.205 30014 30020 I adbd    : USB event: FUNCTIONFS_SUSPEND
12-27 17:23:32.354 30014 30020 I adbd    : USB event: FUNCTIONFS_SUSPEND
12-27 17:23:32.356 30014 30020 I adbd    : USB event: FUNCTIONFS_SUSPEND
12-27 17:23:32.360 30014 30020 I adbd    : USB event: FUNCTIONFS_SUSPEND
12-27 17:23:32.362  1405  2303 D ConnectivityService: reportNetworkActive, notify 2 listeners
12-27 17:23:32.369  1405  2303 D InetDiagMessage: Destroyed 0 sockets, proto=IPPROTO_TCP, family=AF_INET, states=14
12-27 17:23:32.371  1405  2303 D InetDiagMessage: Destroyed 0 sockets, proto=IPPROTO_TCP, family=AF_INET6, states=14
12-27 17:23:32.371  1405  2303 D InetDiagMessage: Destroyed live tcp sockets for uids={10413, 20413} in 8ms
12-27 17:23:32.376 30014 30020 I adbd    : USB event: FUNCTIONFS_SUSPEND
12-27 17:23:32.392 30014 30020 I adbd    : USB event: FUNCTIONFS_SUSPEND
12-27 17:23:32.394 30014 30020 I adbd    : USB event: FUNCTIONFS_SUSPEND
12-27 17:23:32.400 30014 30020 I adbd    : USB event: FUNCTIONFS_SUSPEND
12-27 17:23:32.403 30014 30020 I adbd    : USB event: FUNCTIONFS_SUSPEND
12-27 17:23:32.405 30014 30020 I adbd    : USB event: FUNCTIONFS_SUSPEND
12-27 17:23:32.406  1405  1812 D InputReader: Btn_touch(5): value=1 when=431028.946226
12-27 17:23:32.407  1405  1812 I InputReader: Touch event's action is 0x0 (id=7, t=0) [pCnt=1, s=0.48372 ] when=431028.946226
12-27 17:23:32.408 30014 30020 I adbd    : USB event: FUNCTIONFS_SUSPEND
12-27 17:23:32.409  1405  1811 I InputDispatcher: Delivering touch to (2502): action: 0x4, f=0x0, d=0, 'd81298c', t=1 
12-27 17:23:32.410  1405  1811 I InputDispatcher: Delivering touch to (3037): action: 0x0, f=0x0, d=0, 'da1422e', t=1 *(0.75)
12-27 17:23:32.410  3037  3037 I VRI[LauncherActivity]@49b34de: ViewPostIme pointer 0
12-27 17:23:32.410  3037  3037 I HoneySpace.LongPressTouchController: ACTION_DOWN, (141.5918, 1749.6094)
12-27 17:23:32.410  1405  1811 D PowerManagerService: [api] userActivityFromNative : touch displayId=0 eventTime=431028946
12-27 17:23:32.411  3037  3037 I HoneySpace.LongPressTouchController: startLongPressJob, touchDownState = com.honeyspace.sdk.HomeScreen$Normal@cb4cb04
12-27 17:23:32.411  1405  1511 I GestureDetector: obtain mCurrentDownEvent. id: 833061320 caller: com.android.server.wm.SystemGesturesPointerEventListener.onPointerEvent:17 com.android.server.wm.PointerEventDispatcher.onInputEvent:51 android.view.InputEventReceiver.dispatchInputEvent:385 
12-27 17:23:32.411  1405  1811 D PowerManagerService: UserActivityStateListenerState: 1
12-27 17:23:32.411  1405  1511 I GestureDetector: obtain mCurrentDownEvent. id: 833061320 caller: com.android.server.wm.SystemPerformancePointerEventListener.onPointerEvent:13 com.android.server.wm.PointerEventDispatcher.onInputEvent:51 android.view.InputEventReceiver.dispatchInputEvent:385 
12-27 17:23:32.411  1405  1811 D PowerManagerService: UserActivityState : 2 -> 1 groupId=0
12-27 17:23:32.411  3037  3037 I GestureDetector: obtain mCurrentDownEvent. id: 833061320 caller: com.honeyspace.ui.honeypots.homescreen.presentation.HomeView.f:154 com.honeyspace.ui.honeypots.homescreen.presentation.HomeView.dispatchTouchEvent:312 android.view.ViewGroup.dispatchTransformedTouchEvent:3353 
12-27 17:23:32.411  1405  1811 D PowerManagerService: displayReady: false groupId=0
12-27 17:23:32.411  3037  3037 I HoneySpace.HomeView: findControllerToHandleTouch ev = 0
12-27 17:23:32.411  1405  1551 D DisplayPowerController2[0]: animateScreenStateChange: target=ON, mIsEnabled=true
12-27 17:23:32.411  3037  3037 I HoneySpace.StatusBarTouchController: canInterceptTouch showNotificationPanel : true systemUiProxy.isActive() = true honeyScreenManager.currentHoneyScreen : HOME honeyScreen.currentHoneyState : com.honeyspace.sdk.HomeScreen$Normal@cb4cb04
12-27 17:23:32.411  3037  3037 I HoneySpace.FinderTouchController: onControllerInterceptTouchEvent :: canInterceptTouch() = false, QuickOptionUtil.isShowQuickOption() : false QuickOptionUtil.isDragging : false
12-27 17:23:32.411  3037  3037 I HoneySpace.HomeAppsTouchController: currentChangeState : com.honeyspace.sdk.HomeScreen$Normal@cb4cb04, currentHoneyState : com.honeyspace.sdk.HomeScreen$Normal@cb4cb04, EditLockPopup : false, isOpenFolderMode : false, isChildScrolling : false, isDragAnimRunning : false
12-27 17:23:32.411  3037  3037 I HoneySpace.HomeAppsTouchController: currentChangeState : com.honeyspace.sdk.HomeScreen$Normal@cb4cb04, currentHoneyState : com.honeyspace.sdk.HomeScreen$Normal@cb4cb04, EditLockPopup : false, isOpenFolderMode : false, isChildScrolling : false, isDragAnimRunning : false
12-27 17:23:32.411  1405  1551 W DisplayPowerController2[0]: Animating brightness: target=85(0.33), rate=2,200, reason=automatic[94] -> low_pwr[85]
12-27 17:23:32.411  3037  3037 I HoneySpace.PageEditTouchController: onControllerInterceptTouchEvent, isInProgress = false
12-27 17:23:32.412  3037  3037 I HoneySpace.WorkspaceFastRecyclerView: dispatchTouchEvent() event.action=0
12-27 17:23:32.412  3037  3037 I HoneySpace.WorkspaceFastRecyclerView: processDownMotionEvent, index = 0, id = 0
12-27 17:23:32.412  3037  3037 I HoneySpace.WorkspaceFastRecyclerView: initTouchPoint, index = 0, id = 0
12-27 17:23:32.412  1405  1551 D DisplayManagerService: handleBrightnessAnimation: started=true
12-27 17:23:32.412  3037  3037 I VRI[LauncherActivity]@49b34de: call setFrameRateCategory for touch hint category=high hint, reason=touch, vri=VRI[LauncherActivity]@49b34de
12-27 17:23:32.412  1405  1551 I RefreshRateTokenController: Adding refreshRateToken={ RefreshRateToken[->PassiveModeToken:BrightnessAnim, acquire at 431028952 (now)}, caller=com.android.server.display.mode.RefreshRateController.createPassiveModeToken:32 com.android.server.display.DisplayManagerService$$ExternalSyntheticLambda8.accept:123 com.android.server.display.DisplayPowerController.animateScreenBrightness:262 com.android.server.display.DisplayPowerController.updatePowerStateInternal:2371 com.android.server.display.DisplayPowerController.updatePowerState:9 
12-27 17:23:32.412  1405  1405 I MdnieScenarioControlService: action  :  com.samsung.server.PowerManagerService.action.USER_ACTIVITY
12-27 17:23:32.412  1405  1405 D PowerManagerService: [api] setScreenDimDurationOverrideFromSqdInternal: mScreenDimDurationOverrideFromSQD: -1
12-27 17:23:32.413  1405  1551 D AdaptiveBrightnessLongtermModelBuilder: notifyBrightnessChanged(brightness=103,391510, userInitiated=false)
12-27 17:23:32.413  1405  1551 D DisplayPowerController2[0]: saveBrightnessInfo: brt:0.36862743 adjBrt:0.33176467 min:0.0 max:1.0 hbm:0 tp:1.0 throttler:0 isAnimating:true
12-27 17:23:32.413  1405  1525 D AdaptiveBrightnessLongtermModelBuilder: handleBrightnessChanged: brightness: 103.39151 userInitiated: false
12-27 17:23:32.413  1405  1511 I GestureDetector: obtain mCurrentMotionEventRaw. action: 2 id: 246891190
12-27 17:23:32.414  1405  1551 V DisplayPowerController2[0]: Brightness [0.33176467] reason changing to: 'automatic [ low_pwr ]', previous reason: 'automatic [ low_pwr dim ]'.
12-27 17:23:32.414  1405  1511 I GestureDetector: obtain mCurrentMotionEventRaw. action: 2 id: 246891190
12-27 17:23:32.414  1405  1525 D AdaptiveBrightnessLongtermModelBuilder: updateAdaptiveBrightnessStats: l:96.0 b:103.39151 u: false
12-27 17:23:32.414  1405  1551 I DisplayPowerController2[0]: BrightnessEvent: disp=0, physDisp=local:4633128672291735937, displayState=ON, displayPolicy=BRIGHT, brt=0.33176467, initBrt=0.04235294, rcmdBrt=0.36862743, preBrt=NaN, lux=96.0, preLux=NaN, hbmMax=1.0, hbmMode=off, rbcStrength=-1, thrmMax=1.0, powerFactor=0.9, wasShortTermModelActive=false, flags=low_power_mode , reason=automatic [ low_pwr ], autoBrightness=true, strategy=InvalidBrightnessStrategy, autoBrightnessMode=default
12-27 17:23:32.414  1405  1525 D AdaptiveBrightnessWeightStats: log: l:96.0 b:8.980543 t:0.003 u:false 
12-27 17:23:32.414  1405  1525 D AdaptiveBrightnessWeightStats: updateTransientStats: 36.8 < 96.0 < 230.0  b:8.980543 t:0.003s
12-27 17:23:32.414  1405  1551 D PowerManagerService: displayReady: true groupId=0
12-27 17:23:32.414  1405  1525 D AdaptiveBrightnessWeightStats: updateTransientStats: b: 8.980543 ambientLux:96.0 currentBucketLux:92.0 mBrightnessMapper: 118.67743
12-27 17:23:32.414  1405  1405 D BrightnessSynchronizer: onDisplayChanged() : displayId=0
12-27 17:23:32.414  1405  1405 D BrightnessSynchronizer: updateScreenBrightness: displayId=0 type=2 mPreferredSettingValue=0.36862743(94) currentBrightnessInt=94 currentBrightnessIntFromFloat=94(0.36862743)
12-27 17:23:32.416  2502  2502 D SecBrightnessController: updateSlider() - BrightnessDialog resetTimer()
12-27 17:23:32.416  2502  2502 D SecBrightnessController: updateSlider() - BrightnessDialog resetTimer()
12-27 17:23:32.420  1065  1065 I SurfaceFlinger: [com.sec.android.app.launcher/com.sec.android.app.launcher.activities.LauncherActivity$_3037#82051] setFrameRateCategory: HighHint
12-27 17:23:32.421   971   971 I SehLight: lcd : 15+
12-27 17:23:32.427   971   971 I SehLight: lcd : 15-
12-27 17:23:32.437  3037  3037 I GestureDetector: obtain mCurrentMotionEventRaw. action: 2 id: 246891190
12-27 17:23:32.437  3037  3037 I HoneySpace.HomeView: findControllerToHandleTouch ev = 2
12-27 17:23:32.437  3037  3037 I HoneySpace.FinderTouchController: onControllerInterceptTouchEvent :: canInterceptTouch() = false, QuickOptionUtil.isShowQuickOption() : false QuickOptionUtil.isDragging : false
12-27 17:23:32.437  3037  3037 I HoneySpace.HomeAppsTouchController: currentChangeState : com.honeyspace.sdk.HomeScreen$Normal@cb4cb04, currentHoneyState : com.honeyspace.sdk.HomeScreen$Normal@cb4cb04, EditLockPopup : false, isOpenFolderMode : false, isChildScrolling : false, isDragAnimRunning : false
12-27 17:23:32.437  3037  3037 I HoneySpace.PageEditTouchController: onControllerInterceptTouchEvent, isInProgress = false
12-27 17:23:32.437  3037  3037 I HoneySpace.MinusOnePageController: ACTION_MOVE isValidState: false isNormalState: true shouldStartScroll: false delta: 0.0 isScrollableItemTouch: false touchSlop: 23.0 minusOnePageMover: q3.d@a818c30
12-27 17:23:32.437  3037  3037 I HoneySpace.WorkspaceFastRecyclerView: updateIsBeingDraggedOnTouchDown touchSlop:23, diff:0, moved:false, useLongTouchSlop:false
12-27 17:23:32.437   971   971 I SehLight: lcd : 25+
12-27 17:23:32.444   971   971 I SehLight: lcd : 25-
12-27 17:23:32.454  3037  3037 I HoneySpace.HomeView: findControllerToHandleTouch ev = 2
12-27 17:23:32.454  3037  3037 I HoneySpace.FinderTouchController: onControllerInterceptTouchEvent :: canInterceptTouch() = false, QuickOptionUtil.isShowQuickOption() : false QuickOptionUtil.isDragging : false
12-27 17:23:32.454  3037  3037 I HoneySpace.HomeAppsTouchController: currentChangeState : com.honeyspace.sdk.HomeScreen$Normal@cb4cb04, currentHoneyState : com.honeyspace.sdk.HomeScreen$Normal@cb4cb04, EditLockPopup : false, isOpenFolderMode : false, isChildScrolling : false, isDragAnimRunning : false
12-27 17:23:32.454   971   971 I SehLight: lcd : 34+
12-27 17:23:32.454  3037  3037 I HoneySpace.PageEditTouchController: onControllerInterceptTouchEvent, isInProgress = false
12-27 17:23:32.454  3037  3037 I HoneySpace.MinusOnePageController: ACTION_MOVE isValidState: false isNormalState: true shouldStartScroll: false delta: 0.26367188 isScrollableItemTouch: false touchSlop: 23.0 minusOnePageMover: q3.d@a818c30
12-27 17:23:32.454  3037  3037 I HoneySpace.WorkspaceFastRecyclerView: updateIsBeingDraggedOnTouchDown touchSlop:23, diff:0, moved:false, useLongTouchSlop:false
12-27 17:23:32.455   971   971 I SehLight: lcd : 34-
12-27 17:23:32.462 30014 30020 I adbd    : USB event: FUNCTIONFS_RESUME
12-27 17:23:32.463 30014 30020 I adbd    : USB event: FUNCTIONFS_SUSPEND
12-27 17:23:32.471  3037  3037 I HoneySpace.HomeView: findControllerToHandleTouch ev = 2
12-27 17:23:32.471  3037  3037 I HoneySpace.FinderTouchController: onControllerInterceptTouchEvent :: canInterceptTouch() = false, QuickOptionUtil.isShowQuickOption() : false QuickOptionUtil.isDragging : false
12-27 17:23:32.471  3037  3037 I HoneySpace.HomeAppsTouchController: currentChangeState : com.honeyspace.sdk.HomeScreen$Normal@cb4cb04, currentHoneyState : com.honeyspace.sdk.HomeScreen$Normal@cb4cb04, EditLockPopup : false, isOpenFolderMode : false, isChildScrolling : false, isDragAnimRunning : false
12-27 17:23:32.471  3037  3037 I HoneySpace.PageEditTouchController: onControllerInterceptTouchEvent, isInProgress = false
12-27 17:23:32.471  1405  1513 D RefreshRateModeManager: onBrightnessChangedLocked, brightness=44, lux=-1.0
12-27 17:23:32.471  3037  3037 I HoneySpace.MinusOnePageController: ACTION_MOVE isValidState: false isNormalState: true shouldStartScroll: false delta: 0.26367188 isScrollableItemTouch: false touchSlop: 23.0 minusOnePageMover: q3.d@a818c30
12-27 17:23:32.471  1405  1513 D RefreshRateModeManager: set scalability=0, brightness=44, lux=-1.0, mIsWirelessCharging=false
12-27 17:23:32.471  3037  3037 I HoneySpace.WorkspaceFastRecyclerView: updateIsBeingDraggedOnTouchDown touchSlop:23, diff:0, moved:false, useLongTouchSlop:false
12-27 17:23:32.471   971   971 I SehLight: lcd : 44+
12-27 17:23:32.472   971   971 I SehLight: lcd : 44-
12-27 17:23:32.487  3037  3037 I HoneySpace.HomeView: findControllerToHandleTouch ev = 2
12-27 17:23:32.488  3037  3037 I HoneySpace.FinderTouchController: onControllerInterceptTouchEvent :: canInterceptTouch() = false, QuickOptionUtil.isShowQuickOption() : false QuickOptionUtil.isDragging : false
12-27 17:23:32.488  3037  3037 I HoneySpace.HomeAppsTouchController: currentChangeState : com.honeyspace.sdk.HomeScreen$Normal@cb4cb04, currentHoneyState : com.honeyspace.sdk.HomeScreen$Normal@cb4cb04, EditLockPopup : false, isOpenFolderMode : false, isChildScrolling : false, isDragAnimRunning : false
12-27 17:23:32.488  3037  3037 I HoneySpace.PageEditTouchController: onControllerInterceptTouchEvent, isInProgress = false
12-27 17:23:32.488  3037  3037 I HoneySpace.MinusOnePageController: ACTION_MOVE isValidState: false isNormalState: true shouldStartScroll: false delta: 0.26367188 isScrollableItemTouch: false touchSlop: 23.0 minusOnePageMover: q3.d@a818c30
12-27 17:23:32.488  3037  3037 I HoneySpace.WorkspaceFastRecyclerView: updateIsBeingDraggedOnTouchDown touchSlop:23, diff:0, moved:false, useLongTouchSlop:false
12-27 17:23:32.488   971   971 I SehLight: lcd : 53+
12-27 17:23:32.491  1405  3200 I NSLocationMonitor: getGPSUsingApps() called
12-27 17:23:32.492  3257 15514 I NSLocationManager_FLP: getGPSUsingApps, No change
12-27 17:23:32.493   971   971 I SehLight: lcd : 53-
12-27 17:23:32.495  1405  3200 D FreecessController: com.samsung.android.game.gamehome(state: Frozen -> Initial, Reason: Binder(1)-android.service.notification.INotificatio)
12-27 17:23:32.504  3037  3037 I HoneySpace.HomeView: findControllerToHandleTouch ev = 2
12-27 17:23:32.504  3037  3037 I HoneySpace.FinderTouchController: onControllerInterceptTouchEvent :: canInterceptTouch() = false, QuickOptionUtil.isShowQuickOption() : false QuickOptionUtil.isDragging : false
12-27 17:23:32.505  3037  3037 I HoneySpace.HomeAppsTouchController: currentChangeState : com.honeyspace.sdk.HomeScreen$Normal@cb4cb04, currentHoneyState : com.honeyspace.sdk.HomeScreen$Normal@cb4cb04, EditLockPopup : false, isOpenFolderMode : false, isChildScrolling : false, isDragAnimRunning : false
12-27 17:23:32.505  3037  3037 I HoneySpace.PageEditTouchController: onControllerInterceptTouchEvent, isInProgress = false
12-27 17:23:32.505   971   971 I SehLight: lcd : 62+
12-27 17:23:32.505  3037  3037 I HoneySpace.MinusOnePageController: ACTION_MOVE isValidState: false isNormalState: true shouldStartScroll: false delta: 0.0 isScrollableItemTouch: false touchSlop: 23.0 minusOnePageMover: q3.d@a818c30
12-27 17:23:32.505  3037  3037 I HoneySpace.WorkspaceFastRecyclerView: updateIsBeingDraggedOnTouchDown touchSlop:23, diff:0, moved:false, useLongTouchSlop:false
12-27 17:23:32.506   971   971 I SehLight: lcd : 62-
12-27 17:23:32.512  1405  1812 D InputReader: Btn_touch(5): value=0 when=431029.052876
12-27 17:23:32.512  1405  1812 I InputReader: Touch event's action is 0x1 (id=7, t=0) [pCnt=1, s=] when=431029.052876
12-27 17:23:32.513  1405  1811 I InputDispatcher: Delivering touch to (3037): action: 0x1, f=0x0, d=0, 'da1422e', t=1 *(0.75)
12-27 17:23:32.513  3037  3037 I VRI[LauncherActivity]@49b34de: ViewPostIme pointer 1
12-27 17:23:32.513  3037  3037 I HoneySpace.LongPressTouchController: cancelLongPressJob, else MotionEvent
12-27 17:23:32.513  3037  3037 I HoneySpace.HomeView: findControllerToHandleTouch ev = 1
12-27 17:23:32.513  3037  3037 I HoneySpace.FinderTouchController: onControllerInterceptTouchEvent :: canInterceptTouch() = false, QuickOptionUtil.isShowQuickOption() : false QuickOptionUtil.isDragging : false
12-27 17:23:32.513  3037  3037 I HoneySpace.HomeAppsTouchController: currentChangeState : com.honeyspace.sdk.HomeScreen$Normal@cb4cb04, currentHoneyState : com.honeyspace.sdk.HomeScreen$Normal@cb4cb04, EditLockPopup : false, isOpenFolderMode : false, isChildScrolling : false, isDragAnimRunning : false
12-27 17:23:32.513  3037  3037 I HoneySpace.PageEditTouchController: onControllerInterceptTouchEvent, isInProgress = false
12-27 17:23:32.513  3037  3037 I HoneySpace.WorkspaceFastRecyclerView: resetTouchState
12-27 17:23:32.514  3037  3037 I HoneySpace.WorkspaceCellLayout: skip goToHomeScreen except when in PageEdit
12-27 17:23:32.521   971   971 I SehLight: lcd : 72+
12-27 17:23:32.525   971   971 I SehLight: lcd : 72-
12-27 17:23:32.539   971   971 I SehLight: lcd : 81+
12-27 17:23:32.540   971   971 I SehLight: lcd : 81-
12-27 17:23:32.555  1405  1551 D DisplayPowerController2[0]: animateScreenStateChange: target=ON, mIsEnabled=true
12-27 17:23:32.555  1405  1551 D DisplayPowerController2[0]: saveBrightnessInfo: brt:0.36862743 adjBrt:0.33176467 min:0.0 max:1.0 hbm:0 tp:1.0 throttler:0 isAnimating:false
12-27 17:23:32.555   971   971 I SehLight: lcd : 85+
12-27 17:23:32.556  1405  1405 D BrightnessSynchronizer: onDisplayChanged() : displayId=0
12-27 17:23:32.556  1405  1405 D BrightnessSynchronizer: updateScreenBrightness: displayId=0 type=2 mPreferredSettingValue=0.36862743(94) currentBrightnessInt=94 currentBrightnessIntFromFloat=94(0.36862743)
12-27 17:23:32.557  2502  2502 D SecBrightnessController: updateSlider() - BrightnessDialog resetTimer()
12-27 17:23:32.558  2502  2502 D SecBrightnessController: updateSlider() - BrightnessDialog resetTimer()
12-27 17:23:32.561   971   971 I SehLight: lcd : 85-
12-27 17:23:32.654 16458 16490 V CpEventLog(u150): cp_state: [                 contacts = {contacts=0, raw_contacts=0, data=0, account={secphone(1)=0}, trash=0, trash_acc={}, trash_sync=0, database=contacts2.db} ]
12-27 17:23:32.654 16458 16490 V CpEventLog(u150): cp_state: [               aggregated = {} ]
12-27 17:23:32.654 16458 16490 V CpEventLog(u150): cp_state: [                  request = {} ]
12-27 17:23:32.654 16458 16490 V CpEventLog(u150): cp_state: [                    calls = {types={}, database=calllog.db} ]
12-27 17:23:32.654 16458 16490 V CpEventLog(u150): cp_state: [                  profile = {contacts=0, raw_contacts=0, data=0, account={secphone(1)=0}, trash=0, trash_acc={}, trash_sync=0, database=profile.db} ]
12-27 17:23:32.654 16458 16490 V CpEventLog(u150): cp_state: [               sa_profile = {contacts=0, raw_contacts=0, data=0, account={secphone(1)=0}, trash=0, trash_acc={}, trash_sync=0, database=profile_sa.db} ]
12-27 17:23:32.654 16458 16490 V CpEventLog(u150): cp_state: [                      etc = {binders=0, country_iso=IT, version=15.4.39, db_version=1901, csc=/TIM, sec_enabled=false, is_roaming=false} ]
12-27 17:23:32.654 16458 16490 V CpEventLog(u150): cp_state: ------------------------------------------------------------------------------
12-27 17:23:32.711  1405  1511 I GestureDetector: handleMessage TAP
12-27 17:23:32.711  1405  1405 I GestureDetector: handleMessage TAP
12-27 17:23:32.711  3037  3037 I GestureDetector: handleMessage TAP
12-27 17:23:32.755  1405  1551 D DisplayManagerService: handleBrightnessAnimation: started=false
12-27 17:23:32.756  1405  1551 I RefreshRateTokenController: Removing refreshRateToken={ RefreshRateToken[->PassiveModeToken:BrightnessAnim, acquire at 431028952 (344 ms ago)}, caller=com.android.server.display.mode.RefreshRateToken.release:5 com.android.server.display.DisplayManagerService$$ExternalSyntheticLambda8.accept:163 com.android.server.display.DisplayPowerController$3.run:24 android.os.Handler.handleCallback:959 android.os.Handler.dispatchMessage:100 
12-27 17:23:32.827 30014 30020 I adbd    : USB event: FUNCTIONFS_RESUME
12-27 17:23:32.827 30014 30020 I adbd    : USB event: FUNCTIONFS_SUSPEND
12-27 17:23:32.834  1405  2370 D SemWifiTrafficPoller: getSoftApTotalTrafficInBytes:10117762
12-27 17:23:32.844 30014 30020 I adbd    : USB event: FUNCTIONFS_SUSPEND
12-27 17:23:32.863 30014 30020 I adbd    : USB event: FUNCTIONFS_SUSPEND
12-27 17:23:32.873 30014 30020 I adbd    : USB event: FUNCTIONFS_SUSPEND
12-27 17:23:32.879 30014 30020 I adbd    : USB event: FUNCTIONFS_RESUME
12-27 17:23:32.880 30014 30020 I adbd    : USB event: FUNCTIONFS_SUSPEND
12-27 17:23:32.887 30014 30020 I adbd    : USB event: FUNCTIONFS_RESUME
12-27 17:23:32.887 30014 30020 I adbd    : USB event: FUNCTIONFS_SUSPEND
12-27 17:23:32.921 30014 30020 I adbd    : USB event: FUNCTIONFS_SUSPEND
12-27 17:23:32.929 30014 30020 I adbd    : USB event: FUNCTIONFS_SUSPEND
12-27 17:23:32.929 30014 30020 I adbd    : USB event: FUNCTIONFS_RESUME
12-27 17:23:32.930 30014 30020 I adbd    : USB event: FUNCTIONFS_SUSPEND
12-27 17:23:32.931 30014 30020 I adbd    : USB event: FUNCTIONFS_SUSPEND
12-27 17:23:32.938 30014 30020 I adbd    : USB event: FUNCTIONFS_SUSPEND
12-27 17:23:32.963 30014 30020 I adbd    : USB event: FUNCTIONFS_SUSPEND
12-27 17:23:32.980 30014 30020 I adbd    : USB event: FUNCTIONFS_SUSPEND
12-27 17:23:32.987 30014 30020 I adbd    : USB event: FUNCTIONFS_SUSPEND
12-27 17:23:32.990 30014 30020 I adbd    : USB event: FUNCTIONFS_RESUME
12-27 17:23:32.991 30014 30020 I adbd    : USB event: FUNCTIONFS_SUSPEND
12-27 17:23:33.022 30014 30020 I adbd    : USB event: FUNCTIONFS_SUSPEND
12-27 17:23:33.031 30014 30020 I adbd    : USB event: FUNCTIONFS_RESUME
12-27 17:23:33.032 30014 30020 I adbd    : USB event: FUNCTIONFS_SUSPEND
12-27 17:23:33.207 30014 30020 I adbd    : USB event: FUNCTIONFS_RESUME
12-27 17:23:33.207 30014 30020 I adbd    : USB event: FUNCTIONFS_SUSPEND
12-27 17:23:33.253 30014 30020 I adbd    : USB event: FUNCTIONFS_SUSPEND
12-27 17:23:33.259  1405 10438 E TaskPersister: File error accessing recents directory (directory doesn't exist?).
12-27 17:23:33.259  1405 10438 E TaskPersister: File error accessing recents directory (directory doesn't exist?).
12-27 17:23:33.259  1405 10438 E TaskPersister: File error accessing recents directory (directory doesn't exist?).
12-27 17:23:33.542 30014 30020 I adbd    : USB event: FUNCTIONFS_RESUME
12-27 17:23:33.542 30014 30020 I adbd    : USB event: FUNCTIONFS_SUSPEND
12-27 17:23:33.594 30014 30020 I adbd    : USB event: FUNCTIONFS_SUSPEND
12-27 17:23:33.637 30014 30020 I adbd    : USB event: FUNCTIONFS_SUSPEND
12-27 17:23:33.699 30014 30020 I adbd    : USB event: FUNCTIONFS_SUSPEND
12-27 17:23:33.766 30014 30020 I adbd    : USB event: FUNCTIONFS_SUSPEND
12-27 17:23:33.768 30014 30020 I adbd    : USB event: FUNCTIONFS_RESUME
12-27 17:23:33.769 30014 30020 I adbd    : USB event: FUNCTIONFS_SUSPEND
12-27 17:23:33.817 30014 30020 I adbd    : USB event: FUNCTIONFS_SUSPEND
12-27 17:23:33.826 30014 30020 I adbd    : USB event: FUNCTIONFS_SUSPEND
12-27 17:23:33.841  1405  2370 D SemWifiTrafficPoller: getSoftApTotalTrafficInBytes:10117762
12-27 17:23:33.968 30014 30020 I adbd    : USB event: FUNCTIONFS_RESUME
12-27 17:23:33.971 30014 30020 I adbd    : USB event: FUNCTIONFS_SUSPEND
12-27 17:23:33.975 30014 30020 I adbd    : USB event: FUNCTIONFS_RESUME
12-27 17:23:33.975 30014 30020 I adbd    : USB event: FUNCTIONFS_SUSPEND
12-27 17:23:33.987 30014 30020 I adbd    : USB event: FUNCTIONFS_SUSPEND
12-27 17:23:34.031 30014 30020 I adbd    : USB event: FUNCTIONFS_RESUME
12-27 17:23:34.032 30014 30020 I adbd    : USB event: FUNCTIONFS_SUSPEND
12-27 17:23:34.164  1405 10635 I AfterimageCompensationService: AfcThread mLuminance : 98 , AfpcPeriodCount : 309 , rotation : 0 , AOD : false
12-27 17:23:34.176  1065  1094 D RenderEngine: [SEC_SF_EFFECTS] drawLayersInternal,1313, Rendering layer  at index 0
12-27 17:23:34.176  1065  1094 D RenderEngine: [SEC_SF_EFFECTS] drawLayersInternal,1313, Rendering layer Wallpaper BBQ wrapper 5_system#99 at index 1
12-27 17:23:34.178  1065  1094 D RenderEngine: [SEC_SF_EFFECTS] drawLayersInternal,1313, Rendering layer com.sec.android.app.launcher/com.sec.android.app.launcher.activities.LauncherActivity$_3037#82051 at index 2
12-27 17:23:34.179  1065  1094 D RenderEngine: [SEC_SF_EFFECTS] drawLayersInternal,1313, Rendering layer StatusBar$_2502#93 at index 3
12-27 17:23:34.179  1065  1094 D RenderEngine: [SEC_SF_EFFECTS] drawLayersInternal,1313, Rendering layer com.sec.android.app.launcher/com.samsung.app.honeyspace.edge.edgepanel.app.CocktailBarService$_3037#82049 at index 4
12-27 17:23:34.180  1065  1094 D RenderEngine: [SEC_SF_EFFECTS] drawLayersInternal,1313, Rendering layer NavigationBar0$_2502#89 at index 5
12-27 17:23:34.180 30014 30020 I adbd    : USB event: FUNCTIONFS_SUSPEND
12-27 17:23:34.180  1065  1094 D RenderEngine: [SEC_SF_EFFECTS] drawLayersInternal,1313, Rendering layer com.samsung.android.spay.pay.HintService$_15941#82100 at index 6
12-27 17:23:34.186 30014 30020 I adbd    : USB event: FUNCTIONFS_SUSPEND
12-27 17:23:34.189  1405 10635 D system_server: mAFPC_Read - w = 1080, h = 2400, s = 8, f = 4, s_size = 10444800, luminance = 98, count = 309, captureOrientation = 0
12-27 17:23:34.268 30014 30020 I adbd    : USB event: FUNCTIONFS_RESUME
12-27 17:23:34.269 30014 30020 I adbd    : USB event: FUNCTIONFS_SUSPEND
12-27 17:23:34.313 30014 30020 I adbd    : USB event: FUNCTIONFS_SUSPEND
12-27 17:23:34.445 30014 30020 I adbd    : USB event: FUNCTIONFS_RESUME
12-27 17:23:34.445 30014 30020 I adbd    : USB event: FUNCTIONFS_SUSPEND
12-27 17:23:34.493 30014 30020 I adbd    : USB event: FUNCTIONFS_SUSPEND
12-27 17:23:34.524 30014 30020 I adbd    : USB event: FUNCTIONFS_RESUME
12-27 17:23:34.525 30014 30020 I adbd    : USB event: FUNCTIONFS_SUSPEND
12-27 17:23:34.554 30014 30020 I adbd    : USB event: FUNCTIONFS_SUSPEND
12-27 17:23:34.559 30014 30020 I adbd    : USB event: FUNCTIONFS_SUSPEND
12-27 17:23:34.586 30014 30020 I adbd    : USB event: FUNCTIONFS_SUSPEND
12-27 17:23:34.588 30014 30020 I adbd    : USB event: FUNCTIONFS_SUSPEND
12-27 17:23:34.596 30014 30020 I adbd    : USB event: FUNCTIONFS_SUSPEND
12-27 17:23:34.811 30014 30020 I adbd    : USB event: FUNCTIONFS_SUSPEND
12-27 17:23:34.812 30014 30020 I adbd    : USB event: FUNCTIONFS_SUSPEND
12-27 17:23:34.816 30014 30020 I adbd    : USB event: FUNCTIONFS_SUSPEND
12-27 17:23:34.819 30014 30020 I adbd    : USB event: FUNCTIONFS_SUSPEND
12-27 17:23:34.844  1405  2370 D SemWifiTrafficPoller: getSoftApTotalTrafficInBytes:10117762
12-27 17:23:34.879 30014 30020 I adbd    : USB event: FUNCTIONFS_SUSPEND
12-27 17:23:34.910 30014 30020 I adbd    : USB event: FUNCTIONFS_RESUME
12-27 17:23:34.911 30014 30020 I adbd    : USB event: FUNCTIONFS_SUSPEND
12-27 17:23:34.944 30014 30020 I adbd    : USB event: FUNCTIONFS_SUSPEND
12-27 17:23:34.954 30014 30020 I adbd    : USB event: FUNCTIONFS_RESUME
12-27 17:23:34.954 30014 30020 I adbd    : USB event: FUNCTIONFS_SUSPEND
12-27 17:23:34.987 30014 30020 I adbd    : USB event: FUNCTIONFS_SUSPEND
12-27 17:23:34.995 30014 30020 I adbd    : USB event: FUNCTIONFS_RESUME
12-27 17:23:34.995 30014 30020 I adbd    : USB event: FUNCTIONFS_SUSPEND
12-27 17:23:34.997 30014 30020 I adbd    : USB event: FUNCTIONFS_RESUME
12-27 17:23:34.998 30014 30020 I adbd    : USB event: FUNCTIONFS_SUSPEND
12-27 17:23:35.001 30014 30020 I adbd    : USB event: FUNCTIONFS_RESUME
12-27 17:23:35.001 30014 30020 I adbd    : USB event: FUNCTIONFS_SUSPEND
12-27 17:23:35.006 30014 30020 I adbd    : USB event: FUNCTIONFS_SUSPEND
12-27 17:23:35.016 30014 30020 I adbd    : USB event: FUNCTIONFS_RESUME
12-27 17:23:35.016 30014 30020 I adbd    : USB event: FUNCTIONFS_SUSPEND
12-27 17:23:35.046 30014 30020 I adbd    : USB event: FUNCTIONFS_SUSPEND
12-27 17:23:35.061 30014 30020 I adbd    : USB event: FUNCTIONFS_RESUME
12-27 17:23:35.062 30014 30020 I adbd    : USB event: FUNCTIONFS_SUSPEND
12-27 17:23:35.092 30014 30020 I adbd    : USB event: FUNCTIONFS_SUSPEND
12-27 17:23:35.092 30014 30020 I adbd    : USB event: FUNCTIONFS_RESUME
12-27 17:23:35.093 30014 30020 I adbd    : USB event: FUNCTIONFS_SUSPEND
12-27 17:23:35.118 30014 30020 I adbd    : USB event: FUNCTIONFS_SUSPEND
12-27 17:23:35.118 30014 30020 I adbd    : USB event: FUNCTIONFS_RESUME
12-27 17:23:35.119 30014 30020 I adbd    : USB event: FUNCTIONFS_RESUME
12-27 17:23:35.121 30014 30020 I adbd    : USB event: FUNCTIONFS_RESUME
12-27 17:23:35.122 30014 30020 I adbd    : USB event: FUNCTIONFS_SUSPEND
12-27 17:23:35.142 30014 30020 I adbd    : USB event: FUNCTIONFS_SUSPEND
12-27 17:23:35.145 30014 30020 I adbd    : USB event: FUNCTIONFS_RESUME
12-27 17:23:35.146 30014 30020 I adbd    : USB event: FUNCTIONFS_SUSPEND
12-27 17:23:35.154 30014 30020 I adbd    : USB event: FUNCTIONFS_RESUME
12-27 17:23:35.155 30014 30020 I adbd    : USB event: FUNCTIONFS_SUSPEND
12-27 17:23:35.169 30014 30020 I adbd    : USB event: FUNCTIONFS_SUSPEND
12-27 17:23:35.176 30014 30020 I adbd    : USB event: FUNCTIONFS_SUSPEND
12-27 17:23:35.192 30014 30020 I adbd    : USB event: FUNCTIONFS_SUSPEND
12-27 17:23:35.192 30014 30020 I adbd    : USB event: FUNCTIONFS_RESUME
12-27 17:23:35.193 30014 30020 I adbd    : USB event: FUNCTIONFS_SUSPEND
12-27 17:23:35.207 30014 30020 I adbd    : USB event: FUNCTIONFS_SUSPEND
12-27 17:23:35.210 30014 30020 I adbd    : USB event: FUNCTIONFS_SUSPEND
12-27 17:23:35.216 30014 30020 I adbd    : USB event: FUNCTIONFS_SUSPEND
12-27 17:23:35.256 30014 30020 I adbd    : USB event: FUNCTIONFS_RESUME
12-27 17:23:35.256 30014 30020 I adbd    : USB event: FUNCTIONFS_SUSPEND
12-27 17:23:35.272 30014 30020 I adbd    : USB event: FUNCTIONFS_RESUME
12-27 17:23:35.273 30014 30020 I adbd    : USB event: FUNCTIONFS_SUSPEND
12-27 17:23:35.320 30014 30020 I adbd    : USB event: FUNCTIONFS_RESUME
12-27 17:23:35.320 30014 30020 I adbd    : USB event: FUNCTIONFS_SUSPEND
12-27 17:23:35.358 30014 30020 I adbd    : USB event: FUNCTIONFS_SUSPEND
12-27 17:23:35.514  1405  1551 D PowerManagerService: UserActivityStateListenerState: 0
12-27 17:23:35.518  3037  3037 I VRI[LauncherActivity]@49b34de: call setFrameRateCategory for touch hint category=no preference, reason=boost timeout, vri=VRI[LauncherActivity]@49b34de
12-27 17:23:35.534  1065  1065 I SurfaceFlinger: [com.sec.android.app.launcher/com.sec.android.app.launcher.activities.LauncherActivity$_3037#82051] setFrameRateCategory: NoPreference
12-27 17:23:35.646 30014 30020 I adbd    : USB event: FUNCTIONFS_SUSPEND
12-27 17:23:35.752 30014 30020 I adbd    : USB event: FUNCTIONFS_SUSPEND
12-27 17:23:35.796 30014 30020 I adbd    : USB event: FUNCTIONFS_RESUME
12-27 17:23:35.796 30014 30020 I adbd    : USB event: FUNCTIONFS_SUSPEND
12-27 17:23:35.805 30014 30020 I adbd    : USB event: FUNCTIONFS_SUSPEND
12-27 17:23:35.806 30014 30020 I adbd    : USB event: FUNCTIONFS_SUSPEND
12-27 17:23:35.808 30014 30020 I adbd    : USB event: FUNCTIONFS_SUSPEND
12-27 17:23:35.845  1405  2370 D SemWifiTrafficPoller: getSoftApTotalTrafficInBytes:10117762
12-27 17:23:35.847 30014 30020 I adbd    : USB event: FUNCTIONFS_SUSPEND
12-27 17:23:35.859 30014 30020 I adbd    : USB event: FUNCTIONFS_RESUME
12-27 17:23:35.859 30014 30020 I adbd    : USB event: FUNCTIONFS_SUSPEND
12-27 17:23:35.863 30014 30020 I adbd    : USB event: FUNCTIONFS_RESUME
12-27 17:23:35.863 30014 30020 I adbd    : USB event: FUNCTIONFS_SUSPEND
12-27 17:23:35.908 30014 30020 I adbd    : USB event: FUNCTIONFS_SUSPEND
12-27 17:23:35.915 30014 30020 I adbd    : USB event: FUNCTIONFS_SUSPEND
12-27 17:23:35.917 30014 30020 I adbd    : USB event: FUNCTIONFS_SUSPEND
12-27 17:23:35.925 30014 30020 I adbd    : USB event: FUNCTIONFS_RESUME
12-27 17:23:35.925 30014 30020 I adbd    : USB event: FUNCTIONFS_SUSPEND
12-27 17:23:35.970 30014 30020 I adbd    : USB event: FUNCTIONFS_RESUME
12-27 17:23:35.970 30014 30020 I adbd    : USB event: FUNCTIONFS_SUSPEND
12-27 17:23:35.972 30014 30020 I adbd    : USB event: FUNCTIONFS_SUSPEND
12-27 17:23:35.996 30014 30020 I adbd    : USB event: FUNCTIONFS_RESUME
12-27 17:23:35.997 30014 30020 I adbd    : USB event: FUNCTIONFS_SUSPEND
12-27 17:23:36.005 30014 30020 I adbd    : USB event: FUNCTIONFS_SUSPEND
12-27 17:23:36.009 30014 30020 I adbd    : USB event: FUNCTIONFS_SUSPEND
12-27 17:23:36.040 30014 30020 I adbd    : USB event: FUNCTIONFS_RESUME
12-27 17:23:36.040 30014 30020 I adbd    : USB event: FUNCTIONFS_SUSPEND
12-27 17:23:36.042 30014 30020 I adbd    : USB event: FUNCTIONFS_RESUME
12-27 17:23:36.043 30014 30020 I adbd    : USB event: FUNCTIONFS_SUSPEND
12-27 17:23:36.050 30014 30020 I adbd    : USB event: FUNCTIONFS_RESUME
12-27 17:23:36.050 30014 30020 I adbd    : USB event: FUNCTIONFS_SUSPEND
12-27 17:23:36.056 30014 30020 I adbd    : USB event: FUNCTIONFS_SUSPEND
12-27 17:23:36.083 30014 30020 I adbd    : USB event: FUNCTIONFS_SUSPEND
12-27 17:23:36.084 30014 30020 I adbd    : USB event: FUNCTIONFS_RESUME
12-27 17:23:36.085 30014 30020 I adbd    : USB event: FUNCTIONFS_SUSPEND
12-27 17:23:36.086 30014 30020 I adbd    : USB event: FUNCTIONFS_SUSPEND
12-27 17:23:36.086 30014 30020 I adbd    : USB event: FUNCTIONFS_SUSPEND
12-27 17:23:36.087 30014 30020 I adbd    : USB event: FUNCTIONFS_RESUME
12-27 17:23:36.087 30014 30020 I adbd    : USB event: FUNCTIONFS_SUSPEND
12-27 17:23:36.097 30014 30020 I adbd    : USB event: FUNCTIONFS_SUSPEND
12-27 17:23:36.098 30014 30020 I adbd    : USB event: FUNCTIONFS_RESUME
12-27 17:23:36.099 30014 30020 I adbd    : USB event: FUNCTIONFS_SUSPEND
12-27 17:23:36.125 30014 30020 I adbd    : USB event: FUNCTIONFS_SUSPEND
12-27 17:23:36.130 30014 30020 I adbd    : USB event: FUNCTIONFS_RESUME
12-27 17:23:36.130 30014 30020 I adbd    : USB event: FUNCTIONFS_SUSPEND
12-27 17:23:36.138   673   673 D io_stats: !@   8,0 r 84859825 1798276516 w 24546923 335285848 d 6812896 357176616 f 0 0 iot 40953952 0 th 0 0 0 pt 0 inp 0 0 431032.678
12-27 17:23:36.139   673   673 D io_stats: !@ Read_top(KB): .gms.persistent(29468) 4
12-27 17:23:36.139   673   673 D io_stats: !@ Write_top(KB): kworker/u16:19(14529) 180
12-27 17:23:36.140 30014 30020 I adbd    : USB event: FUNCTIONFS_SUSPEND
12-27 17:23:36.145 30014 30020 I adbd    : USB event: FUNCTIONFS_RESUME
12-27 17:23:36.145 30014 30020 I adbd    : USB event: FUNCTIONFS_SUSPEND
12-27 17:23:36.148 30014 30020 I adbd    : USB event: FUNCTIONFS_SUSPEND
12-27 17:23:36.149 30014 30020 I adbd    : USB event: FUNCTIONFS_RESUME
12-27 17:23:36.150 30014 30020 I adbd    : USB event: FUNCTIONFS_RESUME
12-27 17:23:36.150 30014 30020 I adbd    : USB event: FUNCTIONFS_SUSPEND
12-27 17:23:36.151 30014 30020 I adbd    : USB event: FUNCTIONFS_SUSPEND
12-27 17:23:36.152 30014 30020 I adbd    : USB event: FUNCTIONFS_RESUME
12-27 17:23:36.153 30014 30020 I adbd    : USB event: FUNCTIONFS_SUSPEND
12-27 17:23:36.161 30014 30020 I adbd    : USB event: FUNCTIONFS_RESUME
12-27 17:23:36.161 30014 30020 I adbd    : USB event: FUNCTIONFS_SUSPEND
12-27 17:23:36.166 30014 30020 I adbd    : USB event: FUNCTIONFS_SUSPEND
12-27 17:23:36.166 30014 30020 I adbd    : USB event: FUNCTIONFS_RESUME
